[0.665s] Invoking command in '/home/ubuntu/rj_training_container/training_ws/build/astar_path_planner': CMAKE_PREFIX_PATH=/opt/ros/humble /usr/bin/cmake --build /home/ubuntu/rj_training_container/training_ws/build/astar_path_planner -- -j16 -l16
[2.112s] [100%] Built target astar_path_planner
[2.416s] Invoked command in '/home/ubuntu/rj_training_container/training_ws/build/astar_path_planner' returned '0': CMAKE_PREFIX_PATH=/opt/ros/humble /usr/bin/cmake --build /home/ubuntu/rj_training_container/training_ws/build/astar_path_planner -- -j16 -l16
[2.640s] Invoking command in '/home/ubuntu/rj_training_container/training_ws/build/astar_path_planner': CMAKE_PREFIX_PATH=/opt/ros/humble /usr/bin/cmake --install /home/ubuntu/rj_training_container/training_ws/build/astar_path_planner
[2.690s] -- Install configuration: ""
[3.002s] -- Up-to-date: /home/ubuntu/rj_training_container/training_ws/install/astar_path_planner/lib/libastar_path_planner.so
[3.396s] -- Up-to-date: /home/ubuntu/rj_training_container/training_ws/install/astar_path_planner/share/astar_path_planner/astar_path_planner_libraries.xml
[3.655s] -- Up-to-date: /home/ubuntu/rj_training_container/training_ws/install/astar_path_planner/share/ament_index/resource_index/package_run_dependencies/astar_path_planner
[3.931s] -- Up-to-date: /home/ubuntu/rj_training_container/training_ws/install/astar_path_planner/share/ament_index/resource_index/parent_prefix_path/astar_path_planner
[4.055s] -- Up-to-date: /home/ubuntu/rj_training_container/training_ws/install/astar_path_planner/share/astar_path_planner/environment/ament_prefix_path.sh
[4.210s] -- Up-to-date: /home/ubuntu/rj_training_container/training_ws/install/astar_path_planner/share/astar_path_planner/environment/ament_prefix_path.dsv
[4.322s] -- Up-to-date: /home/ubuntu/rj_training_container/training_ws/install/astar_path_planner/share/astar_path_planner/environment/path.sh
[4.479s] -- Up-to-date: /home/ubuntu/rj_training_container/training_ws/install/astar_path_planner/share/astar_path_planner/environment/path.dsv
[4.623s] -- Up-to-date: /home/ubuntu/rj_training_container/training_ws/install/astar_path_planner/share/astar_path_planner/local_setup.bash
[4.760s] -- Up-to-date: /home/ubuntu/rj_training_container/training_ws/install/astar_path_planner/share/astar_path_planner/local_setup.sh
[4.895s] -- Up-to-date: /home/ubuntu/rj_training_container/training_ws/install/astar_path_planner/share/astar_path_planner/local_setup.zsh
[5.019s] -- Up-to-date: /home/ubuntu/rj_training_container/training_ws/install/astar_path_planner/share/astar_path_planner/local_setup.dsv
[5.131s] -- Installing: /home/ubuntu/rj_training_container/training_ws/install/astar_path_planner/share/astar_path_planner/package.dsv
[5.624s] -- Up-to-date: /home/ubuntu/rj_training_container/training_ws/install/astar_path_planner/share/ament_index/resource_index/packages/astar_path_planner
[5.862s] -- Up-to-date: /home/ubuntu/rj_training_container/training_ws/install/astar_path_planner/share/ament_index/resource_index/nav2_core__pluginlib__plugin/astar_path_planner
[6.002s] -- Up-to-date: /home/ubuntu/rj_training_container/training_ws/install/astar_path_planner/share/astar_path_planner/cmake/ament_cmake_export_include_directories-extras.cmake
[6.143s] -- Up-to-date: /home/ubuntu/rj_training_container/training_ws/install/astar_path_planner/share/astar_path_planner/cmake/ament_cmake_export_dependencies-extras.cmake
[6.286s] -- Up-to-date: /home/ubuntu/rj_training_container/training_ws/install/astar_path_planner/share/astar_path_planner/cmake/astar_path_plannerConfig.cmake
[6.415s] -- Up-to-date: /home/ubuntu/rj_training_container/training_ws/install/astar_path_planner/share/astar_path_planner/cmake/astar_path_plannerConfig-version.cmake
[6.532s] -- Up-to-date: /home/ubuntu/rj_training_container/training_ws/install/astar_path_planner/share/astar_path_planner/package.xml
[8.146s] Invoked command in '/home/ubuntu/rj_training_container/training_ws/build/astar_path_planner' returned '0': CMAKE_PREFIX_PATH=/opt/ros/humble /usr/bin/cmake --install /home/ubuntu/rj_training_container/training_ws/build/astar_path_planner
