gmake[2]: Warning: File 'CMakeFiles/stsl_interfaces__rosidl_generator_c.dir/compiler_depend.make' has modification time 4 s in the future
gmake[2]: warning:  Clock skew detected.  Your build may be incomplete.
gmake[2]: Warning: File 'CMakeFiles/stsl_interfaces__rosidl_typesupport_fastrtps_cpp.dir/compiler_depend.make' has modification time 2.8 s in the future
gmake[2]: Warning: File 'CMakeFiles/stsl_interfaces__rosidl_typesupport_c.dir/compiler_depend.make' has modification time 4.7 s in the future
gmake[2]: Warning: File 'CMakeFiles/stsl_interfaces__rosidl_typesupport_introspection_cpp.dir/compiler_depend.make' has modification time 2.9 s in the future
gmake[2]: Warning: File 'CMakeFiles/stsl_interfaces__rosidl_typesupport_introspection_c.dir/compiler_depend.make' has modification time 4.2 s in the future
gmake[2]: Warning: File 'CMakeFiles/stsl_interfaces__rosidl_typesupport_fastrtps_c.dir/compiler_depend.make' has modification time 3 s in the future
gmake[2]: warning:  Clock skew detected.  Your build may be incomplete.
gmake[2]: warning:  Clock skew detected.  Your build may be incomplete.
gmake[2]: warning:  Clock skew detected.  Your build may be incomplete.
gmake[2]: warning:  Clock skew detected.  Your build may be incomplete.
gmake[2]: warning:  Clock skew detected.  Your build may be incomplete.
gmake[2]: Warning: File 'CMakeFiles/stsl_interfaces__rosidl_generator_py.dir/compiler_depend.make' has modification time 5.2 s in the future
gmake[2]: warning:  Clock skew detected.  Your build may be incomplete.
gmake[2]: Warning: File 'CMakeFiles/stsl_interfaces__rosidl_typesupport_fastrtps_c__pyext.dir/compiler_depend.make' has modification time 6 s in the future
gmake[2]: Warning: File 'CMakeFiles/stsl_interfaces__rosidl_typesupport_c__pyext.dir/compiler_depend.make' has modification time 6 s in the future
gmake[2]: Warning: File 'CMakeFiles/stsl_interfaces__rosidl_typesupport_introspection_c__pyext.dir/compiler_depend.make' has modification time 5.3 s in the future
gmake[2]: warning:  Clock skew detected.  Your build may be incomplete.
gmake[2]: warning:  Clock skew detected.  Your build may be incomplete.
gmake[2]: warning:  Clock skew detected.  Your build may be incomplete.
