[35m[1mConsolidate compiler generated dependencies of target stsl_interfaces__rosidl_generator_c[0m
[  1%] [34m[1mGenerating C++ code for ROS interfaces[0m
[  2%] [34m[1mGenerating C code for ROS interfaces[0m
[  2%] Built target ament_cmake_python_copy_stsl_interfaces
[  3%] [32mBuilding C object CMakeFiles/stsl_interfaces__rosidl_generator_c.dir/rosidl_generator_c/stsl_interfaces/msg/detail/mineral_deposit_array__functions.c.o[0m
[  4%] [32mBuilding C object CMakeFiles/stsl_interfaces__rosidl_generator_c.dir/rosidl_generator_c/stsl_interfaces/msg/detail/mineral_deposit_sample__functions.c.o[0m
[  5%] [32mBuilding C object CMakeFiles/stsl_interfaces__rosidl_generator_c.dir/rosidl_generator_c/stsl_interfaces/msg/detail/tag__functions.c.o[0m
[  6%] [32mBuilding C object CMakeFiles/stsl_interfaces__rosidl_generator_c.dir/rosidl_generator_c/stsl_interfaces/msg/detail/tag_array__functions.c.o[0m
[  6%] Built target stsl_interfaces__cpp
[  7%] [32mBuilding C object CMakeFiles/stsl_interfaces__rosidl_generator_c.dir/rosidl_generator_c/stsl_interfaces/action/detail/park_at_peak__functions.c.o[0m
[  8%] [32mBuilding C object CMakeFiles/stsl_interfaces__rosidl_generator_c.dir/rosidl_generator_c/stsl_interfaces/srv/detail/reset_mineral_deposit_tracking__functions.c.o[0m
[  9%] [32mBuilding C object CMakeFiles/stsl_interfaces__rosidl_generator_c.dir/rosidl_generator_c/stsl_interfaces/msg/detail/mineral_deposit__functions.c.o[0m
[ 10%] [32mBuilding C object CMakeFiles/stsl_interfaces__rosidl_generator_c.dir/rosidl_generator_c/stsl_interfaces/action/detail/execute_mission__functions.c.o[0m
[ 11%] [32mBuilding C object CMakeFiles/stsl_interfaces__rosidl_generator_c.dir/rosidl_generator_c/stsl_interfaces/srv/detail/sample_elevation__functions.c.o[0m
[ 12%] [32m[1mLinking C shared library libstsl_interfaces__rosidl_generator_c.so[0m
[ 12%] Built target stsl_interfaces__rosidl_generator_c
[ 13%] [34m[1mGenerating C++ type support for eProsima Fast-RTPS[0m
[ 14%] [34m[1mGenerating C type support for eProsima Fast-RTPS[0m
[ 16%] [34m[1mGenerating C++ type support dispatch for ROS interfaces[0m
[ 16%] [34m[1mGenerating C++ introspection for ROS interfaces[0m
[ 18%] [34m[1mGenerating C type support dispatch for ROS interfaces[0m
[ 18%] [34m[1mGenerating C introspection for ROS interfaces[0m
running egg_info
writing stsl_interfaces.egg-info/PKG-INFO
writing dependency_links to stsl_interfaces.egg-info/dependency_links.txt
writing top-level names to stsl_interfaces.egg-info/top_level.txt
reading manifest file 'stsl_interfaces.egg-info/SOURCES.txt'
writing manifest file 'stsl_interfaces.egg-info/SOURCES.txt'
[ 18%] Built target ament_cmake_python_build_stsl_interfaces_egg
[35m[1mConsolidate compiler generated dependencies of target stsl_interfaces__rosidl_typesupport_cpp[0m
[ 20%] [32mBuilding CXX object CMakeFiles/stsl_interfaces__rosidl_typesupport_cpp.dir/rosidl_typesupport_cpp/stsl_interfaces/msg/mineral_deposit__type_support.cpp.o[0m
[35m[1mConsolidate compiler generated dependencies of target stsl_interfaces__rosidl_typesupport_fastrtps_cpp[0m
[ 21%] [32mBuilding CXX object CMakeFiles/stsl_interfaces__rosidl_typesupport_cpp.dir/rosidl_typesupport_cpp/stsl_interfaces/msg/tag_array__type_support.cpp.o[0m
[ 22%] [32mBuilding CXX object CMakeFiles/stsl_interfaces__rosidl_typesupport_cpp.dir/rosidl_typesupport_cpp/stsl_interfaces/msg/tag__type_support.cpp.o[0m
[ 23%] [32mBuilding CXX object CMakeFiles/stsl_interfaces__rosidl_typesupport_cpp.dir/rosidl_typesupport_cpp/stsl_interfaces/srv/reset_mineral_deposit_tracking__type_support.cpp.o[0m
[35m[1mConsolidate compiler generated dependencies of target stsl_interfaces__rosidl_typesupport_c[0m
[ 24%] [32mBuilding CXX object CMakeFiles/stsl_interfaces__rosidl_typesupport_fastrtps_cpp.dir/rosidl_typesupport_fastrtps_cpp/stsl_interfaces/msg/detail/dds_fastrtps/mineral_deposit__type_support.cpp.o[0m
[ 26%] [32mBuilding CXX object CMakeFiles/stsl_interfaces__rosidl_typesupport_c.dir/rosidl_typesupport_c/stsl_interfaces/msg/mineral_deposit__type_support.cpp.o[0m
[ 26%] [32mBuilding CXX object CMakeFiles/stsl_interfaces__rosidl_typesupport_cpp.dir/rosidl_typesupport_cpp/stsl_interfaces/action/park_at_peak__type_support.cpp.o[0m
[ 27%] [32mBuilding CXX object CMakeFiles/stsl_interfaces__rosidl_typesupport_cpp.dir/rosidl_typesupport_cpp/stsl_interfaces/action/execute_mission__type_support.cpp.o[0m
[ 28%] [32mBuilding CXX object CMakeFiles/stsl_interfaces__rosidl_typesupport_c.dir/rosidl_typesupport_c/stsl_interfaces/msg/mineral_deposit_array__type_support.cpp.o[0m
[35m[1mConsolidate compiler generated dependencies of target stsl_interfaces__rosidl_typesupport_introspection_cpp[0m
[ 29%] [32mBuilding CXX object CMakeFiles/stsl_interfaces__rosidl_typesupport_c.dir/rosidl_typesupport_c/stsl_interfaces/msg/mineral_deposit_sample__type_support.cpp.o[0m
[ 30%] [32mBuilding CXX object CMakeFiles/stsl_interfaces__rosidl_typesupport_c.dir/rosidl_typesupport_c/stsl_interfaces/srv/reset_mineral_deposit_tracking__type_support.cpp.o[0m
[ 31%] [32mBuilding CXX object CMakeFiles/stsl_interfaces__rosidl_typesupport_c.dir/rosidl_typesupport_c/stsl_interfaces/srv/sample_elevation__type_support.cpp.o[0m
[ 32%] [32mBuilding CXX object CMakeFiles/stsl_interfaces__rosidl_typesupport_c.dir/rosidl_typesupport_c/stsl_interfaces/msg/tag_array__type_support.cpp.o[0m
[ 33%] [32mBuilding CXX object CMakeFiles/stsl_interfaces__rosidl_typesupport_c.dir/rosidl_typesupport_c/stsl_interfaces/msg/tag__type_support.cpp.o[0m
[ 34%] [32mBuilding CXX object CMakeFiles/stsl_interfaces__rosidl_typesupport_fastrtps_cpp.dir/rosidl_typesupport_fastrtps_cpp/stsl_interfaces/msg/detail/dds_fastrtps/mineral_deposit_array__type_support.cpp.o[0m
[ 35%] [32mBuilding CXX object CMakeFiles/stsl_interfaces__rosidl_typesupport_fastrtps_cpp.dir/rosidl_typesupport_fastrtps_cpp/stsl_interfaces/msg/detail/dds_fastrtps/mineral_deposit_sample__type_support.cpp.o[0m
[35m[1mConsolidate compiler generated dependencies of target stsl_interfaces__rosidl_typesupport_introspection_c[0m
[ 36%] [32mBuilding CXX object CMakeFiles/stsl_interfaces__rosidl_typesupport_c.dir/rosidl_typesupport_c/stsl_interfaces/action/execute_mission__type_support.cpp.o[0m
[ 37%] [32mBuilding CXX object CMakeFiles/stsl_interfaces__rosidl_typesupport_cpp.dir/rosidl_typesupport_cpp/stsl_interfaces/srv/sample_elevation__type_support.cpp.o[0m
[ 38%] [32mBuilding CXX object CMakeFiles/stsl_interfaces__rosidl_typesupport_introspection_cpp.dir/rosidl_typesupport_introspection_cpp/stsl_interfaces/msg/detail/mineral_deposit__type_support.cpp.o[0m
[ 40%] [32mBuilding CXX object CMakeFiles/stsl_interfaces__rosidl_typesupport_introspection_cpp.dir/rosidl_typesupport_introspection_cpp/stsl_interfaces/msg/detail/mineral_deposit_array__type_support.cpp.o[0m
[ 41%] [32mBuilding CXX object CMakeFiles/stsl_interfaces__rosidl_typesupport_cpp.dir/rosidl_typesupport_cpp/stsl_interfaces/msg/mineral_deposit_sample__type_support.cpp.o[0m
[35m[1mConsolidate compiler generated dependencies of target stsl_interfaces__rosidl_typesupport_fastrtps_c[0m
[ 42%] [32mBuilding C object CMakeFiles/stsl_interfaces__rosidl_typesupport_introspection_c.dir/rosidl_typesupport_introspection_c/stsl_interfaces/msg/detail/mineral_deposit__type_support.c.o[0m
[ 43%] [32mBuilding CXX object CMakeFiles/stsl_interfaces__rosidl_typesupport_fastrtps_cpp.dir/rosidl_typesupport_fastrtps_cpp/stsl_interfaces/action/detail/dds_fastrtps/execute_mission__type_support.cpp.o[0m
[ 44%] [32mBuilding C object CMakeFiles/stsl_interfaces__rosidl_typesupport_introspection_c.dir/rosidl_typesupport_introspection_c/stsl_interfaces/msg/detail/mineral_deposit_sample__type_support.c.o[0m
[ 45%] [32mBuilding CXX object CMakeFiles/stsl_interfaces__rosidl_typesupport_c.dir/rosidl_typesupport_c/stsl_interfaces/action/park_at_peak__type_support.cpp.o[0m
[ 46%] [32mBuilding CXX object CMakeFiles/stsl_interfaces__rosidl_typesupport_fastrtps_cpp.dir/rosidl_typesupport_fastrtps_cpp/stsl_interfaces/srv/detail/dds_fastrtps/sample_elevation__type_support.cpp.o[0m
[ 48%] [32mBuilding CXX object CMakeFiles/stsl_interfaces__rosidl_typesupport_cpp.dir/rosidl_typesupport_cpp/stsl_interfaces/msg/mineral_deposit_array__type_support.cpp.o[0m
[ 48%] [32mBuilding C object CMakeFiles/stsl_interfaces__rosidl_typesupport_introspection_c.dir/rosidl_typesupport_introspection_c/stsl_interfaces/msg/detail/tag__type_support.c.o[0m
[ 49%] [32mBuilding C object CMakeFiles/stsl_interfaces__rosidl_typesupport_introspection_c.dir/rosidl_typesupport_introspection_c/stsl_interfaces/msg/detail/tag_array__type_support.c.o[0m
[ 50%] [32mBuilding CXX object CMakeFiles/stsl_interfaces__rosidl_typesupport_introspection_cpp.dir/rosidl_typesupport_introspection_cpp/stsl_interfaces/msg/detail/mineral_deposit_sample__type_support.cpp.o[0m
[ 51%] [32mBuilding CXX object CMakeFiles/stsl_interfaces__rosidl_typesupport_fastrtps_cpp.dir/rosidl_typesupport_fastrtps_cpp/stsl_interfaces/srv/detail/dds_fastrtps/reset_mineral_deposit_tracking__type_support.cpp.o[0m
[ 52%] [32mBuilding C object CMakeFiles/stsl_interfaces__rosidl_typesupport_introspection_c.dir/rosidl_typesupport_introspection_c/stsl_interfaces/srv/detail/reset_mineral_deposit_tracking__type_support.c.o[0m
[ 53%] [32mBuilding C object CMakeFiles/stsl_interfaces__rosidl_typesupport_introspection_c.dir/rosidl_typesupport_introspection_c/stsl_interfaces/msg/detail/mineral_deposit_array__type_support.c.o[0m
[ 54%] [32mBuilding CXX object CMakeFiles/stsl_interfaces__rosidl_typesupport_fastrtps_c.dir/rosidl_typesupport_fastrtps_c/stsl_interfaces/msg/detail/mineral_deposit__type_support_c.cpp.o[0m
[ 55%] [32m[1mLinking CXX shared library libstsl_interfaces__rosidl_typesupport_c.so[0m
[ 56%] [32m[1mLinking CXX shared library libstsl_interfaces__rosidl_typesupport_cpp.so[0m
[ 57%] [32mBuilding CXX object CMakeFiles/stsl_interfaces__rosidl_typesupport_introspection_cpp.dir/rosidl_typesupport_introspection_cpp/stsl_interfaces/srv/detail/sample_elevation__type_support.cpp.o[0m
[ 58%] [32mBuilding C object CMakeFiles/stsl_interfaces__rosidl_typesupport_introspection_c.dir/rosidl_typesupport_introspection_c/stsl_interfaces/action/detail/park_at_peak__type_support.c.o[0m
[ 60%] [32mBuilding CXX object CMakeFiles/stsl_interfaces__rosidl_typesupport_fastrtps_cpp.dir/rosidl_typesupport_fastrtps_cpp/stsl_interfaces/action/detail/dds_fastrtps/park_at_peak__type_support.cpp.o[0m
[ 61%] [32mBuilding CXX object CMakeFiles/stsl_interfaces__rosidl_typesupport_fastrtps_c.dir/rosidl_typesupport_fastrtps_c/stsl_interfaces/msg/detail/mineral_deposit_array__type_support_c.cpp.o[0m
[ 62%] [32mBuilding CXX object CMakeFiles/stsl_interfaces__rosidl_typesupport_fastrtps_c.dir/rosidl_typesupport_fastrtps_c/stsl_interfaces/msg/detail/mineral_deposit_sample__type_support_c.cpp.o[0m
[ 62%] Built target stsl_interfaces__rosidl_typesupport_c
[ 63%] [32mBuilding CXX object CMakeFiles/stsl_interfaces__rosidl_typesupport_introspection_cpp.dir/rosidl_typesupport_introspection_cpp/stsl_interfaces/srv/detail/reset_mineral_deposit_tracking__type_support.cpp.o[0m
[ 64%] [32mBuilding CXX object CMakeFiles/stsl_interfaces__rosidl_typesupport_fastrtps_c.dir/rosidl_typesupport_fastrtps_c/stsl_interfaces/msg/detail/tag__type_support_c.cpp.o[0m
[ 64%] Built target stsl_interfaces__rosidl_typesupport_cpp
[ 66%] [32mBuilding CXX object CMakeFiles/stsl_interfaces__rosidl_typesupport_introspection_cpp.dir/rosidl_typesupport_introspection_cpp/stsl_interfaces/action/detail/execute_mission__type_support.cpp.o[0m
[ 66%] [32mBuilding CXX object CMakeFiles/stsl_interfaces__rosidl_typesupport_introspection_cpp.dir/rosidl_typesupport_introspection_cpp/stsl_interfaces/action/detail/park_at_peak__type_support.cpp.o[0m
[ 67%] [32mBuilding CXX object CMakeFiles/stsl_interfaces__rosidl_typesupport_introspection_cpp.dir/rosidl_typesupport_introspection_cpp/stsl_interfaces/msg/detail/tag_array__type_support.cpp.o[0m
[ 68%] [32mBuilding CXX object CMakeFiles/stsl_interfaces__rosidl_typesupport_fastrtps_c.dir/rosidl_typesupport_fastrtps_c/stsl_interfaces/msg/detail/tag_array__type_support_c.cpp.o[0m
[ 69%] [32mBuilding C object CMakeFiles/stsl_interfaces__rosidl_typesupport_introspection_c.dir/rosidl_typesupport_introspection_c/stsl_interfaces/action/detail/execute_mission__type_support.c.o[0m
[ 70%] [32mBuilding C object CMakeFiles/stsl_interfaces__rosidl_typesupport_introspection_c.dir/rosidl_typesupport_introspection_c/stsl_interfaces/srv/detail/sample_elevation__type_support.c.o[0m
[ 71%] [32mBuilding CXX object CMakeFiles/stsl_interfaces__rosidl_typesupport_fastrtps_c.dir/rosidl_typesupport_fastrtps_c/stsl_interfaces/srv/detail/reset_mineral_deposit_tracking__type_support_c.cpp.o[0m
[ 72%] [32mBuilding CXX object CMakeFiles/stsl_interfaces__rosidl_typesupport_fastrtps_c.dir/rosidl_typesupport_fastrtps_c/stsl_interfaces/srv/detail/sample_elevation__type_support_c.cpp.o[0m
[ 74%] [32mBuilding CXX object CMakeFiles/stsl_interfaces__rosidl_typesupport_fastrtps_cpp.dir/rosidl_typesupport_fastrtps_cpp/stsl_interfaces/msg/detail/dds_fastrtps/tag__type_support.cpp.o[0m
[ 74%] [32mBuilding CXX object CMakeFiles/stsl_interfaces__rosidl_typesupport_fastrtps_cpp.dir/rosidl_typesupport_fastrtps_cpp/stsl_interfaces/msg/detail/dds_fastrtps/tag_array__type_support.cpp.o[0m
[ 75%] [32mBuilding CXX object CMakeFiles/stsl_interfaces__rosidl_typesupport_fastrtps_c.dir/rosidl_typesupport_fastrtps_c/stsl_interfaces/action/detail/execute_mission__type_support_c.cpp.o[0m
[ 76%] [32mBuilding CXX object CMakeFiles/stsl_interfaces__rosidl_typesupport_introspection_cpp.dir/rosidl_typesupport_introspection_cpp/stsl_interfaces/msg/detail/tag__type_support.cpp.o[0m
[ 77%] [32mBuilding CXX object CMakeFiles/stsl_interfaces__rosidl_typesupport_fastrtps_c.dir/rosidl_typesupport_fastrtps_c/stsl_interfaces/action/detail/park_at_peak__type_support_c.cpp.o[0m
[ 78%] [32m[1mLinking C shared library libstsl_interfaces__rosidl_typesupport_introspection_c.so[0m
[ 80%] [32m[1mLinking CXX shared library libstsl_interfaces__rosidl_typesupport_fastrtps_cpp.so[0m
[ 81%] [32m[1mLinking CXX shared library libstsl_interfaces__rosidl_typesupport_introspection_cpp.so[0m
[ 82%] [32m[1mLinking CXX shared library libstsl_interfaces__rosidl_typesupport_fastrtps_c.so[0m
[ 82%] Built target stsl_interfaces__rosidl_typesupport_introspection_c
[ 82%] Built target stsl_interfaces__rosidl_typesupport_fastrtps_cpp
[ 82%] Built target stsl_interfaces__rosidl_typesupport_fastrtps_c
[ 82%] Built target stsl_interfaces__rosidl_typesupport_introspection_cpp
[ 82%] Built target stsl_interfaces
[ 83%] [34m[1mGenerating Python code for ROS interfaces[0m
[ 83%] Built target stsl_interfaces__py
[35m[1mConsolidate compiler generated dependencies of target stsl_interfaces__rosidl_generator_py[0m
[ 85%] [32mBuilding C object CMakeFiles/stsl_interfaces__rosidl_generator_py.dir/rosidl_generator_py/stsl_interfaces/msg/_mineral_deposit_s.c.o[0m
[ 85%] [32mBuilding C object CMakeFiles/stsl_interfaces__rosidl_generator_py.dir/rosidl_generator_py/stsl_interfaces/msg/_mineral_deposit_array_s.c.o[0m
[ 86%] [32mBuilding C object CMakeFiles/stsl_interfaces__rosidl_generator_py.dir/rosidl_generator_py/stsl_interfaces/msg/_mineral_deposit_sample_s.c.o[0m
[ 88%] [32mBuilding C object CMakeFiles/stsl_interfaces__rosidl_generator_py.dir/rosidl_generator_py/stsl_interfaces/msg/_tag_s.c.o[0m
[ 88%] [32mBuilding C object CMakeFiles/stsl_interfaces__rosidl_generator_py.dir/rosidl_generator_py/stsl_interfaces/msg/_tag_array_s.c.o[0m
[ 90%] [32mBuilding C object CMakeFiles/stsl_interfaces__rosidl_generator_py.dir/rosidl_generator_py/stsl_interfaces/srv/_reset_mineral_deposit_tracking_s.c.o[0m
[ 90%] [32mBuilding C object CMakeFiles/stsl_interfaces__rosidl_generator_py.dir/rosidl_generator_py/stsl_interfaces/srv/_sample_elevation_s.c.o[0m
[ 91%] [32mBuilding C object CMakeFiles/stsl_interfaces__rosidl_generator_py.dir/rosidl_generator_py/stsl_interfaces/action/_execute_mission_s.c.o[0m
[ 92%] [32mBuilding C object CMakeFiles/stsl_interfaces__rosidl_generator_py.dir/rosidl_generator_py/stsl_interfaces/action/_park_at_peak_s.c.o[0m
[ 93%] [32m[1mLinking C shared library rosidl_generator_py/stsl_interfaces/libstsl_interfaces__rosidl_generator_py.so[0m
[ 93%] Built target stsl_interfaces__rosidl_generator_py
[35m[1mConsolidate compiler generated dependencies of target stsl_interfaces__rosidl_typesupport_c__pyext[0m
[35m[1mConsolidate compiler generated dependencies of target stsl_interfaces__rosidl_typesupport_fastrtps_c__pyext[0m
[35m[1mConsolidate compiler generated dependencies of target stsl_interfaces__rosidl_typesupport_introspection_c__pyext[0m
[ 94%] [32mBuilding C object CMakeFiles/stsl_interfaces__rosidl_typesupport_fastrtps_c__pyext.dir/rosidl_generator_py/stsl_interfaces/_stsl_interfaces_s.ep.rosidl_typesupport_fastrtps_c.c.o[0m
[ 95%] [32mBuilding C object CMakeFiles/stsl_interfaces__rosidl_typesupport_c__pyext.dir/rosidl_generator_py/stsl_interfaces/_stsl_interfaces_s.ep.rosidl_typesupport_c.c.o[0m
[ 96%] [32mBuilding C object CMakeFiles/stsl_interfaces__rosidl_typesupport_introspection_c__pyext.dir/rosidl_generator_py/stsl_interfaces/_stsl_interfaces_s.ep.rosidl_typesupport_introspection_c.c.o[0m
[ 97%] [32m[1mLinking C shared library rosidl_generator_py/stsl_interfaces/stsl_interfaces_s__rosidl_typesupport_fastrtps_c.cpython-310-x86_64-linux-gnu.so[0m
[ 98%] [32m[1mLinking C shared library rosidl_generator_py/stsl_interfaces/stsl_interfaces_s__rosidl_typesupport_c.cpython-310-x86_64-linux-gnu.so[0m
[100%] [32m[1mLinking C shared library rosidl_generator_py/stsl_interfaces/stsl_interfaces_s__rosidl_typesupport_introspection_c.cpython-310-x86_64-linux-gnu.so[0m
[100%] Built target stsl_interfaces__rosidl_typesupport_fastrtps_c__pyext
[100%] Built target stsl_interfaces__rosidl_typesupport_c__pyext
[100%] Built target stsl_interfaces__rosidl_typesupport_introspection_c__pyext
