[1.039s] Invoking command in '/home/ubuntu/rj_training_container/training_ws/build/mission_orchestration': AMENT_PREFIX_PATH=/home/ubuntu/rj_training_container/training_ws/install/stsl_bt_nodes:/home/ubuntu/rj_training_container/training_ws/install/stsl_interfaces:${AMENT_PREFIX_PATH} CMAKE_PREFIX_PATH=/home/ubuntu/rj_training_container/training_ws/install/stsl_bt_nodes:/home/ubuntu/rj_training_container/training_ws/install/stsl_interfaces:/opt/ros/humble LD_LIBRARY_PATH=/home/ubuntu/rj_training_container/training_ws/install/stsl_bt_nodes/lib:/home/ubuntu/rj_training_container/training_ws/install/stsl_interfaces/lib:${LD_LIBRARY_PATH} PYTHONPATH=/home/ubuntu/rj_training_container/training_ws/install/stsl_interfaces/local/lib/python3.10/dist-packages:${PYTHONPATH} /usr/bin/cmake --build /home/ubuntu/rj_training_container/training_ws/build/mission_orchestration -- -j16 -l16
[2.504s] [ 40%] Built target mission_orchestrator_node
[2.588s] [100%] Built target mission_orchestration_components
[2.833s] Invoked command in '/home/ubuntu/rj_training_container/training_ws/build/mission_orchestration' returned '0': AMENT_PREFIX_PATH=/home/ubuntu/rj_training_container/training_ws/install/stsl_bt_nodes:/home/ubuntu/rj_training_container/training_ws/install/stsl_interfaces:${AMENT_PREFIX_PATH} CMAKE_PREFIX_PATH=/home/ubuntu/rj_training_container/training_ws/install/stsl_bt_nodes:/home/ubuntu/rj_training_container/training_ws/install/stsl_interfaces:/opt/ros/humble LD_LIBRARY_PATH=/home/ubuntu/rj_training_container/training_ws/install/stsl_bt_nodes/lib:/home/ubuntu/rj_training_container/training_ws/install/stsl_interfaces/lib:${LD_LIBRARY_PATH} PYTHONPATH=/home/ubuntu/rj_training_container/training_ws/install/stsl_interfaces/local/lib/python3.10/dist-packages:${PYTHONPATH} /usr/bin/cmake --build /home/ubuntu/rj_training_container/training_ws/build/mission_orchestration -- -j16 -l16
[2.911s] Invoking command in '/home/ubuntu/rj_training_container/training_ws/build/mission_orchestration': AMENT_PREFIX_PATH=/home/ubuntu/rj_training_container/training_ws/install/stsl_bt_nodes:/home/ubuntu/rj_training_container/training_ws/install/stsl_interfaces:${AMENT_PREFIX_PATH} CMAKE_PREFIX_PATH=/home/ubuntu/rj_training_container/training_ws/install/stsl_bt_nodes:/home/ubuntu/rj_training_container/training_ws/install/stsl_interfaces:/opt/ros/humble LD_LIBRARY_PATH=/home/ubuntu/rj_training_container/training_ws/install/stsl_bt_nodes/lib:/home/ubuntu/rj_training_container/training_ws/install/stsl_interfaces/lib:${LD_LIBRARY_PATH} PYTHONPATH=/home/ubuntu/rj_training_container/training_ws/install/stsl_interfaces/local/lib/python3.10/dist-packages:${PYTHONPATH} /usr/bin/cmake --install /home/ubuntu/rj_training_container/training_ws/build/mission_orchestration
[3.135s] -- Install configuration: ""
[3.194s] -- Up-to-date: /home/ubuntu/rj_training_container/training_ws/install/mission_orchestration/lib/mission_orchestration/mission_orchestrator_node
[3.303s] -- Up-to-date: /home/ubuntu/rj_training_container/training_ws/install/mission_orchestration/lib/libmission_orchestration_components.so
[3.371s] -- Up-to-date: /home/ubuntu/rj_training_container/training_ws/install/mission_orchestration/share/mission_orchestration/behavior_trees
[3.416s] -- Up-to-date: /home/ubuntu/rj_training_container/training_ws/install/mission_orchestration/share/mission_orchestration/behavior_trees/default_mission_tree.xml
[3.447s] -- Up-to-date: /home/ubuntu/rj_training_container/training_ws/install/mission_orchestration/share/mission_orchestration/behavior_trees/mineral_tracking_test_tree.xml
[3.471s] -- Up-to-date: /home/ubuntu/rj_training_container/training_ws/install/mission_orchestration/share/mission_orchestration/launch
[3.515s] -- Up-to-date: /home/ubuntu/rj_training_container/training_ws/install/mission_orchestration/share/mission_orchestration/launch/mission_orchestrator.launch.py
[3.562s] -- Up-to-date: /home/ubuntu/rj_training_container/training_ws/install/mission_orchestration/share/ament_index/resource_index/package_run_dependencies/mission_orchestration
[3.614s] -- Up-to-date: /home/ubuntu/rj_training_container/training_ws/install/mission_orchestration/share/ament_index/resource_index/parent_prefix_path/mission_orchestration
[3.638s] -- Up-to-date: /home/ubuntu/rj_training_container/training_ws/install/mission_orchestration/share/mission_orchestration/environment/ament_prefix_path.sh
[3.666s] -- Up-to-date: /home/ubuntu/rj_training_container/training_ws/install/mission_orchestration/share/mission_orchestration/environment/ament_prefix_path.dsv
[3.686s] -- Up-to-date: /home/ubuntu/rj_training_container/training_ws/install/mission_orchestration/share/mission_orchestration/environment/path.sh
[3.714s] -- Up-to-date: /home/ubuntu/rj_training_container/training_ws/install/mission_orchestration/share/mission_orchestration/environment/path.dsv
[3.738s] -- Up-to-date: /home/ubuntu/rj_training_container/training_ws/install/mission_orchestration/share/mission_orchestration/local_setup.bash
[3.760s] -- Up-to-date: /home/ubuntu/rj_training_container/training_ws/install/mission_orchestration/share/mission_orchestration/local_setup.sh
[3.786s] -- Up-to-date: /home/ubuntu/rj_training_container/training_ws/install/mission_orchestration/share/mission_orchestration/local_setup.zsh
[3.813s] -- Up-to-date: /home/ubuntu/rj_training_container/training_ws/install/mission_orchestration/share/mission_orchestration/local_setup.dsv
[3.837s] -- Installing: /home/ubuntu/rj_training_container/training_ws/install/mission_orchestration/share/mission_orchestration/package.dsv
[3.940s] -- Up-to-date: /home/ubuntu/rj_training_container/training_ws/install/mission_orchestration/share/ament_index/resource_index/packages/mission_orchestration
[3.987s] -- Up-to-date: /home/ubuntu/rj_training_container/training_ws/install/mission_orchestration/share/ament_index/resource_index/rclcpp_components/mission_orchestration
[4.018s] -- Up-to-date: /home/ubuntu/rj_training_container/training_ws/install/mission_orchestration/share/mission_orchestration/cmake/mission_orchestrationConfig.cmake
[4.041s] -- Up-to-date: /home/ubuntu/rj_training_container/training_ws/install/mission_orchestration/share/mission_orchestration/cmake/mission_orchestrationConfig-version.cmake
[4.075s] -- Up-to-date: /home/ubuntu/rj_training_container/training_ws/install/mission_orchestration/share/mission_orchestration/package.xml
[4.090s] Invoked command in '/home/ubuntu/rj_training_container/training_ws/build/mission_orchestration' returned '0': AMENT_PREFIX_PATH=/home/ubuntu/rj_training_container/training_ws/install/stsl_bt_nodes:/home/ubuntu/rj_training_container/training_ws/install/stsl_interfaces:${AMENT_PREFIX_PATH} CMAKE_PREFIX_PATH=/home/ubuntu/rj_training_container/training_ws/install/stsl_bt_nodes:/home/ubuntu/rj_training_container/training_ws/install/stsl_interfaces:/opt/ros/humble LD_LIBRARY_PATH=/home/ubuntu/rj_training_container/training_ws/install/stsl_bt_nodes/lib:/home/ubuntu/rj_training_container/training_ws/install/stsl_interfaces/lib:${LD_LIBRARY_PATH} PYTHONPATH=/home/ubuntu/rj_training_container/training_ws/install/stsl_interfaces/local/lib/python3.10/dist-packages:${PYTHONPATH} /usr/bin/cmake --install /home/ubuntu/rj_training_container/training_ws/build/mission_orchestration
