[0.178s] Invoking command in '/home/ubuntu/rj_training_container/training_ws/build/joystick_package': AMENT_PREFIX_PATH=/home/ubuntu/rj_training_container/training_ws/install/joystick_msgs:${AMENT_PREFIX_PATH} CMAKE_PREFIX_PATH=/home/ubuntu/rj_training_container/training_ws/install/joystick_msgs:/opt/ros/humble LD_LIBRARY_PATH=/home/ubuntu/rj_training_container/training_ws/install/joystick_msgs/lib:${LD_LIBRARY_PATH} PYTHONPATH=/home/ubuntu/rj_training_container/training_ws/install/joystick_msgs/local/lib/python3.10/dist-packages:${PYTHONPATH} /usr/bin/cmake --build /home/ubuntu/rj_training_container/training_ws/build/joystick_package -- -j16 -l16
[1.057s] [ 50%] Built target joystick_package_JoystickDriver
[1.093s] [100%] Built target joystick_package
[1.227s] Invoked command in '/home/ubuntu/rj_training_container/training_ws/build/joystick_package' returned '0': AMENT_PREFIX_PATH=/home/ubuntu/rj_training_container/training_ws/install/joystick_msgs:${AMENT_PREFIX_PATH} CMAKE_PREFIX_PATH=/home/ubuntu/rj_training_container/training_ws/install/joystick_msgs:/opt/ros/humble LD_LIBRARY_PATH=/home/ubuntu/rj_training_container/training_ws/install/joystick_msgs/lib:${LD_LIBRARY_PATH} PYTHONPATH=/home/ubuntu/rj_training_container/training_ws/install/joystick_msgs/local/lib/python3.10/dist-packages:${PYTHONPATH} /usr/bin/cmake --build /home/ubuntu/rj_training_container/training_ws/build/joystick_package -- -j16 -l16
[1.281s] Invoking command in '/home/ubuntu/rj_training_container/training_ws/build/joystick_package': AMENT_PREFIX_PATH=/home/ubuntu/rj_training_container/training_ws/install/joystick_msgs:${AMENT_PREFIX_PATH} CMAKE_PREFIX_PATH=/home/ubuntu/rj_training_container/training_ws/install/joystick_msgs:/opt/ros/humble LD_LIBRARY_PATH=/home/ubuntu/rj_training_container/training_ws/install/joystick_msgs/lib:${LD_LIBRARY_PATH} PYTHONPATH=/home/ubuntu/rj_training_container/training_ws/install/joystick_msgs/local/lib/python3.10/dist-packages:${PYTHONPATH} /usr/bin/cmake --install /home/ubuntu/rj_training_container/training_ws/build/joystick_package
[1.400s] -- Install configuration: ""
[1.454s] -- Up-to-date: /home/ubuntu/rj_training_container/training_ws/install/joystick_package/lib/joystick_package/joystick_package_JoystickDriver
[1.507s] -- Up-to-date: /home/ubuntu/rj_training_container/training_ws/install/joystick_package/share/joystick_package//launch
[1.549s] -- Up-to-date: /home/ubuntu/rj_training_container/training_ws/install/joystick_package/share/joystick_package//launch/joystick.launch.py
[1.569s] -- Up-to-date: /home/ubuntu/rj_training_container/training_ws/install/joystick_package/share/joystick_package//config
[1.605s] -- Up-to-date: /home/ubuntu/rj_training_container/training_ws/install/joystick_package/share/joystick_package//config/joystick_driver_params.yaml
[1.670s] -- Up-to-date: /home/ubuntu/rj_training_container/training_ws/install/joystick_package/lib/libjoystick_package.so
[1.715s] -- Up-to-date: /home/ubuntu/rj_training_container/training_ws/install/joystick_package/share/joystick_package/environment/library_path.sh
[1.738s] -- Up-to-date: /home/ubuntu/rj_training_container/training_ws/install/joystick_package/share/joystick_package/environment/library_path.dsv
[1.771s] -- Up-to-date: /home/ubuntu/rj_training_container/training_ws/install/joystick_package/share/ament_index/resource_index/package_run_dependencies/joystick_package
[1.807s] -- Up-to-date: /home/ubuntu/rj_training_container/training_ws/install/joystick_package/share/ament_index/resource_index/parent_prefix_path/joystick_package
[1.824s] -- Up-to-date: /home/ubuntu/rj_training_container/training_ws/install/joystick_package/share/joystick_package/environment/ament_prefix_path.sh
[1.844s] -- Up-to-date: /home/ubuntu/rj_training_container/training_ws/install/joystick_package/share/joystick_package/environment/ament_prefix_path.dsv
[1.858s] -- Up-to-date: /home/ubuntu/rj_training_container/training_ws/install/joystick_package/share/joystick_package/environment/path.sh
[1.877s] -- Up-to-date: /home/ubuntu/rj_training_container/training_ws/install/joystick_package/share/joystick_package/environment/path.dsv
[1.898s] -- Up-to-date: /home/ubuntu/rj_training_container/training_ws/install/joystick_package/share/joystick_package/local_setup.bash
[1.915s] -- Up-to-date: /home/ubuntu/rj_training_container/training_ws/install/joystick_package/share/joystick_package/local_setup.sh
[1.931s] -- Up-to-date: /home/ubuntu/rj_training_container/training_ws/install/joystick_package/share/joystick_package/local_setup.zsh
[1.950s] -- Up-to-date: /home/ubuntu/rj_training_container/training_ws/install/joystick_package/share/joystick_package/local_setup.dsv
[1.968s] -- Installing: /home/ubuntu/rj_training_container/training_ws/install/joystick_package/share/joystick_package/package.dsv
[2.044s] -- Up-to-date: /home/ubuntu/rj_training_container/training_ws/install/joystick_package/share/ament_index/resource_index/packages/joystick_package
[2.080s] -- Up-to-date: /home/ubuntu/rj_training_container/training_ws/install/joystick_package/share/ament_index/resource_index/rclcpp_components/joystick_package
[2.105s] -- Up-to-date: /home/ubuntu/rj_training_container/training_ws/install/joystick_package/share/joystick_package/cmake/ament_cmake_export_include_directories-extras.cmake
[2.125s] -- Up-to-date: /home/ubuntu/rj_training_container/training_ws/install/joystick_package/share/joystick_package/cmake/ament_cmake_export_libraries-extras.cmake
[2.148s] -- Up-to-date: /home/ubuntu/rj_training_container/training_ws/install/joystick_package/share/joystick_package/cmake/ament_cmake_export_dependencies-extras.cmake
[2.170s] -- Up-to-date: /home/ubuntu/rj_training_container/training_ws/install/joystick_package/share/joystick_package/cmake/joystick_packageConfig.cmake
[2.188s] -- Up-to-date: /home/ubuntu/rj_training_container/training_ws/install/joystick_package/share/joystick_package/cmake/joystick_packageConfig-version.cmake
[2.216s] -- Up-to-date: /home/ubuntu/rj_training_container/training_ws/install/joystick_package/share/joystick_package/package.xml
[2.260s] Invoked command in '/home/ubuntu/rj_training_container/training_ws/build/joystick_package' returned '0': AMENT_PREFIX_PATH=/home/ubuntu/rj_training_container/training_ws/install/joystick_msgs:${AMENT_PREFIX_PATH} CMAKE_PREFIX_PATH=/home/ubuntu/rj_training_container/training_ws/install/joystick_msgs:/opt/ros/humble LD_LIBRARY_PATH=/home/ubuntu/rj_training_container/training_ws/install/joystick_msgs/lib:${LD_LIBRARY_PATH} PYTHONPATH=/home/ubuntu/rj_training_container/training_ws/install/joystick_msgs/local/lib/python3.10/dist-packages:${PYTHONPATH} /usr/bin/cmake --install /home/ubuntu/rj_training_container/training_ws/build/joystick_package
