[4.653s] Invoking command in '/home/ubuntu/rj_training_container/training_ws/src/trainingv2/turtlesim_project/src/keyboard': PYTHONPATH=/home/ubuntu/rj_training_container/training_ws/build/keyboard/prefix_override:/usr/lib/python3/dist-packages/colcon_core/task/python/colcon_distutils_commands:/home/ubuntu/rj_training_container/training_ws/install/keyboard/lib/python3.10/site-packages:${PYTHONPATH} /usr/bin/python3 -W ignore:setup.py install is deprecated setup.py egg_info --egg-base ../../../../../build/keyboard build --build-base /home/ubuntu/rj_training_container/training_ws/build/keyboard/build install --record /home/ubuntu/rj_training_container/training_ws/build/keyboard/install.log --single-version-externally-managed install_data
[12.276s] running egg_info
[12.277s] creating ../../../../../build/keyboard/keyboard.egg-info
[12.279s] writing ../../../../../build/keyboard/keyboard.egg-info/PKG-INFO
[12.281s] writing dependency_links to ../../../../../build/keyboard/keyboard.egg-info/dependency_links.txt
[12.283s] writing entry points to ../../../../../build/keyboard/keyboard.egg-info/entry_points.txt
[12.284s] writing requirements to ../../../../../build/keyboard/keyboard.egg-info/requires.txt
[12.286s] writing top-level names to ../../../../../build/keyboard/keyboard.egg-info/top_level.txt
[12.288s] writing manifest file '../../../../../build/keyboard/keyboard.egg-info/SOURCES.txt'
[12.289s] reading manifest file '../../../../../build/keyboard/keyboard.egg-info/SOURCES.txt'
[12.291s] writing manifest file '../../../../../build/keyboard/keyboard.egg-info/SOURCES.txt'
[12.293s] running build
[12.295s] running build_py
[12.296s] creating /home/ubuntu/rj_training_container/training_ws/build/keyboard/build
[12.298s] creating /home/ubuntu/rj_training_container/training_ws/build/keyboard/build/lib
[12.300s] creating /home/ubuntu/rj_training_container/training_ws/build/keyboard/build/lib/keyboard
[12.302s] copying keyboard/listen.py -> /home/ubuntu/rj_training_container/training_ws/build/keyboard/build/lib/keyboard
[12.304s] copying keyboard/__init__.py -> /home/ubuntu/rj_training_container/training_ws/build/keyboard/build/lib/keyboard
[12.306s] running install
[12.308s] running install_lib
[12.310s] creating /home/ubuntu/rj_training_container/training_ws/install/keyboard/lib/python3.10/site-packages/keyboard
[12.313s] copying /home/ubuntu/rj_training_container/training_ws/build/keyboard/build/lib/keyboard/listen.py -> /home/ubuntu/rj_training_container/training_ws/install/keyboard/lib/python3.10/site-packages/keyboard
[12.315s] copying /home/ubuntu/rj_training_container/training_ws/build/keyboard/build/lib/keyboard/__init__.py -> /home/ubuntu/rj_training_container/training_ws/install/keyboard/lib/python3.10/site-packages/keyboard
[12.317s] byte-compiling /home/ubuntu/rj_training_container/training_ws/install/keyboard/lib/python3.10/site-packages/keyboard/listen.py to listen.cpython-310.pyc
[12.319s] byte-compiling /home/ubuntu/rj_training_container/training_ws/install/keyboard/lib/python3.10/site-packages/keyboard/__init__.py to __init__.cpython-310.pyc
[12.321s] running install_data
[12.323s] creating /home/ubuntu/rj_training_container/training_ws/install/keyboard/share/ament_index
[12.325s] creating /home/ubuntu/rj_training_container/training_ws/install/keyboard/share/ament_index/resource_index
[12.327s] creating /home/ubuntu/rj_training_container/training_ws/install/keyboard/share/ament_index/resource_index/packages
[12.329s] copying resource/keyboard -> /home/ubuntu/rj_training_container/training_ws/install/keyboard/share/ament_index/resource_index/packages
[12.332s] copying package.xml -> /home/ubuntu/rj_training_container/training_ws/install/keyboard/share/keyboard
[12.334s] running install_egg_info
[12.336s] Copying ../../../../../build/keyboard/keyboard.egg-info to /home/ubuntu/rj_training_container/training_ws/install/keyboard/lib/python3.10/site-packages/keyboard-0.0.0-py3.10.egg-info
[12.338s] running install_scripts
[12.339s] Installing keystroke_listen script to /home/ubuntu/rj_training_container/training_ws/install/keyboard/lib/keyboard
[12.343s] writing list of installed files to '/home/ubuntu/rj_training_container/training_ws/build/keyboard/install.log'
[12.345s] Invoked command in '/home/ubuntu/rj_training_container/training_ws/src/trainingv2/turtlesim_project/src/keyboard' returned '0': PYTHONPATH=/home/ubuntu/rj_training_container/training_ws/build/keyboard/prefix_override:/usr/lib/python3/dist-packages/colcon_core/task/python/colcon_distutils_commands:/home/ubuntu/rj_training_container/training_ws/install/keyboard/lib/python3.10/site-packages:${PYTHONPATH} /usr/bin/python3 -W ignore:setup.py install is deprecated setup.py egg_info --egg-base ../../../../../build/keyboard build --build-base /home/ubuntu/rj_training_container/training_ws/build/keyboard/build install --record /home/ubuntu/rj_training_container/training_ws/build/keyboard/install.log --single-version-externally-managed install_data
