[1.199s] Invoking command in '/home/ubuntu/rj_training_container/training_ws/build/traini_gazebo': AMENT_PREFIX_PATH=/home/ubuntu/rj_training_container/training_ws/install/stsl_aruco_tags:/home/ubuntu/rj_training_container/training_ws/install/stsl_interfaces:/home/ubuntu/rj_training_container/training_ws/install/stsl_gazebo_plugins:${AMENT_PREFIX_PATH} CMAKE_PREFIX_PATH=/home/ubuntu/rj_training_container/training_ws/install/stsl_aruco_tags:/home/ubuntu/rj_training_container/training_ws/install/stsl_interfaces:/home/ubuntu/rj_training_container/training_ws/install/stsl_gazebo_plugins:/opt/ros/humble LD_LIBRARY_PATH=/home/ubuntu/rj_training_container/training_ws/install/stsl_aruco_tags/lib:/home/ubuntu/rj_training_container/training_ws/install/stsl_interfaces/lib:/home/ubuntu/rj_training_container/training_ws/install/stsl_gazebo_plugins/lib:${LD_LIBRARY_PATH} PYTHONPATH=/home/ubuntu/rj_training_container/training_ws/install/stsl_interfaces/local/lib/python3.10/dist-packages:${PYTHONPATH} /usr/bin/cmake --build /home/ubuntu/rj_training_container/training_ws/build/traini_gazebo -- -j16 -l16
[4.097s] [100%] Built target traini_gazebo_GENERATE_ARUCO_TAG_MODELS
[4.705s] Invoked command in '/home/ubuntu/rj_training_container/training_ws/build/traini_gazebo' returned '0': AMENT_PREFIX_PATH=/home/ubuntu/rj_training_container/training_ws/install/stsl_aruco_tags:/home/ubuntu/rj_training_container/training_ws/install/stsl_interfaces:/home/ubuntu/rj_training_container/training_ws/install/stsl_gazebo_plugins:${AMENT_PREFIX_PATH} CMAKE_PREFIX_PATH=/home/ubuntu/rj_training_container/training_ws/install/stsl_aruco_tags:/home/ubuntu/rj_training_container/training_ws/install/stsl_interfaces:/home/ubuntu/rj_training_container/training_ws/install/stsl_gazebo_plugins:/opt/ros/humble LD_LIBRARY_PATH=/home/ubuntu/rj_training_container/training_ws/install/stsl_aruco_tags/lib:/home/ubuntu/rj_training_container/training_ws/install/stsl_interfaces/lib:/home/ubuntu/rj_training_container/training_ws/install/stsl_gazebo_plugins/lib:${LD_LIBRARY_PATH} PYTHONPATH=/home/ubuntu/rj_training_container/training_ws/install/stsl_interfaces/local/lib/python3.10/dist-packages:${PYTHONPATH} /usr/bin/cmake --build /home/ubuntu/rj_training_container/training_ws/build/traini_gazebo -- -j16 -l16
[4.752s] Invoking command in '/home/ubuntu/rj_training_container/training_ws/build/traini_gazebo': AMENT_PREFIX_PATH=/home/ubuntu/rj_training_container/training_ws/install/stsl_aruco_tags:/home/ubuntu/rj_training_container/training_ws/install/stsl_interfaces:/home/ubuntu/rj_training_container/training_ws/install/stsl_gazebo_plugins:${AMENT_PREFIX_PATH} CMAKE_PREFIX_PATH=/home/ubuntu/rj_training_container/training_ws/install/stsl_aruco_tags:/home/ubuntu/rj_training_container/training_ws/install/stsl_interfaces:/home/ubuntu/rj_training_container/training_ws/install/stsl_gazebo_plugins:/opt/ros/humble LD_LIBRARY_PATH=/home/ubuntu/rj_training_container/training_ws/install/stsl_aruco_tags/lib:/home/ubuntu/rj_training_container/training_ws/install/stsl_interfaces/lib:/home/ubuntu/rj_training_container/training_ws/install/stsl_gazebo_plugins/lib:${LD_LIBRARY_PATH} PYTHONPATH=/home/ubuntu/rj_training_container/training_ws/install/stsl_interfaces/local/lib/python3.10/dist-packages:${PYTHONPATH} /usr/bin/cmake --install /home/ubuntu/rj_training_container/training_ws/build/traini_gazebo
[5.090s] -- Install configuration: ""
[5.109s] -- Up-to-date: /home/ubuntu/rj_training_container/training_ws/install/traini_gazebo/lib/traini_gazebo/publish_map_boundary.py
[5.131s] -- Up-to-date: /home/ubuntu/rj_training_container/training_ws/install/traini_gazebo/lib/traini_gazebo/randomize_robot_pose.py
[5.147s] -- Up-to-date: /home/ubuntu/rj_training_container/training_ws/install/traini_gazebo/share/traini_gazebo/config
[5.175s] -- Up-to-date: /home/ubuntu/rj_training_container/training_ws/install/traini_gazebo/share/traini_gazebo/config/gazebo_params.yaml
[5.190s] -- Up-to-date: /home/ubuntu/rj_training_container/training_ws/install/traini_gazebo/share/traini_gazebo/launch
[5.220s] -- Up-to-date: /home/ubuntu/rj_training_container/training_ws/install/traini_gazebo/share/traini_gazebo/launch/gazebo.launch.py
[5.244s] -- Up-to-date: /home/ubuntu/rj_training_container/training_ws/install/traini_gazebo/share/traini_gazebo/launch/gzclient.launch.py
[5.267s] -- Up-to-date: /home/ubuntu/rj_training_container/training_ws/install/traini_gazebo/share/traini_gazebo/launch/gzserver.launch.py
[5.290s] -- Up-to-date: /home/ubuntu/rj_training_container/training_ws/install/traini_gazebo/share/traini_gazebo/launch/traini_gazebo.launch.py
[5.306s] -- Up-to-date: /home/ubuntu/rj_training_container/training_ws/install/traini_gazebo/share/traini_gazebo/models
[5.333s] -- Up-to-date: /home/ubuntu/rj_training_container/training_ws/install/traini_gazebo/share/traini_gazebo/models/floor_mat
[5.362s] -- Up-to-date: /home/ubuntu/rj_training_container/training_ws/install/traini_gazebo/share/traini_gazebo/models/floor_mat/materials
[5.394s] -- Up-to-date: /home/ubuntu/rj_training_container/training_ws/install/traini_gazebo/share/traini_gazebo/models/floor_mat/materials/scripts
[5.448s] -- Up-to-date: /home/ubuntu/rj_training_container/training_ws/install/traini_gazebo/share/traini_gazebo/models/floor_mat/materials/scripts/floor_mat.material
[5.479s] -- Up-to-date: /home/ubuntu/rj_training_container/training_ws/install/traini_gazebo/share/traini_gazebo/models/floor_mat/materials/textures
[5.525s] -- Up-to-date: /home/ubuntu/rj_training_container/training_ws/install/traini_gazebo/share/traini_gazebo/models/floor_mat/materials/textures/floor_mat.png
[5.557s] -- Up-to-date: /home/ubuntu/rj_training_container/training_ws/install/traini_gazebo/share/traini_gazebo/models/floor_mat/model.config
[5.585s] -- Up-to-date: /home/ubuntu/rj_training_container/training_ws/install/traini_gazebo/share/traini_gazebo/models/floor_mat/model.sdf
[5.604s] -- Up-to-date: /home/ubuntu/rj_training_container/training_ws/install/traini_gazebo/share/traini_gazebo/models/traini
[5.634s] -- Up-to-date: /home/ubuntu/rj_training_container/training_ws/install/traini_gazebo/share/traini_gazebo/models/traini/meshes
[5.674s] -- Up-to-date: /home/ubuntu/rj_training_container/training_ws/install/traini_gazebo/share/traini_gazebo/models/traini/meshes/Trainiii.dae
[5.709s] -- Up-to-date: /home/ubuntu/rj_training_container/training_ws/install/traini_gazebo/share/traini_gazebo/models/traini/model.config
[5.737s] -- Up-to-date: /home/ubuntu/rj_training_container/training_ws/install/traini_gazebo/share/traini_gazebo/models/traini/model.sdf
[5.754s] -- Up-to-date: /home/ubuntu/rj_training_container/training_ws/install/traini_gazebo/share/traini_gazebo/worlds
[5.781s] -- Up-to-date: /home/ubuntu/rj_training_container/training_ws/install/traini_gazebo/share/traini_gazebo/worlds/training_world.sdf
[5.793s] -- Up-to-date: /home/ubuntu/rj_training_container/training_ws/install/traini_gazebo/share/traini_gazebo/models
[5.813s] -- Up-to-date: /home/ubuntu/rj_training_container/training_ws/install/traini_gazebo/share/traini_gazebo/models/aruco_tag_0
[5.836s] -- Up-to-date: /home/ubuntu/rj_training_container/training_ws/install/traini_gazebo/share/traini_gazebo/models/aruco_tag_0/materials
[5.862s] -- Up-to-date: /home/ubuntu/rj_training_container/training_ws/install/traini_gazebo/share/traini_gazebo/models/aruco_tag_0/materials/scripts
[5.895s] -- Up-to-date: /home/ubuntu/rj_training_container/training_ws/install/traini_gazebo/share/traini_gazebo/models/aruco_tag_0/materials/scripts/aruco_tag_0.material
[5.916s] -- Up-to-date: /home/ubuntu/rj_training_container/training_ws/install/traini_gazebo/share/traini_gazebo/models/aruco_tag_0/materials/textures
[5.952s] -- Up-to-date: /home/ubuntu/rj_training_container/training_ws/install/traini_gazebo/share/traini_gazebo/models/aruco_tag_0/materials/textures/ArUcoTag0.jpg
[5.974s] -- Up-to-date: /home/ubuntu/rj_training_container/training_ws/install/traini_gazebo/share/traini_gazebo/models/aruco_tag_0/model.config
[5.994s] -- Up-to-date: /home/ubuntu/rj_training_container/training_ws/install/traini_gazebo/share/traini_gazebo/models/aruco_tag_0/model.sdf
[6.010s] -- Up-to-date: /home/ubuntu/rj_training_container/training_ws/install/traini_gazebo/share/traini_gazebo/models/aruco_tag_1
[6.036s] -- Up-to-date: /home/ubuntu/rj_training_container/training_ws/install/traini_gazebo/share/traini_gazebo/models/aruco_tag_1/materials
[6.065s] -- Up-to-date: /home/ubuntu/rj_training_container/training_ws/install/traini_gazebo/share/traini_gazebo/models/aruco_tag_1/materials/scripts
[6.107s] -- Up-to-date: /home/ubuntu/rj_training_container/training_ws/install/traini_gazebo/share/traini_gazebo/models/aruco_tag_1/materials/scripts/aruco_tag_1.material
[6.127s] -- Up-to-date: /home/ubuntu/rj_training_container/training_ws/install/traini_gazebo/share/traini_gazebo/models/aruco_tag_1/materials/textures
[6.163s] -- Up-to-date: /home/ubuntu/rj_training_container/training_ws/install/traini_gazebo/share/traini_gazebo/models/aruco_tag_1/materials/textures/ArUcoTag1.jpg
[6.184s] -- Up-to-date: /home/ubuntu/rj_training_container/training_ws/install/traini_gazebo/share/traini_gazebo/models/aruco_tag_1/model.config
[6.212s] -- Up-to-date: /home/ubuntu/rj_training_container/training_ws/install/traini_gazebo/share/traini_gazebo/models/aruco_tag_1/model.sdf
[6.227s] -- Up-to-date: /home/ubuntu/rj_training_container/training_ws/install/traini_gazebo/share/traini_gazebo/models/aruco_tag_10
[6.253s] -- Up-to-date: /home/ubuntu/rj_training_container/training_ws/install/traini_gazebo/share/traini_gazebo/models/aruco_tag_10/materials
[6.281s] -- Up-to-date: /home/ubuntu/rj_training_container/training_ws/install/traini_gazebo/share/traini_gazebo/models/aruco_tag_10/materials/scripts
[6.320s] -- Up-to-date: /home/ubuntu/rj_training_container/training_ws/install/traini_gazebo/share/traini_gazebo/models/aruco_tag_10/materials/scripts/aruco_tag_10.material
[6.343s] -- Up-to-date: /home/ubuntu/rj_training_container/training_ws/install/traini_gazebo/share/traini_gazebo/models/aruco_tag_10/materials/textures
[6.380s] -- Up-to-date: /home/ubuntu/rj_training_container/training_ws/install/traini_gazebo/share/traini_gazebo/models/aruco_tag_10/materials/textures/ArUcoTag10.jpg
[6.402s] -- Up-to-date: /home/ubuntu/rj_training_container/training_ws/install/traini_gazebo/share/traini_gazebo/models/aruco_tag_10/model.config
[6.421s] -- Up-to-date: /home/ubuntu/rj_training_container/training_ws/install/traini_gazebo/share/traini_gazebo/models/aruco_tag_10/model.sdf
[6.439s] -- Up-to-date: /home/ubuntu/rj_training_container/training_ws/install/traini_gazebo/share/traini_gazebo/models/aruco_tag_11
[6.464s] -- Up-to-date: /home/ubuntu/rj_training_container/training_ws/install/traini_gazebo/share/traini_gazebo/models/aruco_tag_11/materials
[6.491s] -- Up-to-date: /home/ubuntu/rj_training_container/training_ws/install/traini_gazebo/share/traini_gazebo/models/aruco_tag_11/materials/scripts
[6.533s] -- Up-to-date: /home/ubuntu/rj_training_container/training_ws/install/traini_gazebo/share/traini_gazebo/models/aruco_tag_11/materials/scripts/aruco_tag_11.material
[6.554s] -- Up-to-date: /home/ubuntu/rj_training_container/training_ws/install/traini_gazebo/share/traini_gazebo/models/aruco_tag_11/materials/textures
[6.590s] -- Up-to-date: /home/ubuntu/rj_training_container/training_ws/install/traini_gazebo/share/traini_gazebo/models/aruco_tag_11/materials/textures/ArUcoTag11.jpg
[6.618s] -- Up-to-date: /home/ubuntu/rj_training_container/training_ws/install/traini_gazebo/share/traini_gazebo/models/aruco_tag_11/model.config
[6.648s] -- Up-to-date: /home/ubuntu/rj_training_container/training_ws/install/traini_gazebo/share/traini_gazebo/models/aruco_tag_11/model.sdf
[6.664s] -- Up-to-date: /home/ubuntu/rj_training_container/training_ws/install/traini_gazebo/share/traini_gazebo/models/aruco_tag_12
[6.689s] -- Up-to-date: /home/ubuntu/rj_training_container/training_ws/install/traini_gazebo/share/traini_gazebo/models/aruco_tag_12/materials
[6.718s] -- Up-to-date: /home/ubuntu/rj_training_container/training_ws/install/traini_gazebo/share/traini_gazebo/models/aruco_tag_12/materials/scripts
[6.757s] -- Up-to-date: /home/ubuntu/rj_training_container/training_ws/install/traini_gazebo/share/traini_gazebo/models/aruco_tag_12/materials/scripts/aruco_tag_12.material
[6.779s] -- Up-to-date: /home/ubuntu/rj_training_container/training_ws/install/traini_gazebo/share/traini_gazebo/models/aruco_tag_12/materials/textures
[6.816s] -- Up-to-date: /home/ubuntu/rj_training_container/training_ws/install/traini_gazebo/share/traini_gazebo/models/aruco_tag_12/materials/textures/ArUcoTag12.jpg
[6.844s] -- Up-to-date: /home/ubuntu/rj_training_container/training_ws/install/traini_gazebo/share/traini_gazebo/models/aruco_tag_12/model.config
[6.864s] -- Up-to-date: /home/ubuntu/rj_training_container/training_ws/install/traini_gazebo/share/traini_gazebo/models/aruco_tag_12/model.sdf
[6.880s] -- Up-to-date: /home/ubuntu/rj_training_container/training_ws/install/traini_gazebo/share/traini_gazebo/models/aruco_tag_13
[6.904s] -- Up-to-date: /home/ubuntu/rj_training_container/training_ws/install/traini_gazebo/share/traini_gazebo/models/aruco_tag_13/materials
[6.934s] -- Up-to-date: /home/ubuntu/rj_training_container/training_ws/install/traini_gazebo/share/traini_gazebo/models/aruco_tag_13/materials/scripts
[6.973s] -- Up-to-date: /home/ubuntu/rj_training_container/training_ws/install/traini_gazebo/share/traini_gazebo/models/aruco_tag_13/materials/scripts/aruco_tag_13.material
[6.993s] -- Up-to-date: /home/ubuntu/rj_training_container/training_ws/install/traini_gazebo/share/traini_gazebo/models/aruco_tag_13/materials/textures
[7.037s] -- Up-to-date: /home/ubuntu/rj_training_container/training_ws/install/traini_gazebo/share/traini_gazebo/models/aruco_tag_13/materials/textures/ArUcoTag13.jpg
[7.059s] -- Up-to-date: /home/ubuntu/rj_training_container/training_ws/install/traini_gazebo/share/traini_gazebo/models/aruco_tag_13/model.config
[7.078s] -- Up-to-date: /home/ubuntu/rj_training_container/training_ws/install/traini_gazebo/share/traini_gazebo/models/aruco_tag_13/model.sdf
[7.092s] -- Up-to-date: /home/ubuntu/rj_training_container/training_ws/install/traini_gazebo/share/traini_gazebo/models/aruco_tag_14
[7.122s] -- Up-to-date: /home/ubuntu/rj_training_container/training_ws/install/traini_gazebo/share/traini_gazebo/models/aruco_tag_14/materials
[7.150s] -- Up-to-date: /home/ubuntu/rj_training_container/training_ws/install/traini_gazebo/share/traini_gazebo/models/aruco_tag_14/materials/scripts
[7.185s] -- Up-to-date: /home/ubuntu/rj_training_container/training_ws/install/traini_gazebo/share/traini_gazebo/models/aruco_tag_14/materials/scripts/aruco_tag_14.material
[7.212s] -- Up-to-date: /home/ubuntu/rj_training_container/training_ws/install/traini_gazebo/share/traini_gazebo/models/aruco_tag_14/materials/textures
[7.250s] -- Up-to-date: /home/ubuntu/rj_training_container/training_ws/install/traini_gazebo/share/traini_gazebo/models/aruco_tag_14/materials/textures/ArUcoTag14.jpg
[7.272s] -- Up-to-date: /home/ubuntu/rj_training_container/training_ws/install/traini_gazebo/share/traini_gazebo/models/aruco_tag_14/model.config
[7.293s] -- Up-to-date: /home/ubuntu/rj_training_container/training_ws/install/traini_gazebo/share/traini_gazebo/models/aruco_tag_14/model.sdf
[7.307s] -- Up-to-date: /home/ubuntu/rj_training_container/training_ws/install/traini_gazebo/share/traini_gazebo/models/aruco_tag_15
[7.334s] -- Up-to-date: /home/ubuntu/rj_training_container/training_ws/install/traini_gazebo/share/traini_gazebo/models/aruco_tag_15/materials
[7.364s] -- Up-to-date: /home/ubuntu/rj_training_container/training_ws/install/traini_gazebo/share/traini_gazebo/models/aruco_tag_15/materials/scripts
[7.403s] -- Up-to-date: /home/ubuntu/rj_training_container/training_ws/install/traini_gazebo/share/traini_gazebo/models/aruco_tag_15/materials/scripts/aruco_tag_15.material
[7.426s] -- Up-to-date: /home/ubuntu/rj_training_container/training_ws/install/traini_gazebo/share/traini_gazebo/models/aruco_tag_15/materials/textures
[7.463s] -- Up-to-date: /home/ubuntu/rj_training_container/training_ws/install/traini_gazebo/share/traini_gazebo/models/aruco_tag_15/materials/textures/ArUcoTag15.jpg
[7.484s] -- Up-to-date: /home/ubuntu/rj_training_container/training_ws/install/traini_gazebo/share/traini_gazebo/models/aruco_tag_15/model.config
[7.504s] -- Up-to-date: /home/ubuntu/rj_training_container/training_ws/install/traini_gazebo/share/traini_gazebo/models/aruco_tag_15/model.sdf
[7.519s] -- Up-to-date: /home/ubuntu/rj_training_container/training_ws/install/traini_gazebo/share/traini_gazebo/models/aruco_tag_16
[7.544s] -- Up-to-date: /home/ubuntu/rj_training_container/training_ws/install/traini_gazebo/share/traini_gazebo/models/aruco_tag_16/materials
[7.574s] -- Up-to-date: /home/ubuntu/rj_training_container/training_ws/install/traini_gazebo/share/traini_gazebo/models/aruco_tag_16/materials/scripts
[7.617s] -- Up-to-date: /home/ubuntu/rj_training_container/training_ws/install/traini_gazebo/share/traini_gazebo/models/aruco_tag_16/materials/scripts/aruco_tag_16.material
[7.640s] -- Up-to-date: /home/ubuntu/rj_training_container/training_ws/install/traini_gazebo/share/traini_gazebo/models/aruco_tag_16/materials/textures
[7.675s] -- Up-to-date: /home/ubuntu/rj_training_container/training_ws/install/traini_gazebo/share/traini_gazebo/models/aruco_tag_16/materials/textures/ArUcoTag16.jpg
[7.697s] -- Up-to-date: /home/ubuntu/rj_training_container/training_ws/install/traini_gazebo/share/traini_gazebo/models/aruco_tag_16/model.config
[7.728s] -- Up-to-date: /home/ubuntu/rj_training_container/training_ws/install/traini_gazebo/share/traini_gazebo/models/aruco_tag_16/model.sdf
[7.744s] -- Up-to-date: /home/ubuntu/rj_training_container/training_ws/install/traini_gazebo/share/traini_gazebo/models/aruco_tag_17
[7.770s] -- Up-to-date: /home/ubuntu/rj_training_container/training_ws/install/traini_gazebo/share/traini_gazebo/models/aruco_tag_17/materials
[7.800s] -- Up-to-date: /home/ubuntu/rj_training_container/training_ws/install/traini_gazebo/share/traini_gazebo/models/aruco_tag_17/materials/scripts
[7.838s] -- Up-to-date: /home/ubuntu/rj_training_container/training_ws/install/traini_gazebo/share/traini_gazebo/models/aruco_tag_17/materials/scripts/aruco_tag_17.material
[7.861s] -- Up-to-date: /home/ubuntu/rj_training_container/training_ws/install/traini_gazebo/share/traini_gazebo/models/aruco_tag_17/materials/textures
[7.898s] -- Up-to-date: /home/ubuntu/rj_training_container/training_ws/install/traini_gazebo/share/traini_gazebo/models/aruco_tag_17/materials/textures/ArUcoTag17.jpg
[7.920s] -- Up-to-date: /home/ubuntu/rj_training_container/training_ws/install/traini_gazebo/share/traini_gazebo/models/aruco_tag_17/model.config
[7.941s] -- Up-to-date: /home/ubuntu/rj_training_container/training_ws/install/traini_gazebo/share/traini_gazebo/models/aruco_tag_17/model.sdf
[7.956s] -- Up-to-date: /home/ubuntu/rj_training_container/training_ws/install/traini_gazebo/share/traini_gazebo/models/aruco_tag_18
[7.980s] -- Up-to-date: /home/ubuntu/rj_training_container/training_ws/install/traini_gazebo/share/traini_gazebo/models/aruco_tag_18/materials
[8.009s] -- Up-to-date: /home/ubuntu/rj_training_container/training_ws/install/traini_gazebo/share/traini_gazebo/models/aruco_tag_18/materials/scripts
[8.047s] -- Up-to-date: /home/ubuntu/rj_training_container/training_ws/install/traini_gazebo/share/traini_gazebo/models/aruco_tag_18/materials/scripts/aruco_tag_18.material
[8.065s] -- Up-to-date: /home/ubuntu/rj_training_container/training_ws/install/traini_gazebo/share/traini_gazebo/models/aruco_tag_18/materials/textures
[8.101s] -- Up-to-date: /home/ubuntu/rj_training_container/training_ws/install/traini_gazebo/share/traini_gazebo/models/aruco_tag_18/materials/textures/ArUcoTag18.jpg
[8.128s] -- Up-to-date: /home/ubuntu/rj_training_container/training_ws/install/traini_gazebo/share/traini_gazebo/models/aruco_tag_18/model.config
[8.150s] -- Up-to-date: /home/ubuntu/rj_training_container/training_ws/install/traini_gazebo/share/traini_gazebo/models/aruco_tag_18/model.sdf
[8.164s] -- Up-to-date: /home/ubuntu/rj_training_container/training_ws/install/traini_gazebo/share/traini_gazebo/models/aruco_tag_19
[8.188s] -- Up-to-date: /home/ubuntu/rj_training_container/training_ws/install/traini_gazebo/share/traini_gazebo/models/aruco_tag_19/materials
[8.222s] -- Up-to-date: /home/ubuntu/rj_training_container/training_ws/install/traini_gazebo/share/traini_gazebo/models/aruco_tag_19/materials/scripts
[8.258s] -- Up-to-date: /home/ubuntu/rj_training_container/training_ws/install/traini_gazebo/share/traini_gazebo/models/aruco_tag_19/materials/scripts/aruco_tag_19.material
[8.280s] -- Up-to-date: /home/ubuntu/rj_training_container/training_ws/install/traini_gazebo/share/traini_gazebo/models/aruco_tag_19/materials/textures
[8.316s] -- Up-to-date: /home/ubuntu/rj_training_container/training_ws/install/traini_gazebo/share/traini_gazebo/models/aruco_tag_19/materials/textures/ArUcoTag19.jpg
[8.340s] -- Up-to-date: /home/ubuntu/rj_training_container/training_ws/install/traini_gazebo/share/traini_gazebo/models/aruco_tag_19/model.config
[8.360s] -- Up-to-date: /home/ubuntu/rj_training_container/training_ws/install/traini_gazebo/share/traini_gazebo/models/aruco_tag_19/model.sdf
[8.375s] -- Up-to-date: /home/ubuntu/rj_training_container/training_ws/install/traini_gazebo/share/traini_gazebo/models/aruco_tag_2
[8.399s] -- Up-to-date: /home/ubuntu/rj_training_container/training_ws/install/traini_gazebo/share/traini_gazebo/models/aruco_tag_2/materials
[8.426s] -- Up-to-date: /home/ubuntu/rj_training_container/training_ws/install/traini_gazebo/share/traini_gazebo/models/aruco_tag_2/materials/scripts
[8.464s] -- Up-to-date: /home/ubuntu/rj_training_container/training_ws/install/traini_gazebo/share/traini_gazebo/models/aruco_tag_2/materials/scripts/aruco_tag_2.material
[8.482s] -- Up-to-date: /home/ubuntu/rj_training_container/training_ws/install/traini_gazebo/share/traini_gazebo/models/aruco_tag_2/materials/textures
[8.518s] -- Up-to-date: /home/ubuntu/rj_training_container/training_ws/install/traini_gazebo/share/traini_gazebo/models/aruco_tag_2/materials/textures/ArUcoTag2.jpg
[8.542s] -- Up-to-date: /home/ubuntu/rj_training_container/training_ws/install/traini_gazebo/share/traini_gazebo/models/aruco_tag_2/model.config
[8.561s] -- Up-to-date: /home/ubuntu/rj_training_container/training_ws/install/traini_gazebo/share/traini_gazebo/models/aruco_tag_2/model.sdf
[8.575s] -- Up-to-date: /home/ubuntu/rj_training_container/training_ws/install/traini_gazebo/share/traini_gazebo/models/aruco_tag_20
[8.601s] -- Up-to-date: /home/ubuntu/rj_training_container/training_ws/install/traini_gazebo/share/traini_gazebo/models/aruco_tag_20/materials
[8.629s] -- Up-to-date: /home/ubuntu/rj_training_container/training_ws/install/traini_gazebo/share/traini_gazebo/models/aruco_tag_20/materials/scripts
[8.669s] -- Up-to-date: /home/ubuntu/rj_training_container/training_ws/install/traini_gazebo/share/traini_gazebo/models/aruco_tag_20/materials/scripts/aruco_tag_20.material
[8.690s] -- Up-to-date: /home/ubuntu/rj_training_container/training_ws/install/traini_gazebo/share/traini_gazebo/models/aruco_tag_20/materials/textures
[8.738s] -- Up-to-date: /home/ubuntu/rj_training_container/training_ws/install/traini_gazebo/share/traini_gazebo/models/aruco_tag_20/materials/textures/ArUcoTag20.jpg
[8.760s] -- Up-to-date: /home/ubuntu/rj_training_container/training_ws/install/traini_gazebo/share/traini_gazebo/models/aruco_tag_20/model.config
[8.780s] -- Up-to-date: /home/ubuntu/rj_training_container/training_ws/install/traini_gazebo/share/traini_gazebo/models/aruco_tag_20/model.sdf
[8.795s] -- Up-to-date: /home/ubuntu/rj_training_container/training_ws/install/traini_gazebo/share/traini_gazebo/models/aruco_tag_21
[8.819s] -- Up-to-date: /home/ubuntu/rj_training_container/training_ws/install/traini_gazebo/share/traini_gazebo/models/aruco_tag_21/materials
[8.852s] -- Up-to-date: /home/ubuntu/rj_training_container/training_ws/install/traini_gazebo/share/traini_gazebo/models/aruco_tag_21/materials/scripts
[8.888s] -- Up-to-date: /home/ubuntu/rj_training_container/training_ws/install/traini_gazebo/share/traini_gazebo/models/aruco_tag_21/materials/scripts/aruco_tag_21.material
[8.909s] -- Up-to-date: /home/ubuntu/rj_training_container/training_ws/install/traini_gazebo/share/traini_gazebo/models/aruco_tag_21/materials/textures
[8.947s] -- Up-to-date: /home/ubuntu/rj_training_container/training_ws/install/traini_gazebo/share/traini_gazebo/models/aruco_tag_21/materials/textures/ArUcoTag21.jpg
[8.969s] -- Up-to-date: /home/ubuntu/rj_training_container/training_ws/install/traini_gazebo/share/traini_gazebo/models/aruco_tag_21/model.config
[8.988s] -- Up-to-date: /home/ubuntu/rj_training_container/training_ws/install/traini_gazebo/share/traini_gazebo/models/aruco_tag_21/model.sdf
[9.003s] -- Up-to-date: /home/ubuntu/rj_training_container/training_ws/install/traini_gazebo/share/traini_gazebo/models/aruco_tag_22
[9.029s] -- Up-to-date: /home/ubuntu/rj_training_container/training_ws/install/traini_gazebo/share/traini_gazebo/models/aruco_tag_22/materials
[9.056s] -- Up-to-date: /home/ubuntu/rj_training_container/training_ws/install/traini_gazebo/share/traini_gazebo/models/aruco_tag_22/materials/scripts
[9.093s] -- Up-to-date: /home/ubuntu/rj_training_container/training_ws/install/traini_gazebo/share/traini_gazebo/models/aruco_tag_22/materials/scripts/aruco_tag_22.material
[9.120s] -- Up-to-date: /home/ubuntu/rj_training_container/training_ws/install/traini_gazebo/share/traini_gazebo/models/aruco_tag_22/materials/textures
[9.157s] -- Up-to-date: /home/ubuntu/rj_training_container/training_ws/install/traini_gazebo/share/traini_gazebo/models/aruco_tag_22/materials/textures/ArUcoTag22.jpg
[9.179s] -- Up-to-date: /home/ubuntu/rj_training_container/training_ws/install/traini_gazebo/share/traini_gazebo/models/aruco_tag_22/model.config
[9.199s] -- Up-to-date: /home/ubuntu/rj_training_container/training_ws/install/traini_gazebo/share/traini_gazebo/models/aruco_tag_22/model.sdf
[9.221s] -- Up-to-date: /home/ubuntu/rj_training_container/training_ws/install/traini_gazebo/share/traini_gazebo/models/aruco_tag_23
[9.248s] -- Up-to-date: /home/ubuntu/rj_training_container/training_ws/install/traini_gazebo/share/traini_gazebo/models/aruco_tag_23/materials
[9.277s] -- Up-to-date: /home/ubuntu/rj_training_container/training_ws/install/traini_gazebo/share/traini_gazebo/models/aruco_tag_23/materials/scripts
[9.313s] -- Up-to-date: /home/ubuntu/rj_training_container/training_ws/install/traini_gazebo/share/traini_gazebo/models/aruco_tag_23/materials/scripts/aruco_tag_23.material
[9.334s] -- Up-to-date: /home/ubuntu/rj_training_container/training_ws/install/traini_gazebo/share/traini_gazebo/models/aruco_tag_23/materials/textures
[9.372s] -- Up-to-date: /home/ubuntu/rj_training_container/training_ws/install/traini_gazebo/share/traini_gazebo/models/aruco_tag_23/materials/textures/ArUcoTag23.jpg
[9.393s] -- Up-to-date: /home/ubuntu/rj_training_container/training_ws/install/traini_gazebo/share/traini_gazebo/models/aruco_tag_23/model.config
[9.413s] -- Up-to-date: /home/ubuntu/rj_training_container/training_ws/install/traini_gazebo/share/traini_gazebo/models/aruco_tag_23/model.sdf
[9.429s] -- Up-to-date: /home/ubuntu/rj_training_container/training_ws/install/traini_gazebo/share/traini_gazebo/models/aruco_tag_24
[9.454s] -- Up-to-date: /home/ubuntu/rj_training_container/training_ws/install/traini_gazebo/share/traini_gazebo/models/aruco_tag_24/materials
[9.484s] -- Up-to-date: /home/ubuntu/rj_training_container/training_ws/install/traini_gazebo/share/traini_gazebo/models/aruco_tag_24/materials/scripts
[9.520s] -- Up-to-date: /home/ubuntu/rj_training_container/training_ws/install/traini_gazebo/share/traini_gazebo/models/aruco_tag_24/materials/scripts/aruco_tag_24.material
[9.543s] -- Up-to-date: /home/ubuntu/rj_training_container/training_ws/install/traini_gazebo/share/traini_gazebo/models/aruco_tag_24/materials/textures
[9.580s] -- Up-to-date: /home/ubuntu/rj_training_container/training_ws/install/traini_gazebo/share/traini_gazebo/models/aruco_tag_24/materials/textures/ArUcoTag24.jpg
[9.602s] -- Up-to-date: /home/ubuntu/rj_training_container/training_ws/install/traini_gazebo/share/traini_gazebo/models/aruco_tag_24/model.config
[9.631s] -- Up-to-date: /home/ubuntu/rj_training_container/training_ws/install/traini_gazebo/share/traini_gazebo/models/aruco_tag_24/model.sdf
[9.648s] -- Up-to-date: /home/ubuntu/rj_training_container/training_ws/install/traini_gazebo/share/traini_gazebo/models/aruco_tag_25
[9.673s] -- Up-to-date: /home/ubuntu/rj_training_container/training_ws/install/traini_gazebo/share/traini_gazebo/models/aruco_tag_25/materials
[9.701s] -- Up-to-date: /home/ubuntu/rj_training_container/training_ws/install/traini_gazebo/share/traini_gazebo/models/aruco_tag_25/materials/scripts
[9.739s] -- Up-to-date: /home/ubuntu/rj_training_container/training_ws/install/traini_gazebo/share/traini_gazebo/models/aruco_tag_25/materials/scripts/aruco_tag_25.material
[9.760s] -- Up-to-date: /home/ubuntu/rj_training_container/training_ws/install/traini_gazebo/share/traini_gazebo/models/aruco_tag_25/materials/textures
[9.798s] -- Up-to-date: /home/ubuntu/rj_training_container/training_ws/install/traini_gazebo/share/traini_gazebo/models/aruco_tag_25/materials/textures/ArUcoTag25.jpg
[9.820s] -- Up-to-date: /home/ubuntu/rj_training_container/training_ws/install/traini_gazebo/share/traini_gazebo/models/aruco_tag_25/model.config
[9.841s] -- Up-to-date: /home/ubuntu/rj_training_container/training_ws/install/traini_gazebo/share/traini_gazebo/models/aruco_tag_25/model.sdf
[9.856s] -- Up-to-date: /home/ubuntu/rj_training_container/training_ws/install/traini_gazebo/share/traini_gazebo/models/aruco_tag_26
[9.880s] -- Up-to-date: /home/ubuntu/rj_training_container/training_ws/install/traini_gazebo/share/traini_gazebo/models/aruco_tag_26/materials
[9.911s] -- Up-to-date: /home/ubuntu/rj_training_container/training_ws/install/traini_gazebo/share/traini_gazebo/models/aruco_tag_26/materials/scripts
[9.950s] -- Up-to-date: /home/ubuntu/rj_training_container/training_ws/install/traini_gazebo/share/traini_gazebo/models/aruco_tag_26/materials/scripts/aruco_tag_26.material
[9.972s] -- Up-to-date: /home/ubuntu/rj_training_container/training_ws/install/traini_gazebo/share/traini_gazebo/models/aruco_tag_26/materials/textures
[10.008s] -- Up-to-date: /home/ubuntu/rj_training_container/training_ws/install/traini_gazebo/share/traini_gazebo/models/aruco_tag_26/materials/textures/ArUcoTag26.jpg
[10.031s] -- Up-to-date: /home/ubuntu/rj_training_container/training_ws/install/traini_gazebo/share/traini_gazebo/models/aruco_tag_26/model.config
[10.051s] -- Up-to-date: /home/ubuntu/rj_training_container/training_ws/install/traini_gazebo/share/traini_gazebo/models/aruco_tag_26/model.sdf
[10.066s] -- Up-to-date: /home/ubuntu/rj_training_container/training_ws/install/traini_gazebo/share/traini_gazebo/models/aruco_tag_27
[10.090s] -- Up-to-date: /home/ubuntu/rj_training_container/training_ws/install/traini_gazebo/share/traini_gazebo/models/aruco_tag_27/materials
[10.119s] -- Up-to-date: /home/ubuntu/rj_training_container/training_ws/install/traini_gazebo/share/traini_gazebo/models/aruco_tag_27/materials/scripts
[10.157s] -- Up-to-date: /home/ubuntu/rj_training_container/training_ws/install/traini_gazebo/share/traini_gazebo/models/aruco_tag_27/materials/scripts/aruco_tag_27.material
[10.178s] -- Up-to-date: /home/ubuntu/rj_training_container/training_ws/install/traini_gazebo/share/traini_gazebo/models/aruco_tag_27/materials/textures
[10.217s] -- Up-to-date: /home/ubuntu/rj_training_container/training_ws/install/traini_gazebo/share/traini_gazebo/models/aruco_tag_27/materials/textures/ArUcoTag27.jpg
[10.240s] -- Up-to-date: /home/ubuntu/rj_training_container/training_ws/install/traini_gazebo/share/traini_gazebo/models/aruco_tag_27/model.config
[10.260s] -- Up-to-date: /home/ubuntu/rj_training_container/training_ws/install/traini_gazebo/share/traini_gazebo/models/aruco_tag_27/model.sdf
[10.275s] -- Up-to-date: /home/ubuntu/rj_training_container/training_ws/install/traini_gazebo/share/traini_gazebo/models/aruco_tag_28
[10.300s] -- Up-to-date: /home/ubuntu/rj_training_container/training_ws/install/traini_gazebo/share/traini_gazebo/models/aruco_tag_28/materials
[10.332s] -- Up-to-date: /home/ubuntu/rj_training_container/training_ws/install/traini_gazebo/share/traini_gazebo/models/aruco_tag_28/materials/scripts
[10.368s] -- Up-to-date: /home/ubuntu/rj_training_container/training_ws/install/traini_gazebo/share/traini_gazebo/models/aruco_tag_28/materials/scripts/aruco_tag_28.material
[10.388s] -- Up-to-date: /home/ubuntu/rj_training_container/training_ws/install/traini_gazebo/share/traini_gazebo/models/aruco_tag_28/materials/textures
[10.429s] -- Up-to-date: /home/ubuntu/rj_training_container/training_ws/install/traini_gazebo/share/traini_gazebo/models/aruco_tag_28/materials/textures/ArUcoTag28.jpg
[10.452s] -- Up-to-date: /home/ubuntu/rj_training_container/training_ws/install/traini_gazebo/share/traini_gazebo/models/aruco_tag_28/model.config
[10.473s] -- Up-to-date: /home/ubuntu/rj_training_container/training_ws/install/traini_gazebo/share/traini_gazebo/models/aruco_tag_28/model.sdf
[10.491s] -- Up-to-date: /home/ubuntu/rj_training_container/training_ws/install/traini_gazebo/share/traini_gazebo/models/aruco_tag_29
[10.534s] -- Up-to-date: /home/ubuntu/rj_training_container/training_ws/install/traini_gazebo/share/traini_gazebo/models/aruco_tag_29/materials
[10.568s] -- Up-to-date: /home/ubuntu/rj_training_container/training_ws/install/traini_gazebo/share/traini_gazebo/models/aruco_tag_29/materials/scripts
[10.610s] -- Up-to-date: /home/ubuntu/rj_training_container/training_ws/install/traini_gazebo/share/traini_gazebo/models/aruco_tag_29/materials/scripts/aruco_tag_29.material
[10.637s] -- Up-to-date: /home/ubuntu/rj_training_container/training_ws/install/traini_gazebo/share/traini_gazebo/models/aruco_tag_29/materials/textures
[10.676s] -- Up-to-date: /home/ubuntu/rj_training_container/training_ws/install/traini_gazebo/share/traini_gazebo/models/aruco_tag_29/materials/textures/ArUcoTag29.jpg
[10.701s] -- Up-to-date: /home/ubuntu/rj_training_container/training_ws/install/traini_gazebo/share/traini_gazebo/models/aruco_tag_29/model.config
[10.724s] -- Up-to-date: /home/ubuntu/rj_training_container/training_ws/install/traini_gazebo/share/traini_gazebo/models/aruco_tag_29/model.sdf
[10.740s] -- Up-to-date: /home/ubuntu/rj_training_container/training_ws/install/traini_gazebo/share/traini_gazebo/models/aruco_tag_3
[10.764s] -- Up-to-date: /home/ubuntu/rj_training_container/training_ws/install/traini_gazebo/share/traini_gazebo/models/aruco_tag_3/materials
[10.793s] -- Up-to-date: /home/ubuntu/rj_training_container/training_ws/install/traini_gazebo/share/traini_gazebo/models/aruco_tag_3/materials/scripts
[10.834s] -- Up-to-date: /home/ubuntu/rj_training_container/training_ws/install/traini_gazebo/share/traini_gazebo/models/aruco_tag_3/materials/scripts/aruco_tag_3.material
[10.856s] -- Up-to-date: /home/ubuntu/rj_training_container/training_ws/install/traini_gazebo/share/traini_gazebo/models/aruco_tag_3/materials/textures
[10.894s] -- Up-to-date: /home/ubuntu/rj_training_container/training_ws/install/traini_gazebo/share/traini_gazebo/models/aruco_tag_3/materials/textures/ArUcoTag3.jpg
[10.915s] -- Up-to-date: /home/ubuntu/rj_training_container/training_ws/install/traini_gazebo/share/traini_gazebo/models/aruco_tag_3/model.config
[10.936s] -- Up-to-date: /home/ubuntu/rj_training_container/training_ws/install/traini_gazebo/share/traini_gazebo/models/aruco_tag_3/model.sdf
[10.953s] -- Up-to-date: /home/ubuntu/rj_training_container/training_ws/install/traini_gazebo/share/traini_gazebo/models/aruco_tag_30
[10.978s] -- Up-to-date: /home/ubuntu/rj_training_container/training_ws/install/traini_gazebo/share/traini_gazebo/models/aruco_tag_30/materials
[11.008s] -- Up-to-date: /home/ubuntu/rj_training_container/training_ws/install/traini_gazebo/share/traini_gazebo/models/aruco_tag_30/materials/scripts
[11.046s] -- Up-to-date: /home/ubuntu/rj_training_container/training_ws/install/traini_gazebo/share/traini_gazebo/models/aruco_tag_30/materials/scripts/aruco_tag_30.material
[11.067s] -- Up-to-date: /home/ubuntu/rj_training_container/training_ws/install/traini_gazebo/share/traini_gazebo/models/aruco_tag_30/materials/textures
[11.104s] -- Up-to-date: /home/ubuntu/rj_training_container/training_ws/install/traini_gazebo/share/traini_gazebo/models/aruco_tag_30/materials/textures/ArUcoTag30.jpg
[11.127s] -- Up-to-date: /home/ubuntu/rj_training_container/training_ws/install/traini_gazebo/share/traini_gazebo/models/aruco_tag_30/model.config
[11.148s] -- Up-to-date: /home/ubuntu/rj_training_container/training_ws/install/traini_gazebo/share/traini_gazebo/models/aruco_tag_30/model.sdf
[11.163s] -- Up-to-date: /home/ubuntu/rj_training_container/training_ws/install/traini_gazebo/share/traini_gazebo/models/aruco_tag_31
[11.187s] -- Up-to-date: /home/ubuntu/rj_training_container/training_ws/install/traini_gazebo/share/traini_gazebo/models/aruco_tag_31/materials
[11.217s] -- Up-to-date: /home/ubuntu/rj_training_container/training_ws/install/traini_gazebo/share/traini_gazebo/models/aruco_tag_31/materials/scripts
[11.256s] -- Up-to-date: /home/ubuntu/rj_training_container/training_ws/install/traini_gazebo/share/traini_gazebo/models/aruco_tag_31/materials/scripts/aruco_tag_31.material
[11.277s] -- Up-to-date: /home/ubuntu/rj_training_container/training_ws/install/traini_gazebo/share/traini_gazebo/models/aruco_tag_31/materials/textures
[11.313s] -- Up-to-date: /home/ubuntu/rj_training_container/training_ws/install/traini_gazebo/share/traini_gazebo/models/aruco_tag_31/materials/textures/ArUcoTag31.jpg
[11.337s] -- Up-to-date: /home/ubuntu/rj_training_container/training_ws/install/traini_gazebo/share/traini_gazebo/models/aruco_tag_31/model.config
[11.357s] -- Up-to-date: /home/ubuntu/rj_training_container/training_ws/install/traini_gazebo/share/traini_gazebo/models/aruco_tag_31/model.sdf
[11.372s] -- Up-to-date: /home/ubuntu/rj_training_container/training_ws/install/traini_gazebo/share/traini_gazebo/models/aruco_tag_32
[11.396s] -- Up-to-date: /home/ubuntu/rj_training_container/training_ws/install/traini_gazebo/share/traini_gazebo/models/aruco_tag_32/materials
[11.425s] -- Up-to-date: /home/ubuntu/rj_training_container/training_ws/install/traini_gazebo/share/traini_gazebo/models/aruco_tag_32/materials/scripts
[11.464s] -- Up-to-date: /home/ubuntu/rj_training_container/training_ws/install/traini_gazebo/share/traini_gazebo/models/aruco_tag_32/materials/scripts/aruco_tag_32.material
[11.485s] -- Up-to-date: /home/ubuntu/rj_training_container/training_ws/install/traini_gazebo/share/traini_gazebo/models/aruco_tag_32/materials/textures
[11.522s] -- Up-to-date: /home/ubuntu/rj_training_container/training_ws/install/traini_gazebo/share/traini_gazebo/models/aruco_tag_32/materials/textures/ArUcoTag32.jpg
[11.546s] -- Up-to-date: /home/ubuntu/rj_training_container/training_ws/install/traini_gazebo/share/traini_gazebo/models/aruco_tag_32/model.config
[11.566s] -- Up-to-date: /home/ubuntu/rj_training_container/training_ws/install/traini_gazebo/share/traini_gazebo/models/aruco_tag_32/model.sdf
[11.581s] -- Up-to-date: /home/ubuntu/rj_training_container/training_ws/install/traini_gazebo/share/traini_gazebo/models/aruco_tag_33
[11.605s] -- Up-to-date: /home/ubuntu/rj_training_container/training_ws/install/traini_gazebo/share/traini_gazebo/models/aruco_tag_33/materials
[11.634s] -- Up-to-date: /home/ubuntu/rj_training_container/training_ws/install/traini_gazebo/share/traini_gazebo/models/aruco_tag_33/materials/scripts
[11.677s] -- Up-to-date: /home/ubuntu/rj_training_container/training_ws/install/traini_gazebo/share/traini_gazebo/models/aruco_tag_33/materials/scripts/aruco_tag_33.material
[11.709s] -- Up-to-date: /home/ubuntu/rj_training_container/training_ws/install/traini_gazebo/share/traini_gazebo/models/aruco_tag_33/materials/textures
[11.749s] -- Up-to-date: /home/ubuntu/rj_training_container/training_ws/install/traini_gazebo/share/traini_gazebo/models/aruco_tag_33/materials/textures/ArUcoTag33.jpg
[11.772s] -- Up-to-date: /home/ubuntu/rj_training_container/training_ws/install/traini_gazebo/share/traini_gazebo/models/aruco_tag_33/model.config
[11.791s] -- Up-to-date: /home/ubuntu/rj_training_container/training_ws/install/traini_gazebo/share/traini_gazebo/models/aruco_tag_33/model.sdf
[11.806s] -- Up-to-date: /home/ubuntu/rj_training_container/training_ws/install/traini_gazebo/share/traini_gazebo/models/aruco_tag_34
[11.830s] -- Up-to-date: /home/ubuntu/rj_training_container/training_ws/install/traini_gazebo/share/traini_gazebo/models/aruco_tag_34/materials
[11.859s] -- Up-to-date: /home/ubuntu/rj_training_container/training_ws/install/traini_gazebo/share/traini_gazebo/models/aruco_tag_34/materials/scripts
[11.897s] -- Up-to-date: /home/ubuntu/rj_training_container/training_ws/install/traini_gazebo/share/traini_gazebo/models/aruco_tag_34/materials/scripts/aruco_tag_34.material
[11.918s] -- Up-to-date: /home/ubuntu/rj_training_container/training_ws/install/traini_gazebo/share/traini_gazebo/models/aruco_tag_34/materials/textures
[11.958s] -- Up-to-date: /home/ubuntu/rj_training_container/training_ws/install/traini_gazebo/share/traini_gazebo/models/aruco_tag_34/materials/textures/ArUcoTag34.jpg
[11.980s] -- Up-to-date: /home/ubuntu/rj_training_container/training_ws/install/traini_gazebo/share/traini_gazebo/models/aruco_tag_34/model.config
[11.999s] -- Up-to-date: /home/ubuntu/rj_training_container/training_ws/install/traini_gazebo/share/traini_gazebo/models/aruco_tag_34/model.sdf
[12.014s] -- Up-to-date: /home/ubuntu/rj_training_container/training_ws/install/traini_gazebo/share/traini_gazebo/models/aruco_tag_35
[12.038s] -- Up-to-date: /home/ubuntu/rj_training_container/training_ws/install/traini_gazebo/share/traini_gazebo/models/aruco_tag_35/materials
[12.065s] -- Up-to-date: /home/ubuntu/rj_training_container/training_ws/install/traini_gazebo/share/traini_gazebo/models/aruco_tag_35/materials/scripts
[12.104s] -- Up-to-date: /home/ubuntu/rj_training_container/training_ws/install/traini_gazebo/share/traini_gazebo/models/aruco_tag_35/materials/scripts/aruco_tag_35.material
[12.127s] -- Up-to-date: /home/ubuntu/rj_training_container/training_ws/install/traini_gazebo/share/traini_gazebo/models/aruco_tag_35/materials/textures
[12.164s] -- Up-to-date: /home/ubuntu/rj_training_container/training_ws/install/traini_gazebo/share/traini_gazebo/models/aruco_tag_35/materials/textures/ArUcoTag35.jpg
[12.184s] -- Up-to-date: /home/ubuntu/rj_training_container/training_ws/install/traini_gazebo/share/traini_gazebo/models/aruco_tag_35/model.config
[12.210s] -- Up-to-date: /home/ubuntu/rj_training_container/training_ws/install/traini_gazebo/share/traini_gazebo/models/aruco_tag_35/model.sdf
[12.226s] -- Up-to-date: /home/ubuntu/rj_training_container/training_ws/install/traini_gazebo/share/traini_gazebo/models/aruco_tag_36
[12.250s] -- Up-to-date: /home/ubuntu/rj_training_container/training_ws/install/traini_gazebo/share/traini_gazebo/models/aruco_tag_36/materials
[12.277s] -- Up-to-date: /home/ubuntu/rj_training_container/training_ws/install/traini_gazebo/share/traini_gazebo/models/aruco_tag_36/materials/scripts
[12.319s] -- Up-to-date: /home/ubuntu/rj_training_container/training_ws/install/traini_gazebo/share/traini_gazebo/models/aruco_tag_36/materials/scripts/aruco_tag_36.material
[12.343s] -- Up-to-date: /home/ubuntu/rj_training_container/training_ws/install/traini_gazebo/share/traini_gazebo/models/aruco_tag_36/materials/textures
[12.380s] -- Up-to-date: /home/ubuntu/rj_training_container/training_ws/install/traini_gazebo/share/traini_gazebo/models/aruco_tag_36/materials/textures/ArUcoTag36.jpg
[12.402s] -- Up-to-date: /home/ubuntu/rj_training_container/training_ws/install/traini_gazebo/share/traini_gazebo/models/aruco_tag_36/model.config
[12.422s] -- Up-to-date: /home/ubuntu/rj_training_container/training_ws/install/traini_gazebo/share/traini_gazebo/models/aruco_tag_36/model.sdf
[12.439s] -- Up-to-date: /home/ubuntu/rj_training_container/training_ws/install/traini_gazebo/share/traini_gazebo/models/aruco_tag_37
[12.466s] -- Up-to-date: /home/ubuntu/rj_training_container/training_ws/install/traini_gazebo/share/traini_gazebo/models/aruco_tag_37/materials
[12.495s] -- Up-to-date: /home/ubuntu/rj_training_container/training_ws/install/traini_gazebo/share/traini_gazebo/models/aruco_tag_37/materials/scripts
[12.531s] -- Up-to-date: /home/ubuntu/rj_training_container/training_ws/install/traini_gazebo/share/traini_gazebo/models/aruco_tag_37/materials/scripts/aruco_tag_37.material
[12.553s] -- Up-to-date: /home/ubuntu/rj_training_container/training_ws/install/traini_gazebo/share/traini_gazebo/models/aruco_tag_37/materials/textures
[12.592s] -- Up-to-date: /home/ubuntu/rj_training_container/training_ws/install/traini_gazebo/share/traini_gazebo/models/aruco_tag_37/materials/textures/ArUcoTag37.jpg
[12.614s] -- Up-to-date: /home/ubuntu/rj_training_container/training_ws/install/traini_gazebo/share/traini_gazebo/models/aruco_tag_37/model.config
[12.633s] -- Up-to-date: /home/ubuntu/rj_training_container/training_ws/install/traini_gazebo/share/traini_gazebo/models/aruco_tag_37/model.sdf
[12.650s] -- Up-to-date: /home/ubuntu/rj_training_container/training_ws/install/traini_gazebo/share/traini_gazebo/models/aruco_tag_38
[12.677s] -- Up-to-date: /home/ubuntu/rj_training_container/training_ws/install/traini_gazebo/share/traini_gazebo/models/aruco_tag_38/materials
[12.711s] -- Up-to-date: /home/ubuntu/rj_training_container/training_ws/install/traini_gazebo/share/traini_gazebo/models/aruco_tag_38/materials/scripts
[12.749s] -- Up-to-date: /home/ubuntu/rj_training_container/training_ws/install/traini_gazebo/share/traini_gazebo/models/aruco_tag_38/materials/scripts/aruco_tag_38.material
[12.772s] -- Up-to-date: /home/ubuntu/rj_training_container/training_ws/install/traini_gazebo/share/traini_gazebo/models/aruco_tag_38/materials/textures
[12.809s] -- Up-to-date: /home/ubuntu/rj_training_container/training_ws/install/traini_gazebo/share/traini_gazebo/models/aruco_tag_38/materials/textures/ArUcoTag38.jpg
[12.832s] -- Up-to-date: /home/ubuntu/rj_training_container/training_ws/install/traini_gazebo/share/traini_gazebo/models/aruco_tag_38/model.config
[12.849s] -- Up-to-date: /home/ubuntu/rj_training_container/training_ws/install/traini_gazebo/share/traini_gazebo/models/aruco_tag_38/model.sdf
[12.863s] -- Up-to-date: /home/ubuntu/rj_training_container/training_ws/install/traini_gazebo/share/traini_gazebo/models/aruco_tag_39
[12.886s] -- Up-to-date: /home/ubuntu/rj_training_container/training_ws/install/traini_gazebo/share/traini_gazebo/models/aruco_tag_39/materials
[12.915s] -- Up-to-date: /home/ubuntu/rj_training_container/training_ws/install/traini_gazebo/share/traini_gazebo/models/aruco_tag_39/materials/scripts
[12.950s] -- Up-to-date: /home/ubuntu/rj_training_container/training_ws/install/traini_gazebo/share/traini_gazebo/models/aruco_tag_39/materials/scripts/aruco_tag_39.material
[12.970s] -- Up-to-date: /home/ubuntu/rj_training_container/training_ws/install/traini_gazebo/share/traini_gazebo/models/aruco_tag_39/materials/textures
[13.013s] -- Up-to-date: /home/ubuntu/rj_training_container/training_ws/install/traini_gazebo/share/traini_gazebo/models/aruco_tag_39/materials/textures/ArUcoTag39.jpg
[13.036s] -- Up-to-date: /home/ubuntu/rj_training_container/training_ws/install/traini_gazebo/share/traini_gazebo/models/aruco_tag_39/model.config
[13.057s] -- Up-to-date: /home/ubuntu/rj_training_container/training_ws/install/traini_gazebo/share/traini_gazebo/models/aruco_tag_39/model.sdf
[13.072s] -- Up-to-date: /home/ubuntu/rj_training_container/training_ws/install/traini_gazebo/share/traini_gazebo/models/aruco_tag_4
[13.109s] -- Up-to-date: /home/ubuntu/rj_training_container/training_ws/install/traini_gazebo/share/traini_gazebo/models/aruco_tag_4/materials
[13.145s] -- Up-to-date: /home/ubuntu/rj_training_container/training_ws/install/traini_gazebo/share/traini_gazebo/models/aruco_tag_4/materials/scripts
[13.206s] -- Up-to-date: /home/ubuntu/rj_training_container/training_ws/install/traini_gazebo/share/traini_gazebo/models/aruco_tag_4/materials/scripts/aruco_tag_4.material
[13.228s] -- Up-to-date: /home/ubuntu/rj_training_container/training_ws/install/traini_gazebo/share/traini_gazebo/models/aruco_tag_4/materials/textures
[13.266s] -- Up-to-date: /home/ubuntu/rj_training_container/training_ws/install/traini_gazebo/share/traini_gazebo/models/aruco_tag_4/materials/textures/ArUcoTag4.jpg
[13.286s] -- Up-to-date: /home/ubuntu/rj_training_container/training_ws/install/traini_gazebo/share/traini_gazebo/models/aruco_tag_4/model.config
[13.307s] -- Up-to-date: /home/ubuntu/rj_training_container/training_ws/install/traini_gazebo/share/traini_gazebo/models/aruco_tag_4/model.sdf
[13.321s] -- Up-to-date: /home/ubuntu/rj_training_container/training_ws/install/traini_gazebo/share/traini_gazebo/models/aruco_tag_40
[13.348s] -- Up-to-date: /home/ubuntu/rj_training_container/training_ws/install/traini_gazebo/share/traini_gazebo/models/aruco_tag_40/materials
[13.375s] -- Up-to-date: /home/ubuntu/rj_training_container/training_ws/install/traini_gazebo/share/traini_gazebo/models/aruco_tag_40/materials/scripts
[13.410s] -- Up-to-date: /home/ubuntu/rj_training_container/training_ws/install/traini_gazebo/share/traini_gazebo/models/aruco_tag_40/materials/scripts/aruco_tag_40.material
[13.433s] -- Up-to-date: /home/ubuntu/rj_training_container/training_ws/install/traini_gazebo/share/traini_gazebo/models/aruco_tag_40/materials/textures
[13.469s] -- Up-to-date: /home/ubuntu/rj_training_container/training_ws/install/traini_gazebo/share/traini_gazebo/models/aruco_tag_40/materials/textures/ArUcoTag40.jpg
[13.489s] -- Up-to-date: /home/ubuntu/rj_training_container/training_ws/install/traini_gazebo/share/traini_gazebo/models/aruco_tag_40/model.config
[13.509s] -- Up-to-date: /home/ubuntu/rj_training_container/training_ws/install/traini_gazebo/share/traini_gazebo/models/aruco_tag_40/model.sdf
[13.529s] -- Up-to-date: /home/ubuntu/rj_training_container/training_ws/install/traini_gazebo/share/traini_gazebo/models/aruco_tag_5
[13.554s] -- Up-to-date: /home/ubuntu/rj_training_container/training_ws/install/traini_gazebo/share/traini_gazebo/models/aruco_tag_5/materials
[13.581s] -- Up-to-date: /home/ubuntu/rj_training_container/training_ws/install/traini_gazebo/share/traini_gazebo/models/aruco_tag_5/materials/scripts
[13.624s] -- Up-to-date: /home/ubuntu/rj_training_container/training_ws/install/traini_gazebo/share/traini_gazebo/models/aruco_tag_5/materials/scripts/aruco_tag_5.material
[13.647s] -- Up-to-date: /home/ubuntu/rj_training_container/training_ws/install/traini_gazebo/share/traini_gazebo/models/aruco_tag_5/materials/textures
[13.684s] -- Up-to-date: /home/ubuntu/rj_training_container/training_ws/install/traini_gazebo/share/traini_gazebo/models/aruco_tag_5/materials/textures/ArUcoTag5.jpg
[13.706s] -- Up-to-date: /home/ubuntu/rj_training_container/training_ws/install/traini_gazebo/share/traini_gazebo/models/aruco_tag_5/model.config
[13.725s] -- Up-to-date: /home/ubuntu/rj_training_container/training_ws/install/traini_gazebo/share/traini_gazebo/models/aruco_tag_5/model.sdf
[13.740s] -- Up-to-date: /home/ubuntu/rj_training_container/training_ws/install/traini_gazebo/share/traini_gazebo/models/aruco_tag_6
[13.767s] -- Up-to-date: /home/ubuntu/rj_training_container/training_ws/install/traini_gazebo/share/traini_gazebo/models/aruco_tag_6/materials
[13.797s] -- Up-to-date: /home/ubuntu/rj_training_container/training_ws/install/traini_gazebo/share/traini_gazebo/models/aruco_tag_6/materials/scripts
[13.834s] -- Up-to-date: /home/ubuntu/rj_training_container/training_ws/install/traini_gazebo/share/traini_gazebo/models/aruco_tag_6/materials/scripts/aruco_tag_6.material
[13.855s] -- Up-to-date: /home/ubuntu/rj_training_container/training_ws/install/traini_gazebo/share/traini_gazebo/models/aruco_tag_6/materials/textures
[13.892s] -- Up-to-date: /home/ubuntu/rj_training_container/training_ws/install/traini_gazebo/share/traini_gazebo/models/aruco_tag_6/materials/textures/ArUcoTag6.jpg
[13.913s] -- Up-to-date: /home/ubuntu/rj_training_container/training_ws/install/traini_gazebo/share/traini_gazebo/models/aruco_tag_6/model.config
[13.935s] -- Up-to-date: /home/ubuntu/rj_training_container/training_ws/install/traini_gazebo/share/traini_gazebo/models/aruco_tag_6/model.sdf
[13.952s] -- Up-to-date: /home/ubuntu/rj_training_container/training_ws/install/traini_gazebo/share/traini_gazebo/models/aruco_tag_7
[13.974s] -- Up-to-date: /home/ubuntu/rj_training_container/training_ws/install/traini_gazebo/share/traini_gazebo/models/aruco_tag_7/materials
[14.012s] -- Up-to-date: /home/ubuntu/rj_training_container/training_ws/install/traini_gazebo/share/traini_gazebo/models/aruco_tag_7/materials/scripts
[14.059s] -- Up-to-date: /home/ubuntu/rj_training_container/training_ws/install/traini_gazebo/share/traini_gazebo/models/aruco_tag_7/materials/scripts/aruco_tag_7.material
[14.081s] -- Up-to-date: /home/ubuntu/rj_training_container/training_ws/install/traini_gazebo/share/traini_gazebo/models/aruco_tag_7/materials/textures
[14.115s] -- Up-to-date: /home/ubuntu/rj_training_container/training_ws/install/traini_gazebo/share/traini_gazebo/models/aruco_tag_7/materials/textures/ArUcoTag7.jpg
[14.138s] -- Up-to-date: /home/ubuntu/rj_training_container/training_ws/install/traini_gazebo/share/traini_gazebo/models/aruco_tag_7/model.config
[14.160s] -- Up-to-date: /home/ubuntu/rj_training_container/training_ws/install/traini_gazebo/share/traini_gazebo/models/aruco_tag_7/model.sdf
[14.175s] -- Up-to-date: /home/ubuntu/rj_training_container/training_ws/install/traini_gazebo/share/traini_gazebo/models/aruco_tag_8
[14.198s] -- Up-to-date: /home/ubuntu/rj_training_container/training_ws/install/traini_gazebo/share/traini_gazebo/models/aruco_tag_8/materials
[14.227s] -- Up-to-date: /home/ubuntu/rj_training_container/training_ws/install/traini_gazebo/share/traini_gazebo/models/aruco_tag_8/materials/scripts
[14.271s] -- Up-to-date: /home/ubuntu/rj_training_container/training_ws/install/traini_gazebo/share/traini_gazebo/models/aruco_tag_8/materials/scripts/aruco_tag_8.material
[14.290s] -- Up-to-date: /home/ubuntu/rj_training_container/training_ws/install/traini_gazebo/share/traini_gazebo/models/aruco_tag_8/materials/textures
[14.324s] -- Up-to-date: /home/ubuntu/rj_training_container/training_ws/install/traini_gazebo/share/traini_gazebo/models/aruco_tag_8/materials/textures/ArUcoTag8.jpg
[14.345s] -- Up-to-date: /home/ubuntu/rj_training_container/training_ws/install/traini_gazebo/share/traini_gazebo/models/aruco_tag_8/model.config
[14.367s] -- Up-to-date: /home/ubuntu/rj_training_container/training_ws/install/traini_gazebo/share/traini_gazebo/models/aruco_tag_8/model.sdf
[14.381s] -- Up-to-date: /home/ubuntu/rj_training_container/training_ws/install/traini_gazebo/share/traini_gazebo/models/aruco_tag_9
[14.402s] -- Up-to-date: /home/ubuntu/rj_training_container/training_ws/install/traini_gazebo/share/traini_gazebo/models/aruco_tag_9/materials
[14.434s] -- Up-to-date: /home/ubuntu/rj_training_container/training_ws/install/traini_gazebo/share/traini_gazebo/models/aruco_tag_9/materials/scripts
[14.472s] -- Up-to-date: /home/ubuntu/rj_training_container/training_ws/install/traini_gazebo/share/traini_gazebo/models/aruco_tag_9/materials/scripts/aruco_tag_9.material
[14.491s] -- Up-to-date: /home/ubuntu/rj_training_container/training_ws/install/traini_gazebo/share/traini_gazebo/models/aruco_tag_9/materials/textures
[14.536s] -- Up-to-date: /home/ubuntu/rj_training_container/training_ws/install/traini_gazebo/share/traini_gazebo/models/aruco_tag_9/materials/textures/ArUcoTag9.jpg
[14.557s] -- Up-to-date: /home/ubuntu/rj_training_container/training_ws/install/traini_gazebo/share/traini_gazebo/models/aruco_tag_9/model.config
[14.576s] -- Up-to-date: /home/ubuntu/rj_training_container/training_ws/install/traini_gazebo/share/traini_gazebo/models/aruco_tag_9/model.sdf
[14.607s] -- Up-to-date: /home/ubuntu/rj_training_container/training_ws/install/traini_gazebo/share/ament_index/resource_index/package_run_dependencies/traini_gazebo
[14.648s] -- Up-to-date: /home/ubuntu/rj_training_container/training_ws/install/traini_gazebo/share/ament_index/resource_index/parent_prefix_path/traini_gazebo
[14.666s] -- Up-to-date: /home/ubuntu/rj_training_container/training_ws/install/traini_gazebo/share/traini_gazebo/environment/ament_prefix_path.sh
[14.688s] -- Up-to-date: /home/ubuntu/rj_training_container/training_ws/install/traini_gazebo/share/traini_gazebo/environment/ament_prefix_path.dsv
[14.704s] -- Up-to-date: /home/ubuntu/rj_training_container/training_ws/install/traini_gazebo/share/traini_gazebo/environment/path.sh
[14.729s] -- Up-to-date: /home/ubuntu/rj_training_container/training_ws/install/traini_gazebo/share/traini_gazebo/environment/path.dsv
[14.752s] -- Up-to-date: /home/ubuntu/rj_training_container/training_ws/install/traini_gazebo/share/traini_gazebo/local_setup.bash
[14.772s] -- Up-to-date: /home/ubuntu/rj_training_container/training_ws/install/traini_gazebo/share/traini_gazebo/local_setup.sh
[14.790s] -- Up-to-date: /home/ubuntu/rj_training_container/training_ws/install/traini_gazebo/share/traini_gazebo/local_setup.zsh
[14.808s] -- Up-to-date: /home/ubuntu/rj_training_container/training_ws/install/traini_gazebo/share/traini_gazebo/local_setup.dsv
[14.828s] -- Installing: /home/ubuntu/rj_training_container/training_ws/install/traini_gazebo/share/traini_gazebo/package.dsv
[14.912s] -- Up-to-date: /home/ubuntu/rj_training_container/training_ws/install/traini_gazebo/share/ament_index/resource_index/packages/traini_gazebo
[14.936s] -- Up-to-date: /home/ubuntu/rj_training_container/training_ws/install/traini_gazebo/share/traini_gazebo/cmake/traini_gazeboConfig.cmake
[14.955s] -- Up-to-date: /home/ubuntu/rj_training_container/training_ws/install/traini_gazebo/share/traini_gazebo/cmake/traini_gazeboConfig-version.cmake
[14.979s] -- Up-to-date: /home/ubuntu/rj_training_container/training_ws/install/traini_gazebo/share/traini_gazebo/package.xml
[14.990s] Invoked command in '/home/ubuntu/rj_training_container/training_ws/build/traini_gazebo' returned '0': AMENT_PREFIX_PATH=/home/ubuntu/rj_training_container/training_ws/install/stsl_aruco_tags:/home/ubuntu/rj_training_container/training_ws/install/stsl_interfaces:/home/ubuntu/rj_training_container/training_ws/install/stsl_gazebo_plugins:${AMENT_PREFIX_PATH} CMAKE_PREFIX_PATH=/home/ubuntu/rj_training_container/training_ws/install/stsl_aruco_tags:/home/ubuntu/rj_training_container/training_ws/install/stsl_interfaces:/home/ubuntu/rj_training_container/training_ws/install/stsl_gazebo_plugins:/opt/ros/humble LD_LIBRARY_PATH=/home/ubuntu/rj_training_container/training_ws/install/stsl_aruco_tags/lib:/home/ubuntu/rj_training_container/training_ws/install/stsl_interfaces/lib:/home/ubuntu/rj_training_container/training_ws/install/stsl_gazebo_plugins/lib:${LD_LIBRARY_PATH} PYTHONPATH=/home/ubuntu/rj_training_container/training_ws/install/stsl_interfaces/local/lib/python3.10/dist-packages:${PYTHONPATH} /usr/bin/cmake --install /home/ubuntu/rj_training_container/training_ws/build/traini_gazebo
