[0.968s] Invoking command in '/home/ubuntu/rj_training_container/training_ws/build/mineral_deposit_tracking': CMAKE_PREFIX_PATH=/opt/ros/humble /usr/bin/cmake /home/ubuntu/rj_training_container/training_ws/src/software-training-old/mineral_deposit_tracking -DCMAKE_INSTALL_PREFIX=/home/ubuntu/rj_training_container/training_ws/install/mineral_deposit_tracking
[1.231s] -- Found ament_cmake: 1.3.10 (/opt/ros/humble/share/ament_cmake/cmake)
[1.657s] -- Found rclcpp: 16.0.10 (/opt/ros/humble/share/rclcpp/cmake)
[1.769s] -- Found rosidl_generator_c: 3.1.5 (/opt/ros/humble/share/rosidl_generator_c/cmake)
[1.777s] -- Found rosidl_adapter: 3.1.5 (/opt/ros/humble/share/rosidl_adapter/cmake)
[1.797s] -- Found rosidl_generator_cpp: 3.1.5 (/opt/ros/humble/share/rosidl_generator_cpp/cmake)
[1.827s] -- Using all available rosidl_typesupport_c: rosidl_typesupport_fastrtps_c;rosidl_typesupport_introspection_c
[1.847s] -- Using all available rosidl_typesupport_cpp: rosidl_typesupport_fastrtps_cpp;rosidl_typesupport_introspection_cpp
[1.951s] -- Found rmw_implementation_cmake: 6.1.2 (/opt/ros/humble/share/rmw_implementation_cmake/cmake)
[1.964s] -- Found rmw_fastrtps_cpp: 6.2.7 (/opt/ros/humble/share/rmw_fastrtps_cpp/cmake)
[2.417s] -- Using RMW implementation 'rmw_fastrtps_cpp' as default
[2.547s] -- Found rclcpp_components: 16.0.10 (/opt/ros/humble/share/rclcpp_components/cmake)
[2.631s] [31mCMake Error at CMakeLists.txt:7 (find_package):
[2.634s]   By not providing "Findstsl_interfaces.cmake" in CMAKE_MODULE_PATH this
[2.637s]   project has asked CMake to find a package configuration file provided by
[2.640s]   "stsl_interfaces", but CMake did not find one.
[2.643s] 
[2.647s]   Could not find a package configuration file provided by "stsl_interfaces"
[2.649s]   with any of the following names:
[2.653s] 
[2.655s]     stsl_interfacesConfig.cmake
[2.658s]     stsl_interfaces-config.cmake
[2.665s] 
[2.670s]   Add the installation prefix of "stsl_interfaces" to CMAKE_PREFIX_PATH or
[2.673s]   set "stsl_interfaces_DIR" to a directory containing one of the above files.
[2.676s]   If "stsl_interfaces" provides a separate development package or SDK, be
[2.681s]   sure it has been installed.
[2.683s] 
[2.685s] [0m
[2.690s] -- Configuring incomplete, errors occurred!
[2.694s] See also "/home/ubuntu/rj_training_container/training_ws/build/mineral_deposit_tracking/CMakeFiles/CMakeOutput.log".
[2.774s] Invoked command in '/home/ubuntu/rj_training_container/training_ws/build/mineral_deposit_tracking' returned '1': CMAKE_PREFIX_PATH=/opt/ros/humble /usr/bin/cmake /home/ubuntu/rj_training_container/training_ws/src/software-training-old/mineral_deposit_tracking -DCMAKE_INSTALL_PREFIX=/home/ubuntu/rj_training_container/training_ws/install/mineral_deposit_tracking
