[4.454s] Invoking command in '/home/ubuntu/rj_training_container/training_ws/build/stsl_utils': CMAKE_PREFIX_PATH=${CMAKE_PREFIX_PATH}:/home/ubuntu/rj_training_container/training_ws/install/keyboard:/opt/ros/humble /usr/bin/cmake --build /home/ubuntu/rj_training_container/training_ws/build/stsl_utils -- -j16 -l16
[34.029s] [ 28%] Built target keyboard_teleop
[34.239s] [ 57%] Built target floor_mat_visualizer
[34.288s] [100%] Built target stsl_utils
[40.819s] Invoked command in '/home/ubuntu/rj_training_container/training_ws/build/stsl_utils' returned '0': CMAKE_PREFIX_PATH=${CMAKE_PREFIX_PATH}:/home/ubuntu/rj_training_container/training_ws/install/keyboard:/opt/ros/humble /usr/bin/cmake --build /home/ubuntu/rj_training_container/training_ws/build/stsl_utils -- -j16 -l16
[81.983s] Invoking command in '/home/ubuntu/rj_training_container/training_ws/build/stsl_utils': CMAKE_PREFIX_PATH=${CMAKE_PREFIX_PATH}:/home/ubuntu/rj_training_container/training_ws/install/keyboard:/opt/ros/humble /usr/bin/cmake --install /home/ubuntu/rj_training_container/training_ws/build/stsl_utils
[85.472s] -- Install configuration: ""
[85.598s] -- Up-to-date: /home/ubuntu/rj_training_container/training_ws/install/stsl_utils/lib/stsl_utils/keyboard_teleop
[85.839s] -- Up-to-date: /home/ubuntu/rj_training_container/training_ws/install/stsl_utils/lib/stsl_utils/floor_mat_visualizer
[86.085s] -- Up-to-date: /home/ubuntu/rj_training_container/training_ws/install/stsl_utils/lib/libstsl_utils.so
[86.239s] -- Up-to-date: /home/ubuntu/rj_training_container/training_ws/install/stsl_utils/share/stsl_utils/visualization_meshes
[86.305s] -- Up-to-date: /home/ubuntu/rj_training_container/training_ws/install/stsl_utils/share/stsl_utils/visualization_meshes/floor_mat
[86.420s] -- Up-to-date: /home/ubuntu/rj_training_container/training_ws/install/stsl_utils/share/stsl_utils/visualization_meshes/floor_mat/floor_mat.dae
[86.502s] -- Up-to-date: /home/ubuntu/rj_training_container/training_ws/install/stsl_utils/share/stsl_utils/visualization_meshes/floor_mat/floor_mat.png
[86.602s] -- Up-to-date: /home/ubuntu/rj_training_container/training_ws/install/stsl_utils/share/ament_index/resource_index/package_run_dependencies/stsl_utils
[86.727s] -- Up-to-date: /home/ubuntu/rj_training_container/training_ws/install/stsl_utils/share/ament_index/resource_index/parent_prefix_path/stsl_utils
[86.777s] -- Up-to-date: /home/ubuntu/rj_training_container/training_ws/install/stsl_utils/share/stsl_utils/environment/ament_prefix_path.sh
[86.839s] -- Up-to-date: /home/ubuntu/rj_training_container/training_ws/install/stsl_utils/share/stsl_utils/environment/ament_prefix_path.dsv
[86.883s] -- Up-to-date: /home/ubuntu/rj_training_container/training_ws/install/stsl_utils/share/stsl_utils/environment/path.sh
[86.938s] -- Up-to-date: /home/ubuntu/rj_training_container/training_ws/install/stsl_utils/share/stsl_utils/environment/path.dsv
[86.998s] -- Up-to-date: /home/ubuntu/rj_training_container/training_ws/install/stsl_utils/share/stsl_utils/local_setup.bash
[87.066s] -- Up-to-date: /home/ubuntu/rj_training_container/training_ws/install/stsl_utils/share/stsl_utils/local_setup.sh
[87.116s] -- Up-to-date: /home/ubuntu/rj_training_container/training_ws/install/stsl_utils/share/stsl_utils/local_setup.zsh
[87.171s] -- Up-to-date: /home/ubuntu/rj_training_container/training_ws/install/stsl_utils/share/stsl_utils/local_setup.dsv
[87.225s] -- Installing: /home/ubuntu/rj_training_container/training_ws/install/stsl_utils/share/stsl_utils/package.dsv
[87.430s] -- Up-to-date: /home/ubuntu/rj_training_container/training_ws/install/stsl_utils/share/ament_index/resource_index/packages/stsl_utils
[87.530s] -- Up-to-date: /home/ubuntu/rj_training_container/training_ws/install/stsl_utils/share/ament_index/resource_index/rclcpp_components/stsl_utils
[87.602s] -- Up-to-date: /home/ubuntu/rj_training_container/training_ws/install/stsl_utils/share/stsl_utils/cmake/stsl_utilsConfig.cmake
[87.652s] -- Up-to-date: /home/ubuntu/rj_training_container/training_ws/install/stsl_utils/share/stsl_utils/cmake/stsl_utilsConfig-version.cmake
[87.724s] -- Up-to-date: /home/ubuntu/rj_training_container/training_ws/install/stsl_utils/share/stsl_utils/package.xml
[87.921s] Invoked command in '/home/ubuntu/rj_training_container/training_ws/build/stsl_utils' returned '0': CMAKE_PREFIX_PATH=${CMAKE_PREFIX_PATH}:/home/ubuntu/rj_training_container/training_ws/install/keyboard:/opt/ros/humble /usr/bin/cmake --install /home/ubuntu/rj_training_container/training_ws/build/stsl_utils
