[4.937s] Invoking command in '/home/ubuntu/rj_training_container/training_ws/build/traini_description': CMAKE_PREFIX_PATH=${CMAKE_PREFIX_PATH}:/home/ubuntu/rj_training_container/training_ws/install/keyboard:/opt/ros/humble /usr/bin/cmake --build /home/ubuntu/rj_training_container/training_ws/build/traini_description -- -j16 -l16
[30.441s] [100%] Built target traini_description_urdf_generation
[35.785s] Invoked command in '/home/ubuntu/rj_training_container/training_ws/build/traini_description' returned '0': CMAKE_PREFIX_PATH=${CMAKE_PREFIX_PATH}:/home/ubuntu/rj_training_container/training_ws/install/keyboard:/opt/ros/humble /usr/bin/cmake --build /home/ubuntu/rj_training_container/training_ws/build/traini_description -- -j16 -l16
[64.019s] Invoking command in '/home/ubuntu/rj_training_container/training_ws/build/traini_description': CMAKE_PREFIX_PATH=${CMAKE_PREFIX_PATH}:/home/ubuntu/rj_training_container/training_ws/install/keyboard:/opt/ros/humble /usr/bin/cmake --install /home/ubuntu/rj_training_container/training_ws/build/traini_description
[67.259s] -- Install configuration: ""
[67.308s] -- Up-to-date: /home/ubuntu/rj_training_container/training_ws/install/traini_description/share/traini_description/urdf/traini.urdf
[67.357s] -- Up-to-date: /home/ubuntu/rj_training_container/training_ws/install/traini_description/share/traini_description/launch
[67.457s] -- Up-to-date: /home/ubuntu/rj_training_container/training_ws/install/traini_description/share/traini_description/launch/display.launch.py
[67.527s] -- Up-to-date: /home/ubuntu/rj_training_container/training_ws/install/traini_description/share/traini_description/launch/robot_state_publisher.launch.py
[67.576s] -- Up-to-date: /home/ubuntu/rj_training_container/training_ws/install/traini_description/share/traini_description/urdf
[67.670s] -- Up-to-date: /home/ubuntu/rj_training_container/training_ws/install/traini_description/share/traini_description/urdf/traini.urdf.xacro
[67.719s] -- Up-to-date: /home/ubuntu/rj_training_container/training_ws/install/traini_description/share/traini_description/rviz
[67.815s] -- Up-to-date: /home/ubuntu/rj_training_container/training_ws/install/traini_description/share/traini_description/rviz/urdf.rviz
[67.866s] -- Up-to-date: /home/ubuntu/rj_training_container/training_ws/install/traini_description/share/traini_description/meshes
[67.953s] -- Up-to-date: /home/ubuntu/rj_training_container/training_ws/install/traini_description/share/traini_description/meshes/Trainiii.dae
[68.055s] -- Up-to-date: /home/ubuntu/rj_training_container/training_ws/install/traini_description/share/ament_index/resource_index/package_run_dependencies/traini_description
[68.162s] -- Up-to-date: /home/ubuntu/rj_training_container/training_ws/install/traini_description/share/ament_index/resource_index/parent_prefix_path/traini_description
[68.216s] -- Up-to-date: /home/ubuntu/rj_training_container/training_ws/install/traini_description/share/traini_description/environment/ament_prefix_path.sh
[68.283s] -- Up-to-date: /home/ubuntu/rj_training_container/training_ws/install/traini_description/share/traini_description/environment/ament_prefix_path.dsv
[68.330s] -- Up-to-date: /home/ubuntu/rj_training_container/training_ws/install/traini_description/share/traini_description/environment/path.sh
[68.396s] -- Up-to-date: /home/ubuntu/rj_training_container/training_ws/install/traini_description/share/traini_description/environment/path.dsv
[68.453s] -- Up-to-date: /home/ubuntu/rj_training_container/training_ws/install/traini_description/share/traini_description/local_setup.bash
[68.511s] -- Up-to-date: /home/ubuntu/rj_training_container/training_ws/install/traini_description/share/traini_description/local_setup.sh
[68.569s] -- Up-to-date: /home/ubuntu/rj_training_container/training_ws/install/traini_description/share/traini_description/local_setup.zsh
[68.623s] -- Up-to-date: /home/ubuntu/rj_training_container/training_ws/install/traini_description/share/traini_description/local_setup.dsv
[68.678s] -- Installing: /home/ubuntu/rj_training_container/training_ws/install/traini_description/share/traini_description/package.dsv
[68.909s] -- Up-to-date: /home/ubuntu/rj_training_container/training_ws/install/traini_description/share/ament_index/resource_index/packages/traini_description
[68.977s] -- Up-to-date: /home/ubuntu/rj_training_container/training_ws/install/traini_description/share/traini_description/cmake/traini_descriptionConfig.cmake
[69.028s] -- Up-to-date: /home/ubuntu/rj_training_container/training_ws/install/traini_description/share/traini_description/cmake/traini_descriptionConfig-version.cmake
[69.100s] -- Up-to-date: /home/ubuntu/rj_training_container/training_ws/install/traini_description/share/traini_description/package.xml
[69.124s] Invoked command in '/home/ubuntu/rj_training_container/training_ws/build/traini_description' returned '0': CMAKE_PREFIX_PATH=${CMAKE_PREFIX_PATH}:/home/ubuntu/rj_training_container/training_ws/install/keyboard:/opt/ros/humble /usr/bin/cmake --install /home/ubuntu/rj_training_container/training_ws/build/traini_description
