[1.226s] Invoking command in '/home/ubuntu/rj_training_container/training_ws/build/mission_orchestration': AMENT_PREFIX_PATH=/home/ubuntu/rj_training_container/training_ws/install/stsl_bt_nodes:/home/ubuntu/rj_training_container/training_ws/install/stsl_interfaces:${AMENT_PREFIX_PATH} CMAKE_PREFIX_PATH=/home/ubuntu/rj_training_container/training_ws/install/stsl_bt_nodes:/home/ubuntu/rj_training_container/training_ws/install/stsl_interfaces:/opt/ros/humble LD_LIBRARY_PATH=/home/ubuntu/rj_training_container/training_ws/install/stsl_bt_nodes/lib:/home/ubuntu/rj_training_container/training_ws/install/stsl_interfaces/lib:${LD_LIBRARY_PATH} PYTHONPATH=/home/ubuntu/rj_training_container/training_ws/install/stsl_interfaces/local/lib/python3.10/dist-packages:${PYTHONPATH} /usr/bin/cmake --build /home/ubuntu/rj_training_container/training_ws/build/mission_orchestration -- -j16 -l16
[2.523s] [ 40%] Built target mission_orchestrator_node
[2.600s] [100%] Built target mission_orchestration_components
[2.837s] Invoked command in '/home/ubuntu/rj_training_container/training_ws/build/mission_orchestration' returned '0': AMENT_PREFIX_PATH=/home/ubuntu/rj_training_container/training_ws/install/stsl_bt_nodes:/home/ubuntu/rj_training_container/training_ws/install/stsl_interfaces:${AMENT_PREFIX_PATH} CMAKE_PREFIX_PATH=/home/ubuntu/rj_training_container/training_ws/install/stsl_bt_nodes:/home/ubuntu/rj_training_container/training_ws/install/stsl_interfaces:/opt/ros/humble LD_LIBRARY_PATH=/home/ubuntu/rj_training_container/training_ws/install/stsl_bt_nodes/lib:/home/ubuntu/rj_training_container/training_ws/install/stsl_interfaces/lib:${LD_LIBRARY_PATH} PYTHONPATH=/home/ubuntu/rj_training_container/training_ws/install/stsl_interfaces/local/lib/python3.10/dist-packages:${PYTHONPATH} /usr/bin/cmake --build /home/ubuntu/rj_training_container/training_ws/build/mission_orchestration -- -j16 -l16
[2.895s] Invoking command in '/home/ubuntu/rj_training_container/training_ws/build/mission_orchestration': AMENT_PREFIX_PATH=/home/ubuntu/rj_training_container/training_ws/install/stsl_bt_nodes:/home/ubuntu/rj_training_container/training_ws/install/stsl_interfaces:${AMENT_PREFIX_PATH} CMAKE_PREFIX_PATH=/home/ubuntu/rj_training_container/training_ws/install/stsl_bt_nodes:/home/ubuntu/rj_training_container/training_ws/install/stsl_interfaces:/opt/ros/humble LD_LIBRARY_PATH=/home/ubuntu/rj_training_container/training_ws/install/stsl_bt_nodes/lib:/home/ubuntu/rj_training_container/training_ws/install/stsl_interfaces/lib:${LD_LIBRARY_PATH} PYTHONPATH=/home/ubuntu/rj_training_container/training_ws/install/stsl_interfaces/local/lib/python3.10/dist-packages:${PYTHONPATH} /usr/bin/cmake --install /home/ubuntu/rj_training_container/training_ws/build/mission_orchestration
[3.136s] -- Install configuration: ""
[3.188s] -- Up-to-date: /home/ubuntu/rj_training_container/training_ws/install/mission_orchestration/lib/mission_orchestration/mission_orchestrator_node
[3.289s] -- Up-to-date: /home/ubuntu/rj_training_container/training_ws/install/mission_orchestration/lib/libmission_orchestration_components.so
[3.339s] -- Up-to-date: /home/ubuntu/rj_training_container/training_ws/install/mission_orchestration/share/mission_orchestration/behavior_trees
[3.372s] -- Up-to-date: /home/ubuntu/rj_training_container/training_ws/install/mission_orchestration/share/mission_orchestration/behavior_trees/default_mission_tree.xml
[3.399s] -- Up-to-date: /home/ubuntu/rj_training_container/training_ws/install/mission_orchestration/share/mission_orchestration/behavior_trees/mineral_tracking_test_tree.xml
[3.417s] -- Up-to-date: /home/ubuntu/rj_training_container/training_ws/install/mission_orchestration/share/mission_orchestration/launch
[3.449s] -- Up-to-date: /home/ubuntu/rj_training_container/training_ws/install/mission_orchestration/share/mission_orchestration/launch/mission_orchestrator.launch.py
[3.485s] -- Up-to-date: /home/ubuntu/rj_training_container/training_ws/install/mission_orchestration/share/ament_index/resource_index/package_run_dependencies/mission_orchestration
[3.522s] -- Up-to-date: /home/ubuntu/rj_training_container/training_ws/install/mission_orchestration/share/ament_index/resource_index/parent_prefix_path/mission_orchestration
[3.540s] -- Up-to-date: /home/ubuntu/rj_training_container/training_ws/install/mission_orchestration/share/mission_orchestration/environment/ament_prefix_path.sh
[3.563s] -- Up-to-date: /home/ubuntu/rj_training_container/training_ws/install/mission_orchestration/share/mission_orchestration/environment/ament_prefix_path.dsv
[3.579s] -- Up-to-date: /home/ubuntu/rj_training_container/training_ws/install/mission_orchestration/share/mission_orchestration/environment/path.sh
[3.603s] -- Up-to-date: /home/ubuntu/rj_training_container/training_ws/install/mission_orchestration/share/mission_orchestration/environment/path.dsv
[3.622s] -- Up-to-date: /home/ubuntu/rj_training_container/training_ws/install/mission_orchestration/share/mission_orchestration/local_setup.bash
[3.640s] -- Up-to-date: /home/ubuntu/rj_training_container/training_ws/install/mission_orchestration/share/mission_orchestration/local_setup.sh
[3.658s] -- Up-to-date: /home/ubuntu/rj_training_container/training_ws/install/mission_orchestration/share/mission_orchestration/local_setup.zsh
[3.677s] -- Up-to-date: /home/ubuntu/rj_training_container/training_ws/install/mission_orchestration/share/mission_orchestration/local_setup.dsv
[3.699s] -- Installing: /home/ubuntu/rj_training_container/training_ws/install/mission_orchestration/share/mission_orchestration/package.dsv
[3.796s] -- Up-to-date: /home/ubuntu/rj_training_container/training_ws/install/mission_orchestration/share/ament_index/resource_index/packages/mission_orchestration
[3.827s] -- Up-to-date: /home/ubuntu/rj_training_container/training_ws/install/mission_orchestration/share/ament_index/resource_index/rclcpp_components/mission_orchestration
[3.849s] -- Up-to-date: /home/ubuntu/rj_training_container/training_ws/install/mission_orchestration/share/mission_orchestration/cmake/mission_orchestrationConfig.cmake
[3.865s] -- Up-to-date: /home/ubuntu/rj_training_container/training_ws/install/mission_orchestration/share/mission_orchestration/cmake/mission_orchestrationConfig-version.cmake
[3.889s] -- Up-to-date: /home/ubuntu/rj_training_container/training_ws/install/mission_orchestration/share/mission_orchestration/package.xml
[3.901s] Invoked command in '/home/ubuntu/rj_training_container/training_ws/build/mission_orchestration' returned '0': AMENT_PREFIX_PATH=/home/ubuntu/rj_training_container/training_ws/install/stsl_bt_nodes:/home/ubuntu/rj_training_container/training_ws/install/stsl_interfaces:${AMENT_PREFIX_PATH} CMAKE_PREFIX_PATH=/home/ubuntu/rj_training_container/training_ws/install/stsl_bt_nodes:/home/ubuntu/rj_training_container/training_ws/install/stsl_interfaces:/opt/ros/humble LD_LIBRARY_PATH=/home/ubuntu/rj_training_container/training_ws/install/stsl_bt_nodes/lib:/home/ubuntu/rj_training_container/training_ws/install/stsl_interfaces/lib:${LD_LIBRARY_PATH} PYTHONPATH=/home/ubuntu/rj_training_container/training_ws/install/stsl_interfaces/local/lib/python3.10/dist-packages:${PYTHONPATH} /usr/bin/cmake --install /home/ubuntu/rj_training_container/training_ws/build/mission_orchestration
