[1.473s] Invoking command in '/home/ubuntu/rj_training_container/training_ws/build/teleop': CMAKE_PREFIX_PATH=/opt/ros/humble /usr/bin/cmake --build /home/ubuntu/rj_training_container/training_ws/build/teleop -- -j16 -l16
[2.438s] [100%] Built target key_to_twist
[2.443s] [100%] Built target teleop
[2.580s] Invoked command in '/home/ubuntu/rj_training_container/training_ws/build/teleop' returned '0': CMAKE_PREFIX_PATH=/opt/ros/humble /usr/bin/cmake --build /home/ubuntu/rj_training_container/training_ws/build/teleop -- -j16 -l16
[2.736s] Invoking command in '/home/ubuntu/rj_training_container/training_ws/build/teleop': CMAKE_PREFIX_PATH=/opt/ros/humble /usr/bin/cmake --install /home/ubuntu/rj_training_container/training_ws/build/teleop
[5.180s] -- Install configuration: ""
[5.182s] -- Up-to-date: /home/ubuntu/rj_training_container/training_ws/install/teleop/lib/teleop/key_to_twist
[5.184s] -- Up-to-date: /home/ubuntu/rj_training_container/training_ws/install/teleop/share/teleop/
[5.185s] -- Up-to-date: /home/ubuntu/rj_training_container/training_ws/install/teleop/lib/libteleop.so
[5.188s] -- Up-to-date: /home/ubuntu/rj_training_container/training_ws/install/teleop/share/teleop/environment/library_path.sh
[5.190s] -- Up-to-date: /home/ubuntu/rj_training_container/training_ws/install/teleop/share/teleop/environment/library_path.dsv
[5.191s] -- Up-to-date: /home/ubuntu/rj_training_container/training_ws/install/teleop/share/ament_index/resource_index/package_run_dependencies/teleop
[5.193s] -- Up-to-date: /home/ubuntu/rj_training_container/training_ws/install/teleop/share/ament_index/resource_index/parent_prefix_path/teleop
[5.194s] -- Up-to-date: /home/ubuntu/rj_training_container/training_ws/install/teleop/share/teleop/environment/ament_prefix_path.sh
[5.196s] -- Up-to-date: /home/ubuntu/rj_training_container/training_ws/install/teleop/share/teleop/environment/ament_prefix_path.dsv
[5.198s] -- Up-to-date: /home/ubuntu/rj_training_container/training_ws/install/teleop/share/teleop/environment/path.sh
[5.199s] -- Up-to-date: /home/ubuntu/rj_training_container/training_ws/install/teleop/share/teleop/environment/path.dsv
[5.201s] -- Up-to-date: /home/ubuntu/rj_training_container/training_ws/install/teleop/share/teleop/local_setup.bash
[5.202s] -- Up-to-date: /home/ubuntu/rj_training_container/training_ws/install/teleop/share/teleop/local_setup.sh
[5.204s] -- Up-to-date: /home/ubuntu/rj_training_container/training_ws/install/teleop/share/teleop/local_setup.zsh
[5.205s] -- Up-to-date: /home/ubuntu/rj_training_container/training_ws/install/teleop/share/teleop/local_setup.dsv
[5.206s] -- Installing: /home/ubuntu/rj_training_container/training_ws/install/teleop/share/teleop/package.dsv
[5.208s] -- Up-to-date: /home/ubuntu/rj_training_container/training_ws/install/teleop/share/ament_index/resource_index/packages/teleop
[5.210s] -- Up-to-date: /home/ubuntu/rj_training_container/training_ws/install/teleop/share/ament_index/resource_index/rclcpp_components/teleop
[5.211s] -- Up-to-date: /home/ubuntu/rj_training_container/training_ws/install/teleop/share/teleop/cmake/ament_cmake_export_include_directories-extras.cmake
[5.213s] -- Up-to-date: /home/ubuntu/rj_training_container/training_ws/install/teleop/share/teleop/cmake/ament_cmake_export_libraries-extras.cmake
[5.215s] -- Up-to-date: /home/ubuntu/rj_training_container/training_ws/install/teleop/share/teleop/cmake/ament_cmake_export_dependencies-extras.cmake
[5.217s] -- Up-to-date: /home/ubuntu/rj_training_container/training_ws/install/teleop/share/teleop/cmake/teleopConfig.cmake
[5.220s] -- Up-to-date: /home/ubuntu/rj_training_container/training_ws/install/teleop/share/teleop/cmake/teleopConfig-version.cmake
[5.239s] -- Up-to-date: /home/ubuntu/rj_training_container/training_ws/install/teleop/share/teleop/package.xml
[7.795s] Invoked command in '/home/ubuntu/rj_training_container/training_ws/build/teleop' returned '0': CMAKE_PREFIX_PATH=/opt/ros/humble /usr/bin/cmake --install /home/ubuntu/rj_training_container/training_ws/build/teleop
