[9.741s] Invoking command in '/home/ubuntu/rj_training_container/training_ws/build/rj_training_bringup': CMAKE_PREFIX_PATH=${CMAKE_PREFIX_PATH}:/home/ubuntu/rj_training_container/training_ws/install/keyboard:/opt/ros/humble /usr/bin/cmake --build /home/ubuntu/rj_training_container/training_ws/build/rj_training_bringup -- -j16 -l16
[48.546s] Invoked command in '/home/ubuntu/rj_training_container/training_ws/build/rj_training_bringup' returned '0': CMAKE_PREFIX_PATH=${CMAKE_PREFIX_PATH}:/home/ubuntu/rj_training_container/training_ws/install/keyboard:/opt/ros/humble /usr/bin/cmake --build /home/ubuntu/rj_training_container/training_ws/build/rj_training_bringup -- -j16 -l16
[92.820s] Invoking command in '/home/ubuntu/rj_training_container/training_ws/build/rj_training_bringup': CMAKE_PREFIX_PATH=${CMAKE_PREFIX_PATH}:/home/ubuntu/rj_training_container/training_ws/install/keyboard:/opt/ros/humble /usr/bin/cmake --install /home/ubuntu/rj_training_container/training_ws/build/rj_training_bringup
[97.899s] -- Install configuration: ""
[97.946s] -- Up-to-date: /home/ubuntu/rj_training_container/training_ws/install/rj_training_bringup/share/rj_training_bringup/behavior_trees
[98.073s] -- Up-to-date: /home/ubuntu/rj_training_container/training_ws/install/rj_training_bringup/share/rj_training_bringup/behavior_trees/navigate.xml
[98.169s] -- Up-to-date: /home/ubuntu/rj_training_container/training_ws/install/rj_training_bringup/share/rj_training_bringup/behavior_trees/navigate_w_replanning.xml
[98.236s] -- Up-to-date: /home/ubuntu/rj_training_container/training_ws/install/rj_training_bringup/share/rj_training_bringup/config
[98.371s] -- Up-to-date: /home/ubuntu/rj_training_container/training_ws/install/rj_training_bringup/share/rj_training_bringup/config/aruco_tag_visualization_params.yaml
[98.474s] -- Up-to-date: /home/ubuntu/rj_training_container/training_ws/install/rj_training_bringup/share/rj_training_bringup/config/nav_params.yaml
[98.577s] -- Up-to-date: /home/ubuntu/rj_training_container/training_ws/install/rj_training_bringup/share/rj_training_bringup/config/nav_params_final_challenge.yaml
[98.675s] -- Up-to-date: /home/ubuntu/rj_training_container/training_ws/install/rj_training_bringup/share/rj_training_bringup/config/nav_params_week_7.yaml
[98.777s] -- Up-to-date: /home/ubuntu/rj_training_container/training_ws/install/rj_training_bringup/share/rj_training_bringup/config/nav_params_week_8.yaml
[98.845s] -- Up-to-date: /home/ubuntu/rj_training_container/training_ws/install/rj_training_bringup/share/rj_training_bringup/launch
[98.987s] -- Up-to-date: /home/ubuntu/rj_training_container/training_ws/install/rj_training_bringup/share/rj_training_bringup/launch/empty_map_server.launch.py
[99.094s] -- Up-to-date: /home/ubuntu/rj_training_container/training_ws/install/rj_training_bringup/share/rj_training_bringup/launch/fake_localizer.launch.py
[99.209s] -- Up-to-date: /home/ubuntu/rj_training_container/training_ws/install/rj_training_bringup/share/rj_training_bringup/launch/full_game_stack.launch.xml
[99.332s] -- Up-to-date: /home/ubuntu/rj_training_container/training_ws/install/rj_training_bringup/share/rj_training_bringup/launch/mineral_deposit_tracker.launch.py
[99.452s] -- Up-to-date: /home/ubuntu/rj_training_container/training_ws/install/rj_training_bringup/share/rj_training_bringup/launch/navigation.launch.py
[99.548s] -- Up-to-date: /home/ubuntu/rj_training_container/training_ws/install/rj_training_bringup/share/rj_training_bringup/launch/projects
[99.716s] -- Up-to-date: /home/ubuntu/rj_training_container/training_ws/install/rj_training_bringup/share/rj_training_bringup/launch/projects/week_1.launch.xml
[99.854s] -- Up-to-date: /home/ubuntu/rj_training_container/training_ws/install/rj_training_bringup/share/rj_training_bringup/launch/projects/week_2.launch.xml
[99.989s] -- Up-to-date: /home/ubuntu/rj_training_container/training_ws/install/rj_training_bringup/share/rj_training_bringup/launch/projects/week_3.launch.xml
[100.124s] -- Up-to-date: /home/ubuntu/rj_training_container/training_ws/install/rj_training_bringup/share/rj_training_bringup/launch/projects/week_4.launch.xml
[100.256s] -- Up-to-date: /home/ubuntu/rj_training_container/training_ws/install/rj_training_bringup/share/rj_training_bringup/launch/projects/week_5.launch.xml
[100.396s] -- Up-to-date: /home/ubuntu/rj_training_container/training_ws/install/rj_training_bringup/share/rj_training_bringup/launch/projects/week_6.launch.xml
[100.530s] -- Up-to-date: /home/ubuntu/rj_training_container/training_ws/install/rj_training_bringup/share/rj_training_bringup/launch/projects/week_7.launch.xml
[100.664s] -- Up-to-date: /home/ubuntu/rj_training_container/training_ws/install/rj_training_bringup/share/rj_training_bringup/launch/projects/week_8.launch.xml
[100.746s] -- Up-to-date: /home/ubuntu/rj_training_container/training_ws/install/rj_training_bringup/share/rj_training_bringup/maps
[100.901s] -- Up-to-date: /home/ubuntu/rj_training_container/training_ws/install/rj_training_bringup/share/rj_training_bringup/maps/empty_map.png
[101.020s] -- Up-to-date: /home/ubuntu/rj_training_container/training_ws/install/rj_training_bringup/share/rj_training_bringup/maps/empty_map.yaml
[101.104s] -- Up-to-date: /home/ubuntu/rj_training_container/training_ws/install/rj_training_bringup/share/rj_training_bringup/mineral_sample_sets
[101.263s] -- Up-to-date: /home/ubuntu/rj_training_container/training_ws/install/rj_training_bringup/share/rj_training_bringup/mineral_sample_sets/default.yaml
[101.355s] -- Up-to-date: /home/ubuntu/rj_training_container/training_ws/install/rj_training_bringup/share/rj_training_bringup/rviz_config
[101.520s] -- Up-to-date: /home/ubuntu/rj_training_container/training_ws/install/rj_training_bringup/share/rj_training_bringup/rviz_config/color_detection.rviz
[101.654s] -- Up-to-date: /home/ubuntu/rj_training_container/training_ws/install/rj_training_bringup/share/rj_training_bringup/rviz_config/final_challenge.rviz
[101.780s] -- Up-to-date: /home/ubuntu/rj_training_container/training_ws/install/rj_training_bringup/share/rj_training_bringup/rviz_config/week_1.rviz
[101.899s] -- Up-to-date: /home/ubuntu/rj_training_container/training_ws/install/rj_training_bringup/share/rj_training_bringup/rviz_config/week_3.rviz
[102.028s] -- Up-to-date: /home/ubuntu/rj_training_container/training_ws/install/rj_training_bringup/share/rj_training_bringup/rviz_config/week_4.rviz
[102.161s] -- Up-to-date: /home/ubuntu/rj_training_container/training_ws/install/rj_training_bringup/share/rj_training_bringup/rviz_config/week_5.rviz
[102.291s] -- Up-to-date: /home/ubuntu/rj_training_container/training_ws/install/rj_training_bringup/share/rj_training_bringup/rviz_config/week_6.rviz
[102.434s] -- Up-to-date: /home/ubuntu/rj_training_container/training_ws/install/rj_training_bringup/share/rj_training_bringup/rviz_config/week_7.rviz
[102.566s] -- Up-to-date: /home/ubuntu/rj_training_container/training_ws/install/rj_training_bringup/share/rj_training_bringup/rviz_config/week_8.rviz
[102.747s] -- Up-to-date: /home/ubuntu/rj_training_container/training_ws/install/rj_training_bringup/share/ament_index/resource_index/package_run_dependencies/rj_training_bringup
[102.944s] -- Installing: /home/ubuntu/rj_training_container/training_ws/install/rj_training_bringup/share/ament_index/resource_index/parent_prefix_path/rj_training_bringup
[103.400s] -- Installing: /home/ubuntu/rj_training_container/training_ws/install/rj_training_bringup/share/rj_training_bringup/environment/ament_prefix_path.sh
[103.714s] -- Installing: /home/ubuntu/rj_training_container/training_ws/install/rj_training_bringup/share/rj_training_bringup/environment/ament_prefix_path.dsv
[104.060s] -- Installing: /home/ubuntu/rj_training_container/training_ws/install/rj_training_bringup/share/rj_training_bringup/environment/path.sh
[104.386s] -- Installing: /home/ubuntu/rj_training_container/training_ws/install/rj_training_bringup/share/rj_training_bringup/environment/path.dsv
[104.744s] -- Up-to-date: /home/ubuntu/rj_training_container/training_ws/install/rj_training_bringup/share/rj_training_bringup/local_setup.bash
[104.843s] -- Up-to-date: /home/ubuntu/rj_training_container/training_ws/install/rj_training_bringup/share/rj_training_bringup/local_setup.sh
[104.942s] -- Up-to-date: /home/ubuntu/rj_training_container/training_ws/install/rj_training_bringup/share/rj_training_bringup/local_setup.zsh
[105.045s] -- Installing: /home/ubuntu/rj_training_container/training_ws/install/rj_training_bringup/share/rj_training_bringup/local_setup.dsv
[105.350s] -- Installing: /home/ubuntu/rj_training_container/training_ws/install/rj_training_bringup/share/rj_training_bringup/package.dsv
[105.705s] -- Up-to-date: /home/ubuntu/rj_training_container/training_ws/install/rj_training_bringup/share/ament_index/resource_index/packages/rj_training_bringup
[105.804s] -- Up-to-date: /home/ubuntu/rj_training_container/training_ws/install/rj_training_bringup/share/rj_training_bringup/cmake/rj_training_bringupConfig.cmake
[105.878s] -- Up-to-date: /home/ubuntu/rj_training_container/training_ws/install/rj_training_bringup/share/rj_training_bringup/cmake/rj_training_bringupConfig-version.cmake
[105.995s] -- Up-to-date: /home/ubuntu/rj_training_container/training_ws/install/rj_training_bringup/share/rj_training_bringup/package.xml
[106.032s] Invoked command in '/home/ubuntu/rj_training_container/training_ws/build/rj_training_bringup' returned '0': CMAKE_PREFIX_PATH=${CMAKE_PREFIX_PATH}:/home/ubuntu/rj_training_container/training_ws/install/keyboard:/opt/ros/humble /usr/bin/cmake --install /home/ubuntu/rj_training_container/training_ws/build/rj_training_bringup
