[ 44%] Built target tag_model_generator
[ 66%] Built target aruco_tag_detector
[ 66%] Built target aruco_marker_visualizer
[100%] Built target stsl_aruco_tags
-- Install configuration: ""
-- Up-to-date: /home/ubuntu/rj_training_container/training_ws/install/stsl_aruco_tags/lib/stsl_aruco_tags/aruco_tag_detector
-- Up-to-date: /home/ubuntu/rj_training_container/training_ws/install/stsl_aruco_tags/lib/stsl_aruco_tags/aruco_marker_visualizer
-- Up-to-date: /home/ubuntu/rj_training_container/training_ws/install/stsl_aruco_tags/lib/libstsl_aruco_tags.so
-- Up-to-date: /home/ubuntu/rj_training_container/training_ws/install/stsl_aruco_tags/lib/stsl_aruco_tags/tag_model_generator
-- Up-to-date: /home/ubuntu/rj_training_container/training_ws/install/stsl_aruco_tags/share/ament_index/resource_index/package_run_dependencies/stsl_aruco_tags
-- Up-to-date: /home/ubuntu/rj_training_container/training_ws/install/stsl_aruco_tags/share/ament_index/resource_index/parent_prefix_path/stsl_aruco_tags
-- Up-to-date: /home/ubuntu/rj_training_container/training_ws/install/stsl_aruco_tags/share/stsl_aruco_tags/environment/ament_prefix_path.sh
-- Up-to-date: /home/ubuntu/rj_training_container/training_ws/install/stsl_aruco_tags/share/stsl_aruco_tags/environment/ament_prefix_path.dsv
-- Up-to-date: /home/ubuntu/rj_training_container/training_ws/install/stsl_aruco_tags/share/stsl_aruco_tags/environment/path.sh
-- Up-to-date: /home/ubuntu/rj_training_container/training_ws/install/stsl_aruco_tags/share/stsl_aruco_tags/environment/path.dsv
-- Up-to-date: /home/ubuntu/rj_training_container/training_ws/install/stsl_aruco_tags/share/stsl_aruco_tags/local_setup.bash
-- Up-to-date: /home/ubuntu/rj_training_container/training_ws/install/stsl_aruco_tags/share/stsl_aruco_tags/local_setup.sh
-- Up-to-date: /home/ubuntu/rj_training_container/training_ws/install/stsl_aruco_tags/share/stsl_aruco_tags/local_setup.zsh
-- Up-to-date: /home/ubuntu/rj_training_container/training_ws/install/stsl_aruco_tags/share/stsl_aruco_tags/local_setup.dsv
-- Installing: /home/ubuntu/rj_training_container/training_ws/install/stsl_aruco_tags/share/stsl_aruco_tags/package.dsv
-- Up-to-date: /home/ubuntu/rj_training_container/training_ws/install/stsl_aruco_tags/share/ament_index/resource_index/packages/stsl_aruco_tags
-- Up-to-date: /home/ubuntu/rj_training_container/training_ws/install/stsl_aruco_tags/share/ament_index/resource_index/rclcpp_components/stsl_aruco_tags
-- Up-to-date: /home/ubuntu/rj_training_container/training_ws/install/stsl_aruco_tags/share/stsl_aruco_tags/cmake/tag_model_generator_EXPORTExport.cmake
-- Up-to-date: /home/ubuntu/rj_training_container/training_ws/install/stsl_aruco_tags/share/stsl_aruco_tags/cmake/tag_model_generator_EXPORTExport-noconfig.cmake
-- Up-to-date: /home/ubuntu/rj_training_container/training_ws/install/stsl_aruco_tags/share/stsl_aruco_tags/cmake/stsl_aruco_tags-extras.cmake
-- Up-to-date: /home/ubuntu/rj_training_container/training_ws/install/stsl_aruco_tags/share/stsl_aruco_tags/cmake/ament_cmake_export_targets-extras.cmake
-- Up-to-date: /home/ubuntu/rj_training_container/training_ws/install/stsl_aruco_tags/share/stsl_aruco_tags/cmake/stsl_aruco_tagsConfig.cmake
-- Up-to-date: /home/ubuntu/rj_training_container/training_ws/install/stsl_aruco_tags/share/stsl_aruco_tags/cmake/stsl_aruco_tagsConfig-version.cmake
-- Up-to-date: /home/ubuntu/rj_training_container/training_ws/install/stsl_aruco_tags/share/stsl_aruco_tags/package.xml
