[5.684s] Invoking command in '/home/ubuntu/rj_training_container/training_ws/build/stsl_interfaces': CMAKE_PREFIX_PATH=${CMAKE_PREFIX_PATH}:/home/ubuntu/rj_training_container/training_ws/install/keyboard:/opt/ros/humble /usr/bin/cmake --build /home/ubuntu/rj_training_container/training_ws/build/stsl_interfaces -- -j16 -l16
[34.923s] [  1%] Built target stsl_interfaces__cpp
[38.401s] [ 12%] Built target stsl_interfaces__rosidl_generator_c
[45.790s] [ 12%] Built target ament_cmake_python_copy_stsl_interfaces
[51.946s] [ 34%] Built target stsl_interfaces__rosidl_typesupport_cpp
[51.970s] [ 35%] Built target stsl_interfaces__rosidl_typesupport_introspection_cpp
[54.975s] [ 47%] Built target stsl_interfaces__rosidl_typesupport_fastrtps_cpp
[57.225s] [ 58%] Built target stsl_interfaces__rosidl_typesupport_c
[57.502s] [ 75%] Built target stsl_interfaces__rosidl_typesupport_fastrtps_c
[57.573s] [ 82%] Built target stsl_interfaces__rosidl_typesupport_introspection_c
[62.494s] running egg_info
[62.507s] writing stsl_interfaces.egg-info/PKG-INFO
[62.518s] writing dependency_links to stsl_interfaces.egg-info/dependency_links.txt
[62.541s] writing top-level names to stsl_interfaces.egg-info/top_level.txt
[62.756s] reading manifest file 'stsl_interfaces.egg-info/SOURCES.txt'
[63.031s] writing manifest file 'stsl_interfaces.egg-info/SOURCES.txt'
[68.275s] [ 82%] Built target ament_cmake_python_build_stsl_interfaces_egg
[71.032s] [ 82%] Built target stsl_interfaces
[83.180s] [ 83%] Built target stsl_interfaces__py
[97.264s] [ 93%] Built target stsl_interfaces__rosidl_generator_py
[109.563s] [ 95%] Built target stsl_interfaces__rosidl_typesupport_c__pyext
[109.894s] [ 97%] Built target stsl_interfaces__rosidl_typesupport_fastrtps_c__pyext
[109.970s] [100%] Built target stsl_interfaces__rosidl_typesupport_introspection_c__pyext
[113.925s] Invoked command in '/home/ubuntu/rj_training_container/training_ws/build/stsl_interfaces' returned '0': CMAKE_PREFIX_PATH=${CMAKE_PREFIX_PATH}:/home/ubuntu/rj_training_container/training_ws/install/keyboard:/opt/ros/humble /usr/bin/cmake --build /home/ubuntu/rj_training_container/training_ws/build/stsl_interfaces -- -j16 -l16
[264.513s] Invoking command in '/home/ubuntu/rj_training_container/training_ws/build/stsl_interfaces': CMAKE_PREFIX_PATH=${CMAKE_PREFIX_PATH}:/home/ubuntu/rj_training_container/training_ws/install/keyboard:/opt/ros/humble /usr/bin/cmake --install /home/ubuntu/rj_training_container/training_ws/build/stsl_interfaces
[266.680s] -- Install configuration: ""
[266.707s] -- Up-to-date: /home/ubuntu/rj_training_container/training_ws/install/stsl_interfaces/share/ament_index/resource_index/rosidl_interfaces/stsl_interfaces
[266.723s] -- Up-to-date: /home/ubuntu/rj_training_container/training_ws/install/stsl_interfaces/include/stsl_interfaces/stsl_interfaces
[266.745s] -- Up-to-date: /home/ubuntu/rj_training_container/training_ws/install/stsl_interfaces/include/stsl_interfaces/stsl_interfaces/action
[266.773s] -- Up-to-date: /home/ubuntu/rj_training_container/training_ws/install/stsl_interfaces/include/stsl_interfaces/stsl_interfaces/action/detail
[266.808s] -- Up-to-date: /home/ubuntu/rj_training_container/training_ws/install/stsl_interfaces/include/stsl_interfaces/stsl_interfaces/action/detail/execute_mission__functions.c
[266.836s] -- Up-to-date: /home/ubuntu/rj_training_container/training_ws/install/stsl_interfaces/include/stsl_interfaces/stsl_interfaces/action/detail/execute_mission__functions.h
[266.863s] -- Up-to-date: /home/ubuntu/rj_training_container/training_ws/install/stsl_interfaces/include/stsl_interfaces/stsl_interfaces/action/detail/execute_mission__struct.h
[266.889s] -- Up-to-date: /home/ubuntu/rj_training_container/training_ws/install/stsl_interfaces/include/stsl_interfaces/stsl_interfaces/action/detail/execute_mission__type_support.h
[266.916s] -- Up-to-date: /home/ubuntu/rj_training_container/training_ws/install/stsl_interfaces/include/stsl_interfaces/stsl_interfaces/action/detail/park_at_peak__functions.c
[266.943s] -- Up-to-date: /home/ubuntu/rj_training_container/training_ws/install/stsl_interfaces/include/stsl_interfaces/stsl_interfaces/action/detail/park_at_peak__functions.h
[266.971s] -- Up-to-date: /home/ubuntu/rj_training_container/training_ws/install/stsl_interfaces/include/stsl_interfaces/stsl_interfaces/action/detail/park_at_peak__struct.h
[266.999s] -- Up-to-date: /home/ubuntu/rj_training_container/training_ws/install/stsl_interfaces/include/stsl_interfaces/stsl_interfaces/action/detail/park_at_peak__type_support.h
[267.023s] -- Up-to-date: /home/ubuntu/rj_training_container/training_ws/install/stsl_interfaces/include/stsl_interfaces/stsl_interfaces/action/execute_mission.h
[267.046s] -- Up-to-date: /home/ubuntu/rj_training_container/training_ws/install/stsl_interfaces/include/stsl_interfaces/stsl_interfaces/action/park_at_peak.h
[267.063s] -- Up-to-date: /home/ubuntu/rj_training_container/training_ws/install/stsl_interfaces/include/stsl_interfaces/stsl_interfaces/msg
[267.093s] -- Up-to-date: /home/ubuntu/rj_training_container/training_ws/install/stsl_interfaces/include/stsl_interfaces/stsl_interfaces/msg/detail
[267.132s] -- Up-to-date: /home/ubuntu/rj_training_container/training_ws/install/stsl_interfaces/include/stsl_interfaces/stsl_interfaces/msg/detail/mineral_deposit_array__functions.c
[267.157s] -- Up-to-date: /home/ubuntu/rj_training_container/training_ws/install/stsl_interfaces/include/stsl_interfaces/stsl_interfaces/msg/detail/mineral_deposit_array__functions.h
[267.184s] -- Up-to-date: /home/ubuntu/rj_training_container/training_ws/install/stsl_interfaces/include/stsl_interfaces/stsl_interfaces/msg/detail/mineral_deposit_array__struct.h
[267.211s] -- Up-to-date: /home/ubuntu/rj_training_container/training_ws/install/stsl_interfaces/include/stsl_interfaces/stsl_interfaces/msg/detail/mineral_deposit_array__type_support.h
[267.240s] -- Up-to-date: /home/ubuntu/rj_training_container/training_ws/install/stsl_interfaces/include/stsl_interfaces/stsl_interfaces/msg/detail/mineral_deposit_sample__functions.c
[267.267s] -- Up-to-date: /home/ubuntu/rj_training_container/training_ws/install/stsl_interfaces/include/stsl_interfaces/stsl_interfaces/msg/detail/mineral_deposit_sample__functions.h
[267.294s] -- Up-to-date: /home/ubuntu/rj_training_container/training_ws/install/stsl_interfaces/include/stsl_interfaces/stsl_interfaces/msg/detail/mineral_deposit_sample__struct.h
[267.321s] -- Up-to-date: /home/ubuntu/rj_training_container/training_ws/install/stsl_interfaces/include/stsl_interfaces/stsl_interfaces/msg/detail/mineral_deposit_sample__type_support.h
[267.350s] -- Up-to-date: /home/ubuntu/rj_training_container/training_ws/install/stsl_interfaces/include/stsl_interfaces/stsl_interfaces/msg/detail/mineral_deposit__functions.c
[267.377s] -- Up-to-date: /home/ubuntu/rj_training_container/training_ws/install/stsl_interfaces/include/stsl_interfaces/stsl_interfaces/msg/detail/mineral_deposit__functions.h
[267.405s] -- Up-to-date: /home/ubuntu/rj_training_container/training_ws/install/stsl_interfaces/include/stsl_interfaces/stsl_interfaces/msg/detail/mineral_deposit__struct.h
[267.431s] -- Up-to-date: /home/ubuntu/rj_training_container/training_ws/install/stsl_interfaces/include/stsl_interfaces/stsl_interfaces/msg/detail/mineral_deposit__type_support.h
[267.459s] -- Up-to-date: /home/ubuntu/rj_training_container/training_ws/install/stsl_interfaces/include/stsl_interfaces/stsl_interfaces/msg/detail/tag_array__functions.c
[267.486s] -- Up-to-date: /home/ubuntu/rj_training_container/training_ws/install/stsl_interfaces/include/stsl_interfaces/stsl_interfaces/msg/detail/tag_array__functions.h
[267.513s] -- Up-to-date: /home/ubuntu/rj_training_container/training_ws/install/stsl_interfaces/include/stsl_interfaces/stsl_interfaces/msg/detail/tag_array__struct.h
[267.542s] -- Up-to-date: /home/ubuntu/rj_training_container/training_ws/install/stsl_interfaces/include/stsl_interfaces/stsl_interfaces/msg/detail/tag_array__type_support.h
[267.568s] -- Up-to-date: /home/ubuntu/rj_training_container/training_ws/install/stsl_interfaces/include/stsl_interfaces/stsl_interfaces/msg/detail/tag__functions.c
[267.595s] -- Up-to-date: /home/ubuntu/rj_training_container/training_ws/install/stsl_interfaces/include/stsl_interfaces/stsl_interfaces/msg/detail/tag__functions.h
[267.622s] -- Up-to-date: /home/ubuntu/rj_training_container/training_ws/install/stsl_interfaces/include/stsl_interfaces/stsl_interfaces/msg/detail/tag__struct.h
[267.648s] -- Up-to-date: /home/ubuntu/rj_training_container/training_ws/install/stsl_interfaces/include/stsl_interfaces/stsl_interfaces/msg/detail/tag__type_support.h
[267.671s] -- Up-to-date: /home/ubuntu/rj_training_container/training_ws/install/stsl_interfaces/include/stsl_interfaces/stsl_interfaces/msg/mineral_deposit.h
[267.694s] -- Up-to-date: /home/ubuntu/rj_training_container/training_ws/install/stsl_interfaces/include/stsl_interfaces/stsl_interfaces/msg/mineral_deposit_array.h
[267.716s] -- Up-to-date: /home/ubuntu/rj_training_container/training_ws/install/stsl_interfaces/include/stsl_interfaces/stsl_interfaces/msg/mineral_deposit_sample.h
[267.739s] -- Up-to-date: /home/ubuntu/rj_training_container/training_ws/install/stsl_interfaces/include/stsl_interfaces/stsl_interfaces/msg/rosidl_generator_c__visibility_control.h
[267.762s] -- Up-to-date: /home/ubuntu/rj_training_container/training_ws/install/stsl_interfaces/include/stsl_interfaces/stsl_interfaces/msg/tag.h
[267.785s] -- Up-to-date: /home/ubuntu/rj_training_container/training_ws/install/stsl_interfaces/include/stsl_interfaces/stsl_interfaces/msg/tag_array.h
[267.802s] -- Up-to-date: /home/ubuntu/rj_training_container/training_ws/install/stsl_interfaces/include/stsl_interfaces/stsl_interfaces/srv
[267.828s] -- Up-to-date: /home/ubuntu/rj_training_container/training_ws/install/stsl_interfaces/include/stsl_interfaces/stsl_interfaces/srv/detail
[267.861s] -- Up-to-date: /home/ubuntu/rj_training_container/training_ws/install/stsl_interfaces/include/stsl_interfaces/stsl_interfaces/srv/detail/reset_mineral_deposit_tracking__functions.c
[267.889s] -- Up-to-date: /home/ubuntu/rj_training_container/training_ws/install/stsl_interfaces/include/stsl_interfaces/stsl_interfaces/srv/detail/reset_mineral_deposit_tracking__functions.h
[267.918s] -- Up-to-date: /home/ubuntu/rj_training_container/training_ws/install/stsl_interfaces/include/stsl_interfaces/stsl_interfaces/srv/detail/reset_mineral_deposit_tracking__struct.h
[267.943s] -- Up-to-date: /home/ubuntu/rj_training_container/training_ws/install/stsl_interfaces/include/stsl_interfaces/stsl_interfaces/srv/detail/reset_mineral_deposit_tracking__type_support.h
[267.970s] -- Up-to-date: /home/ubuntu/rj_training_container/training_ws/install/stsl_interfaces/include/stsl_interfaces/stsl_interfaces/srv/detail/sample_elevation__functions.c
[267.997s] -- Up-to-date: /home/ubuntu/rj_training_container/training_ws/install/stsl_interfaces/include/stsl_interfaces/stsl_interfaces/srv/detail/sample_elevation__functions.h
[268.025s] -- Up-to-date: /home/ubuntu/rj_training_container/training_ws/install/stsl_interfaces/include/stsl_interfaces/stsl_interfaces/srv/detail/sample_elevation__struct.h
[268.054s] -- Up-to-date: /home/ubuntu/rj_training_container/training_ws/install/stsl_interfaces/include/stsl_interfaces/stsl_interfaces/srv/detail/sample_elevation__type_support.h
[268.079s] -- Up-to-date: /home/ubuntu/rj_training_container/training_ws/install/stsl_interfaces/include/stsl_interfaces/stsl_interfaces/srv/reset_mineral_deposit_tracking.h
[268.105s] -- Up-to-date: /home/ubuntu/rj_training_container/training_ws/install/stsl_interfaces/include/stsl_interfaces/stsl_interfaces/srv/sample_elevation.h
[268.124s] -- Up-to-date: /home/ubuntu/rj_training_container/training_ws/install/stsl_interfaces/share/stsl_interfaces/environment/library_path.sh
[268.148s] -- Up-to-date: /home/ubuntu/rj_training_container/training_ws/install/stsl_interfaces/share/stsl_interfaces/environment/library_path.dsv
[268.199s] -- Up-to-date: /home/ubuntu/rj_training_container/training_ws/install/stsl_interfaces/lib/libstsl_interfaces__rosidl_generator_c.so
[268.243s] -- Up-to-date: /home/ubuntu/rj_training_container/training_ws/install/stsl_interfaces/include/stsl_interfaces/stsl_interfaces
[268.265s] -- Up-to-date: /home/ubuntu/rj_training_container/training_ws/install/stsl_interfaces/include/stsl_interfaces/stsl_interfaces/action
[268.293s] -- Up-to-date: /home/ubuntu/rj_training_container/training_ws/install/stsl_interfaces/include/stsl_interfaces/stsl_interfaces/action/detail
[268.330s] -- Up-to-date: /home/ubuntu/rj_training_container/training_ws/install/stsl_interfaces/include/stsl_interfaces/stsl_interfaces/action/detail/execute_mission__rosidl_typesupport_fastrtps_c.h
[268.356s] -- Up-to-date: /home/ubuntu/rj_training_container/training_ws/install/stsl_interfaces/include/stsl_interfaces/stsl_interfaces/action/detail/park_at_peak__rosidl_typesupport_fastrtps_c.h
[268.374s] -- Up-to-date: /home/ubuntu/rj_training_container/training_ws/install/stsl_interfaces/include/stsl_interfaces/stsl_interfaces/msg
[268.402s] -- Up-to-date: /home/ubuntu/rj_training_container/training_ws/install/stsl_interfaces/include/stsl_interfaces/stsl_interfaces/msg/detail
[268.439s] -- Up-to-date: /home/ubuntu/rj_training_container/training_ws/install/stsl_interfaces/include/stsl_interfaces/stsl_interfaces/msg/detail/mineral_deposit_array__rosidl_typesupport_fastrtps_c.h
[268.466s] -- Up-to-date: /home/ubuntu/rj_training_container/training_ws/install/stsl_interfaces/include/stsl_interfaces/stsl_interfaces/msg/detail/mineral_deposit_sample__rosidl_typesupport_fastrtps_c.h
[268.495s] -- Up-to-date: /home/ubuntu/rj_training_container/training_ws/install/stsl_interfaces/include/stsl_interfaces/stsl_interfaces/msg/detail/mineral_deposit__rosidl_typesupport_fastrtps_c.h
[268.524s] -- Up-to-date: /home/ubuntu/rj_training_container/training_ws/install/stsl_interfaces/include/stsl_interfaces/stsl_interfaces/msg/detail/tag_array__rosidl_typesupport_fastrtps_c.h
[268.550s] -- Up-to-date: /home/ubuntu/rj_training_container/training_ws/install/stsl_interfaces/include/stsl_interfaces/stsl_interfaces/msg/detail/tag__rosidl_typesupport_fastrtps_c.h
[268.577s] -- Up-to-date: /home/ubuntu/rj_training_container/training_ws/install/stsl_interfaces/include/stsl_interfaces/stsl_interfaces/msg/rosidl_typesupport_fastrtps_c__visibility_control.h
[268.601s] -- Up-to-date: /home/ubuntu/rj_training_container/training_ws/install/stsl_interfaces/include/stsl_interfaces/stsl_interfaces/srv
[268.628s] -- Up-to-date: /home/ubuntu/rj_training_container/training_ws/install/stsl_interfaces/include/stsl_interfaces/stsl_interfaces/srv/detail
[268.666s] -- Up-to-date: /home/ubuntu/rj_training_container/training_ws/install/stsl_interfaces/include/stsl_interfaces/stsl_interfaces/srv/detail/reset_mineral_deposit_tracking__rosidl_typesupport_fastrtps_c.h
[268.696s] -- Up-to-date: /home/ubuntu/rj_training_container/training_ws/install/stsl_interfaces/include/stsl_interfaces/stsl_interfaces/srv/detail/sample_elevation__rosidl_typesupport_fastrtps_c.h
[268.740s] -- Up-to-date: /home/ubuntu/rj_training_container/training_ws/install/stsl_interfaces/lib/libstsl_interfaces__rosidl_typesupport_fastrtps_c.so
[268.785s] -- Up-to-date: /home/ubuntu/rj_training_container/training_ws/install/stsl_interfaces/include/stsl_interfaces/stsl_interfaces
[268.810s] -- Up-to-date: /home/ubuntu/rj_training_container/training_ws/install/stsl_interfaces/include/stsl_interfaces/stsl_interfaces/action
[268.837s] -- Up-to-date: /home/ubuntu/rj_training_container/training_ws/install/stsl_interfaces/include/stsl_interfaces/stsl_interfaces/action/detail
[268.871s] -- Up-to-date: /home/ubuntu/rj_training_container/training_ws/install/stsl_interfaces/include/stsl_interfaces/stsl_interfaces/action/detail/execute_mission__rosidl_typesupport_introspection_c.h
[268.897s] -- Up-to-date: /home/ubuntu/rj_training_container/training_ws/install/stsl_interfaces/include/stsl_interfaces/stsl_interfaces/action/detail/execute_mission__type_support.c
[268.925s] -- Up-to-date: /home/ubuntu/rj_training_container/training_ws/install/stsl_interfaces/include/stsl_interfaces/stsl_interfaces/action/detail/park_at_peak__rosidl_typesupport_introspection_c.h
[268.951s] -- Up-to-date: /home/ubuntu/rj_training_container/training_ws/install/stsl_interfaces/include/stsl_interfaces/stsl_interfaces/action/detail/park_at_peak__type_support.c
[268.968s] -- Up-to-date: /home/ubuntu/rj_training_container/training_ws/install/stsl_interfaces/include/stsl_interfaces/stsl_interfaces/msg
[268.995s] -- Up-to-date: /home/ubuntu/rj_training_container/training_ws/install/stsl_interfaces/include/stsl_interfaces/stsl_interfaces/msg/detail
[269.033s] -- Up-to-date: /home/ubuntu/rj_training_container/training_ws/install/stsl_interfaces/include/stsl_interfaces/stsl_interfaces/msg/detail/mineral_deposit_array__rosidl_typesupport_introspection_c.h
[269.059s] -- Up-to-date: /home/ubuntu/rj_training_container/training_ws/install/stsl_interfaces/include/stsl_interfaces/stsl_interfaces/msg/detail/mineral_deposit_array__type_support.c
[269.086s] -- Up-to-date: /home/ubuntu/rj_training_container/training_ws/install/stsl_interfaces/include/stsl_interfaces/stsl_interfaces/msg/detail/mineral_deposit_sample__rosidl_typesupport_introspection_c.h
[269.113s] -- Up-to-date: /home/ubuntu/rj_training_container/training_ws/install/stsl_interfaces/include/stsl_interfaces/stsl_interfaces/msg/detail/mineral_deposit_sample__type_support.c
[269.141s] -- Up-to-date: /home/ubuntu/rj_training_container/training_ws/install/stsl_interfaces/include/stsl_interfaces/stsl_interfaces/msg/detail/mineral_deposit__rosidl_typesupport_introspection_c.h
[269.168s] -- Up-to-date: /home/ubuntu/rj_training_container/training_ws/install/stsl_interfaces/include/stsl_interfaces/stsl_interfaces/msg/detail/mineral_deposit__type_support.c
[269.195s] -- Up-to-date: /home/ubuntu/rj_training_container/training_ws/install/stsl_interfaces/include/stsl_interfaces/stsl_interfaces/msg/detail/tag_array__rosidl_typesupport_introspection_c.h
[269.222s] -- Up-to-date: /home/ubuntu/rj_training_container/training_ws/install/stsl_interfaces/include/stsl_interfaces/stsl_interfaces/msg/detail/tag_array__type_support.c
[269.248s] -- Up-to-date: /home/ubuntu/rj_training_container/training_ws/install/stsl_interfaces/include/stsl_interfaces/stsl_interfaces/msg/detail/tag__rosidl_typesupport_introspection_c.h
[269.274s] -- Up-to-date: /home/ubuntu/rj_training_container/training_ws/install/stsl_interfaces/include/stsl_interfaces/stsl_interfaces/msg/detail/tag__type_support.c
[269.298s] -- Up-to-date: /home/ubuntu/rj_training_container/training_ws/install/stsl_interfaces/include/stsl_interfaces/stsl_interfaces/msg/rosidl_typesupport_introspection_c__visibility_control.h
[269.316s] -- Up-to-date: /home/ubuntu/rj_training_container/training_ws/install/stsl_interfaces/include/stsl_interfaces/stsl_interfaces/srv
[269.344s] -- Up-to-date: /home/ubuntu/rj_training_container/training_ws/install/stsl_interfaces/include/stsl_interfaces/stsl_interfaces/srv/detail
[269.380s] -- Up-to-date: /home/ubuntu/rj_training_container/training_ws/install/stsl_interfaces/include/stsl_interfaces/stsl_interfaces/srv/detail/reset_mineral_deposit_tracking__rosidl_typesupport_introspection_c.h
[269.407s] -- Up-to-date: /home/ubuntu/rj_training_container/training_ws/install/stsl_interfaces/include/stsl_interfaces/stsl_interfaces/srv/detail/reset_mineral_deposit_tracking__type_support.c
[269.435s] -- Up-to-date: /home/ubuntu/rj_training_container/training_ws/install/stsl_interfaces/include/stsl_interfaces/stsl_interfaces/srv/detail/sample_elevation__rosidl_typesupport_introspection_c.h
[269.462s] -- Up-to-date: /home/ubuntu/rj_training_container/training_ws/install/stsl_interfaces/include/stsl_interfaces/stsl_interfaces/srv/detail/sample_elevation__type_support.c
[269.506s] -- Up-to-date: /home/ubuntu/rj_training_container/training_ws/install/stsl_interfaces/lib/libstsl_interfaces__rosidl_typesupport_introspection_c.so
[269.576s] -- Up-to-date: /home/ubuntu/rj_training_container/training_ws/install/stsl_interfaces/lib/libstsl_interfaces__rosidl_typesupport_c.so
[269.617s] -- Up-to-date: /home/ubuntu/rj_training_container/training_ws/install/stsl_interfaces/include/stsl_interfaces/stsl_interfaces
[269.640s] -- Up-to-date: /home/ubuntu/rj_training_container/training_ws/install/stsl_interfaces/include/stsl_interfaces/stsl_interfaces/action
[269.667s] -- Up-to-date: /home/ubuntu/rj_training_container/training_ws/install/stsl_interfaces/include/stsl_interfaces/stsl_interfaces/action/detail
[269.701s] -- Up-to-date: /home/ubuntu/rj_training_container/training_ws/install/stsl_interfaces/include/stsl_interfaces/stsl_interfaces/action/detail/execute_mission__builder.hpp
[269.728s] -- Up-to-date: /home/ubuntu/rj_training_container/training_ws/install/stsl_interfaces/include/stsl_interfaces/stsl_interfaces/action/detail/execute_mission__struct.hpp
[269.754s] -- Up-to-date: /home/ubuntu/rj_training_container/training_ws/install/stsl_interfaces/include/stsl_interfaces/stsl_interfaces/action/detail/execute_mission__traits.hpp
[269.779s] -- Up-to-date: /home/ubuntu/rj_training_container/training_ws/install/stsl_interfaces/include/stsl_interfaces/stsl_interfaces/action/detail/park_at_peak__builder.hpp
[269.807s] -- Up-to-date: /home/ubuntu/rj_training_container/training_ws/install/stsl_interfaces/include/stsl_interfaces/stsl_interfaces/action/detail/park_at_peak__struct.hpp
[269.835s] -- Up-to-date: /home/ubuntu/rj_training_container/training_ws/install/stsl_interfaces/include/stsl_interfaces/stsl_interfaces/action/detail/park_at_peak__traits.hpp
[269.859s] -- Up-to-date: /home/ubuntu/rj_training_container/training_ws/install/stsl_interfaces/include/stsl_interfaces/stsl_interfaces/action/execute_mission.hpp
[269.880s] -- Up-to-date: /home/ubuntu/rj_training_container/training_ws/install/stsl_interfaces/include/stsl_interfaces/stsl_interfaces/action/park_at_peak.hpp
[269.897s] -- Up-to-date: /home/ubuntu/rj_training_container/training_ws/install/stsl_interfaces/include/stsl_interfaces/stsl_interfaces/msg
[269.925s] -- Up-to-date: /home/ubuntu/rj_training_container/training_ws/install/stsl_interfaces/include/stsl_interfaces/stsl_interfaces/msg/detail
[269.959s] -- Up-to-date: /home/ubuntu/rj_training_container/training_ws/install/stsl_interfaces/include/stsl_interfaces/stsl_interfaces/msg/detail/mineral_deposit_array__builder.hpp
[269.987s] -- Up-to-date: /home/ubuntu/rj_training_container/training_ws/install/stsl_interfaces/include/stsl_interfaces/stsl_interfaces/msg/detail/mineral_deposit_array__struct.hpp
[270.014s] -- Up-to-date: /home/ubuntu/rj_training_container/training_ws/install/stsl_interfaces/include/stsl_interfaces/stsl_interfaces/msg/detail/mineral_deposit_array__traits.hpp
[270.041s] -- Up-to-date: /home/ubuntu/rj_training_container/training_ws/install/stsl_interfaces/include/stsl_interfaces/stsl_interfaces/msg/detail/mineral_deposit_sample__builder.hpp
[270.069s] -- Up-to-date: /home/ubuntu/rj_training_container/training_ws/install/stsl_interfaces/include/stsl_interfaces/stsl_interfaces/msg/detail/mineral_deposit_sample__struct.hpp
[270.096s] -- Up-to-date: /home/ubuntu/rj_training_container/training_ws/install/stsl_interfaces/include/stsl_interfaces/stsl_interfaces/msg/detail/mineral_deposit_sample__traits.hpp
[270.122s] -- Up-to-date: /home/ubuntu/rj_training_container/training_ws/install/stsl_interfaces/include/stsl_interfaces/stsl_interfaces/msg/detail/mineral_deposit__builder.hpp
[270.151s] -- Up-to-date: /home/ubuntu/rj_training_container/training_ws/install/stsl_interfaces/include/stsl_interfaces/stsl_interfaces/msg/detail/mineral_deposit__struct.hpp
[270.178s] -- Up-to-date: /home/ubuntu/rj_training_container/training_ws/install/stsl_interfaces/include/stsl_interfaces/stsl_interfaces/msg/detail/mineral_deposit__traits.hpp
[270.204s] -- Up-to-date: /home/ubuntu/rj_training_container/training_ws/install/stsl_interfaces/include/stsl_interfaces/stsl_interfaces/msg/detail/tag_array__builder.hpp
[270.230s] -- Up-to-date: /home/ubuntu/rj_training_container/training_ws/install/stsl_interfaces/include/stsl_interfaces/stsl_interfaces/msg/detail/tag_array__struct.hpp
[270.258s] -- Up-to-date: /home/ubuntu/rj_training_container/training_ws/install/stsl_interfaces/include/stsl_interfaces/stsl_interfaces/msg/detail/tag_array__traits.hpp
[270.285s] -- Up-to-date: /home/ubuntu/rj_training_container/training_ws/install/stsl_interfaces/include/stsl_interfaces/stsl_interfaces/msg/detail/tag__builder.hpp
[270.313s] -- Up-to-date: /home/ubuntu/rj_training_container/training_ws/install/stsl_interfaces/include/stsl_interfaces/stsl_interfaces/msg/detail/tag__struct.hpp
[270.341s] -- Up-to-date: /home/ubuntu/rj_training_container/training_ws/install/stsl_interfaces/include/stsl_interfaces/stsl_interfaces/msg/detail/tag__traits.hpp
[270.366s] -- Up-to-date: /home/ubuntu/rj_training_container/training_ws/install/stsl_interfaces/include/stsl_interfaces/stsl_interfaces/msg/mineral_deposit.hpp
[270.388s] -- Up-to-date: /home/ubuntu/rj_training_container/training_ws/install/stsl_interfaces/include/stsl_interfaces/stsl_interfaces/msg/mineral_deposit_array.hpp
[270.410s] -- Up-to-date: /home/ubuntu/rj_training_container/training_ws/install/stsl_interfaces/include/stsl_interfaces/stsl_interfaces/msg/mineral_deposit_sample.hpp
[270.480s] -- Up-to-date: /home/ubuntu/rj_training_container/training_ws/install/stsl_interfaces/include/stsl_interfaces/stsl_interfaces/msg/tag.hpp
[270.513s] -- Up-to-date: /home/ubuntu/rj_training_container/training_ws/install/stsl_interfaces/include/stsl_interfaces/stsl_interfaces/msg/tag_array.hpp
[270.530s] -- Up-to-date: /home/ubuntu/rj_training_container/training_ws/install/stsl_interfaces/include/stsl_interfaces/stsl_interfaces/srv
[270.557s] -- Up-to-date: /home/ubuntu/rj_training_container/training_ws/install/stsl_interfaces/include/stsl_interfaces/stsl_interfaces/srv/detail
[270.592s] -- Up-to-date: /home/ubuntu/rj_training_container/training_ws/install/stsl_interfaces/include/stsl_interfaces/stsl_interfaces/srv/detail/reset_mineral_deposit_tracking__builder.hpp
[270.618s] -- Up-to-date: /home/ubuntu/rj_training_container/training_ws/install/stsl_interfaces/include/stsl_interfaces/stsl_interfaces/srv/detail/reset_mineral_deposit_tracking__struct.hpp
[270.688s] -- Up-to-date: /home/ubuntu/rj_training_container/training_ws/install/stsl_interfaces/include/stsl_interfaces/stsl_interfaces/srv/detail/reset_mineral_deposit_tracking__traits.hpp
[270.747s] -- Up-to-date: /home/ubuntu/rj_training_container/training_ws/install/stsl_interfaces/include/stsl_interfaces/stsl_interfaces/srv/detail/sample_elevation__builder.hpp
[270.776s] -- Up-to-date: /home/ubuntu/rj_training_container/training_ws/install/stsl_interfaces/include/stsl_interfaces/stsl_interfaces/srv/detail/sample_elevation__struct.hpp
[270.805s] -- Up-to-date: /home/ubuntu/rj_training_container/training_ws/install/stsl_interfaces/include/stsl_interfaces/stsl_interfaces/srv/detail/sample_elevation__traits.hpp
[270.830s] -- Up-to-date: /home/ubuntu/rj_training_container/training_ws/install/stsl_interfaces/include/stsl_interfaces/stsl_interfaces/srv/reset_mineral_deposit_tracking.hpp
[270.855s] -- Up-to-date: /home/ubuntu/rj_training_container/training_ws/install/stsl_interfaces/include/stsl_interfaces/stsl_interfaces/srv/sample_elevation.hpp
[270.871s] -- Up-to-date: /home/ubuntu/rj_training_container/training_ws/install/stsl_interfaces/include/stsl_interfaces/stsl_interfaces
[270.896s] -- Up-to-date: /home/ubuntu/rj_training_container/training_ws/install/stsl_interfaces/include/stsl_interfaces/stsl_interfaces/action
[270.926s] -- Up-to-date: /home/ubuntu/rj_training_container/training_ws/install/stsl_interfaces/include/stsl_interfaces/stsl_interfaces/action/detail
[270.961s] -- Up-to-date: /home/ubuntu/rj_training_container/training_ws/install/stsl_interfaces/include/stsl_interfaces/stsl_interfaces/action/detail/dds_fastrtps
[271.006s] -- Up-to-date: /home/ubuntu/rj_training_container/training_ws/install/stsl_interfaces/include/stsl_interfaces/stsl_interfaces/action/detail/execute_mission__rosidl_typesupport_fastrtps_cpp.hpp
[271.038s] -- Up-to-date: /home/ubuntu/rj_training_container/training_ws/install/stsl_interfaces/include/stsl_interfaces/stsl_interfaces/action/detail/park_at_peak__rosidl_typesupport_fastrtps_cpp.hpp
[271.057s] -- Up-to-date: /home/ubuntu/rj_training_container/training_ws/install/stsl_interfaces/include/stsl_interfaces/stsl_interfaces/msg
[271.083s] -- Up-to-date: /home/ubuntu/rj_training_container/training_ws/install/stsl_interfaces/include/stsl_interfaces/stsl_interfaces/msg/detail
[271.114s] -- Up-to-date: /home/ubuntu/rj_training_container/training_ws/install/stsl_interfaces/include/stsl_interfaces/stsl_interfaces/msg/detail/dds_fastrtps
[271.150s] -- Up-to-date: /home/ubuntu/rj_training_container/training_ws/install/stsl_interfaces/include/stsl_interfaces/stsl_interfaces/msg/detail/mineral_deposit_array__rosidl_typesupport_fastrtps_cpp.hpp
[271.176s] -- Up-to-date: /home/ubuntu/rj_training_container/training_ws/install/stsl_interfaces/include/stsl_interfaces/stsl_interfaces/msg/detail/mineral_deposit_sample__rosidl_typesupport_fastrtps_cpp.hpp
[271.201s] -- Up-to-date: /home/ubuntu/rj_training_container/training_ws/install/stsl_interfaces/include/stsl_interfaces/stsl_interfaces/msg/detail/mineral_deposit__rosidl_typesupport_fastrtps_cpp.hpp
[271.227s] -- Up-to-date: /home/ubuntu/rj_training_container/training_ws/install/stsl_interfaces/include/stsl_interfaces/stsl_interfaces/msg/detail/tag_array__rosidl_typesupport_fastrtps_cpp.hpp
[271.253s] -- Up-to-date: /home/ubuntu/rj_training_container/training_ws/install/stsl_interfaces/include/stsl_interfaces/stsl_interfaces/msg/detail/tag__rosidl_typesupport_fastrtps_cpp.hpp
[271.275s] -- Up-to-date: /home/ubuntu/rj_training_container/training_ws/install/stsl_interfaces/include/stsl_interfaces/stsl_interfaces/msg/rosidl_typesupport_fastrtps_cpp__visibility_control.h
[271.293s] -- Up-to-date: /home/ubuntu/rj_training_container/training_ws/install/stsl_interfaces/include/stsl_interfaces/stsl_interfaces/srv
[271.320s] -- Up-to-date: /home/ubuntu/rj_training_container/training_ws/install/stsl_interfaces/include/stsl_interfaces/stsl_interfaces/srv/detail
[271.350s] -- Up-to-date: /home/ubuntu/rj_training_container/training_ws/install/stsl_interfaces/include/stsl_interfaces/stsl_interfaces/srv/detail/dds_fastrtps
[271.390s] -- Up-to-date: /home/ubuntu/rj_training_container/training_ws/install/stsl_interfaces/include/stsl_interfaces/stsl_interfaces/srv/detail/reset_mineral_deposit_tracking__rosidl_typesupport_fastrtps_cpp.hpp
[271.417s] -- Up-to-date: /home/ubuntu/rj_training_container/training_ws/install/stsl_interfaces/include/stsl_interfaces/stsl_interfaces/srv/detail/sample_elevation__rosidl_typesupport_fastrtps_cpp.hpp
[271.569s] -- Up-to-date: /home/ubuntu/rj_training_container/training_ws/install/stsl_interfaces/lib/libstsl_interfaces__rosidl_typesupport_fastrtps_cpp.so
[271.613s] -- Up-to-date: /home/ubuntu/rj_training_container/training_ws/install/stsl_interfaces/include/stsl_interfaces/stsl_interfaces
[271.635s] -- Up-to-date: /home/ubuntu/rj_training_container/training_ws/install/stsl_interfaces/include/stsl_interfaces/stsl_interfaces/action
[271.663s] -- Up-to-date: /home/ubuntu/rj_training_container/training_ws/install/stsl_interfaces/include/stsl_interfaces/stsl_interfaces/action/detail
[271.700s] -- Up-to-date: /home/ubuntu/rj_training_container/training_ws/install/stsl_interfaces/include/stsl_interfaces/stsl_interfaces/action/detail/execute_mission__rosidl_typesupport_introspection_cpp.hpp
[271.729s] -- Up-to-date: /home/ubuntu/rj_training_container/training_ws/install/stsl_interfaces/include/stsl_interfaces/stsl_interfaces/action/detail/execute_mission__type_support.cpp
[271.758s] -- Up-to-date: /home/ubuntu/rj_training_container/training_ws/install/stsl_interfaces/include/stsl_interfaces/stsl_interfaces/action/detail/park_at_peak__rosidl_typesupport_introspection_cpp.hpp
[271.787s] -- Up-to-date: /home/ubuntu/rj_training_container/training_ws/install/stsl_interfaces/include/stsl_interfaces/stsl_interfaces/action/detail/park_at_peak__type_support.cpp
[271.805s] -- Up-to-date: /home/ubuntu/rj_training_container/training_ws/install/stsl_interfaces/include/stsl_interfaces/stsl_interfaces/msg
[271.832s] -- Up-to-date: /home/ubuntu/rj_training_container/training_ws/install/stsl_interfaces/include/stsl_interfaces/stsl_interfaces/msg/detail
[271.869s] -- Up-to-date: /home/ubuntu/rj_training_container/training_ws/install/stsl_interfaces/include/stsl_interfaces/stsl_interfaces/msg/detail/mineral_deposit_array__rosidl_typesupport_introspection_cpp.hpp
[271.894s] -- Up-to-date: /home/ubuntu/rj_training_container/training_ws/install/stsl_interfaces/include/stsl_interfaces/stsl_interfaces/msg/detail/mineral_deposit_array__type_support.cpp
[271.920s] -- Up-to-date: /home/ubuntu/rj_training_container/training_ws/install/stsl_interfaces/include/stsl_interfaces/stsl_interfaces/msg/detail/mineral_deposit_sample__rosidl_typesupport_introspection_cpp.hpp
[271.947s] -- Up-to-date: /home/ubuntu/rj_training_container/training_ws/install/stsl_interfaces/include/stsl_interfaces/stsl_interfaces/msg/detail/mineral_deposit_sample__type_support.cpp
[271.973s] -- Up-to-date: /home/ubuntu/rj_training_container/training_ws/install/stsl_interfaces/include/stsl_interfaces/stsl_interfaces/msg/detail/mineral_deposit__rosidl_typesupport_introspection_cpp.hpp
[272.000s] -- Up-to-date: /home/ubuntu/rj_training_container/training_ws/install/stsl_interfaces/include/stsl_interfaces/stsl_interfaces/msg/detail/mineral_deposit__type_support.cpp
[272.027s] -- Up-to-date: /home/ubuntu/rj_training_container/training_ws/install/stsl_interfaces/include/stsl_interfaces/stsl_interfaces/msg/detail/tag_array__rosidl_typesupport_introspection_cpp.hpp
[272.054s] -- Up-to-date: /home/ubuntu/rj_training_container/training_ws/install/stsl_interfaces/include/stsl_interfaces/stsl_interfaces/msg/detail/tag_array__type_support.cpp
[272.081s] -- Up-to-date: /home/ubuntu/rj_training_container/training_ws/install/stsl_interfaces/include/stsl_interfaces/stsl_interfaces/msg/detail/tag__rosidl_typesupport_introspection_cpp.hpp
[272.108s] -- Up-to-date: /home/ubuntu/rj_training_container/training_ws/install/stsl_interfaces/include/stsl_interfaces/stsl_interfaces/msg/detail/tag__type_support.cpp
[272.127s] -- Up-to-date: /home/ubuntu/rj_training_container/training_ws/install/stsl_interfaces/include/stsl_interfaces/stsl_interfaces/srv
[272.153s] -- Up-to-date: /home/ubuntu/rj_training_container/training_ws/install/stsl_interfaces/include/stsl_interfaces/stsl_interfaces/srv/detail
[272.189s] -- Up-to-date: /home/ubuntu/rj_training_container/training_ws/install/stsl_interfaces/include/stsl_interfaces/stsl_interfaces/srv/detail/reset_mineral_deposit_tracking__rosidl_typesupport_introspection_cpp.hpp
[272.215s] -- Up-to-date: /home/ubuntu/rj_training_container/training_ws/install/stsl_interfaces/include/stsl_interfaces/stsl_interfaces/srv/detail/reset_mineral_deposit_tracking__type_support.cpp
[272.242s] -- Up-to-date: /home/ubuntu/rj_training_container/training_ws/install/stsl_interfaces/include/stsl_interfaces/stsl_interfaces/srv/detail/sample_elevation__rosidl_typesupport_introspection_cpp.hpp
[272.266s] -- Up-to-date: /home/ubuntu/rj_training_container/training_ws/install/stsl_interfaces/include/stsl_interfaces/stsl_interfaces/srv/detail/sample_elevation__type_support.cpp
[272.308s] -- Up-to-date: /home/ubuntu/rj_training_container/training_ws/install/stsl_interfaces/lib/libstsl_interfaces__rosidl_typesupport_introspection_cpp.so
[272.377s] -- Up-to-date: /home/ubuntu/rj_training_container/training_ws/install/stsl_interfaces/lib/libstsl_interfaces__rosidl_typesupport_cpp.so
[272.426s] -- Up-to-date: /home/ubuntu/rj_training_container/training_ws/install/stsl_interfaces/share/stsl_interfaces/environment/pythonpath.sh
[272.448s] -- Up-to-date: /home/ubuntu/rj_training_container/training_ws/install/stsl_interfaces/share/stsl_interfaces/environment/pythonpath.dsv
[272.470s] -- Up-to-date: /home/ubuntu/rj_training_container/training_ws/install/stsl_interfaces/local/lib/python3.10/dist-packages/stsl_interfaces-0.1.0-py3.10.egg-info
[272.507s] -- Installing: /home/ubuntu/rj_training_container/training_ws/install/stsl_interfaces/local/lib/python3.10/dist-packages/stsl_interfaces-0.1.0-py3.10.egg-info/dependency_links.txt
[272.605s] -- Installing: /home/ubuntu/rj_training_container/training_ws/install/stsl_interfaces/local/lib/python3.10/dist-packages/stsl_interfaces-0.1.0-py3.10.egg-info/PKG-INFO
[272.702s] -- Installing: /home/ubuntu/rj_training_container/training_ws/install/stsl_interfaces/local/lib/python3.10/dist-packages/stsl_interfaces-0.1.0-py3.10.egg-info/SOURCES.txt
[272.795s] -- Installing: /home/ubuntu/rj_training_container/training_ws/install/stsl_interfaces/local/lib/python3.10/dist-packages/stsl_interfaces-0.1.0-py3.10.egg-info/top_level.txt
[272.881s] -- Up-to-date: /home/ubuntu/rj_training_container/training_ws/install/stsl_interfaces/local/lib/python3.10/dist-packages/stsl_interfaces
[272.908s] -- Up-to-date: /home/ubuntu/rj_training_container/training_ws/install/stsl_interfaces/local/lib/python3.10/dist-packages/stsl_interfaces/action
[272.944s] -- Up-to-date: /home/ubuntu/rj_training_container/training_ws/install/stsl_interfaces/local/lib/python3.10/dist-packages/stsl_interfaces/action/_execute_mission.py
[272.972s] -- Up-to-date: /home/ubuntu/rj_training_container/training_ws/install/stsl_interfaces/local/lib/python3.10/dist-packages/stsl_interfaces/action/_execute_mission_s.c
[272.998s] -- Up-to-date: /home/ubuntu/rj_training_container/training_ws/install/stsl_interfaces/local/lib/python3.10/dist-packages/stsl_interfaces/action/_park_at_peak.py
[273.025s] -- Up-to-date: /home/ubuntu/rj_training_container/training_ws/install/stsl_interfaces/local/lib/python3.10/dist-packages/stsl_interfaces/action/_park_at_peak_s.c
[273.051s] -- Up-to-date: /home/ubuntu/rj_training_container/training_ws/install/stsl_interfaces/local/lib/python3.10/dist-packages/stsl_interfaces/action/__init__.py
[273.076s] -- Up-to-date: /home/ubuntu/rj_training_container/training_ws/install/stsl_interfaces/local/lib/python3.10/dist-packages/stsl_interfaces/libstsl_interfaces__rosidl_generator_py.so
[273.097s] -- Up-to-date: /home/ubuntu/rj_training_container/training_ws/install/stsl_interfaces/local/lib/python3.10/dist-packages/stsl_interfaces/msg
[273.132s] -- Up-to-date: /home/ubuntu/rj_training_container/training_ws/install/stsl_interfaces/local/lib/python3.10/dist-packages/stsl_interfaces/msg/_mineral_deposit.py
[273.159s] -- Up-to-date: /home/ubuntu/rj_training_container/training_ws/install/stsl_interfaces/local/lib/python3.10/dist-packages/stsl_interfaces/msg/_mineral_deposit_array.py
[273.188s] -- Up-to-date: /home/ubuntu/rj_training_container/training_ws/install/stsl_interfaces/local/lib/python3.10/dist-packages/stsl_interfaces/msg/_mineral_deposit_array_s.c
[273.214s] -- Up-to-date: /home/ubuntu/rj_training_container/training_ws/install/stsl_interfaces/local/lib/python3.10/dist-packages/stsl_interfaces/msg/_mineral_deposit_s.c
[273.240s] -- Up-to-date: /home/ubuntu/rj_training_container/training_ws/install/stsl_interfaces/local/lib/python3.10/dist-packages/stsl_interfaces/msg/_mineral_deposit_sample.py
[273.265s] -- Up-to-date: /home/ubuntu/rj_training_container/training_ws/install/stsl_interfaces/local/lib/python3.10/dist-packages/stsl_interfaces/msg/_mineral_deposit_sample_s.c
[273.291s] -- Up-to-date: /home/ubuntu/rj_training_container/training_ws/install/stsl_interfaces/local/lib/python3.10/dist-packages/stsl_interfaces/msg/_tag.py
[273.316s] -- Up-to-date: /home/ubuntu/rj_training_container/training_ws/install/stsl_interfaces/local/lib/python3.10/dist-packages/stsl_interfaces/msg/_tag_array.py
[273.342s] -- Up-to-date: /home/ubuntu/rj_training_container/training_ws/install/stsl_interfaces/local/lib/python3.10/dist-packages/stsl_interfaces/msg/_tag_array_s.c
[273.369s] -- Up-to-date: /home/ubuntu/rj_training_container/training_ws/install/stsl_interfaces/local/lib/python3.10/dist-packages/stsl_interfaces/msg/_tag_s.c
[273.395s] -- Up-to-date: /home/ubuntu/rj_training_container/training_ws/install/stsl_interfaces/local/lib/python3.10/dist-packages/stsl_interfaces/msg/__init__.py
[273.419s] -- Up-to-date: /home/ubuntu/rj_training_container/training_ws/install/stsl_interfaces/local/lib/python3.10/dist-packages/stsl_interfaces/srv
[273.454s] -- Up-to-date: /home/ubuntu/rj_training_container/training_ws/install/stsl_interfaces/local/lib/python3.10/dist-packages/stsl_interfaces/srv/_reset_mineral_deposit_tracking.py
[273.480s] -- Up-to-date: /home/ubuntu/rj_training_container/training_ws/install/stsl_interfaces/local/lib/python3.10/dist-packages/stsl_interfaces/srv/_reset_mineral_deposit_tracking_s.c
[273.506s] -- Up-to-date: /home/ubuntu/rj_training_container/training_ws/install/stsl_interfaces/local/lib/python3.10/dist-packages/stsl_interfaces/srv/_sample_elevation.py
[273.535s] -- Up-to-date: /home/ubuntu/rj_training_container/training_ws/install/stsl_interfaces/local/lib/python3.10/dist-packages/stsl_interfaces/srv/_sample_elevation_s.c
[273.561s] -- Up-to-date: /home/ubuntu/rj_training_container/training_ws/install/stsl_interfaces/local/lib/python3.10/dist-packages/stsl_interfaces/srv/__init__.py
[273.585s] -- Up-to-date: /home/ubuntu/rj_training_container/training_ws/install/stsl_interfaces/local/lib/python3.10/dist-packages/stsl_interfaces/stsl_interfaces_s__rosidl_typesupport_c.cpython-310-x86_64-linux-gnu.so
[273.607s] -- Up-to-date: /home/ubuntu/rj_training_container/training_ws/install/stsl_interfaces/local/lib/python3.10/dist-packages/stsl_interfaces/stsl_interfaces_s__rosidl_typesupport_fastrtps_c.cpython-310-x86_64-linux-gnu.so
[273.630s] -- Up-to-date: /home/ubuntu/rj_training_container/training_ws/install/stsl_interfaces/local/lib/python3.10/dist-packages/stsl_interfaces/stsl_interfaces_s__rosidl_typesupport_introspection_c.cpython-310-x86_64-linux-gnu.so
[273.653s] -- Up-to-date: /home/ubuntu/rj_training_container/training_ws/install/stsl_interfaces/local/lib/python3.10/dist-packages/stsl_interfaces/_stsl_interfaces_s.ep.rosidl_typesupport_c.c
[273.676s] -- Up-to-date: /home/ubuntu/rj_training_container/training_ws/install/stsl_interfaces/local/lib/python3.10/dist-packages/stsl_interfaces/_stsl_interfaces_s.ep.rosidl_typesupport_fastrtps_c.c
[273.699s] -- Up-to-date: /home/ubuntu/rj_training_container/training_ws/install/stsl_interfaces/local/lib/python3.10/dist-packages/stsl_interfaces/_stsl_interfaces_s.ep.rosidl_typesupport_introspection_c.c
[273.722s] -- Up-to-date: /home/ubuntu/rj_training_container/training_ws/install/stsl_interfaces/local/lib/python3.10/dist-packages/stsl_interfaces/__init__.py
[275.697s] Listing '/home/ubuntu/rj_training_container/training_ws/install/stsl_interfaces/local/lib/python3.10/dist-packages/stsl_interfaces'...
[275.698s] Listing '/home/ubuntu/rj_training_container/training_ws/install/stsl_interfaces/local/lib/python3.10/dist-packages/stsl_interfaces/action'...
[275.699s] Listing '/home/ubuntu/rj_training_container/training_ws/install/stsl_interfaces/local/lib/python3.10/dist-packages/stsl_interfaces/msg'...
[275.700s] Listing '/home/ubuntu/rj_training_container/training_ws/install/stsl_interfaces/local/lib/python3.10/dist-packages/stsl_interfaces/srv'...
[275.768s] -- Up-to-date: /home/ubuntu/rj_training_container/training_ws/install/stsl_interfaces/local/lib/python3.10/dist-packages/stsl_interfaces/stsl_interfaces_s__rosidl_typesupport_fastrtps_c.cpython-310-x86_64-linux-gnu.so
[275.889s] -- Up-to-date: /home/ubuntu/rj_training_container/training_ws/install/stsl_interfaces/local/lib/python3.10/dist-packages/stsl_interfaces/stsl_interfaces_s__rosidl_typesupport_introspection_c.cpython-310-x86_64-linux-gnu.so
[276.013s] -- Up-to-date: /home/ubuntu/rj_training_container/training_ws/install/stsl_interfaces/local/lib/python3.10/dist-packages/stsl_interfaces/stsl_interfaces_s__rosidl_typesupport_c.cpython-310-x86_64-linux-gnu.so
[276.100s] -- Up-to-date: /home/ubuntu/rj_training_container/training_ws/install/stsl_interfaces/lib/libstsl_interfaces__rosidl_generator_py.so
[276.151s] -- Up-to-date: /home/ubuntu/rj_training_container/training_ws/install/stsl_interfaces/share/stsl_interfaces/msg/MineralDeposit.idl
[276.176s] -- Up-to-date: /home/ubuntu/rj_training_container/training_ws/install/stsl_interfaces/share/stsl_interfaces/msg/MineralDepositArray.idl
[276.203s] -- Up-to-date: /home/ubuntu/rj_training_container/training_ws/install/stsl_interfaces/share/stsl_interfaces/msg/MineralDepositSample.idl
[276.230s] -- Up-to-date: /home/ubuntu/rj_training_container/training_ws/install/stsl_interfaces/share/stsl_interfaces/msg/Tag.idl
[276.256s] -- Up-to-date: /home/ubuntu/rj_training_container/training_ws/install/stsl_interfaces/share/stsl_interfaces/msg/TagArray.idl
[276.282s] -- Up-to-date: /home/ubuntu/rj_training_container/training_ws/install/stsl_interfaces/share/stsl_interfaces/srv/ResetMineralDepositTracking.idl
[276.310s] -- Up-to-date: /home/ubuntu/rj_training_container/training_ws/install/stsl_interfaces/share/stsl_interfaces/srv/SampleElevation.idl
[276.336s] -- Up-to-date: /home/ubuntu/rj_training_container/training_ws/install/stsl_interfaces/share/stsl_interfaces/action/ExecuteMission.idl
[276.364s] -- Up-to-date: /home/ubuntu/rj_training_container/training_ws/install/stsl_interfaces/share/stsl_interfaces/action/ParkAtPeak.idl
[276.394s] -- Up-to-date: /home/ubuntu/rj_training_container/training_ws/install/stsl_interfaces/share/stsl_interfaces/msg/MineralDeposit.msg
[276.424s] -- Up-to-date: /home/ubuntu/rj_training_container/training_ws/install/stsl_interfaces/share/stsl_interfaces/msg/MineralDepositArray.msg
[276.453s] -- Up-to-date: /home/ubuntu/rj_training_container/training_ws/install/stsl_interfaces/share/stsl_interfaces/msg/MineralDepositSample.msg
[276.482s] -- Up-to-date: /home/ubuntu/rj_training_container/training_ws/install/stsl_interfaces/share/stsl_interfaces/msg/Tag.msg
[276.510s] -- Up-to-date: /home/ubuntu/rj_training_container/training_ws/install/stsl_interfaces/share/stsl_interfaces/msg/TagArray.msg
[276.539s] -- Up-to-date: /home/ubuntu/rj_training_container/training_ws/install/stsl_interfaces/share/stsl_interfaces/srv/ResetMineralDepositTracking.srv
[276.564s] -- Up-to-date: /home/ubuntu/rj_training_container/training_ws/install/stsl_interfaces/share/stsl_interfaces/srv/ResetMineralDepositTracking_Request.msg
[276.589s] -- Up-to-date: /home/ubuntu/rj_training_container/training_ws/install/stsl_interfaces/share/stsl_interfaces/srv/ResetMineralDepositTracking_Response.msg
[276.618s] -- Up-to-date: /home/ubuntu/rj_training_container/training_ws/install/stsl_interfaces/share/stsl_interfaces/srv/SampleElevation.srv
[276.644s] -- Up-to-date: /home/ubuntu/rj_training_container/training_ws/install/stsl_interfaces/share/stsl_interfaces/srv/SampleElevation_Request.msg
[276.667s] -- Up-to-date: /home/ubuntu/rj_training_container/training_ws/install/stsl_interfaces/share/stsl_interfaces/srv/SampleElevation_Response.msg
[276.695s] -- Up-to-date: /home/ubuntu/rj_training_container/training_ws/install/stsl_interfaces/share/stsl_interfaces/action/ExecuteMission.action
[276.724s] -- Up-to-date: /home/ubuntu/rj_training_container/training_ws/install/stsl_interfaces/share/stsl_interfaces/action/ParkAtPeak.action
[276.756s] -- Up-to-date: /home/ubuntu/rj_training_container/training_ws/install/stsl_interfaces/share/ament_index/resource_index/package_run_dependencies/stsl_interfaces
[276.791s] -- Up-to-date: /home/ubuntu/rj_training_container/training_ws/install/stsl_interfaces/share/ament_index/resource_index/parent_prefix_path/stsl_interfaces
[276.811s] -- Up-to-date: /home/ubuntu/rj_training_container/training_ws/install/stsl_interfaces/share/stsl_interfaces/environment/ament_prefix_path.sh
[276.833s] -- Up-to-date: /home/ubuntu/rj_training_container/training_ws/install/stsl_interfaces/share/stsl_interfaces/environment/ament_prefix_path.dsv
[276.849s] -- Up-to-date: /home/ubuntu/rj_training_container/training_ws/install/stsl_interfaces/share/stsl_interfaces/environment/path.sh
[276.873s] -- Up-to-date: /home/ubuntu/rj_training_container/training_ws/install/stsl_interfaces/share/stsl_interfaces/environment/path.dsv
[276.893s] -- Up-to-date: /home/ubuntu/rj_training_container/training_ws/install/stsl_interfaces/share/stsl_interfaces/local_setup.bash
[276.913s] -- Up-to-date: /home/ubuntu/rj_training_container/training_ws/install/stsl_interfaces/share/stsl_interfaces/local_setup.sh
[276.933s] -- Up-to-date: /home/ubuntu/rj_training_container/training_ws/install/stsl_interfaces/share/stsl_interfaces/local_setup.zsh
[276.953s] -- Up-to-date: /home/ubuntu/rj_training_container/training_ws/install/stsl_interfaces/share/stsl_interfaces/local_setup.dsv
[276.972s] -- Installing: /home/ubuntu/rj_training_container/training_ws/install/stsl_interfaces/share/stsl_interfaces/package.dsv
[277.057s] -- Up-to-date: /home/ubuntu/rj_training_container/training_ws/install/stsl_interfaces/share/ament_index/resource_index/packages/stsl_interfaces
[277.140s] -- Up-to-date: /home/ubuntu/rj_training_container/training_ws/install/stsl_interfaces/share/stsl_interfaces/cmake/export_stsl_interfaces__rosidl_generator_cExport.cmake
[277.174s] -- Up-to-date: /home/ubuntu/rj_training_container/training_ws/install/stsl_interfaces/share/stsl_interfaces/cmake/export_stsl_interfaces__rosidl_generator_cExport-noconfig.cmake
[277.238s] -- Up-to-date: /home/ubuntu/rj_training_container/training_ws/install/stsl_interfaces/share/stsl_interfaces/cmake/export_stsl_interfaces__rosidl_typesupport_fastrtps_cExport.cmake
[277.270s] -- Up-to-date: /home/ubuntu/rj_training_container/training_ws/install/stsl_interfaces/share/stsl_interfaces/cmake/export_stsl_interfaces__rosidl_typesupport_fastrtps_cExport-noconfig.cmake
[277.331s] -- Up-to-date: /home/ubuntu/rj_training_container/training_ws/install/stsl_interfaces/share/stsl_interfaces/cmake/stsl_interfaces__rosidl_typesupport_introspection_cExport.cmake
[277.362s] -- Up-to-date: /home/ubuntu/rj_training_container/training_ws/install/stsl_interfaces/share/stsl_interfaces/cmake/stsl_interfaces__rosidl_typesupport_introspection_cExport-noconfig.cmake
[277.429s] -- Up-to-date: /home/ubuntu/rj_training_container/training_ws/install/stsl_interfaces/share/stsl_interfaces/cmake/stsl_interfaces__rosidl_typesupport_cExport.cmake
[277.460s] -- Up-to-date: /home/ubuntu/rj_training_container/training_ws/install/stsl_interfaces/share/stsl_interfaces/cmake/stsl_interfaces__rosidl_typesupport_cExport-noconfig.cmake
[277.521s] -- Up-to-date: /home/ubuntu/rj_training_container/training_ws/install/stsl_interfaces/share/stsl_interfaces/cmake/export_stsl_interfaces__rosidl_generator_cppExport.cmake
[277.582s] -- Up-to-date: /home/ubuntu/rj_training_container/training_ws/install/stsl_interfaces/share/stsl_interfaces/cmake/export_stsl_interfaces__rosidl_typesupport_fastrtps_cppExport.cmake
[277.611s] -- Up-to-date: /home/ubuntu/rj_training_container/training_ws/install/stsl_interfaces/share/stsl_interfaces/cmake/export_stsl_interfaces__rosidl_typesupport_fastrtps_cppExport-noconfig.cmake
[277.671s] -- Up-to-date: /home/ubuntu/rj_training_container/training_ws/install/stsl_interfaces/share/stsl_interfaces/cmake/stsl_interfaces__rosidl_typesupport_introspection_cppExport.cmake
[277.702s] -- Up-to-date: /home/ubuntu/rj_training_container/training_ws/install/stsl_interfaces/share/stsl_interfaces/cmake/stsl_interfaces__rosidl_typesupport_introspection_cppExport-noconfig.cmake
[277.761s] -- Up-to-date: /home/ubuntu/rj_training_container/training_ws/install/stsl_interfaces/share/stsl_interfaces/cmake/stsl_interfaces__rosidl_typesupport_cppExport.cmake
[277.791s] -- Up-to-date: /home/ubuntu/rj_training_container/training_ws/install/stsl_interfaces/share/stsl_interfaces/cmake/stsl_interfaces__rosidl_typesupport_cppExport-noconfig.cmake
[277.850s] -- Up-to-date: /home/ubuntu/rj_training_container/training_ws/install/stsl_interfaces/share/stsl_interfaces/cmake/export_stsl_interfaces__rosidl_generator_pyExport.cmake
[277.881s] -- Up-to-date: /home/ubuntu/rj_training_container/training_ws/install/stsl_interfaces/share/stsl_interfaces/cmake/export_stsl_interfaces__rosidl_generator_pyExport-noconfig.cmake
[277.904s] -- Up-to-date: /home/ubuntu/rj_training_container/training_ws/install/stsl_interfaces/share/stsl_interfaces/cmake/rosidl_cmake-extras.cmake
[277.924s] -- Up-to-date: /home/ubuntu/rj_training_container/training_ws/install/stsl_interfaces/share/stsl_interfaces/cmake/ament_cmake_export_dependencies-extras.cmake
[277.945s] -- Up-to-date: /home/ubuntu/rj_training_container/training_ws/install/stsl_interfaces/share/stsl_interfaces/cmake/ament_cmake_export_include_directories-extras.cmake
[277.968s] -- Up-to-date: /home/ubuntu/rj_training_container/training_ws/install/stsl_interfaces/share/stsl_interfaces/cmake/ament_cmake_export_libraries-extras.cmake
[277.991s] -- Up-to-date: /home/ubuntu/rj_training_container/training_ws/install/stsl_interfaces/share/stsl_interfaces/cmake/ament_cmake_export_targets-extras.cmake
[278.012s] -- Up-to-date: /home/ubuntu/rj_training_container/training_ws/install/stsl_interfaces/share/stsl_interfaces/cmake/rosidl_cmake_export_typesupport_targets-extras.cmake
[278.036s] -- Up-to-date: /home/ubuntu/rj_training_container/training_ws/install/stsl_interfaces/share/stsl_interfaces/cmake/rosidl_cmake_export_typesupport_libraries-extras.cmake
[278.059s] -- Up-to-date: /home/ubuntu/rj_training_container/training_ws/install/stsl_interfaces/share/stsl_interfaces/cmake/stsl_interfacesConfig.cmake
[278.076s] -- Up-to-date: /home/ubuntu/rj_training_container/training_ws/install/stsl_interfaces/share/stsl_interfaces/cmake/stsl_interfacesConfig-version.cmake
[278.100s] -- Up-to-date: /home/ubuntu/rj_training_container/training_ws/install/stsl_interfaces/share/stsl_interfaces/package.xml
[278.136s] Invoked command in '/home/ubuntu/rj_training_container/training_ws/build/stsl_interfaces' returned '0': CMAKE_PREFIX_PATH=${CMAKE_PREFIX_PATH}:/home/ubuntu/rj_training_container/training_ws/install/keyboard:/opt/ros/humble /usr/bin/cmake --install /home/ubuntu/rj_training_container/training_ws/build/stsl_interfaces
