[5.594s] Invoking command in '/home/ubuntu/rj_training_container/training_ws/build/astar_path_planner': CMAKE_PREFIX_PATH=${CMAKE_PREFIX_PATH}:/home/ubuntu/rj_training_container/training_ws/install/keyboard:/opt/ros/humble /usr/bin/cmake --build /home/ubuntu/rj_training_container/training_ws/build/astar_path_planner -- -j16 -l16
[16.597s] -- Found ament_cmake: 1.3.11 (/opt/ros/humble/share/ament_cmake/cmake)
[25.736s] -- Found rclcpp: 16.0.11 (/opt/ros/humble/share/rclcpp/cmake)
[26.568s] -- Found rosidl_generator_c: 3.1.6 (/opt/ros/humble/share/rosidl_generator_c/cmake)
[26.573s] -- Found rosidl_adapter: 3.1.6 (/opt/ros/humble/share/rosidl_adapter/cmake)
[26.585s] -- Found rosidl_generator_cpp: 3.1.6 (/opt/ros/humble/share/rosidl_generator_cpp/cmake)
[26.837s] -- Using all available rosidl_typesupport_c: rosidl_typesupport_fastrtps_c;rosidl_typesupport_introspection_c
[27.131s] -- Using all available rosidl_typesupport_cpp: rosidl_typesupport_fastrtps_cpp;rosidl_typesupport_introspection_cpp
[27.738s] -- Found rmw_implementation_cmake: 6.1.2 (/opt/ros/humble/share/rmw_implementation_cmake/cmake)
[28.000s] -- Found rmw_fastrtps_cpp: 6.2.7 (/opt/ros/humble/share/rmw_fastrtps_cpp/cmake)
[53.333s] -- Using RMW implementation 'rmw_fastrtps_cpp' as default
[56.813s] [31mCMake Error at CMakeLists.txt:6 (find_package):
[56.817s]   By not providing "Findnav2_core.cmake" in CMAKE_MODULE_PATH this project
[56.821s]   has asked CMake to find a package configuration file provided by
[56.825s]   "nav2_core", but CMake did not find one.
[56.829s] 
[56.833s]   Could not find a package configuration file provided by "nav2_core" with
[56.836s]   any of the following names:
[56.839s] 
[56.843s]     nav2_coreConfig.cmake
[56.847s]     nav2_core-config.cmake
[56.852s] 
[56.856s]   Add the installation prefix of "nav2_core" to CMAKE_PREFIX_PATH or set
[56.860s]   "nav2_core_DIR" to a directory containing one of the above files.  If
[56.864s]   "nav2_core" provides a separate development package or SDK, be sure it has
[56.868s]   been installed.
[56.872s] 
[56.881s] [0m
[56.892s] -- Configuring incomplete, errors occurred!
[56.895s] See also "/home/ubuntu/rj_training_container/training_ws/build/astar_path_planner/CMakeFiles/CMakeOutput.log".
[56.903s] gmake: *** [Makefile:321: cmake_check_build_system] Error 1
[56.969s] Invoked command in '/home/ubuntu/rj_training_container/training_ws/build/astar_path_planner' returned '2': CMAKE_PREFIX_PATH=${CMAKE_PREFIX_PATH}:/home/ubuntu/rj_training_container/training_ws/install/keyboard:/opt/ros/humble /usr/bin/cmake --build /home/ubuntu/rj_training_container/training_ws/build/astar_path_planner -- -j16 -l16
