[7.569s] Invoking command in '/home/ubuntu/rj_training_container/training_ws/src/trainingv2/turtlesim_project/src/keyboard': PYTHONPATH=/home/ubuntu/rj_training_container/training_ws/build/keyboard/prefix_override:/usr/lib/python3/dist-packages/colcon_core/task/python/colcon_distutils_commands:/home/ubuntu/rj_training_container/training_ws/install/keyboard/lib/python3.10/site-packages:${PYTHONPATH} /usr/bin/python3 -W ignore:setup.py install is deprecated setup.py egg_info --egg-base ../../../../../build/keyboard build --build-base /home/ubuntu/rj_training_container/training_ws/build/keyboard/build install --record /home/ubuntu/rj_training_container/training_ws/build/keyboard/install.log --single-version-externally-managed install_data
[8.356s] running egg_info
[8.362s] writing ../../../../../build/keyboard/keyboard.egg-info/PKG-INFO
[8.371s] writing dependency_links to ../../../../../build/keyboard/keyboard.egg-info/dependency_links.txt
[8.378s] writing entry points to ../../../../../build/keyboard/keyboard.egg-info/entry_points.txt
[8.384s] writing requirements to ../../../../../build/keyboard/keyboard.egg-info/requires.txt
[8.387s] writing top-level names to ../../../../../build/keyboard/keyboard.egg-info/top_level.txt
[8.426s] reading manifest file '../../../../../build/keyboard/keyboard.egg-info/SOURCES.txt'
[8.508s] writing manifest file '../../../../../build/keyboard/keyboard.egg-info/SOURCES.txt'
[8.511s] running build
[8.512s] running build_py
[8.554s] running install
[8.555s] running install_lib
[8.661s] running install_data
[8.694s] running install_egg_info
[8.705s] removing '/home/ubuntu/rj_training_container/training_ws/install/keyboard/lib/python3.10/site-packages/keyboard-0.0.0-py3.10.egg-info' (and everything under it)
[8.763s] Copying ../../../../../build/keyboard/keyboard.egg-info to /home/ubuntu/rj_training_container/training_ws/install/keyboard/lib/python3.10/site-packages/keyboard-0.0.0-py3.10.egg-info
[9.016s] running install_scripts
[9.097s] Installing keystroke_listen script to /home/ubuntu/rj_training_container/training_ws/install/keyboard/lib/keyboard
[9.110s] writing list of installed files to '/home/ubuntu/rj_training_container/training_ws/build/keyboard/install.log'
[11.903s] Invoked command in '/home/ubuntu/rj_training_container/training_ws/src/trainingv2/turtlesim_project/src/keyboard' returned '0': PYTHONPATH=/home/ubuntu/rj_training_container/training_ws/build/keyboard/prefix_override:/usr/lib/python3/dist-packages/colcon_core/task/python/colcon_distutils_commands:/home/ubuntu/rj_training_container/training_ws/install/keyboard/lib/python3.10/site-packages:${PYTHONPATH} /usr/bin/python3 -W ignore:setup.py install is deprecated setup.py egg_info --egg-base ../../../../../build/keyboard build --build-base /home/ubuntu/rj_training_container/training_ws/build/keyboard/build install --record /home/ubuntu/rj_training_container/training_ws/build/keyboard/install.log --single-version-externally-managed install_data
