[  3%] Built target joystick_msgs__cpp
[35m[1mConsolidate compiler generated dependencies of target joystick_msgs__rosidl_generator_c[0m
[35m[1mConsolidate compiler generated dependencies of target joystick_msgs__rosidl_typesupport_cpp[0m
[35m[1mConsolidate compiler generated dependencies of target joystick_msgs__rosidl_typesupport_introspection_cpp[0m
[35m[1mConsolidate compiler generated dependencies of target joystick_msgs__rosidl_typesupport_fastrtps_cpp[0m
[ 12%] Built target joystick_msgs__rosidl_generator_c
[35m[1mConsolidate compiler generated dependencies of target joystick_msgs__rosidl_typesupport_c[0m
[35m[1mConsolidate compiler generated dependencies of target joystick_msgs__rosidl_typesupport_fastrtps_c[0m
[35m[1mConsolidate compiler generated dependencies of target joystick_msgs__rosidl_typesupport_introspection_c[0m
[ 22%] Built target joystick_msgs__rosidl_typesupport_cpp
[ 38%] Built target joystick_msgs__rosidl_typesupport_introspection_cpp
[ 41%] Built target joystick_msgs__rosidl_typesupport_c
[ 51%] Built target joystick_msgs__rosidl_typesupport_fastrtps_cpp
[ 61%] Built target joystick_msgs__rosidl_typesupport_introspection_c
[ 70%] Built target joystick_msgs__rosidl_typesupport_fastrtps_c
[ 70%] Built target ament_cmake_python_copy_joystick_msgs
[ 70%] Built target joystick_msgs
[ 74%] Built target joystick_msgs__py
[35m[1mConsolidate compiler generated dependencies of target joystick_msgs__rosidl_generator_py[0m
running egg_info
writing joystick_msgs.egg-info/PKG-INFO
writing dependency_links to joystick_msgs.egg-info/dependency_links.txt
writing top-level names to joystick_msgs.egg-info/top_level.txt
reading manifest file 'joystick_msgs.egg-info/SOURCES.txt'
writing manifest file 'joystick_msgs.egg-info/SOURCES.txt'
[ 74%] Built target ament_cmake_python_build_joystick_msgs_egg
[ 80%] Built target joystick_msgs__rosidl_generator_py
[35m[1mConsolidate compiler generated dependencies of target joystick_msgs__rosidl_typesupport_fastrtps_c__pyext[0m
[35m[1mConsolidate compiler generated dependencies of target joystick_msgs__rosidl_typesupport_c__pyext[0m
[35m[1mConsolidate compiler generated dependencies of target joystick_msgs__rosidl_typesupport_introspection_c__pyext[0m
[100%] Built target joystick_msgs__rosidl_typesupport_c__pyext
[100%] Built target joystick_msgs__rosidl_typesupport_fastrtps_c__pyext
[100%] Built target joystick_msgs__rosidl_typesupport_introspection_c__pyext
-- Install configuration: ""
-- Installing: /home/ubuntu/rj_training_container/training_ws/install/joystick_msgs/share/ament_index/resource_index/rosidl_interfaces/joystick_msgs
-- Installing: /home/ubuntu/rj_training_container/training_ws/install/joystick_msgs/include/joystick_msgs/joystick_msgs
-- Installing: /home/ubuntu/rj_training_container/training_ws/install/joystick_msgs/include/joystick_msgs/joystick_msgs/msg
-- Installing: /home/ubuntu/rj_training_container/training_ws/install/joystick_msgs/include/joystick_msgs/joystick_msgs/msg/detail
-- Installing: /home/ubuntu/rj_training_container/training_ws/install/joystick_msgs/include/joystick_msgs/joystick_msgs/msg/detail/velocity_pair__functions.c
-- Installing: /home/ubuntu/rj_training_container/training_ws/install/joystick_msgs/include/joystick_msgs/joystick_msgs/msg/detail/velocity_pair__functions.h
-- Installing: /home/ubuntu/rj_training_container/training_ws/install/joystick_msgs/include/joystick_msgs/joystick_msgs/msg/detail/velocity_pair__struct.h
-- Installing: /home/ubuntu/rj_training_container/training_ws/install/joystick_msgs/include/joystick_msgs/joystick_msgs/msg/detail/velocity_pair__type_support.h
-- Installing: /home/ubuntu/rj_training_container/training_ws/install/joystick_msgs/include/joystick_msgs/joystick_msgs/msg/rosidl_generator_c__visibility_control.h
-- Installing: /home/ubuntu/rj_training_container/training_ws/install/joystick_msgs/include/joystick_msgs/joystick_msgs/msg/velocity_pair.h
-- Installing: /home/ubuntu/rj_training_container/training_ws/install/joystick_msgs/share/joystick_msgs/environment/library_path.sh
-- Installing: /home/ubuntu/rj_training_container/training_ws/install/joystick_msgs/share/joystick_msgs/environment/library_path.dsv
-- Installing: /home/ubuntu/rj_training_container/training_ws/install/joystick_msgs/lib/libjoystick_msgs__rosidl_generator_c.so
-- Set runtime path of "/home/ubuntu/rj_training_container/training_ws/install/joystick_msgs/lib/libjoystick_msgs__rosidl_generator_c.so" to ""
-- Up-to-date: /home/ubuntu/rj_training_container/training_ws/install/joystick_msgs/include/joystick_msgs/joystick_msgs
-- Up-to-date: /home/ubuntu/rj_training_container/training_ws/install/joystick_msgs/include/joystick_msgs/joystick_msgs/msg
-- Up-to-date: /home/ubuntu/rj_training_container/training_ws/install/joystick_msgs/include/joystick_msgs/joystick_msgs/msg/detail
-- Installing: /home/ubuntu/rj_training_container/training_ws/install/joystick_msgs/include/joystick_msgs/joystick_msgs/msg/detail/velocity_pair__rosidl_typesupport_fastrtps_c.h
-- Installing: /home/ubuntu/rj_training_container/training_ws/install/joystick_msgs/include/joystick_msgs/joystick_msgs/msg/rosidl_typesupport_fastrtps_c__visibility_control.h
-- Installing: /home/ubuntu/rj_training_container/training_ws/install/joystick_msgs/lib/libjoystick_msgs__rosidl_typesupport_fastrtps_c.so
-- Set runtime path of "/home/ubuntu/rj_training_container/training_ws/install/joystick_msgs/lib/libjoystick_msgs__rosidl_typesupport_fastrtps_c.so" to ""
-- Up-to-date: /home/ubuntu/rj_training_container/training_ws/install/joystick_msgs/include/joystick_msgs/joystick_msgs
-- Up-to-date: /home/ubuntu/rj_training_container/training_ws/install/joystick_msgs/include/joystick_msgs/joystick_msgs/msg
-- Up-to-date: /home/ubuntu/rj_training_container/training_ws/install/joystick_msgs/include/joystick_msgs/joystick_msgs/msg/detail
-- Installing: /home/ubuntu/rj_training_container/training_ws/install/joystick_msgs/include/joystick_msgs/joystick_msgs/msg/detail/velocity_pair__builder.hpp
-- Installing: /home/ubuntu/rj_training_container/training_ws/install/joystick_msgs/include/joystick_msgs/joystick_msgs/msg/detail/velocity_pair__struct.hpp
-- Installing: /home/ubuntu/rj_training_container/training_ws/install/joystick_msgs/include/joystick_msgs/joystick_msgs/msg/detail/velocity_pair__traits.hpp
-- Installing: /home/ubuntu/rj_training_container/training_ws/install/joystick_msgs/include/joystick_msgs/joystick_msgs/msg/velocity_pair.hpp
-- Up-to-date: /home/ubuntu/rj_training_container/training_ws/install/joystick_msgs/include/joystick_msgs/joystick_msgs
-- Up-to-date: /home/ubuntu/rj_training_container/training_ws/install/joystick_msgs/include/joystick_msgs/joystick_msgs/msg
-- Up-to-date: /home/ubuntu/rj_training_container/training_ws/install/joystick_msgs/include/joystick_msgs/joystick_msgs/msg/detail
-- Installing: /home/ubuntu/rj_training_container/training_ws/install/joystick_msgs/include/joystick_msgs/joystick_msgs/msg/detail/dds_fastrtps
-- Installing: /home/ubuntu/rj_training_container/training_ws/install/joystick_msgs/include/joystick_msgs/joystick_msgs/msg/detail/velocity_pair__rosidl_typesupport_fastrtps_cpp.hpp
-- Installing: /home/ubuntu/rj_training_container/training_ws/install/joystick_msgs/include/joystick_msgs/joystick_msgs/msg/rosidl_typesupport_fastrtps_cpp__visibility_control.h
-- Installing: /home/ubuntu/rj_training_container/training_ws/install/joystick_msgs/lib/libjoystick_msgs__rosidl_typesupport_fastrtps_cpp.so
-- Set runtime path of "/home/ubuntu/rj_training_container/training_ws/install/joystick_msgs/lib/libjoystick_msgs__rosidl_typesupport_fastrtps_cpp.so" to ""
-- Up-to-date: /home/ubuntu/rj_training_container/training_ws/install/joystick_msgs/include/joystick_msgs/joystick_msgs
-- Up-to-date: /home/ubuntu/rj_training_container/training_ws/install/joystick_msgs/include/joystick_msgs/joystick_msgs/msg
-- Up-to-date: /home/ubuntu/rj_training_container/training_ws/install/joystick_msgs/include/joystick_msgs/joystick_msgs/msg/detail
-- Installing: /home/ubuntu/rj_training_container/training_ws/install/joystick_msgs/include/joystick_msgs/joystick_msgs/msg/detail/velocity_pair__rosidl_typesupport_introspection_c.h
-- Installing: /home/ubuntu/rj_training_container/training_ws/install/joystick_msgs/include/joystick_msgs/joystick_msgs/msg/detail/velocity_pair__type_support.c
-- Installing: /home/ubuntu/rj_training_container/training_ws/install/joystick_msgs/include/joystick_msgs/joystick_msgs/msg/rosidl_typesupport_introspection_c__visibility_control.h
-- Installing: /home/ubuntu/rj_training_container/training_ws/install/joystick_msgs/lib/libjoystick_msgs__rosidl_typesupport_introspection_c.so
-- Set runtime path of "/home/ubuntu/rj_training_container/training_ws/install/joystick_msgs/lib/libjoystick_msgs__rosidl_typesupport_introspection_c.so" to ""
-- Installing: /home/ubuntu/rj_training_container/training_ws/install/joystick_msgs/lib/libjoystick_msgs__rosidl_typesupport_c.so
-- Set runtime path of "/home/ubuntu/rj_training_container/training_ws/install/joystick_msgs/lib/libjoystick_msgs__rosidl_typesupport_c.so" to ""
-- Up-to-date: /home/ubuntu/rj_training_container/training_ws/install/joystick_msgs/include/joystick_msgs/joystick_msgs
-- Up-to-date: /home/ubuntu/rj_training_container/training_ws/install/joystick_msgs/include/joystick_msgs/joystick_msgs/msg
-- Up-to-date: /home/ubuntu/rj_training_container/training_ws/install/joystick_msgs/include/joystick_msgs/joystick_msgs/msg/detail
-- Installing: /home/ubuntu/rj_training_container/training_ws/install/joystick_msgs/include/joystick_msgs/joystick_msgs/msg/detail/velocity_pair__rosidl_typesupport_introspection_cpp.hpp
-- Installing: /home/ubuntu/rj_training_container/training_ws/install/joystick_msgs/include/joystick_msgs/joystick_msgs/msg/detail/velocity_pair__type_support.cpp
-- Installing: /home/ubuntu/rj_training_container/training_ws/install/joystick_msgs/lib/libjoystick_msgs__rosidl_typesupport_introspection_cpp.so
-- Set runtime path of "/home/ubuntu/rj_training_container/training_ws/install/joystick_msgs/lib/libjoystick_msgs__rosidl_typesupport_introspection_cpp.so" to ""
-- Installing: /home/ubuntu/rj_training_container/training_ws/install/joystick_msgs/lib/libjoystick_msgs__rosidl_typesupport_cpp.so
-- Set runtime path of "/home/ubuntu/rj_training_container/training_ws/install/joystick_msgs/lib/libjoystick_msgs__rosidl_typesupport_cpp.so" to ""
-- Installing: /home/ubuntu/rj_training_container/training_ws/install/joystick_msgs/share/joystick_msgs/environment/pythonpath.sh
-- Installing: /home/ubuntu/rj_training_container/training_ws/install/joystick_msgs/share/joystick_msgs/environment/pythonpath.dsv
-- Installing: /home/ubuntu/rj_training_container/training_ws/install/joystick_msgs/local/lib/python3.10/dist-packages/joystick_msgs-0.0.0-py3.10.egg-info
-- Installing: /home/ubuntu/rj_training_container/training_ws/install/joystick_msgs/local/lib/python3.10/dist-packages/joystick_msgs-0.0.0-py3.10.egg-info/dependency_links.txt
-- Installing: /home/ubuntu/rj_training_container/training_ws/install/joystick_msgs/local/lib/python3.10/dist-packages/joystick_msgs-0.0.0-py3.10.egg-info/PKG-INFO
-- Installing: /home/ubuntu/rj_training_container/training_ws/install/joystick_msgs/local/lib/python3.10/dist-packages/joystick_msgs-0.0.0-py3.10.egg-info/SOURCES.txt
-- Installing: /home/ubuntu/rj_training_container/training_ws/install/joystick_msgs/local/lib/python3.10/dist-packages/joystick_msgs-0.0.0-py3.10.egg-info/top_level.txt
-- Installing: /home/ubuntu/rj_training_container/training_ws/install/joystick_msgs/local/lib/python3.10/dist-packages/joystick_msgs
-- Installing: /home/ubuntu/rj_training_container/training_ws/install/joystick_msgs/local/lib/python3.10/dist-packages/joystick_msgs/joystick_msgs_s__rosidl_typesupport_c.cpython-310-x86_64-linux-gnu.so
-- Installing: /home/ubuntu/rj_training_container/training_ws/install/joystick_msgs/local/lib/python3.10/dist-packages/joystick_msgs/joystick_msgs_s__rosidl_typesupport_fastrtps_c.cpython-310-x86_64-linux-gnu.so
-- Installing: /home/ubuntu/rj_training_container/training_ws/install/joystick_msgs/local/lib/python3.10/dist-packages/joystick_msgs/joystick_msgs_s__rosidl_typesupport_introspection_c.cpython-310-x86_64-linux-gnu.so
-- Installing: /home/ubuntu/rj_training_container/training_ws/install/joystick_msgs/local/lib/python3.10/dist-packages/joystick_msgs/libjoystick_msgs__rosidl_generator_py.so
-- Installing: /home/ubuntu/rj_training_container/training_ws/install/joystick_msgs/local/lib/python3.10/dist-packages/joystick_msgs/msg
-- Installing: /home/ubuntu/rj_training_container/training_ws/install/joystick_msgs/local/lib/python3.10/dist-packages/joystick_msgs/msg/_velocity_pair.py
-- Installing: /home/ubuntu/rj_training_container/training_ws/install/joystick_msgs/local/lib/python3.10/dist-packages/joystick_msgs/msg/_velocity_pair_s.c
-- Installing: /home/ubuntu/rj_training_container/training_ws/install/joystick_msgs/local/lib/python3.10/dist-packages/joystick_msgs/msg/__init__.py
-- Installing: /home/ubuntu/rj_training_container/training_ws/install/joystick_msgs/local/lib/python3.10/dist-packages/joystick_msgs/_joystick_msgs_s.ep.rosidl_typesupport_c.c
-- Installing: /home/ubuntu/rj_training_container/training_ws/install/joystick_msgs/local/lib/python3.10/dist-packages/joystick_msgs/_joystick_msgs_s.ep.rosidl_typesupport_fastrtps_c.c
-- Installing: /home/ubuntu/rj_training_container/training_ws/install/joystick_msgs/local/lib/python3.10/dist-packages/joystick_msgs/_joystick_msgs_s.ep.rosidl_typesupport_introspection_c.c
-- Installing: /home/ubuntu/rj_training_container/training_ws/install/joystick_msgs/local/lib/python3.10/dist-packages/joystick_msgs/__init__.py
Listing '/home/ubuntu/rj_training_container/training_ws/install/joystick_msgs/local/lib/python3.10/dist-packages/joystick_msgs'...
Compiling '/home/ubuntu/rj_training_container/training_ws/install/joystick_msgs/local/lib/python3.10/dist-packages/joystick_msgs/__init__.py'...
Listing '/home/ubuntu/rj_training_container/training_ws/install/joystick_msgs/local/lib/python3.10/dist-packages/joystick_msgs/msg'...
Compiling '/home/ubuntu/rj_training_container/training_ws/install/joystick_msgs/local/lib/python3.10/dist-packages/joystick_msgs/msg/__init__.py'...
Compiling '/home/ubuntu/rj_training_container/training_ws/install/joystick_msgs/local/lib/python3.10/dist-packages/joystick_msgs/msg/_velocity_pair.py'...
-- Installing: /home/ubuntu/rj_training_container/training_ws/install/joystick_msgs/local/lib/python3.10/dist-packages/joystick_msgs/joystick_msgs_s__rosidl_typesupport_fastrtps_c.cpython-310-x86_64-linux-gnu.so
-- Set runtime path of "/home/ubuntu/rj_training_container/training_ws/install/joystick_msgs/local/lib/python3.10/dist-packages/joystick_msgs/joystick_msgs_s__rosidl_typesupport_fastrtps_c.cpython-310-x86_64-linux-gnu.so" to ""
-- Installing: /home/ubuntu/rj_training_container/training_ws/install/joystick_msgs/local/lib/python3.10/dist-packages/joystick_msgs/joystick_msgs_s__rosidl_typesupport_introspection_c.cpython-310-x86_64-linux-gnu.so
-- Set runtime path of "/home/ubuntu/rj_training_container/training_ws/install/joystick_msgs/local/lib/python3.10/dist-packages/joystick_msgs/joystick_msgs_s__rosidl_typesupport_introspection_c.cpython-310-x86_64-linux-gnu.so" to ""
-- Installing: /home/ubuntu/rj_training_container/training_ws/install/joystick_msgs/local/lib/python3.10/dist-packages/joystick_msgs/joystick_msgs_s__rosidl_typesupport_c.cpython-310-x86_64-linux-gnu.so
-- Set runtime path of "/home/ubuntu/rj_training_container/training_ws/install/joystick_msgs/local/lib/python3.10/dist-packages/joystick_msgs/joystick_msgs_s__rosidl_typesupport_c.cpython-310-x86_64-linux-gnu.so" to ""
-- Installing: /home/ubuntu/rj_training_container/training_ws/install/joystick_msgs/lib/libjoystick_msgs__rosidl_generator_py.so
-- Set runtime path of "/home/ubuntu/rj_training_container/training_ws/install/joystick_msgs/lib/libjoystick_msgs__rosidl_generator_py.so" to ""
-- Installing: /home/ubuntu/rj_training_container/training_ws/install/joystick_msgs/share/joystick_msgs/msg/VelocityPair.idl
-- Installing: /home/ubuntu/rj_training_container/training_ws/install/joystick_msgs/share/joystick_msgs/msg/VelocityPair.msg
-- Installing: /home/ubuntu/rj_training_container/training_ws/install/joystick_msgs/share/ament_index/resource_index/package_run_dependencies/joystick_msgs
-- Installing: /home/ubuntu/rj_training_container/training_ws/install/joystick_msgs/share/ament_index/resource_index/parent_prefix_path/joystick_msgs
-- Installing: /home/ubuntu/rj_training_container/training_ws/install/joystick_msgs/share/joystick_msgs/environment/ament_prefix_path.sh
-- Installing: /home/ubuntu/rj_training_container/training_ws/install/joystick_msgs/share/joystick_msgs/environment/ament_prefix_path.dsv
-- Installing: /home/ubuntu/rj_training_container/training_ws/install/joystick_msgs/share/joystick_msgs/environment/path.sh
-- Installing: /home/ubuntu/rj_training_container/training_ws/install/joystick_msgs/share/joystick_msgs/environment/path.dsv
-- Installing: /home/ubuntu/rj_training_container/training_ws/install/joystick_msgs/share/joystick_msgs/local_setup.bash
-- Installing: /home/ubuntu/rj_training_container/training_ws/install/joystick_msgs/share/joystick_msgs/local_setup.sh
-- Installing: /home/ubuntu/rj_training_container/training_ws/install/joystick_msgs/share/joystick_msgs/local_setup.zsh
-- Installing: /home/ubuntu/rj_training_container/training_ws/install/joystick_msgs/share/joystick_msgs/local_setup.dsv
-- Installing: /home/ubuntu/rj_training_container/training_ws/install/joystick_msgs/share/joystick_msgs/package.dsv
-- Installing: /home/ubuntu/rj_training_container/training_ws/install/joystick_msgs/share/ament_index/resource_index/packages/joystick_msgs
-- Installing: /home/ubuntu/rj_training_container/training_ws/install/joystick_msgs/share/joystick_msgs/cmake/export_joystick_msgs__rosidl_generator_cExport.cmake
-- Installing: /home/ubuntu/rj_training_container/training_ws/install/joystick_msgs/share/joystick_msgs/cmake/export_joystick_msgs__rosidl_generator_cExport-noconfig.cmake
-- Installing: /home/ubuntu/rj_training_container/training_ws/install/joystick_msgs/share/joystick_msgs/cmake/export_joystick_msgs__rosidl_typesupport_fastrtps_cExport.cmake
-- Installing: /home/ubuntu/rj_training_container/training_ws/install/joystick_msgs/share/joystick_msgs/cmake/export_joystick_msgs__rosidl_typesupport_fastrtps_cExport-noconfig.cmake
-- Installing: /home/ubuntu/rj_training_container/training_ws/install/joystick_msgs/share/joystick_msgs/cmake/export_joystick_msgs__rosidl_generator_cppExport.cmake
-- Installing: /home/ubuntu/rj_training_container/training_ws/install/joystick_msgs/share/joystick_msgs/cmake/export_joystick_msgs__rosidl_typesupport_fastrtps_cppExport.cmake
-- Installing: /home/ubuntu/rj_training_container/training_ws/install/joystick_msgs/share/joystick_msgs/cmake/export_joystick_msgs__rosidl_typesupport_fastrtps_cppExport-noconfig.cmake
-- Installing: /home/ubuntu/rj_training_container/training_ws/install/joystick_msgs/share/joystick_msgs/cmake/joystick_msgs__rosidl_typesupport_introspection_cExport.cmake
-- Installing: /home/ubuntu/rj_training_container/training_ws/install/joystick_msgs/share/joystick_msgs/cmake/joystick_msgs__rosidl_typesupport_introspection_cExport-noconfig.cmake
-- Installing: /home/ubuntu/rj_training_container/training_ws/install/joystick_msgs/share/joystick_msgs/cmake/joystick_msgs__rosidl_typesupport_cExport.cmake
-- Installing: /home/ubuntu/rj_training_container/training_ws/install/joystick_msgs/share/joystick_msgs/cmake/joystick_msgs__rosidl_typesupport_cExport-noconfig.cmake
-- Installing: /home/ubuntu/rj_training_container/training_ws/install/joystick_msgs/share/joystick_msgs/cmake/joystick_msgs__rosidl_typesupport_introspection_cppExport.cmake
-- Installing: /home/ubuntu/rj_training_container/training_ws/install/joystick_msgs/share/joystick_msgs/cmake/joystick_msgs__rosidl_typesupport_introspection_cppExport-noconfig.cmake
-- Installing: /home/ubuntu/rj_training_container/training_ws/install/joystick_msgs/share/joystick_msgs/cmake/joystick_msgs__rosidl_typesupport_cppExport.cmake
-- Installing: /home/ubuntu/rj_training_container/training_ws/install/joystick_msgs/share/joystick_msgs/cmake/joystick_msgs__rosidl_typesupport_cppExport-noconfig.cmake
-- Installing: /home/ubuntu/rj_training_container/training_ws/install/joystick_msgs/share/joystick_msgs/cmake/export_joystick_msgs__rosidl_generator_pyExport.cmake
-- Installing: /home/ubuntu/rj_training_container/training_ws/install/joystick_msgs/share/joystick_msgs/cmake/export_joystick_msgs__rosidl_generator_pyExport-noconfig.cmake
-- Installing: /home/ubuntu/rj_training_container/training_ws/install/joystick_msgs/share/joystick_msgs/cmake/rosidl_cmake-extras.cmake
-- Installing: /home/ubuntu/rj_training_container/training_ws/install/joystick_msgs/share/joystick_msgs/cmake/ament_cmake_export_dependencies-extras.cmake
-- Installing: /home/ubuntu/rj_training_container/training_ws/install/joystick_msgs/share/joystick_msgs/cmake/ament_cmake_export_include_directories-extras.cmake
-- Installing: /home/ubuntu/rj_training_container/training_ws/install/joystick_msgs/share/joystick_msgs/cmake/ament_cmake_export_libraries-extras.cmake
-- Installing: /home/ubuntu/rj_training_container/training_ws/install/joystick_msgs/share/joystick_msgs/cmake/ament_cmake_export_targets-extras.cmake
-- Installing: /home/ubuntu/rj_training_container/training_ws/install/joystick_msgs/share/joystick_msgs/cmake/rosidl_cmake_export_typesupport_targets-extras.cmake
-- Installing: /home/ubuntu/rj_training_container/training_ws/install/joystick_msgs/share/joystick_msgs/cmake/rosidl_cmake_export_typesupport_libraries-extras.cmake
-- Installing: /home/ubuntu/rj_training_container/training_ws/install/joystick_msgs/share/joystick_msgs/cmake/joystick_msgsConfig.cmake
-- Installing: /home/ubuntu/rj_training_container/training_ws/install/joystick_msgs/share/joystick_msgs/cmake/joystick_msgsConfig-version.cmake
-- Installing: /home/ubuntu/rj_training_container/training_ws/install/joystick_msgs/share/joystick_msgs/package.xml
