[0.287s] Invoking command in '/home/ubuntu/rj_training_container/build/stsl_utils': CMAKE_PREFIX_PATH=/opt/ros/humble /usr/bin/cmake /home/ubuntu/rj_training_container/stsl/stsl_utils -DCMAKE_INSTALL_PREFIX=/home/ubuntu/rj_training_container/install/stsl_utils
[0.895s] -- The C compiler identification is GNU 11.4.0
[1.294s] -- The CXX compiler identification is GNU 11.4.0
[1.495s] -- Detecting C compiler ABI info
[3.152s] -- Detecting C compiler ABI info - done
[3.226s] -- Check for working C compiler: /usr/bin/cc - skipped
[3.229s] -- Detecting C compile features
[3.231s] -- Detecting C compile features - done
[3.425s] -- Detecting CXX compiler ABI info
[5.096s] -- Detecting CXX compiler ABI info - done
[5.168s] -- Check for working CXX compiler: /usr/bin/c++ - skipped
[5.171s] -- Detecting CXX compile features
[5.176s] -- Detecting CXX compile features - done
[5.338s] -- Found ament_cmake: 1.3.10 (/opt/ros/humble/share/ament_cmake/cmake)
[5.580s] -- Found Python3: /usr/bin/python3 (found version "3.10.12") found components: Interpreter 
[5.939s] -- Found ament_cmake_ros: 0.10.0 (/opt/ros/humble/share/ament_cmake_ros/cmake)
[5.952s] -- Found rclcpp: 16.0.10 (/opt/ros/humble/share/rclcpp/cmake)
[6.040s] -- Found rosidl_generator_c: 3.1.5 (/opt/ros/humble/share/rosidl_generator_c/cmake)
[6.049s] -- Found rosidl_adapter: 3.1.5 (/opt/ros/humble/share/rosidl_adapter/cmake)
[6.068s] -- Found rosidl_generator_cpp: 3.1.5 (/opt/ros/humble/share/rosidl_generator_cpp/cmake)
[6.090s] -- Using all available rosidl_typesupport_c: rosidl_typesupport_fastrtps_c;rosidl_typesupport_introspection_c
[6.120s] -- Using all available rosidl_typesupport_cpp: rosidl_typesupport_fastrtps_cpp;rosidl_typesupport_introspection_cpp
[6.202s] -- Found rmw_implementation_cmake: 6.1.2 (/opt/ros/humble/share/rmw_implementation_cmake/cmake)
[6.208s] -- Found rmw_fastrtps_cpp: 6.2.7 (/opt/ros/humble/share/rmw_fastrtps_cpp/cmake)
[6.363s] -- Found OpenSSL: /usr/lib/x86_64-linux-gnu/libcrypto.so (found version "3.0.2")  
[6.432s] -- Found FastRTPS: /opt/ros/humble/include  
[6.519s] -- Using RMW implementation 'rmw_fastrtps_cpp' as default
[6.653s] -- Looking for pthread.h
[8.206s] -- Looking for pthread.h - found
[8.246s] -- Performing Test CMAKE_HAVE_LIBC_PTHREAD
[9.782s] -- Performing Test CMAKE_HAVE_LIBC_PTHREAD - Success
[9.799s] -- Found Threads: TRUE  
[9.869s] -- Found rclcpp_components: 16.0.10 (/opt/ros/humble/share/rclcpp_components/cmake)
[9.920s] -- Found geometry_msgs: 4.2.4 (/opt/ros/humble/share/geometry_msgs/cmake)
[9.944s] -- Found visualization_msgs: 4.2.4 (/opt/ros/humble/share/visualization_msgs/cmake)
[10.067s] [31mCMake Error at /usr/share/cmake-3.22/Modules/FindPackageHandleStandardArgs.cmake:230 (message):
[10.069s]   Could NOT find Curses (missing: CURSES_LIBRARY CURSES_INCLUDE_PATH)
[10.072s] Call Stack (most recent call first):
[10.075s]   /usr/share/cmake-3.22/Modules/FindPackageHandleStandardArgs.cmake:594 (_FPHSA_FAILURE_MESSAGE)
[10.078s]   /usr/share/cmake-3.22/Modules/FindCurses.cmake:268 (FIND_PACKAGE_HANDLE_STANDARD_ARGS)
[10.081s]   CMakeLists.txt:12 (find_package)
[10.083s] 
[10.085s] [0m
[10.090s] -- Configuring incomplete, errors occurred!
[10.093s] See also "/home/ubuntu/rj_training_container/build/stsl_utils/CMakeFiles/CMakeOutput.log".
[10.166s] Invoked command in '/home/ubuntu/rj_training_container/build/stsl_utils' returned '1': CMAKE_PREFIX_PATH=/opt/ros/humble /usr/bin/cmake /home/ubuntu/rj_training_container/stsl/stsl_utils -DCMAKE_INSTALL_PREFIX=/home/ubuntu/rj_training_container/install/stsl_utils
