[7.125s] Invoking command in '/home/ubuntu/rj_training_container/training_ws/build/rj_training_bringup': CMAKE_PREFIX_PATH=${CMAKE_PREFIX_PATH}:/home/ubuntu/rj_training_container/training_ws/install/keyboard:/opt/ros/humble /usr/bin/cmake --build /home/ubuntu/rj_training_container/training_ws/build/rj_training_bringup -- -j16 -l16
[34.794s] Invoked command in '/home/ubuntu/rj_training_container/training_ws/build/rj_training_bringup' returned '0': CMAKE_PREFIX_PATH=${CMAKE_PREFIX_PATH}:/home/ubuntu/rj_training_container/training_ws/install/keyboard:/opt/ros/humble /usr/bin/cmake --build /home/ubuntu/rj_training_container/training_ws/build/rj_training_bringup -- -j16 -l16
[64.342s] Invoking command in '/home/ubuntu/rj_training_container/training_ws/build/rj_training_bringup': CMAKE_PREFIX_PATH=${CMAKE_PREFIX_PATH}:/home/ubuntu/rj_training_container/training_ws/install/keyboard:/opt/ros/humble /usr/bin/cmake --install /home/ubuntu/rj_training_container/training_ws/build/rj_training_bringup
[67.986s] -- Install configuration: ""
[68.027s] -- Up-to-date: /home/ubuntu/rj_training_container/training_ws/install/rj_training_bringup/share/rj_training_bringup/behavior_trees
[68.166s] -- Up-to-date: /home/ubuntu/rj_training_container/training_ws/install/rj_training_bringup/share/rj_training_bringup/behavior_trees/navigate.xml
[68.244s] -- Up-to-date: /home/ubuntu/rj_training_container/training_ws/install/rj_training_bringup/share/rj_training_bringup/behavior_trees/navigate_w_replanning.xml
[68.300s] -- Up-to-date: /home/ubuntu/rj_training_container/training_ws/install/rj_training_bringup/share/rj_training_bringup/config
[68.398s] -- Up-to-date: /home/ubuntu/rj_training_container/training_ws/install/rj_training_bringup/share/rj_training_bringup/config/aruco_tag_visualization_params.yaml
[68.474s] -- Up-to-date: /home/ubuntu/rj_training_container/training_ws/install/rj_training_bringup/share/rj_training_bringup/config/nav_params.yaml
[68.546s] -- Up-to-date: /home/ubuntu/rj_training_container/training_ws/install/rj_training_bringup/share/rj_training_bringup/config/nav_params_final_challenge.yaml
[68.617s] -- Up-to-date: /home/ubuntu/rj_training_container/training_ws/install/rj_training_bringup/share/rj_training_bringup/config/nav_params_week_7.yaml
[68.692s] -- Up-to-date: /home/ubuntu/rj_training_container/training_ws/install/rj_training_bringup/share/rj_training_bringup/config/nav_params_week_8.yaml
[68.743s] -- Up-to-date: /home/ubuntu/rj_training_container/training_ws/install/rj_training_bringup/share/rj_training_bringup/launch
[68.836s] -- Up-to-date: /home/ubuntu/rj_training_container/training_ws/install/rj_training_bringup/share/rj_training_bringup/launch/empty_map_server.launch.py
[68.914s] -- Up-to-date: /home/ubuntu/rj_training_container/training_ws/install/rj_training_bringup/share/rj_training_bringup/launch/fake_localizer.launch.py
[68.997s] -- Up-to-date: /home/ubuntu/rj_training_container/training_ws/install/rj_training_bringup/share/rj_training_bringup/launch/full_game_stack.launch.xml
[69.077s] -- Up-to-date: /home/ubuntu/rj_training_container/training_ws/install/rj_training_bringup/share/rj_training_bringup/launch/mineral_deposit_tracker.launch.py
[69.154s] -- Up-to-date: /home/ubuntu/rj_training_container/training_ws/install/rj_training_bringup/share/rj_training_bringup/launch/navigation.launch.py
[69.215s] -- Up-to-date: /home/ubuntu/rj_training_container/training_ws/install/rj_training_bringup/share/rj_training_bringup/launch/projects
[69.341s] -- Up-to-date: /home/ubuntu/rj_training_container/training_ws/install/rj_training_bringup/share/rj_training_bringup/launch/projects/week_1.launch.xml
[69.434s] -- Up-to-date: /home/ubuntu/rj_training_container/training_ws/install/rj_training_bringup/share/rj_training_bringup/launch/projects/week_2.launch.xml
[69.525s] -- Up-to-date: /home/ubuntu/rj_training_container/training_ws/install/rj_training_bringup/share/rj_training_bringup/launch/projects/week_3.launch.xml
[69.621s] -- Up-to-date: /home/ubuntu/rj_training_container/training_ws/install/rj_training_bringup/share/rj_training_bringup/launch/projects/week_4.launch.xml
[69.710s] -- Up-to-date: /home/ubuntu/rj_training_container/training_ws/install/rj_training_bringup/share/rj_training_bringup/launch/projects/week_5.launch.xml
[69.800s] -- Up-to-date: /home/ubuntu/rj_training_container/training_ws/install/rj_training_bringup/share/rj_training_bringup/launch/projects/week_6.launch.xml
[69.892s] -- Up-to-date: /home/ubuntu/rj_training_container/training_ws/install/rj_training_bringup/share/rj_training_bringup/launch/projects/week_7.launch.xml
[69.983s] -- Up-to-date: /home/ubuntu/rj_training_container/training_ws/install/rj_training_bringup/share/rj_training_bringup/launch/projects/week_8.launch.xml
[70.036s] -- Up-to-date: /home/ubuntu/rj_training_container/training_ws/install/rj_training_bringup/share/rj_training_bringup/maps
[70.138s] -- Up-to-date: /home/ubuntu/rj_training_container/training_ws/install/rj_training_bringup/share/rj_training_bringup/maps/empty_map.png
[70.217s] -- Up-to-date: /home/ubuntu/rj_training_container/training_ws/install/rj_training_bringup/share/rj_training_bringup/maps/empty_map.yaml
[70.281s] -- Up-to-date: /home/ubuntu/rj_training_container/training_ws/install/rj_training_bringup/share/rj_training_bringup/mineral_sample_sets
[70.374s] -- Up-to-date: /home/ubuntu/rj_training_container/training_ws/install/rj_training_bringup/share/rj_training_bringup/mineral_sample_sets/default.yaml
[70.428s] -- Up-to-date: /home/ubuntu/rj_training_container/training_ws/install/rj_training_bringup/share/rj_training_bringup/rviz_config
[70.524s] -- Up-to-date: /home/ubuntu/rj_training_container/training_ws/install/rj_training_bringup/share/rj_training_bringup/rviz_config/color_detection.rviz
[70.603s] -- Up-to-date: /home/ubuntu/rj_training_container/training_ws/install/rj_training_bringup/share/rj_training_bringup/rviz_config/final_challenge.rviz
[70.682s] -- Up-to-date: /home/ubuntu/rj_training_container/training_ws/install/rj_training_bringup/share/rj_training_bringup/rviz_config/week_1.rviz
[70.759s] -- Up-to-date: /home/ubuntu/rj_training_container/training_ws/install/rj_training_bringup/share/rj_training_bringup/rviz_config/week_3.rviz
[70.846s] -- Up-to-date: /home/ubuntu/rj_training_container/training_ws/install/rj_training_bringup/share/rj_training_bringup/rviz_config/week_4.rviz
[70.927s] -- Up-to-date: /home/ubuntu/rj_training_container/training_ws/install/rj_training_bringup/share/rj_training_bringup/rviz_config/week_5.rviz
[71.004s] -- Up-to-date: /home/ubuntu/rj_training_container/training_ws/install/rj_training_bringup/share/rj_training_bringup/rviz_config/week_6.rviz
[71.077s] -- Up-to-date: /home/ubuntu/rj_training_container/training_ws/install/rj_training_bringup/share/rj_training_bringup/rviz_config/week_7.rviz
[71.149s] -- Up-to-date: /home/ubuntu/rj_training_container/training_ws/install/rj_training_bringup/share/rj_training_bringup/rviz_config/week_8.rviz
[71.264s] -- Up-to-date: /home/ubuntu/rj_training_container/training_ws/install/rj_training_bringup/share/ament_index/resource_index/package_run_dependencies/rj_training_bringup
[71.376s] -- Up-to-date: /home/ubuntu/rj_training_container/training_ws/install/rj_training_bringup/share/ament_index/resource_index/parent_prefix_path/rj_training_bringup
[71.429s] -- Up-to-date: /home/ubuntu/rj_training_container/training_ws/install/rj_training_bringup/share/rj_training_bringup/environment/ament_prefix_path.sh
[71.498s] -- Up-to-date: /home/ubuntu/rj_training_container/training_ws/install/rj_training_bringup/share/rj_training_bringup/environment/ament_prefix_path.dsv
[71.549s] -- Up-to-date: /home/ubuntu/rj_training_container/training_ws/install/rj_training_bringup/share/rj_training_bringup/environment/path.sh
[71.618s] -- Up-to-date: /home/ubuntu/rj_training_container/training_ws/install/rj_training_bringup/share/rj_training_bringup/environment/path.dsv
[71.679s] -- Up-to-date: /home/ubuntu/rj_training_container/training_ws/install/rj_training_bringup/share/rj_training_bringup/local_setup.bash
[71.737s] -- Up-to-date: /home/ubuntu/rj_training_container/training_ws/install/rj_training_bringup/share/rj_training_bringup/local_setup.sh
[71.794s] -- Up-to-date: /home/ubuntu/rj_training_container/training_ws/install/rj_training_bringup/share/rj_training_bringup/local_setup.zsh
[71.851s] -- Up-to-date: /home/ubuntu/rj_training_container/training_ws/install/rj_training_bringup/share/rj_training_bringup/local_setup.dsv
[71.909s] -- Installing: /home/ubuntu/rj_training_container/training_ws/install/rj_training_bringup/share/rj_training_bringup/package.dsv
[72.149s] -- Up-to-date: /home/ubuntu/rj_training_container/training_ws/install/rj_training_bringup/share/ament_index/resource_index/packages/rj_training_bringup
[72.222s] -- Up-to-date: /home/ubuntu/rj_training_container/training_ws/install/rj_training_bringup/share/rj_training_bringup/cmake/rj_training_bringupConfig.cmake
[72.278s] -- Up-to-date: /home/ubuntu/rj_training_container/training_ws/install/rj_training_bringup/share/rj_training_bringup/cmake/rj_training_bringupConfig-version.cmake
[72.354s] -- Up-to-date: /home/ubuntu/rj_training_container/training_ws/install/rj_training_bringup/share/rj_training_bringup/package.xml
[72.380s] Invoked command in '/home/ubuntu/rj_training_container/training_ws/build/rj_training_bringup' returned '0': CMAKE_PREFIX_PATH=${CMAKE_PREFIX_PATH}:/home/ubuntu/rj_training_container/training_ws/install/keyboard:/opt/ros/humble /usr/bin/cmake --install /home/ubuntu/rj_training_container/training_ws/build/rj_training_bringup
