[10.205s] Invoking command in '/home/ubuntu/rj_training_container/training_ws/build/obstacle_detector': CMAKE_PREFIX_PATH=${CMAKE_PREFIX_PATH}:/home/ubuntu/rj_training_container/training_ws/install/keyboard:/opt/ros/humble /usr/bin/cmake --build /home/ubuntu/rj_training_container/training_ws/build/obstacle_detector -- -j16 -l16
[46.658s] [35m[1mConsolidate compiler generated dependencies of target obstacle_detector[0m
[46.681s] [35m[1mConsolidate compiler generated dependencies of target obstacle_detector_node[0m
[51.949s] gmake[2]: Warning: File 'CMakeFiles/obstacle_detector_node.dir/compiler_depend.make' has modification time 3.1 s in the future
[52.033s] gmake[2]: warning:  Clock skew detected.  Your build may be incomplete.
[53.119s] gmake[2]: Warning: File 'CMakeFiles/obstacle_detector.dir/compiler_depend.make' has modification time 2.8 s in the future
[63.441s] [ 40%] Built target obstacle_detector_node
[64.358s] [ 60%] [32mBuilding CXX object CMakeFiles/obstacle_detector.dir/src/obstacle_detector.cpp.o[0m
[64.512s] [ 80%] [32mBuilding CXX object CMakeFiles/obstacle_detector.dir/src/student_functions.cpp.o[0m
[69.774s] [01m[K/home/ubuntu/rj_training_container/training_ws/src/software-training-old/obstacle_detector/src/student_functions.cpp:1:1:[m[K [01;31m[Kerror: [m[K‘[01m[Kcv[m[K’ does not name a type
[69.779s]     1 | [01;31m[Kcv[m[K::Mat FindColors(const cv::Mat input, const cv::Scalar range_min, const cv::Scalar range_max)
[69.784s]       | [01;31m[K^~[m[K
[69.789s] [01m[K/home/ubuntu/rj_training_container/training_ws/src/software-training-old/obstacle_detector/src/student_functions.cpp:25:1:[m[K [01;31m[Kerror: [m[K‘[01m[Kcv[m[K’ does not name a type
[69.794s]    25 | [01;31m[Kcv[m[K::Mat ReprojectToGroundPlane(const cv::Mat input, const cv::Mat homography, const cv::Size map_size) {
[69.798s]       | [01;31m[K^~[m[K
[69.803s] gmake[2]: *** [CMakeFiles/obstacle_detector.dir/build.make:90: CMakeFiles/obstacle_detector.dir/src/student_functions.cpp.o] Error 1
[69.810s] gmake[2]: *** Waiting for unfinished jobs....
[77.650s] [01m[K/home/ubuntu/rj_training_container/training_ws/src/software-training-old/obstacle_detector/src/obstacle_detector.cpp:[m[K In member function ‘[01m[Kvoid obstacle_detector::ObstacleDetector::ImageCallback(const ConstSharedPtr&, const ConstSharedPtr&)[m[K’:
[77.654s] [01m[K/home/ubuntu/rj_training_container/training_ws/src/software-training-old/obstacle_detector/src/obstacle_detector.cpp:94:31:[m[K [01;31m[Kerror: [m[K‘[01m[KFindColors[m[K’ was not declared in this scope
[77.659s]    94 |     cv::Mat detected_colors = [01;31m[KFindColors[m[K(cv_image->image, min_color, max_color);
[77.663s]       |                               [01;31m[K^~~~~~~~~~[m[K
[77.687s] [01m[K/home/ubuntu/rj_training_container/training_ws/src/software-training-old/obstacle_detector/src/obstacle_detector.cpp:128:32:[m[K [01;31m[Kerror: [m[K‘[01m[KReprojectToGroundPlane[m[K’ was not declared in this scope
[77.692s]   128 |     cv::Mat projected_colors = [01;31m[KReprojectToGroundPlane[m[K(detected_colors, homography, map_size);
[77.696s]       |                                [01;31m[K^~~~~~~~~~~~~~~~~~~~~~[m[K
[81.101s] gmake[2]: *** [CMakeFiles/obstacle_detector.dir/build.make:76: CMakeFiles/obstacle_detector.dir/src/obstacle_detector.cpp.o] Error 1
[81.113s] gmake[1]: *** [CMakeFiles/Makefile2:139: CMakeFiles/obstacle_detector.dir/all] Error 2
[81.116s] gmake: *** [Makefile:146: all] Error 2
[81.125s] Invoked command in '/home/ubuntu/rj_training_container/training_ws/build/obstacle_detector' returned '2': CMAKE_PREFIX_PATH=${CMAKE_PREFIX_PATH}:/home/ubuntu/rj_training_container/training_ws/install/keyboard:/opt/ros/humble /usr/bin/cmake --build /home/ubuntu/rj_training_container/training_ws/build/obstacle_detector -- -j16 -l16
