[0.400s] Invoking command in '/home/ubuntu/rj_training_container/training_ws/build/stsl_interfaces': CMAKE_PREFIX_PATH=/opt/ros/humble /usr/bin/cmake --build /home/ubuntu/rj_training_container/training_ws/build/stsl_interfaces -- -j16 -l16
[3.033s] [  1%] Built target stsl_interfaces__cpp
[4.141s] [35m[1mConsolidate compiler generated dependencies of target stsl_interfaces__rosidl_generator_c[0m
[4.355s] [35m[1mConsolidate compiler generated dependencies of target stsl_interfaces__rosidl_typesupport_cpp[0m
[5.059s] [35m[1mConsolidate compiler generated dependencies of target stsl_interfaces__rosidl_typesupport_introspection_cpp[0m
[5.227s] [35m[1mConsolidate compiler generated dependencies of target stsl_interfaces__rosidl_typesupport_fastrtps_cpp[0m
[6.686s] [ 12%] Built target stsl_interfaces__rosidl_generator_c
[7.759s] [35m[1mConsolidate compiler generated dependencies of target stsl_interfaces__rosidl_typesupport_c[0m
[8.266s] [35m[1mConsolidate compiler generated dependencies of target stsl_interfaces__rosidl_typesupport_introspection_c[0m
[8.270s] [35m[1mConsolidate compiler generated dependencies of target stsl_interfaces__rosidl_typesupport_fastrtps_c[0m
[8.279s] [ 24%] Built target stsl_interfaces__rosidl_typesupport_cpp
[8.884s] [ 35%] Built target stsl_interfaces__rosidl_typesupport_introspection_cpp
[9.191s] [ 47%] Built target stsl_interfaces__rosidl_typesupport_c
[9.198s] [ 47%] Built target ament_cmake_python_copy_stsl_interfaces
[9.423s] [ 58%] Built target stsl_interfaces__rosidl_typesupport_fastrtps_cpp
[9.818s] [ 70%] Built target stsl_interfaces__rosidl_typesupport_introspection_c
[9.977s] running egg_info
[9.983s] writing stsl_interfaces.egg-info/PKG-INFO
[9.993s] writing dependency_links to stsl_interfaces.egg-info/dependency_links.txt
[10.005s] writing top-level names to stsl_interfaces.egg-info/top_level.txt
[10.129s] reading manifest file 'stsl_interfaces.egg-info/SOURCES.txt'
[10.239s] writing manifest file 'stsl_interfaces.egg-info/SOURCES.txt'
[10.296s] [ 70%] Built target ament_cmake_python_build_stsl_interfaces_egg
[10.520s] [ 82%] Built target stsl_interfaces__rosidl_typesupport_fastrtps_c
[10.645s] [ 82%] Built target stsl_interfaces
[10.995s] [ 83%] Built target stsl_interfaces__py
[11.282s] [35m[1mConsolidate compiler generated dependencies of target stsl_interfaces__rosidl_generator_py[0m
[12.398s] [ 93%] Built target stsl_interfaces__rosidl_generator_py
[12.532s] [35m[1mConsolidate compiler generated dependencies of target stsl_interfaces__rosidl_typesupport_fastrtps_c__pyext[0m
[12.534s] [35m[1mConsolidate compiler generated dependencies of target stsl_interfaces__rosidl_typesupport_c__pyext[0m
[12.536s] [35m[1mConsolidate compiler generated dependencies of target stsl_interfaces__rosidl_typesupport_introspection_c__pyext[0m
[12.999s] [100%] Built target stsl_interfaces__rosidl_typesupport_c__pyext
[13.001s] [100%] Built target stsl_interfaces__rosidl_typesupport_introspection_c__pyext
[13.002s] [100%] Built target stsl_interfaces__rosidl_typesupport_fastrtps_c__pyext
[16.669s] Invoked command in '/home/ubuntu/rj_training_container/training_ws/build/stsl_interfaces' returned '0': CMAKE_PREFIX_PATH=/opt/ros/humble /usr/bin/cmake --build /home/ubuntu/rj_training_container/training_ws/build/stsl_interfaces -- -j16 -l16
[17.208s] Invoking command in '/home/ubuntu/rj_training_container/training_ws/build/stsl_interfaces': CMAKE_PREFIX_PATH=/opt/ros/humble /usr/bin/cmake --install /home/ubuntu/rj_training_container/training_ws/build/stsl_interfaces
[17.237s] -- Install configuration: ""
[17.283s] -- Up-to-date: /home/ubuntu/rj_training_container/training_ws/install/stsl_interfaces/share/ament_index/resource_index/rosidl_interfaces/stsl_interfaces
[17.307s] -- Up-to-date: /home/ubuntu/rj_training_container/training_ws/install/stsl_interfaces/include/stsl_interfaces/stsl_interfaces
[17.343s] -- Up-to-date: /home/ubuntu/rj_training_container/training_ws/install/stsl_interfaces/include/stsl_interfaces/stsl_interfaces/action
[17.389s] -- Up-to-date: /home/ubuntu/rj_training_container/training_ws/install/stsl_interfaces/include/stsl_interfaces/stsl_interfaces/action/detail
[17.449s] -- Up-to-date: /home/ubuntu/rj_training_container/training_ws/install/stsl_interfaces/include/stsl_interfaces/stsl_interfaces/action/detail/execute_mission__functions.c
[17.499s] -- Up-to-date: /home/ubuntu/rj_training_container/training_ws/install/stsl_interfaces/include/stsl_interfaces/stsl_interfaces/action/detail/execute_mission__functions.h
[17.547s] -- Up-to-date: /home/ubuntu/rj_training_container/training_ws/install/stsl_interfaces/include/stsl_interfaces/stsl_interfaces/action/detail/execute_mission__struct.h
[17.604s] -- Up-to-date: /home/ubuntu/rj_training_container/training_ws/install/stsl_interfaces/include/stsl_interfaces/stsl_interfaces/action/detail/execute_mission__type_support.h
[17.650s] -- Up-to-date: /home/ubuntu/rj_training_container/training_ws/install/stsl_interfaces/include/stsl_interfaces/stsl_interfaces/action/detail/park_at_peak__functions.c
[17.697s] -- Up-to-date: /home/ubuntu/rj_training_container/training_ws/install/stsl_interfaces/include/stsl_interfaces/stsl_interfaces/action/detail/park_at_peak__functions.h
[17.745s] -- Up-to-date: /home/ubuntu/rj_training_container/training_ws/install/stsl_interfaces/include/stsl_interfaces/stsl_interfaces/action/detail/park_at_peak__struct.h
[17.806s] -- Up-to-date: /home/ubuntu/rj_training_container/training_ws/install/stsl_interfaces/include/stsl_interfaces/stsl_interfaces/action/detail/park_at_peak__type_support.h
[17.839s] -- Up-to-date: /home/ubuntu/rj_training_container/training_ws/install/stsl_interfaces/include/stsl_interfaces/stsl_interfaces/action/execute_mission.h
[17.877s] -- Up-to-date: /home/ubuntu/rj_training_container/training_ws/install/stsl_interfaces/include/stsl_interfaces/stsl_interfaces/action/park_at_peak.h
[17.901s] -- Up-to-date: /home/ubuntu/rj_training_container/training_ws/install/stsl_interfaces/include/stsl_interfaces/stsl_interfaces/msg
[17.946s] -- Up-to-date: /home/ubuntu/rj_training_container/training_ws/install/stsl_interfaces/include/stsl_interfaces/stsl_interfaces/msg/detail
[18.003s] -- Up-to-date: /home/ubuntu/rj_training_container/training_ws/install/stsl_interfaces/include/stsl_interfaces/stsl_interfaces/msg/detail/mineral_deposit_array__functions.c
[18.044s] -- Up-to-date: /home/ubuntu/rj_training_container/training_ws/install/stsl_interfaces/include/stsl_interfaces/stsl_interfaces/msg/detail/mineral_deposit_array__functions.h
[18.086s] -- Up-to-date: /home/ubuntu/rj_training_container/training_ws/install/stsl_interfaces/include/stsl_interfaces/stsl_interfaces/msg/detail/mineral_deposit_array__struct.h
[18.134s] -- Up-to-date: /home/ubuntu/rj_training_container/training_ws/install/stsl_interfaces/include/stsl_interfaces/stsl_interfaces/msg/detail/mineral_deposit_array__type_support.h
[18.176s] -- Up-to-date: /home/ubuntu/rj_training_container/training_ws/install/stsl_interfaces/include/stsl_interfaces/stsl_interfaces/msg/detail/mineral_deposit_sample__functions.c
[18.220s] -- Up-to-date: /home/ubuntu/rj_training_container/training_ws/install/stsl_interfaces/include/stsl_interfaces/stsl_interfaces/msg/detail/mineral_deposit_sample__functions.h
[18.262s] -- Up-to-date: /home/ubuntu/rj_training_container/training_ws/install/stsl_interfaces/include/stsl_interfaces/stsl_interfaces/msg/detail/mineral_deposit_sample__struct.h
[18.304s] -- Up-to-date: /home/ubuntu/rj_training_container/training_ws/install/stsl_interfaces/include/stsl_interfaces/stsl_interfaces/msg/detail/mineral_deposit_sample__type_support.h
[18.349s] -- Up-to-date: /home/ubuntu/rj_training_container/training_ws/install/stsl_interfaces/include/stsl_interfaces/stsl_interfaces/msg/detail/mineral_deposit__functions.c
[18.390s] -- Up-to-date: /home/ubuntu/rj_training_container/training_ws/install/stsl_interfaces/include/stsl_interfaces/stsl_interfaces/msg/detail/mineral_deposit__functions.h
[18.431s] -- Up-to-date: /home/ubuntu/rj_training_container/training_ws/install/stsl_interfaces/include/stsl_interfaces/stsl_interfaces/msg/detail/mineral_deposit__struct.h
[18.472s] -- Up-to-date: /home/ubuntu/rj_training_container/training_ws/install/stsl_interfaces/include/stsl_interfaces/stsl_interfaces/msg/detail/mineral_deposit__type_support.h
[18.515s] -- Up-to-date: /home/ubuntu/rj_training_container/training_ws/install/stsl_interfaces/include/stsl_interfaces/stsl_interfaces/msg/detail/tag_array__functions.c
[18.555s] -- Up-to-date: /home/ubuntu/rj_training_container/training_ws/install/stsl_interfaces/include/stsl_interfaces/stsl_interfaces/msg/detail/tag_array__functions.h
[18.598s] -- Up-to-date: /home/ubuntu/rj_training_container/training_ws/install/stsl_interfaces/include/stsl_interfaces/stsl_interfaces/msg/detail/tag_array__struct.h
[18.641s] -- Up-to-date: /home/ubuntu/rj_training_container/training_ws/install/stsl_interfaces/include/stsl_interfaces/stsl_interfaces/msg/detail/tag_array__type_support.h
[18.685s] -- Up-to-date: /home/ubuntu/rj_training_container/training_ws/install/stsl_interfaces/include/stsl_interfaces/stsl_interfaces/msg/detail/tag__functions.c
[18.727s] -- Up-to-date: /home/ubuntu/rj_training_container/training_ws/install/stsl_interfaces/include/stsl_interfaces/stsl_interfaces/msg/detail/tag__functions.h
[18.771s] -- Up-to-date: /home/ubuntu/rj_training_container/training_ws/install/stsl_interfaces/include/stsl_interfaces/stsl_interfaces/msg/detail/tag__struct.h
[18.818s] -- Up-to-date: /home/ubuntu/rj_training_container/training_ws/install/stsl_interfaces/include/stsl_interfaces/stsl_interfaces/msg/detail/tag__type_support.h
[18.862s] -- Up-to-date: /home/ubuntu/rj_training_container/training_ws/install/stsl_interfaces/include/stsl_interfaces/stsl_interfaces/msg/mineral_deposit.h
[18.894s] -- Up-to-date: /home/ubuntu/rj_training_container/training_ws/install/stsl_interfaces/include/stsl_interfaces/stsl_interfaces/msg/mineral_deposit_array.h
[18.925s] -- Up-to-date: /home/ubuntu/rj_training_container/training_ws/install/stsl_interfaces/include/stsl_interfaces/stsl_interfaces/msg/mineral_deposit_sample.h
[18.956s] -- Up-to-date: /home/ubuntu/rj_training_container/training_ws/install/stsl_interfaces/include/stsl_interfaces/stsl_interfaces/msg/rosidl_generator_c__visibility_control.h
[18.991s] -- Up-to-date: /home/ubuntu/rj_training_container/training_ws/install/stsl_interfaces/include/stsl_interfaces/stsl_interfaces/msg/tag.h
[19.022s] -- Up-to-date: /home/ubuntu/rj_training_container/training_ws/install/stsl_interfaces/include/stsl_interfaces/stsl_interfaces/msg/tag_array.h
[19.045s] -- Up-to-date: /home/ubuntu/rj_training_container/training_ws/install/stsl_interfaces/include/stsl_interfaces/stsl_interfaces/srv
[19.078s] -- Up-to-date: /home/ubuntu/rj_training_container/training_ws/install/stsl_interfaces/include/stsl_interfaces/stsl_interfaces/srv/detail
[19.124s] -- Up-to-date: /home/ubuntu/rj_training_container/training_ws/install/stsl_interfaces/include/stsl_interfaces/stsl_interfaces/srv/detail/reset_mineral_deposit_tracking__functions.c
[19.159s] -- Up-to-date: /home/ubuntu/rj_training_container/training_ws/install/stsl_interfaces/include/stsl_interfaces/stsl_interfaces/srv/detail/reset_mineral_deposit_tracking__functions.h
[19.198s] -- Up-to-date: /home/ubuntu/rj_training_container/training_ws/install/stsl_interfaces/include/stsl_interfaces/stsl_interfaces/srv/detail/reset_mineral_deposit_tracking__struct.h
[19.236s] -- Up-to-date: /home/ubuntu/rj_training_container/training_ws/install/stsl_interfaces/include/stsl_interfaces/stsl_interfaces/srv/detail/reset_mineral_deposit_tracking__type_support.h
[19.271s] -- Up-to-date: /home/ubuntu/rj_training_container/training_ws/install/stsl_interfaces/include/stsl_interfaces/stsl_interfaces/srv/detail/sample_elevation__functions.c
[19.309s] -- Up-to-date: /home/ubuntu/rj_training_container/training_ws/install/stsl_interfaces/include/stsl_interfaces/stsl_interfaces/srv/detail/sample_elevation__functions.h
[19.349s] -- Up-to-date: /home/ubuntu/rj_training_container/training_ws/install/stsl_interfaces/include/stsl_interfaces/stsl_interfaces/srv/detail/sample_elevation__struct.h
[19.394s] -- Up-to-date: /home/ubuntu/rj_training_container/training_ws/install/stsl_interfaces/include/stsl_interfaces/stsl_interfaces/srv/detail/sample_elevation__type_support.h
[19.432s] -- Up-to-date: /home/ubuntu/rj_training_container/training_ws/install/stsl_interfaces/include/stsl_interfaces/stsl_interfaces/srv/reset_mineral_deposit_tracking.h
[19.464s] -- Up-to-date: /home/ubuntu/rj_training_container/training_ws/install/stsl_interfaces/include/stsl_interfaces/stsl_interfaces/srv/sample_elevation.h
[19.486s] -- Up-to-date: /home/ubuntu/rj_training_container/training_ws/install/stsl_interfaces/share/stsl_interfaces/environment/library_path.sh
[19.511s] -- Up-to-date: /home/ubuntu/rj_training_container/training_ws/install/stsl_interfaces/share/stsl_interfaces/environment/library_path.dsv
[19.579s] -- Up-to-date: /home/ubuntu/rj_training_container/training_ws/install/stsl_interfaces/lib/libstsl_interfaces__rosidl_generator_c.so
[19.629s] -- Up-to-date: /home/ubuntu/rj_training_container/training_ws/install/stsl_interfaces/include/stsl_interfaces/stsl_interfaces
[19.660s] -- Up-to-date: /home/ubuntu/rj_training_container/training_ws/install/stsl_interfaces/include/stsl_interfaces/stsl_interfaces/action
[19.694s] -- Up-to-date: /home/ubuntu/rj_training_container/training_ws/install/stsl_interfaces/include/stsl_interfaces/stsl_interfaces/action/detail
[19.738s] -- Up-to-date: /home/ubuntu/rj_training_container/training_ws/install/stsl_interfaces/include/stsl_interfaces/stsl_interfaces/action/detail/execute_mission__rosidl_typesupport_fastrtps_c.h
[19.778s] -- Up-to-date: /home/ubuntu/rj_training_container/training_ws/install/stsl_interfaces/include/stsl_interfaces/stsl_interfaces/action/detail/park_at_peak__rosidl_typesupport_fastrtps_c.h
[19.806s] -- Up-to-date: /home/ubuntu/rj_training_container/training_ws/install/stsl_interfaces/include/stsl_interfaces/stsl_interfaces/msg
[19.845s] -- Up-to-date: /home/ubuntu/rj_training_container/training_ws/install/stsl_interfaces/include/stsl_interfaces/stsl_interfaces/msg/detail
[19.897s] -- Up-to-date: /home/ubuntu/rj_training_container/training_ws/install/stsl_interfaces/include/stsl_interfaces/stsl_interfaces/msg/detail/mineral_deposit_array__rosidl_typesupport_fastrtps_c.h
[19.936s] -- Up-to-date: /home/ubuntu/rj_training_container/training_ws/install/stsl_interfaces/include/stsl_interfaces/stsl_interfaces/msg/detail/mineral_deposit_sample__rosidl_typesupport_fastrtps_c.h
[19.974s] -- Up-to-date: /home/ubuntu/rj_training_container/training_ws/install/stsl_interfaces/include/stsl_interfaces/stsl_interfaces/msg/detail/mineral_deposit__rosidl_typesupport_fastrtps_c.h
[20.014s] -- Up-to-date: /home/ubuntu/rj_training_container/training_ws/install/stsl_interfaces/include/stsl_interfaces/stsl_interfaces/msg/detail/tag_array__rosidl_typesupport_fastrtps_c.h
[20.052s] -- Up-to-date: /home/ubuntu/rj_training_container/training_ws/install/stsl_interfaces/include/stsl_interfaces/stsl_interfaces/msg/detail/tag__rosidl_typesupport_fastrtps_c.h
[20.088s] -- Up-to-date: /home/ubuntu/rj_training_container/training_ws/install/stsl_interfaces/include/stsl_interfaces/stsl_interfaces/msg/rosidl_typesupport_fastrtps_c__visibility_control.h
[20.112s] -- Up-to-date: /home/ubuntu/rj_training_container/training_ws/install/stsl_interfaces/include/stsl_interfaces/stsl_interfaces/srv
[20.155s] -- Up-to-date: /home/ubuntu/rj_training_container/training_ws/install/stsl_interfaces/include/stsl_interfaces/stsl_interfaces/srv/detail
[20.210s] -- Up-to-date: /home/ubuntu/rj_training_container/training_ws/install/stsl_interfaces/include/stsl_interfaces/stsl_interfaces/srv/detail/reset_mineral_deposit_tracking__rosidl_typesupport_fastrtps_c.h
[20.247s] -- Up-to-date: /home/ubuntu/rj_training_container/training_ws/install/stsl_interfaces/include/stsl_interfaces/stsl_interfaces/srv/detail/sample_elevation__rosidl_typesupport_fastrtps_c.h
[20.311s] -- Up-to-date: /home/ubuntu/rj_training_container/training_ws/install/stsl_interfaces/lib/libstsl_interfaces__rosidl_typesupport_fastrtps_c.so
[20.364s] -- Up-to-date: /home/ubuntu/rj_training_container/training_ws/install/stsl_interfaces/include/stsl_interfaces/stsl_interfaces
[20.391s] -- Up-to-date: /home/ubuntu/rj_training_container/training_ws/install/stsl_interfaces/include/stsl_interfaces/stsl_interfaces/action
[20.425s] -- Up-to-date: /home/ubuntu/rj_training_container/training_ws/install/stsl_interfaces/include/stsl_interfaces/stsl_interfaces/action/detail
[20.476s] -- Up-to-date: /home/ubuntu/rj_training_container/training_ws/install/stsl_interfaces/include/stsl_interfaces/stsl_interfaces/action/detail/execute_mission__rosidl_typesupport_introspection_c.h
[20.513s] -- Up-to-date: /home/ubuntu/rj_training_container/training_ws/install/stsl_interfaces/include/stsl_interfaces/stsl_interfaces/action/detail/execute_mission__type_support.c
[20.549s] -- Up-to-date: /home/ubuntu/rj_training_container/training_ws/install/stsl_interfaces/include/stsl_interfaces/stsl_interfaces/action/detail/park_at_peak__rosidl_typesupport_introspection_c.h
[20.586s] -- Up-to-date: /home/ubuntu/rj_training_container/training_ws/install/stsl_interfaces/include/stsl_interfaces/stsl_interfaces/action/detail/park_at_peak__type_support.c
[20.609s] -- Up-to-date: /home/ubuntu/rj_training_container/training_ws/install/stsl_interfaces/include/stsl_interfaces/stsl_interfaces/msg
[20.644s] -- Up-to-date: /home/ubuntu/rj_training_container/training_ws/install/stsl_interfaces/include/stsl_interfaces/stsl_interfaces/msg/detail
[20.692s] -- Up-to-date: /home/ubuntu/rj_training_container/training_ws/install/stsl_interfaces/include/stsl_interfaces/stsl_interfaces/msg/detail/mineral_deposit_array__rosidl_typesupport_introspection_c.h
[20.728s] -- Up-to-date: /home/ubuntu/rj_training_container/training_ws/install/stsl_interfaces/include/stsl_interfaces/stsl_interfaces/msg/detail/mineral_deposit_array__type_support.c
[20.765s] -- Up-to-date: /home/ubuntu/rj_training_container/training_ws/install/stsl_interfaces/include/stsl_interfaces/stsl_interfaces/msg/detail/mineral_deposit_sample__rosidl_typesupport_introspection_c.h
[20.802s] -- Up-to-date: /home/ubuntu/rj_training_container/training_ws/install/stsl_interfaces/include/stsl_interfaces/stsl_interfaces/msg/detail/mineral_deposit_sample__type_support.c
[20.839s] -- Up-to-date: /home/ubuntu/rj_training_container/training_ws/install/stsl_interfaces/include/stsl_interfaces/stsl_interfaces/msg/detail/mineral_deposit__rosidl_typesupport_introspection_c.h
[20.878s] -- Up-to-date: /home/ubuntu/rj_training_container/training_ws/install/stsl_interfaces/include/stsl_interfaces/stsl_interfaces/msg/detail/mineral_deposit__type_support.c
[20.916s] -- Up-to-date: /home/ubuntu/rj_training_container/training_ws/install/stsl_interfaces/include/stsl_interfaces/stsl_interfaces/msg/detail/tag_array__rosidl_typesupport_introspection_c.h
[20.957s] -- Up-to-date: /home/ubuntu/rj_training_container/training_ws/install/stsl_interfaces/include/stsl_interfaces/stsl_interfaces/msg/detail/tag_array__type_support.c
[21.001s] -- Up-to-date: /home/ubuntu/rj_training_container/training_ws/install/stsl_interfaces/include/stsl_interfaces/stsl_interfaces/msg/detail/tag__rosidl_typesupport_introspection_c.h
[21.039s] -- Up-to-date: /home/ubuntu/rj_training_container/training_ws/install/stsl_interfaces/include/stsl_interfaces/stsl_interfaces/msg/detail/tag__type_support.c
[21.071s] -- Up-to-date: /home/ubuntu/rj_training_container/training_ws/install/stsl_interfaces/include/stsl_interfaces/stsl_interfaces/msg/rosidl_typesupport_introspection_c__visibility_control.h
[21.092s] -- Up-to-date: /home/ubuntu/rj_training_container/training_ws/install/stsl_interfaces/include/stsl_interfaces/stsl_interfaces/srv
[21.127s] -- Up-to-date: /home/ubuntu/rj_training_container/training_ws/install/stsl_interfaces/include/stsl_interfaces/stsl_interfaces/srv/detail
[21.173s] -- Up-to-date: /home/ubuntu/rj_training_container/training_ws/install/stsl_interfaces/include/stsl_interfaces/stsl_interfaces/srv/detail/reset_mineral_deposit_tracking__rosidl_typesupport_introspection_c.h
[21.207s] -- Up-to-date: /home/ubuntu/rj_training_container/training_ws/install/stsl_interfaces/include/stsl_interfaces/stsl_interfaces/srv/detail/reset_mineral_deposit_tracking__type_support.c
[21.242s] -- Up-to-date: /home/ubuntu/rj_training_container/training_ws/install/stsl_interfaces/include/stsl_interfaces/stsl_interfaces/srv/detail/sample_elevation__rosidl_typesupport_introspection_c.h
[21.276s] -- Up-to-date: /home/ubuntu/rj_training_container/training_ws/install/stsl_interfaces/include/stsl_interfaces/stsl_interfaces/srv/detail/sample_elevation__type_support.c
[21.346s] -- Up-to-date: /home/ubuntu/rj_training_container/training_ws/install/stsl_interfaces/lib/libstsl_interfaces__rosidl_typesupport_introspection_c.so
[21.441s] -- Up-to-date: /home/ubuntu/rj_training_container/training_ws/install/stsl_interfaces/lib/libstsl_interfaces__rosidl_typesupport_c.so
[21.491s] -- Up-to-date: /home/ubuntu/rj_training_container/training_ws/install/stsl_interfaces/include/stsl_interfaces/stsl_interfaces
[21.519s] -- Up-to-date: /home/ubuntu/rj_training_container/training_ws/install/stsl_interfaces/include/stsl_interfaces/stsl_interfaces/action
[21.554s] -- Up-to-date: /home/ubuntu/rj_training_container/training_ws/install/stsl_interfaces/include/stsl_interfaces/stsl_interfaces/action/detail
[21.607s] -- Up-to-date: /home/ubuntu/rj_training_container/training_ws/install/stsl_interfaces/include/stsl_interfaces/stsl_interfaces/action/detail/execute_mission__builder.hpp
[21.644s] -- Up-to-date: /home/ubuntu/rj_training_container/training_ws/install/stsl_interfaces/include/stsl_interfaces/stsl_interfaces/action/detail/execute_mission__struct.hpp
[21.681s] -- Up-to-date: /home/ubuntu/rj_training_container/training_ws/install/stsl_interfaces/include/stsl_interfaces/stsl_interfaces/action/detail/execute_mission__traits.hpp
[21.719s] -- Up-to-date: /home/ubuntu/rj_training_container/training_ws/install/stsl_interfaces/include/stsl_interfaces/stsl_interfaces/action/detail/park_at_peak__builder.hpp
[21.756s] -- Up-to-date: /home/ubuntu/rj_training_container/training_ws/install/stsl_interfaces/include/stsl_interfaces/stsl_interfaces/action/detail/park_at_peak__struct.hpp
[21.799s] -- Up-to-date: /home/ubuntu/rj_training_container/training_ws/install/stsl_interfaces/include/stsl_interfaces/stsl_interfaces/action/detail/park_at_peak__traits.hpp
[21.830s] -- Up-to-date: /home/ubuntu/rj_training_container/training_ws/install/stsl_interfaces/include/stsl_interfaces/stsl_interfaces/action/execute_mission.hpp
[21.860s] -- Up-to-date: /home/ubuntu/rj_training_container/training_ws/install/stsl_interfaces/include/stsl_interfaces/stsl_interfaces/action/park_at_peak.hpp
[21.882s] -- Up-to-date: /home/ubuntu/rj_training_container/training_ws/install/stsl_interfaces/include/stsl_interfaces/stsl_interfaces/msg
[21.916s] -- Up-to-date: /home/ubuntu/rj_training_container/training_ws/install/stsl_interfaces/include/stsl_interfaces/stsl_interfaces/msg/detail
[21.967s] -- Up-to-date: /home/ubuntu/rj_training_container/training_ws/install/stsl_interfaces/include/stsl_interfaces/stsl_interfaces/msg/detail/mineral_deposit_array__builder.hpp
[22.007s] -- Up-to-date: /home/ubuntu/rj_training_container/training_ws/install/stsl_interfaces/include/stsl_interfaces/stsl_interfaces/msg/detail/mineral_deposit_array__struct.hpp
[22.042s] -- Up-to-date: /home/ubuntu/rj_training_container/training_ws/install/stsl_interfaces/include/stsl_interfaces/stsl_interfaces/msg/detail/mineral_deposit_array__traits.hpp
[22.078s] -- Up-to-date: /home/ubuntu/rj_training_container/training_ws/install/stsl_interfaces/include/stsl_interfaces/stsl_interfaces/msg/detail/mineral_deposit_sample__builder.hpp
[22.116s] -- Up-to-date: /home/ubuntu/rj_training_container/training_ws/install/stsl_interfaces/include/stsl_interfaces/stsl_interfaces/msg/detail/mineral_deposit_sample__struct.hpp
[22.153s] -- Up-to-date: /home/ubuntu/rj_training_container/training_ws/install/stsl_interfaces/include/stsl_interfaces/stsl_interfaces/msg/detail/mineral_deposit_sample__traits.hpp
[22.188s] -- Up-to-date: /home/ubuntu/rj_training_container/training_ws/install/stsl_interfaces/include/stsl_interfaces/stsl_interfaces/msg/detail/mineral_deposit__builder.hpp
[22.225s] -- Up-to-date: /home/ubuntu/rj_training_container/training_ws/install/stsl_interfaces/include/stsl_interfaces/stsl_interfaces/msg/detail/mineral_deposit__struct.hpp
[22.262s] -- Up-to-date: /home/ubuntu/rj_training_container/training_ws/install/stsl_interfaces/include/stsl_interfaces/stsl_interfaces/msg/detail/mineral_deposit__traits.hpp
[22.299s] -- Up-to-date: /home/ubuntu/rj_training_container/training_ws/install/stsl_interfaces/include/stsl_interfaces/stsl_interfaces/msg/detail/tag_array__builder.hpp
[22.337s] -- Up-to-date: /home/ubuntu/rj_training_container/training_ws/install/stsl_interfaces/include/stsl_interfaces/stsl_interfaces/msg/detail/tag_array__struct.hpp
[22.375s] -- Up-to-date: /home/ubuntu/rj_training_container/training_ws/install/stsl_interfaces/include/stsl_interfaces/stsl_interfaces/msg/detail/tag_array__traits.hpp
[22.414s] -- Up-to-date: /home/ubuntu/rj_training_container/training_ws/install/stsl_interfaces/include/stsl_interfaces/stsl_interfaces/msg/detail/tag__builder.hpp
[22.452s] -- Up-to-date: /home/ubuntu/rj_training_container/training_ws/install/stsl_interfaces/include/stsl_interfaces/stsl_interfaces/msg/detail/tag__struct.hpp
[22.490s] -- Up-to-date: /home/ubuntu/rj_training_container/training_ws/install/stsl_interfaces/include/stsl_interfaces/stsl_interfaces/msg/detail/tag__traits.hpp
[22.524s] -- Up-to-date: /home/ubuntu/rj_training_container/training_ws/install/stsl_interfaces/include/stsl_interfaces/stsl_interfaces/msg/mineral_deposit.hpp
[22.555s] -- Up-to-date: /home/ubuntu/rj_training_container/training_ws/install/stsl_interfaces/include/stsl_interfaces/stsl_interfaces/msg/mineral_deposit_array.hpp
[22.587s] -- Up-to-date: /home/ubuntu/rj_training_container/training_ws/install/stsl_interfaces/include/stsl_interfaces/stsl_interfaces/msg/mineral_deposit_sample.hpp
[22.618s] -- Up-to-date: /home/ubuntu/rj_training_container/training_ws/install/stsl_interfaces/include/stsl_interfaces/stsl_interfaces/msg/tag.hpp
[22.650s] -- Up-to-date: /home/ubuntu/rj_training_container/training_ws/install/stsl_interfaces/include/stsl_interfaces/stsl_interfaces/msg/tag_array.hpp
[22.672s] -- Up-to-date: /home/ubuntu/rj_training_container/training_ws/install/stsl_interfaces/include/stsl_interfaces/stsl_interfaces/srv
[22.706s] -- Up-to-date: /home/ubuntu/rj_training_container/training_ws/install/stsl_interfaces/include/stsl_interfaces/stsl_interfaces/srv/detail
[22.759s] -- Up-to-date: /home/ubuntu/rj_training_container/training_ws/install/stsl_interfaces/include/stsl_interfaces/stsl_interfaces/srv/detail/reset_mineral_deposit_tracking__builder.hpp
[22.801s] -- Up-to-date: /home/ubuntu/rj_training_container/training_ws/install/stsl_interfaces/include/stsl_interfaces/stsl_interfaces/srv/detail/reset_mineral_deposit_tracking__struct.hpp
[22.840s] -- Up-to-date: /home/ubuntu/rj_training_container/training_ws/install/stsl_interfaces/include/stsl_interfaces/stsl_interfaces/srv/detail/reset_mineral_deposit_tracking__traits.hpp
[22.883s] -- Up-to-date: /home/ubuntu/rj_training_container/training_ws/install/stsl_interfaces/include/stsl_interfaces/stsl_interfaces/srv/detail/sample_elevation__builder.hpp
[22.922s] -- Up-to-date: /home/ubuntu/rj_training_container/training_ws/install/stsl_interfaces/include/stsl_interfaces/stsl_interfaces/srv/detail/sample_elevation__struct.hpp
[22.962s] -- Up-to-date: /home/ubuntu/rj_training_container/training_ws/install/stsl_interfaces/include/stsl_interfaces/stsl_interfaces/srv/detail/sample_elevation__traits.hpp
[23.005s] -- Up-to-date: /home/ubuntu/rj_training_container/training_ws/install/stsl_interfaces/include/stsl_interfaces/stsl_interfaces/srv/reset_mineral_deposit_tracking.hpp
[23.044s] -- Up-to-date: /home/ubuntu/rj_training_container/training_ws/install/stsl_interfaces/include/stsl_interfaces/stsl_interfaces/srv/sample_elevation.hpp
[23.069s] -- Up-to-date: /home/ubuntu/rj_training_container/training_ws/install/stsl_interfaces/include/stsl_interfaces/stsl_interfaces
[23.105s] -- Up-to-date: /home/ubuntu/rj_training_container/training_ws/install/stsl_interfaces/include/stsl_interfaces/stsl_interfaces/action
[23.150s] -- Up-to-date: /home/ubuntu/rj_training_container/training_ws/install/stsl_interfaces/include/stsl_interfaces/stsl_interfaces/action/detail
[23.203s] -- Up-to-date: /home/ubuntu/rj_training_container/training_ws/install/stsl_interfaces/include/stsl_interfaces/stsl_interfaces/action/detail/dds_fastrtps
[23.271s] -- Up-to-date: /home/ubuntu/rj_training_container/training_ws/install/stsl_interfaces/include/stsl_interfaces/stsl_interfaces/action/detail/execute_mission__rosidl_typesupport_fastrtps_cpp.hpp
[23.317s] -- Up-to-date: /home/ubuntu/rj_training_container/training_ws/install/stsl_interfaces/include/stsl_interfaces/stsl_interfaces/action/detail/park_at_peak__rosidl_typesupport_fastrtps_cpp.hpp
[23.347s] -- Up-to-date: /home/ubuntu/rj_training_container/training_ws/install/stsl_interfaces/include/stsl_interfaces/stsl_interfaces/msg
[23.393s] -- Up-to-date: /home/ubuntu/rj_training_container/training_ws/install/stsl_interfaces/include/stsl_interfaces/stsl_interfaces/msg/detail
[23.447s] -- Up-to-date: /home/ubuntu/rj_training_container/training_ws/install/stsl_interfaces/include/stsl_interfaces/stsl_interfaces/msg/detail/dds_fastrtps
[23.510s] -- Up-to-date: /home/ubuntu/rj_training_container/training_ws/install/stsl_interfaces/include/stsl_interfaces/stsl_interfaces/msg/detail/mineral_deposit_array__rosidl_typesupport_fastrtps_cpp.hpp
[23.559s] -- Up-to-date: /home/ubuntu/rj_training_container/training_ws/install/stsl_interfaces/include/stsl_interfaces/stsl_interfaces/msg/detail/mineral_deposit_sample__rosidl_typesupport_fastrtps_cpp.hpp
[23.603s] -- Up-to-date: /home/ubuntu/rj_training_container/training_ws/install/stsl_interfaces/include/stsl_interfaces/stsl_interfaces/msg/detail/mineral_deposit__rosidl_typesupport_fastrtps_cpp.hpp
[23.649s] -- Up-to-date: /home/ubuntu/rj_training_container/training_ws/install/stsl_interfaces/include/stsl_interfaces/stsl_interfaces/msg/detail/tag_array__rosidl_typesupport_fastrtps_cpp.hpp
[23.697s] -- Up-to-date: /home/ubuntu/rj_training_container/training_ws/install/stsl_interfaces/include/stsl_interfaces/stsl_interfaces/msg/detail/tag__rosidl_typesupport_fastrtps_cpp.hpp
[23.745s] -- Up-to-date: /home/ubuntu/rj_training_container/training_ws/install/stsl_interfaces/include/stsl_interfaces/stsl_interfaces/msg/rosidl_typesupport_fastrtps_cpp__visibility_control.h
[23.770s] -- Up-to-date: /home/ubuntu/rj_training_container/training_ws/install/stsl_interfaces/include/stsl_interfaces/stsl_interfaces/srv
[23.806s] -- Up-to-date: /home/ubuntu/rj_training_container/training_ws/install/stsl_interfaces/include/stsl_interfaces/stsl_interfaces/srv/detail
[23.846s] -- Up-to-date: /home/ubuntu/rj_training_container/training_ws/install/stsl_interfaces/include/stsl_interfaces/stsl_interfaces/srv/detail/dds_fastrtps
[23.898s] -- Up-to-date: /home/ubuntu/rj_training_container/training_ws/install/stsl_interfaces/include/stsl_interfaces/stsl_interfaces/srv/detail/reset_mineral_deposit_tracking__rosidl_typesupport_fastrtps_cpp.hpp
[23.934s] -- Up-to-date: /home/ubuntu/rj_training_container/training_ws/install/stsl_interfaces/include/stsl_interfaces/stsl_interfaces/srv/detail/sample_elevation__rosidl_typesupport_fastrtps_cpp.hpp
[24.015s] -- Up-to-date: /home/ubuntu/rj_training_container/training_ws/install/stsl_interfaces/lib/libstsl_interfaces__rosidl_typesupport_fastrtps_cpp.so
[24.077s] -- Up-to-date: /home/ubuntu/rj_training_container/training_ws/install/stsl_interfaces/include/stsl_interfaces/stsl_interfaces
[24.108s] -- Up-to-date: /home/ubuntu/rj_training_container/training_ws/install/stsl_interfaces/include/stsl_interfaces/stsl_interfaces/action
[24.144s] -- Up-to-date: /home/ubuntu/rj_training_container/training_ws/install/stsl_interfaces/include/stsl_interfaces/stsl_interfaces/action/detail
[24.191s] -- Up-to-date: /home/ubuntu/rj_training_container/training_ws/install/stsl_interfaces/include/stsl_interfaces/stsl_interfaces/action/detail/execute_mission__rosidl_typesupport_introspection_cpp.hpp
[24.229s] -- Up-to-date: /home/ubuntu/rj_training_container/training_ws/install/stsl_interfaces/include/stsl_interfaces/stsl_interfaces/action/detail/execute_mission__type_support.cpp
[24.262s] -- Up-to-date: /home/ubuntu/rj_training_container/training_ws/install/stsl_interfaces/include/stsl_interfaces/stsl_interfaces/action/detail/park_at_peak__rosidl_typesupport_introspection_cpp.hpp
[24.299s] -- Up-to-date: /home/ubuntu/rj_training_container/training_ws/install/stsl_interfaces/include/stsl_interfaces/stsl_interfaces/action/detail/park_at_peak__type_support.cpp
[24.322s] -- Up-to-date: /home/ubuntu/rj_training_container/training_ws/install/stsl_interfaces/include/stsl_interfaces/stsl_interfaces/msg
[24.373s] -- Up-to-date: /home/ubuntu/rj_training_container/training_ws/install/stsl_interfaces/include/stsl_interfaces/stsl_interfaces/msg/detail
[24.504s] -- Up-to-date: /home/ubuntu/rj_training_container/training_ws/install/stsl_interfaces/include/stsl_interfaces/stsl_interfaces/msg/detail/mineral_deposit_array__rosidl_typesupport_introspection_cpp.hpp
[24.547s] -- Up-to-date: /home/ubuntu/rj_training_container/training_ws/install/stsl_interfaces/include/stsl_interfaces/stsl_interfaces/msg/detail/mineral_deposit_array__type_support.cpp
[24.584s] -- Up-to-date: /home/ubuntu/rj_training_container/training_ws/install/stsl_interfaces/include/stsl_interfaces/stsl_interfaces/msg/detail/mineral_deposit_sample__rosidl_typesupport_introspection_cpp.hpp
[24.621s] -- Up-to-date: /home/ubuntu/rj_training_container/training_ws/install/stsl_interfaces/include/stsl_interfaces/stsl_interfaces/msg/detail/mineral_deposit_sample__type_support.cpp
[24.655s] -- Up-to-date: /home/ubuntu/rj_training_container/training_ws/install/stsl_interfaces/include/stsl_interfaces/stsl_interfaces/msg/detail/mineral_deposit__rosidl_typesupport_introspection_cpp.hpp
[24.692s] -- Up-to-date: /home/ubuntu/rj_training_container/training_ws/install/stsl_interfaces/include/stsl_interfaces/stsl_interfaces/msg/detail/mineral_deposit__type_support.cpp
[24.730s] -- Up-to-date: /home/ubuntu/rj_training_container/training_ws/install/stsl_interfaces/include/stsl_interfaces/stsl_interfaces/msg/detail/tag_array__rosidl_typesupport_introspection_cpp.hpp
[24.766s] -- Up-to-date: /home/ubuntu/rj_training_container/training_ws/install/stsl_interfaces/include/stsl_interfaces/stsl_interfaces/msg/detail/tag_array__type_support.cpp
[24.806s] -- Up-to-date: /home/ubuntu/rj_training_container/training_ws/install/stsl_interfaces/include/stsl_interfaces/stsl_interfaces/msg/detail/tag__rosidl_typesupport_introspection_cpp.hpp
[24.847s] -- Up-to-date: /home/ubuntu/rj_training_container/training_ws/install/stsl_interfaces/include/stsl_interfaces/stsl_interfaces/msg/detail/tag__type_support.cpp
[24.872s] -- Up-to-date: /home/ubuntu/rj_training_container/training_ws/install/stsl_interfaces/include/stsl_interfaces/stsl_interfaces/srv
[24.911s] -- Up-to-date: /home/ubuntu/rj_training_container/training_ws/install/stsl_interfaces/include/stsl_interfaces/stsl_interfaces/srv/detail
[24.961s] -- Up-to-date: /home/ubuntu/rj_training_container/training_ws/install/stsl_interfaces/include/stsl_interfaces/stsl_interfaces/srv/detail/reset_mineral_deposit_tracking__rosidl_typesupport_introspection_cpp.hpp
[24.998s] -- Up-to-date: /home/ubuntu/rj_training_container/training_ws/install/stsl_interfaces/include/stsl_interfaces/stsl_interfaces/srv/detail/reset_mineral_deposit_tracking__type_support.cpp
[25.034s] -- Up-to-date: /home/ubuntu/rj_training_container/training_ws/install/stsl_interfaces/include/stsl_interfaces/stsl_interfaces/srv/detail/sample_elevation__rosidl_typesupport_introspection_cpp.hpp
[25.073s] -- Up-to-date: /home/ubuntu/rj_training_container/training_ws/install/stsl_interfaces/include/stsl_interfaces/stsl_interfaces/srv/detail/sample_elevation__type_support.cpp
[25.143s] -- Up-to-date: /home/ubuntu/rj_training_container/training_ws/install/stsl_interfaces/lib/libstsl_interfaces__rosidl_typesupport_introspection_cpp.so
[25.247s] -- Up-to-date: /home/ubuntu/rj_training_container/training_ws/install/stsl_interfaces/lib/libstsl_interfaces__rosidl_typesupport_cpp.so
[25.316s] -- Up-to-date: /home/ubuntu/rj_training_container/training_ws/install/stsl_interfaces/share/stsl_interfaces/environment/pythonpath.sh
[25.347s] -- Up-to-date: /home/ubuntu/rj_training_container/training_ws/install/stsl_interfaces/share/stsl_interfaces/environment/pythonpath.dsv
[25.370s] -- Up-to-date: /home/ubuntu/rj_training_container/training_ws/install/stsl_interfaces/local/lib/python3.10/dist-packages/stsl_interfaces-0.1.0-py3.10.egg-info
[25.415s] -- Installing: /home/ubuntu/rj_training_container/training_ws/install/stsl_interfaces/local/lib/python3.10/dist-packages/stsl_interfaces-0.1.0-py3.10.egg-info/dependency_links.txt
[25.556s] -- Installing: /home/ubuntu/rj_training_container/training_ws/install/stsl_interfaces/local/lib/python3.10/dist-packages/stsl_interfaces-0.1.0-py3.10.egg-info/PKG-INFO
[25.681s] -- Installing: /home/ubuntu/rj_training_container/training_ws/install/stsl_interfaces/local/lib/python3.10/dist-packages/stsl_interfaces-0.1.0-py3.10.egg-info/SOURCES.txt
[25.806s] -- Installing: /home/ubuntu/rj_training_container/training_ws/install/stsl_interfaces/local/lib/python3.10/dist-packages/stsl_interfaces-0.1.0-py3.10.egg-info/top_level.txt
[25.942s] -- Up-to-date: /home/ubuntu/rj_training_container/training_ws/install/stsl_interfaces/local/lib/python3.10/dist-packages/stsl_interfaces
[25.993s] -- Up-to-date: /home/ubuntu/rj_training_container/training_ws/install/stsl_interfaces/local/lib/python3.10/dist-packages/stsl_interfaces/action
[26.044s] -- Up-to-date: /home/ubuntu/rj_training_container/training_ws/install/stsl_interfaces/local/lib/python3.10/dist-packages/stsl_interfaces/action/_execute_mission.py
[26.080s] -- Up-to-date: /home/ubuntu/rj_training_container/training_ws/install/stsl_interfaces/local/lib/python3.10/dist-packages/stsl_interfaces/action/_execute_mission_s.c
[26.116s] -- Up-to-date: /home/ubuntu/rj_training_container/training_ws/install/stsl_interfaces/local/lib/python3.10/dist-packages/stsl_interfaces/action/_park_at_peak.py
[26.150s] -- Up-to-date: /home/ubuntu/rj_training_container/training_ws/install/stsl_interfaces/local/lib/python3.10/dist-packages/stsl_interfaces/action/_park_at_peak_s.c
[26.185s] -- Up-to-date: /home/ubuntu/rj_training_container/training_ws/install/stsl_interfaces/local/lib/python3.10/dist-packages/stsl_interfaces/action/__init__.py
[26.214s] -- Up-to-date: /home/ubuntu/rj_training_container/training_ws/install/stsl_interfaces/local/lib/python3.10/dist-packages/stsl_interfaces/libstsl_interfaces__rosidl_generator_py.so
[26.239s] -- Up-to-date: /home/ubuntu/rj_training_container/training_ws/install/stsl_interfaces/local/lib/python3.10/dist-packages/stsl_interfaces/msg
[26.284s] -- Up-to-date: /home/ubuntu/rj_training_container/training_ws/install/stsl_interfaces/local/lib/python3.10/dist-packages/stsl_interfaces/msg/_mineral_deposit.py
[26.319s] -- Up-to-date: /home/ubuntu/rj_training_container/training_ws/install/stsl_interfaces/local/lib/python3.10/dist-packages/stsl_interfaces/msg/_mineral_deposit_array.py
[26.354s] -- Up-to-date: /home/ubuntu/rj_training_container/training_ws/install/stsl_interfaces/local/lib/python3.10/dist-packages/stsl_interfaces/msg/_mineral_deposit_array_s.c
[26.391s] -- Up-to-date: /home/ubuntu/rj_training_container/training_ws/install/stsl_interfaces/local/lib/python3.10/dist-packages/stsl_interfaces/msg/_mineral_deposit_s.c
[26.433s] -- Up-to-date: /home/ubuntu/rj_training_container/training_ws/install/stsl_interfaces/local/lib/python3.10/dist-packages/stsl_interfaces/msg/_mineral_deposit_sample.py
[26.472s] -- Up-to-date: /home/ubuntu/rj_training_container/training_ws/install/stsl_interfaces/local/lib/python3.10/dist-packages/stsl_interfaces/msg/_mineral_deposit_sample_s.c
[26.509s] -- Up-to-date: /home/ubuntu/rj_training_container/training_ws/install/stsl_interfaces/local/lib/python3.10/dist-packages/stsl_interfaces/msg/_tag.py
[26.548s] -- Up-to-date: /home/ubuntu/rj_training_container/training_ws/install/stsl_interfaces/local/lib/python3.10/dist-packages/stsl_interfaces/msg/_tag_array.py
[26.576s] -- Up-to-date: /home/ubuntu/rj_training_container/training_ws/install/stsl_interfaces/local/lib/python3.10/dist-packages/stsl_interfaces/msg/_tag_array_s.c
[26.612s] -- Up-to-date: /home/ubuntu/rj_training_container/training_ws/install/stsl_interfaces/local/lib/python3.10/dist-packages/stsl_interfaces/msg/_tag_s.c
[26.643s] -- Up-to-date: /home/ubuntu/rj_training_container/training_ws/install/stsl_interfaces/local/lib/python3.10/dist-packages/stsl_interfaces/msg/__init__.py
[26.667s] -- Up-to-date: /home/ubuntu/rj_training_container/training_ws/install/stsl_interfaces/local/lib/python3.10/dist-packages/stsl_interfaces/srv
[26.718s] -- Up-to-date: /home/ubuntu/rj_training_container/training_ws/install/stsl_interfaces/local/lib/python3.10/dist-packages/stsl_interfaces/srv/_reset_mineral_deposit_tracking.py
[26.754s] -- Up-to-date: /home/ubuntu/rj_training_container/training_ws/install/stsl_interfaces/local/lib/python3.10/dist-packages/stsl_interfaces/srv/_reset_mineral_deposit_tracking_s.c
[26.784s] -- Up-to-date: /home/ubuntu/rj_training_container/training_ws/install/stsl_interfaces/local/lib/python3.10/dist-packages/stsl_interfaces/srv/_sample_elevation.py
[26.817s] -- Up-to-date: /home/ubuntu/rj_training_container/training_ws/install/stsl_interfaces/local/lib/python3.10/dist-packages/stsl_interfaces/srv/_sample_elevation_s.c
[26.850s] -- Up-to-date: /home/ubuntu/rj_training_container/training_ws/install/stsl_interfaces/local/lib/python3.10/dist-packages/stsl_interfaces/srv/__init__.py
[26.879s] -- Up-to-date: /home/ubuntu/rj_training_container/training_ws/install/stsl_interfaces/local/lib/python3.10/dist-packages/stsl_interfaces/stsl_interfaces_s__rosidl_typesupport_c.cpython-310-x86_64-linux-gnu.so
[26.906s] -- Up-to-date: /home/ubuntu/rj_training_container/training_ws/install/stsl_interfaces/local/lib/python3.10/dist-packages/stsl_interfaces/stsl_interfaces_s__rosidl_typesupport_fastrtps_c.cpython-310-x86_64-linux-gnu.so
[26.932s] -- Up-to-date: /home/ubuntu/rj_training_container/training_ws/install/stsl_interfaces/local/lib/python3.10/dist-packages/stsl_interfaces/stsl_interfaces_s__rosidl_typesupport_introspection_c.cpython-310-x86_64-linux-gnu.so
[26.955s] -- Up-to-date: /home/ubuntu/rj_training_container/training_ws/install/stsl_interfaces/local/lib/python3.10/dist-packages/stsl_interfaces/_stsl_interfaces_s.ep.rosidl_typesupport_c.c
[26.982s] -- Up-to-date: /home/ubuntu/rj_training_container/training_ws/install/stsl_interfaces/local/lib/python3.10/dist-packages/stsl_interfaces/_stsl_interfaces_s.ep.rosidl_typesupport_fastrtps_c.c
[27.011s] -- Up-to-date: /home/ubuntu/rj_training_container/training_ws/install/stsl_interfaces/local/lib/python3.10/dist-packages/stsl_interfaces/_stsl_interfaces_s.ep.rosidl_typesupport_introspection_c.c
[27.040s] -- Up-to-date: /home/ubuntu/rj_training_container/training_ws/install/stsl_interfaces/local/lib/python3.10/dist-packages/stsl_interfaces/__init__.py
[27.864s] Listing '/home/ubuntu/rj_training_container/training_ws/install/stsl_interfaces/local/lib/python3.10/dist-packages/stsl_interfaces'...
[27.865s] Listing '/home/ubuntu/rj_training_container/training_ws/install/stsl_interfaces/local/lib/python3.10/dist-packages/stsl_interfaces/action'...
[27.867s] Listing '/home/ubuntu/rj_training_container/training_ws/install/stsl_interfaces/local/lib/python3.10/dist-packages/stsl_interfaces/msg'...
[27.868s] Listing '/home/ubuntu/rj_training_container/training_ws/install/stsl_interfaces/local/lib/python3.10/dist-packages/stsl_interfaces/srv'...
[27.948s] -- Up-to-date: /home/ubuntu/rj_training_container/training_ws/install/stsl_interfaces/local/lib/python3.10/dist-packages/stsl_interfaces/stsl_interfaces_s__rosidl_typesupport_fastrtps_c.cpython-310-x86_64-linux-gnu.so
[28.101s] -- Up-to-date: /home/ubuntu/rj_training_container/training_ws/install/stsl_interfaces/local/lib/python3.10/dist-packages/stsl_interfaces/stsl_interfaces_s__rosidl_typesupport_introspection_c.cpython-310-x86_64-linux-gnu.so
[28.237s] -- Up-to-date: /home/ubuntu/rj_training_container/training_ws/install/stsl_interfaces/local/lib/python3.10/dist-packages/stsl_interfaces/stsl_interfaces_s__rosidl_typesupport_c.cpython-310-x86_64-linux-gnu.so
[28.349s] -- Up-to-date: /home/ubuntu/rj_training_container/training_ws/install/stsl_interfaces/lib/libstsl_interfaces__rosidl_generator_py.so
[28.419s] -- Up-to-date: /home/ubuntu/rj_training_container/training_ws/install/stsl_interfaces/share/stsl_interfaces/msg/MineralDeposit.idl
[28.455s] -- Up-to-date: /home/ubuntu/rj_training_container/training_ws/install/stsl_interfaces/share/stsl_interfaces/msg/MineralDepositArray.idl
[28.489s] -- Up-to-date: /home/ubuntu/rj_training_container/training_ws/install/stsl_interfaces/share/stsl_interfaces/msg/MineralDepositSample.idl
[28.533s] -- Up-to-date: /home/ubuntu/rj_training_container/training_ws/install/stsl_interfaces/share/stsl_interfaces/msg/Tag.idl
[28.565s] -- Up-to-date: /home/ubuntu/rj_training_container/training_ws/install/stsl_interfaces/share/stsl_interfaces/msg/TagArray.idl
[28.593s] -- Up-to-date: /home/ubuntu/rj_training_container/training_ws/install/stsl_interfaces/share/stsl_interfaces/srv/ResetMineralDepositTracking.idl
[28.632s] -- Up-to-date: /home/ubuntu/rj_training_container/training_ws/install/stsl_interfaces/share/stsl_interfaces/srv/SampleElevation.idl
[28.670s] -- Up-to-date: /home/ubuntu/rj_training_container/training_ws/install/stsl_interfaces/share/stsl_interfaces/action/ExecuteMission.idl
[28.702s] -- Up-to-date: /home/ubuntu/rj_training_container/training_ws/install/stsl_interfaces/share/stsl_interfaces/action/ParkAtPeak.idl
[28.739s] -- Up-to-date: /home/ubuntu/rj_training_container/training_ws/install/stsl_interfaces/share/stsl_interfaces/msg/MineralDeposit.msg
[28.774s] -- Up-to-date: /home/ubuntu/rj_training_container/training_ws/install/stsl_interfaces/share/stsl_interfaces/msg/MineralDepositArray.msg
[28.813s] -- Up-to-date: /home/ubuntu/rj_training_container/training_ws/install/stsl_interfaces/share/stsl_interfaces/msg/MineralDepositSample.msg
[28.856s] -- Up-to-date: /home/ubuntu/rj_training_container/training_ws/install/stsl_interfaces/share/stsl_interfaces/msg/Tag.msg
[28.885s] -- Up-to-date: /home/ubuntu/rj_training_container/training_ws/install/stsl_interfaces/share/stsl_interfaces/msg/TagArray.msg
[28.920s] -- Up-to-date: /home/ubuntu/rj_training_container/training_ws/install/stsl_interfaces/share/stsl_interfaces/srv/ResetMineralDepositTracking.srv
[28.947s] -- Up-to-date: /home/ubuntu/rj_training_container/training_ws/install/stsl_interfaces/share/stsl_interfaces/srv/ResetMineralDepositTracking_Request.msg
[28.976s] -- Up-to-date: /home/ubuntu/rj_training_container/training_ws/install/stsl_interfaces/share/stsl_interfaces/srv/ResetMineralDepositTracking_Response.msg
[29.006s] -- Up-to-date: /home/ubuntu/rj_training_container/training_ws/install/stsl_interfaces/share/stsl_interfaces/srv/SampleElevation.srv
[29.039s] -- Up-to-date: /home/ubuntu/rj_training_container/training_ws/install/stsl_interfaces/share/stsl_interfaces/srv/SampleElevation_Request.msg
[29.068s] -- Up-to-date: /home/ubuntu/rj_training_container/training_ws/install/stsl_interfaces/share/stsl_interfaces/srv/SampleElevation_Response.msg
[29.111s] -- Up-to-date: /home/ubuntu/rj_training_container/training_ws/install/stsl_interfaces/share/stsl_interfaces/action/ExecuteMission.action
[29.144s] -- Up-to-date: /home/ubuntu/rj_training_container/training_ws/install/stsl_interfaces/share/stsl_interfaces/action/ParkAtPeak.action
[29.179s] -- Up-to-date: /home/ubuntu/rj_training_container/training_ws/install/stsl_interfaces/share/ament_index/resource_index/package_run_dependencies/stsl_interfaces
[29.218s] -- Up-to-date: /home/ubuntu/rj_training_container/training_ws/install/stsl_interfaces/share/ament_index/resource_index/parent_prefix_path/stsl_interfaces
[29.241s] -- Up-to-date: /home/ubuntu/rj_training_container/training_ws/install/stsl_interfaces/share/stsl_interfaces/environment/ament_prefix_path.sh
[29.268s] -- Up-to-date: /home/ubuntu/rj_training_container/training_ws/install/stsl_interfaces/share/stsl_interfaces/environment/ament_prefix_path.dsv
[29.290s] -- Up-to-date: /home/ubuntu/rj_training_container/training_ws/install/stsl_interfaces/share/stsl_interfaces/environment/path.sh
[29.316s] -- Up-to-date: /home/ubuntu/rj_training_container/training_ws/install/stsl_interfaces/share/stsl_interfaces/environment/path.dsv
[29.345s] -- Up-to-date: /home/ubuntu/rj_training_container/training_ws/install/stsl_interfaces/share/stsl_interfaces/local_setup.bash
[29.370s] -- Up-to-date: /home/ubuntu/rj_training_container/training_ws/install/stsl_interfaces/share/stsl_interfaces/local_setup.sh
[29.398s] -- Up-to-date: /home/ubuntu/rj_training_container/training_ws/install/stsl_interfaces/share/stsl_interfaces/local_setup.zsh
[29.427s] -- Up-to-date: /home/ubuntu/rj_training_container/training_ws/install/stsl_interfaces/share/stsl_interfaces/local_setup.dsv
[29.457s] -- Installing: /home/ubuntu/rj_training_container/training_ws/install/stsl_interfaces/share/stsl_interfaces/package.dsv
[29.565s] -- Up-to-date: /home/ubuntu/rj_training_container/training_ws/install/stsl_interfaces/share/ament_index/resource_index/packages/stsl_interfaces
[29.634s] -- Up-to-date: /home/ubuntu/rj_training_container/training_ws/install/stsl_interfaces/share/stsl_interfaces/cmake/export_stsl_interfaces__rosidl_generator_cExport.cmake
[29.672s] -- Up-to-date: /home/ubuntu/rj_training_container/training_ws/install/stsl_interfaces/share/stsl_interfaces/cmake/export_stsl_interfaces__rosidl_generator_cExport-noconfig.cmake
[29.746s] -- Up-to-date: /home/ubuntu/rj_training_container/training_ws/install/stsl_interfaces/share/stsl_interfaces/cmake/export_stsl_interfaces__rosidl_typesupport_fastrtps_cExport.cmake
[29.784s] -- Up-to-date: /home/ubuntu/rj_training_container/training_ws/install/stsl_interfaces/share/stsl_interfaces/cmake/export_stsl_interfaces__rosidl_typesupport_fastrtps_cExport-noconfig.cmake
[29.852s] -- Up-to-date: /home/ubuntu/rj_training_container/training_ws/install/stsl_interfaces/share/stsl_interfaces/cmake/stsl_interfaces__rosidl_typesupport_introspection_cExport.cmake
[29.890s] -- Up-to-date: /home/ubuntu/rj_training_container/training_ws/install/stsl_interfaces/share/stsl_interfaces/cmake/stsl_interfaces__rosidl_typesupport_introspection_cExport-noconfig.cmake
[29.966s] -- Up-to-date: /home/ubuntu/rj_training_container/training_ws/install/stsl_interfaces/share/stsl_interfaces/cmake/stsl_interfaces__rosidl_typesupport_cExport.cmake
[30.006s] -- Up-to-date: /home/ubuntu/rj_training_container/training_ws/install/stsl_interfaces/share/stsl_interfaces/cmake/stsl_interfaces__rosidl_typesupport_cExport-noconfig.cmake
[30.071s] -- Up-to-date: /home/ubuntu/rj_training_container/training_ws/install/stsl_interfaces/share/stsl_interfaces/cmake/export_stsl_interfaces__rosidl_generator_cppExport.cmake
[30.143s] -- Up-to-date: /home/ubuntu/rj_training_container/training_ws/install/stsl_interfaces/share/stsl_interfaces/cmake/export_stsl_interfaces__rosidl_typesupport_fastrtps_cppExport.cmake
[30.182s] -- Up-to-date: /home/ubuntu/rj_training_container/training_ws/install/stsl_interfaces/share/stsl_interfaces/cmake/export_stsl_interfaces__rosidl_typesupport_fastrtps_cppExport-noconfig.cmake
[30.258s] -- Up-to-date: /home/ubuntu/rj_training_container/training_ws/install/stsl_interfaces/share/stsl_interfaces/cmake/stsl_interfaces__rosidl_typesupport_introspection_cppExport.cmake
[30.297s] -- Up-to-date: /home/ubuntu/rj_training_container/training_ws/install/stsl_interfaces/share/stsl_interfaces/cmake/stsl_interfaces__rosidl_typesupport_introspection_cppExport-noconfig.cmake
[30.373s] -- Up-to-date: /home/ubuntu/rj_training_container/training_ws/install/stsl_interfaces/share/stsl_interfaces/cmake/stsl_interfaces__rosidl_typesupport_cppExport.cmake
[30.423s] -- Up-to-date: /home/ubuntu/rj_training_container/training_ws/install/stsl_interfaces/share/stsl_interfaces/cmake/stsl_interfaces__rosidl_typesupport_cppExport-noconfig.cmake
[30.523s] -- Up-to-date: /home/ubuntu/rj_training_container/training_ws/install/stsl_interfaces/share/stsl_interfaces/cmake/export_stsl_interfaces__rosidl_generator_pyExport.cmake
[30.564s] -- Up-to-date: /home/ubuntu/rj_training_container/training_ws/install/stsl_interfaces/share/stsl_interfaces/cmake/export_stsl_interfaces__rosidl_generator_pyExport-noconfig.cmake
[30.592s] -- Up-to-date: /home/ubuntu/rj_training_container/training_ws/install/stsl_interfaces/share/stsl_interfaces/cmake/rosidl_cmake-extras.cmake
[30.622s] -- Up-to-date: /home/ubuntu/rj_training_container/training_ws/install/stsl_interfaces/share/stsl_interfaces/cmake/ament_cmake_export_dependencies-extras.cmake
[30.650s] -- Up-to-date: /home/ubuntu/rj_training_container/training_ws/install/stsl_interfaces/share/stsl_interfaces/cmake/ament_cmake_export_include_directories-extras.cmake
[30.676s] -- Up-to-date: /home/ubuntu/rj_training_container/training_ws/install/stsl_interfaces/share/stsl_interfaces/cmake/ament_cmake_export_libraries-extras.cmake
[30.702s] -- Up-to-date: /home/ubuntu/rj_training_container/training_ws/install/stsl_interfaces/share/stsl_interfaces/cmake/ament_cmake_export_targets-extras.cmake
[30.731s] -- Up-to-date: /home/ubuntu/rj_training_container/training_ws/install/stsl_interfaces/share/stsl_interfaces/cmake/rosidl_cmake_export_typesupport_targets-extras.cmake
[30.762s] -- Up-to-date: /home/ubuntu/rj_training_container/training_ws/install/stsl_interfaces/share/stsl_interfaces/cmake/rosidl_cmake_export_typesupport_libraries-extras.cmake
[30.788s] -- Up-to-date: /home/ubuntu/rj_training_container/training_ws/install/stsl_interfaces/share/stsl_interfaces/cmake/stsl_interfacesConfig.cmake
[30.809s] -- Up-to-date: /home/ubuntu/rj_training_container/training_ws/install/stsl_interfaces/share/stsl_interfaces/cmake/stsl_interfacesConfig-version.cmake
[30.852s] -- Up-to-date: /home/ubuntu/rj_training_container/training_ws/install/stsl_interfaces/share/stsl_interfaces/package.xml
[30.894s] Invoked command in '/home/ubuntu/rj_training_container/training_ws/build/stsl_interfaces' returned '0': CMAKE_PREFIX_PATH=/opt/ros/humble /usr/bin/cmake --install /home/ubuntu/rj_training_container/training_ws/build/stsl_interfaces
