[6.261s] Invoking command in '/home/ubuntu/rj_training_container/training_ws/src/trainingv2/turtlesim_project/src/keyboard': PYTHONPATH=/home/ubuntu/rj_training_container/training_ws/build/keyboard/prefix_override:/usr/lib/python3/dist-packages/colcon_core/task/python/colcon_distutils_commands:/home/ubuntu/rj_training_container/training_ws/install/keyboard/lib/python3.10/site-packages:${PYTHONPATH} /usr/bin/python3 -W ignore:setup.py install is deprecated setup.py egg_info --egg-base ../../../../../build/keyboard build --build-base /home/ubuntu/rj_training_container/training_ws/build/keyboard/build install --record /home/ubuntu/rj_training_container/training_ws/build/keyboard/install.log --single-version-externally-managed install_data
[8.800s] running egg_info
[8.812s] writing ../../../../../build/keyboard/keyboard.egg-info/PKG-INFO
[8.833s] writing dependency_links to ../../../../../build/keyboard/keyboard.egg-info/dependency_links.txt
[8.853s] writing entry points to ../../../../../build/keyboard/keyboard.egg-info/entry_points.txt
[8.869s] writing requirements to ../../../../../build/keyboard/keyboard.egg-info/requires.txt
[8.882s] writing top-level names to ../../../../../build/keyboard/keyboard.egg-info/top_level.txt
[9.018s] reading manifest file '../../../../../build/keyboard/keyboard.egg-info/SOURCES.txt'
[9.331s] writing manifest file '../../../../../build/keyboard/keyboard.egg-info/SOURCES.txt'
[9.347s] running build
[9.351s] running build_py
[9.509s] running install
[9.513s] running install_lib
[9.946s] running install_data
[10.075s] running install_egg_info
[10.119s] removing '/home/ubuntu/rj_training_container/training_ws/install/keyboard/lib/python3.10/site-packages/keyboard-0.0.0-py3.10.egg-info' (and everything under it)
[10.398s] Copying ../../../../../build/keyboard/keyboard.egg-info to /home/ubuntu/rj_training_container/training_ws/install/keyboard/lib/python3.10/site-packages/keyboard-0.0.0-py3.10.egg-info
[11.510s] running install_scripts
[11.768s] Installing keystroke_listen script to /home/ubuntu/rj_training_container/training_ws/install/keyboard/lib/keyboard
[11.825s] writing list of installed files to '/home/ubuntu/rj_training_container/training_ws/build/keyboard/install.log'
[12.589s] Invoked command in '/home/ubuntu/rj_training_container/training_ws/src/trainingv2/turtlesim_project/src/keyboard' returned '0': PYTHONPATH=/home/ubuntu/rj_training_container/training_ws/build/keyboard/prefix_override:/usr/lib/python3/dist-packages/colcon_core/task/python/colcon_distutils_commands:/home/ubuntu/rj_training_container/training_ws/install/keyboard/lib/python3.10/site-packages:${PYTHONPATH} /usr/bin/python3 -W ignore:setup.py install is deprecated setup.py egg_info --egg-base ../../../../../build/keyboard build --build-base /home/ubuntu/rj_training_container/training_ws/build/keyboard/build install --record /home/ubuntu/rj_training_container/training_ws/build/keyboard/install.log --single-version-externally-managed install_data
