[0.268s] Invoking command in '/home/ubuntu/rj_training_container/training_ws/build/mineral_deposit_detection': AMENT_PREFIX_PATH=/home/ubuntu/rj_training_container/training_ws/install/stsl_interfaces:${AMENT_PREFIX_PATH} CMAKE_PREFIX_PATH=/home/ubuntu/rj_training_container/training_ws/install/stsl_interfaces:/opt/ros/humble LD_LIBRARY_PATH=/home/ubuntu/rj_training_container/training_ws/install/stsl_interfaces/lib:${LD_LIBRARY_PATH} PYTHONPATH=/home/ubuntu/rj_training_container/training_ws/install/stsl_interfaces/local/lib/python3.10/dist-packages:${PYTHONPATH} /usr/bin/cmake /home/ubuntu/rj_training_container/training_ws/src/stsl/mineral_deposit_detection -DCMAKE_INSTALL_PREFIX=/home/ubuntu/rj_training_container/training_ws/install/mineral_deposit_detection
[1.107s] -- The C compiler identification is GNU 11.4.0
[1.754s] -- The CXX compiler identification is GNU 11.4.0
[1.947s] -- Detecting C compiler ABI info
[3.793s] -- Detecting C compiler ABI info - done
[3.874s] -- Check for working C compiler: /usr/bin/cc - skipped
[3.878s] -- Detecting C compile features
[3.881s] -- Detecting C compile features - done
[4.076s] -- Detecting CXX compiler ABI info
[5.956s] -- Detecting CXX compiler ABI info - done
[6.035s] -- Check for working CXX compiler: /usr/bin/c++ - skipped
[6.038s] -- Detecting CXX compile features
[6.042s] -- Detecting CXX compile features - done
[6.281s] -- Found ament_cmake: 1.3.10 (/opt/ros/humble/share/ament_cmake/cmake)
[7.342s] -- Found Python3: /usr/bin/python3 (found version "3.10.12") found components: Interpreter 
[8.749s] -- Found rclcpp: 16.0.10 (/opt/ros/humble/share/rclcpp/cmake)
[9.467s] -- Found rosidl_generator_c: 3.1.5 (/opt/ros/humble/share/rosidl_generator_c/cmake)
[9.593s] -- Found rosidl_adapter: 3.1.5 (/opt/ros/humble/share/rosidl_adapter/cmake)
[9.724s] -- Found rosidl_generator_cpp: 3.1.5 (/opt/ros/humble/share/rosidl_generator_cpp/cmake)
[9.871s] -- Using all available rosidl_typesupport_c: rosidl_typesupport_fastrtps_c;rosidl_typesupport_introspection_c
[10.065s] -- Using all available rosidl_typesupport_cpp: rosidl_typesupport_fastrtps_cpp;rosidl_typesupport_introspection_cpp
[10.741s] -- Found rmw_implementation_cmake: 6.1.2 (/opt/ros/humble/share/rmw_implementation_cmake/cmake)
[10.811s] -- Found rmw_fastrtps_cpp: 6.2.7 (/opt/ros/humble/share/rmw_fastrtps_cpp/cmake)
[11.659s] -- Found OpenSSL: /usr/lib/x86_64-linux-gnu/libcrypto.so (found version "3.0.2")  
[11.850s] -- Found FastRTPS: /opt/ros/humble/include  
[12.147s] -- Using RMW implementation 'rmw_fastrtps_cpp' as default
[12.406s] -- Looking for pthread.h
[14.071s] -- Looking for pthread.h - found
[14.108s] -- Performing Test CMAKE_HAVE_LIBC_PTHREAD
[15.757s] -- Performing Test CMAKE_HAVE_LIBC_PTHREAD - Success
[15.770s] -- Found Threads: TRUE  
[16.168s] -- Found rclcpp_components: 16.0.10 (/opt/ros/humble/share/rclcpp_components/cmake)
[16.514s] -- Found stsl_interfaces: 0.1.0 (/home/ubuntu/rj_training_container/training_ws/install/stsl_interfaces/share/stsl_interfaces/cmake)
[17.562s] -- Found tf2_ros: 0.25.8 (/opt/ros/humble/share/tf2_ros/cmake)
[18.043s] -- Found tf2_geometry_msgs: 0.25.8 (/opt/ros/humble/share/tf2_geometry_msgs/cmake)
[18.385s] -- Found eigen3_cmake_module: 0.1.1 (/opt/ros/humble/share/eigen3_cmake_module/cmake)
[18.389s] -- Found Eigen3: TRUE (found version "3.4.0") 
[18.392s] -- Ensuring Eigen3 include directory is part of orocos-kdl CMake target
[18.547s] -- Found ament_lint_auto: 0.12.11 (/opt/ros/humble/share/ament_lint_auto/cmake)
[20.363s] -- Added test 'copyright' to check source files copyright and LICENSE
[20.716s] -- Added test 'cppcheck' to perform static code analysis on C / C++ code
[20.718s] -- Configured cppcheck include dirs: 
[20.720s] -- Configured cppcheck exclude dirs and/or files: 
[21.037s] -- Added test 'cpplint' to check C / C++ code against the Google style
[21.039s] -- Configured cpplint exclude dirs and/or files: 
[21.175s] -- Added test 'lint_cmake' to check CMake code style
[21.565s] -- Added test 'uncrustify' to check C / C++ code style
[21.567s] -- Configured uncrustify additional arguments: 
[21.609s] -- Added test 'xmllint' to check XML markup files
[21.927s] -- Configuring done
[23.237s] -- Generating done
[23.446s] -- Build files have been written to: /home/ubuntu/rj_training_container/training_ws/build/mineral_deposit_detection
[23.472s] Invoked command in '/home/ubuntu/rj_training_container/training_ws/build/mineral_deposit_detection' returned '0': AMENT_PREFIX_PATH=/home/ubuntu/rj_training_container/training_ws/install/stsl_interfaces:${AMENT_PREFIX_PATH} CMAKE_PREFIX_PATH=/home/ubuntu/rj_training_container/training_ws/install/stsl_interfaces:/opt/ros/humble LD_LIBRARY_PATH=/home/ubuntu/rj_training_container/training_ws/install/stsl_interfaces/lib:${LD_LIBRARY_PATH} PYTHONPATH=/home/ubuntu/rj_training_container/training_ws/install/stsl_interfaces/local/lib/python3.10/dist-packages:${PYTHONPATH} /usr/bin/cmake /home/ubuntu/rj_training_container/training_ws/src/stsl/mineral_deposit_detection -DCMAKE_INSTALL_PREFIX=/home/ubuntu/rj_training_container/training_ws/install/mineral_deposit_detection
[23.492s] Invoking command in '/home/ubuntu/rj_training_container/training_ws/build/mineral_deposit_detection': AMENT_PREFIX_PATH=/home/ubuntu/rj_training_container/training_ws/install/stsl_interfaces:${AMENT_PREFIX_PATH} CMAKE_PREFIX_PATH=/home/ubuntu/rj_training_container/training_ws/install/stsl_interfaces:/opt/ros/humble LD_LIBRARY_PATH=/home/ubuntu/rj_training_container/training_ws/install/stsl_interfaces/lib:${LD_LIBRARY_PATH} PYTHONPATH=/home/ubuntu/rj_training_container/training_ws/install/stsl_interfaces/local/lib/python3.10/dist-packages:${PYTHONPATH} /usr/bin/cmake --build /home/ubuntu/rj_training_container/training_ws/build/mineral_deposit_detection -- -j16 -l16
[24.687s] [ 25%] [32mBuilding CXX object CMakeFiles/mineral_deposit_detector.dir/rclcpp_components/node_main_mineral_deposit_detector.cpp.o[0m
[24.733s] [ 50%] [32mBuilding CXX object CMakeFiles/mineral_deposit_detection.dir/src/mineral_deposit_detector.cpp.o[0m
[31.893s] [ 75%] [32m[1mLinking CXX executable mineral_deposit_detector[0m
[33.510s] [ 75%] Built target mineral_deposit_detector
[50.769s] [100%] [32m[1mLinking CXX shared library libmineral_deposit_detection.so[0m
[59.392s] [100%] Built target mineral_deposit_detection
[59.476s] Invoked command in '/home/ubuntu/rj_training_container/training_ws/build/mineral_deposit_detection' returned '0': AMENT_PREFIX_PATH=/home/ubuntu/rj_training_container/training_ws/install/stsl_interfaces:${AMENT_PREFIX_PATH} CMAKE_PREFIX_PATH=/home/ubuntu/rj_training_container/training_ws/install/stsl_interfaces:/opt/ros/humble LD_LIBRARY_PATH=/home/ubuntu/rj_training_container/training_ws/install/stsl_interfaces/lib:${LD_LIBRARY_PATH} PYTHONPATH=/home/ubuntu/rj_training_container/training_ws/install/stsl_interfaces/local/lib/python3.10/dist-packages:${PYTHONPATH} /usr/bin/cmake --build /home/ubuntu/rj_training_container/training_ws/build/mineral_deposit_detection -- -j16 -l16
[59.568s] Invoking command in '/home/ubuntu/rj_training_container/training_ws/build/mineral_deposit_detection': AMENT_PREFIX_PATH=/home/ubuntu/rj_training_container/training_ws/install/stsl_interfaces:${AMENT_PREFIX_PATH} CMAKE_PREFIX_PATH=/home/ubuntu/rj_training_container/training_ws/install/stsl_interfaces:/opt/ros/humble LD_LIBRARY_PATH=/home/ubuntu/rj_training_container/training_ws/install/stsl_interfaces/lib:${LD_LIBRARY_PATH} PYTHONPATH=/home/ubuntu/rj_training_container/training_ws/install/stsl_interfaces/local/lib/python3.10/dist-packages:${PYTHONPATH} /usr/bin/cmake --install /home/ubuntu/rj_training_container/training_ws/build/mineral_deposit_detection
[59.607s] -- Install configuration: ""
[59.630s] -- Installing: /home/ubuntu/rj_training_container/training_ws/install/mineral_deposit_detection/lib/mineral_deposit_detection/mineral_deposit_detector
[59.824s] -- Set runtime path of "/home/ubuntu/rj_training_container/training_ws/install/mineral_deposit_detection/lib/mineral_deposit_detection/mineral_deposit_detector" to ""
[59.852s] -- Installing: /home/ubuntu/rj_training_container/training_ws/install/mineral_deposit_detection/lib/libmineral_deposit_detection.so
[60.801s] -- Set runtime path of "/home/ubuntu/rj_training_container/training_ws/install/mineral_deposit_detection/lib/libmineral_deposit_detection.so" to ""
[60.871s] -- Installing: /home/ubuntu/rj_training_container/training_ws/install/mineral_deposit_detection/share/ament_index/resource_index/package_run_dependencies/mineral_deposit_detection
[61.074s] -- Installing: /home/ubuntu/rj_training_container/training_ws/install/mineral_deposit_detection/share/ament_index/resource_index/parent_prefix_path/mineral_deposit_detection
[61.222s] -- Installing: /home/ubuntu/rj_training_container/training_ws/install/mineral_deposit_detection/share/mineral_deposit_detection/environment/ament_prefix_path.sh
[61.326s] -- Installing: /home/ubuntu/rj_training_container/training_ws/install/mineral_deposit_detection/share/mineral_deposit_detection/environment/ament_prefix_path.dsv
[61.442s] -- Installing: /home/ubuntu/rj_training_container/training_ws/install/mineral_deposit_detection/share/mineral_deposit_detection/environment/path.sh
[61.543s] -- Installing: /home/ubuntu/rj_training_container/training_ws/install/mineral_deposit_detection/share/mineral_deposit_detection/environment/path.dsv
[61.659s] -- Installing: /home/ubuntu/rj_training_container/training_ws/install/mineral_deposit_detection/share/mineral_deposit_detection/local_setup.bash
[61.758s] -- Installing: /home/ubuntu/rj_training_container/training_ws/install/mineral_deposit_detection/share/mineral_deposit_detection/local_setup.sh
[61.865s] -- Installing: /home/ubuntu/rj_training_container/training_ws/install/mineral_deposit_detection/share/mineral_deposit_detection/local_setup.zsh
[61.967s] -- Installing: /home/ubuntu/rj_training_container/training_ws/install/mineral_deposit_detection/share/mineral_deposit_detection/local_setup.dsv
[62.071s] -- Installing: /home/ubuntu/rj_training_container/training_ws/install/mineral_deposit_detection/share/mineral_deposit_detection/package.dsv
[62.214s] -- Installing: /home/ubuntu/rj_training_container/training_ws/install/mineral_deposit_detection/share/ament_index/resource_index/packages/mineral_deposit_detection
[62.408s] -- Installing: /home/ubuntu/rj_training_container/training_ws/install/mineral_deposit_detection/share/ament_index/resource_index/rclcpp_components/mineral_deposit_detection
[62.572s] -- Installing: /home/ubuntu/rj_training_container/training_ws/install/mineral_deposit_detection/share/mineral_deposit_detection/cmake/mineral_deposit_detectionConfig.cmake
[62.688s] -- Installing: /home/ubuntu/rj_training_container/training_ws/install/mineral_deposit_detection/share/mineral_deposit_detection/cmake/mineral_deposit_detectionConfig-version.cmake
[62.816s] -- Installing: /home/ubuntu/rj_training_container/training_ws/install/mineral_deposit_detection/share/mineral_deposit_detection/package.xml
[62.926s] Invoked command in '/home/ubuntu/rj_training_container/training_ws/build/mineral_deposit_detection' returned '0': AMENT_PREFIX_PATH=/home/ubuntu/rj_training_container/training_ws/install/stsl_interfaces:${AMENT_PREFIX_PATH} CMAKE_PREFIX_PATH=/home/ubuntu/rj_training_container/training_ws/install/stsl_interfaces:/opt/ros/humble LD_LIBRARY_PATH=/home/ubuntu/rj_training_container/training_ws/install/stsl_interfaces/lib:${LD_LIBRARY_PATH} PYTHONPATH=/home/ubuntu/rj_training_container/training_ws/install/stsl_interfaces/local/lib/python3.10/dist-packages:${PYTHONPATH} /usr/bin/cmake --install /home/ubuntu/rj_training_container/training_ws/build/mineral_deposit_detection
