[  3%] [34m[1mGenerating C code for ROS interfaces[0m
[  6%] [34m[1mGenerating C++ code for ROS interfaces[0m
[  6%] Built target ament_cmake_python_copy_joystick_msgs
running egg_info
creating joystick_msgs.egg-info
writing joystick_msgs.egg-info/PKG-INFO
writing dependency_links to joystick_msgs.egg-info/dependency_links.txt
[  6%] Built target joystick_msgs__cpp
writing top-level names to joystick_msgs.egg-info/top_level.txt
writing manifest file 'joystick_msgs.egg-info/SOURCES.txt'
reading manifest file 'joystick_msgs.egg-info/SOURCES.txt'
[ 12%] [34m[1mGenerating C++ type support dispatch for ROS interfaces[0m
[ 12%] [34m[1mGenerating C++ introspection for ROS interfaces[0m
[ 16%] [34m[1mGenerating C++ type support for eProsima Fast-RTPS[0m
writing manifest file 'joystick_msgs.egg-info/SOURCES.txt'
[ 19%] [32mBuilding C object CMakeFiles/joystick_msgs__rosidl_generator_c.dir/rosidl_generator_c/joystick_msgs/msg/detail/velocity_pair__functions.c.o[0m
[ 19%] Built target ament_cmake_python_build_joystick_msgs_egg
[ 22%] [32mBuilding CXX object CMakeFiles/joystick_msgs__rosidl_typesupport_cpp.dir/rosidl_typesupport_cpp/joystick_msgs/msg/velocity_pair__type_support.cpp.o[0m
[ 25%] [32m[1mLinking C shared library libjoystick_msgs__rosidl_generator_c.so[0m
[ 29%] [32mBuilding CXX object CMakeFiles/joystick_msgs__rosidl_typesupport_introspection_cpp.dir/rosidl_typesupport_introspection_cpp/joystick_msgs/msg/detail/velocity_pair__type_support.cpp.o[0m
[ 32%] [32mBuilding CXX object CMakeFiles/joystick_msgs__rosidl_typesupport_fastrtps_cpp.dir/rosidl_typesupport_fastrtps_cpp/joystick_msgs/msg/detail/dds_fastrtps/velocity_pair__type_support.cpp.o[0m
[ 32%] Built target joystick_msgs__rosidl_generator_c
[ 38%] [34m[1mGenerating C type support for eProsima Fast-RTPS[0m
[ 38%] [34m[1mGenerating C type support dispatch for ROS interfaces[0m
[ 41%] [34m[1mGenerating C introspection for ROS interfaces[0m
[ 45%] [32m[1mLinking CXX shared library libjoystick_msgs__rosidl_typesupport_cpp.so[0m
[ 48%] [32mBuilding CXX object CMakeFiles/joystick_msgs__rosidl_typesupport_c.dir/rosidl_typesupport_c/joystick_msgs/msg/velocity_pair__type_support.cpp.o[0m
[ 51%] [32mBuilding CXX object CMakeFiles/joystick_msgs__rosidl_typesupport_fastrtps_c.dir/rosidl_typesupport_fastrtps_c/joystick_msgs/msg/detail/velocity_pair__type_support_c.cpp.o[0m
[ 54%] [32mBuilding C object CMakeFiles/joystick_msgs__rosidl_typesupport_introspection_c.dir/rosidl_typesupport_introspection_c/joystick_msgs/msg/detail/velocity_pair__type_support.c.o[0m
[ 54%] Built target joystick_msgs__rosidl_typesupport_cpp
[ 58%] [32m[1mLinking CXX shared library libjoystick_msgs__rosidl_typesupport_c.so[0m
[ 61%] [32m[1mLinking CXX shared library libjoystick_msgs__rosidl_typesupport_introspection_cpp.so[0m
[ 61%] Built target joystick_msgs__rosidl_typesupport_c
[ 64%] [32m[1mLinking C shared library libjoystick_msgs__rosidl_typesupport_introspection_c.so[0m
[ 64%] Built target joystick_msgs__rosidl_typesupport_introspection_cpp
[ 67%] [32m[1mLinking CXX shared library libjoystick_msgs__rosidl_typesupport_fastrtps_cpp.so[0m
[ 67%] Built target joystick_msgs__rosidl_typesupport_introspection_c
[ 67%] Built target joystick_msgs__rosidl_typesupport_fastrtps_cpp
[ 70%] [32m[1mLinking CXX shared library libjoystick_msgs__rosidl_typesupport_fastrtps_c.so[0m
[ 70%] Built target joystick_msgs__rosidl_typesupport_fastrtps_c
[ 70%] Built target joystick_msgs
[ 74%] [34m[1mGenerating Python code for ROS interfaces[0m
[ 74%] Built target joystick_msgs__py
[ 77%] [32mBuilding C object CMakeFiles/joystick_msgs__rosidl_generator_py.dir/rosidl_generator_py/joystick_msgs/msg/_velocity_pair_s.c.o[0m
[ 80%] [32m[1mLinking C shared library rosidl_generator_py/joystick_msgs/libjoystick_msgs__rosidl_generator_py.so[0m
[ 80%] Built target joystick_msgs__rosidl_generator_py
[ 87%] [32mBuilding C object CMakeFiles/joystick_msgs__rosidl_typesupport_c__pyext.dir/rosidl_generator_py/joystick_msgs/_joystick_msgs_s.ep.rosidl_typesupport_c.c.o[0m
[ 87%] [32mBuilding C object CMakeFiles/joystick_msgs__rosidl_typesupport_introspection_c__pyext.dir/rosidl_generator_py/joystick_msgs/_joystick_msgs_s.ep.rosidl_typesupport_introspection_c.c.o[0m
[ 90%] [32mBuilding C object CMakeFiles/joystick_msgs__rosidl_typesupport_fastrtps_c__pyext.dir/rosidl_generator_py/joystick_msgs/_joystick_msgs_s.ep.rosidl_typesupport_fastrtps_c.c.o[0m
[ 93%] [32m[1mLinking C shared library rosidl_generator_py/joystick_msgs/joystick_msgs_s__rosidl_typesupport_c.cpython-310-x86_64-linux-gnu.so[0m
[ 96%] [32m[1mLinking C shared library rosidl_generator_py/joystick_msgs/joystick_msgs_s__rosidl_typesupport_introspection_c.cpython-310-x86_64-linux-gnu.so[0m
[100%] [32m[1mLinking C shared library rosidl_generator_py/joystick_msgs/joystick_msgs_s__rosidl_typesupport_fastrtps_c.cpython-310-x86_64-linux-gnu.so[0m
[100%] Built target joystick_msgs__rosidl_typesupport_c__pyext
[100%] Built target joystick_msgs__rosidl_typesupport_introspection_c__pyext
[100%] Built target joystick_msgs__rosidl_typesupport_fastrtps_c__pyext
