[1.855s] Invoking command in '/home/ubuntu/rj_training_container/training_ws/build/rj_training_bringup': CMAKE_PREFIX_PATH=/opt/ros/humble /usr/bin/cmake --build /home/ubuntu/rj_training_container/training_ws/build/rj_training_bringup -- -j16 -l16
[2.516s] Invoked command in '/home/ubuntu/rj_training_container/training_ws/build/rj_training_bringup' returned '0': CMAKE_PREFIX_PATH=/opt/ros/humble /usr/bin/cmake --build /home/ubuntu/rj_training_container/training_ws/build/rj_training_bringup -- -j16 -l16
[2.704s] Invoking command in '/home/ubuntu/rj_training_container/training_ws/build/rj_training_bringup': CMAKE_PREFIX_PATH=/opt/ros/humble /usr/bin/cmake --install /home/ubuntu/rj_training_container/training_ws/build/rj_training_bringup
[3.314s] -- Install configuration: ""
[3.320s] -- Up-to-date: /home/ubuntu/rj_training_container/training_ws/install/rj_training_bringup/share/rj_training_bringup/behavior_trees
[3.327s] -- Up-to-date: /home/ubuntu/rj_training_container/training_ws/install/rj_training_bringup/share/rj_training_bringup/behavior_trees/navigate.xml
[3.333s] -- Up-to-date: /home/ubuntu/rj_training_container/training_ws/install/rj_training_bringup/share/rj_training_bringup/behavior_trees/navigate_w_replanning.xml
[3.350s] -- Up-to-date: /home/ubuntu/rj_training_container/training_ws/install/rj_training_bringup/share/rj_training_bringup/config
[3.563s] -- Up-to-date: /home/ubuntu/rj_training_container/training_ws/install/rj_training_bringup/share/rj_training_bringup/config/aruco_tag_visualization_params.yaml
[3.730s] -- Up-to-date: /home/ubuntu/rj_training_container/training_ws/install/rj_training_bringup/share/rj_training_bringup/config/nav_params.yaml
[3.904s] -- Up-to-date: /home/ubuntu/rj_training_container/training_ws/install/rj_training_bringup/share/rj_training_bringup/config/nav_params_final_challenge.yaml
[4.065s] -- Up-to-date: /home/ubuntu/rj_training_container/training_ws/install/rj_training_bringup/share/rj_training_bringup/config/nav_params_week_7.yaml
[4.227s] -- Up-to-date: /home/ubuntu/rj_training_container/training_ws/install/rj_training_bringup/share/rj_training_bringup/config/nav_params_week_8.yaml
[4.340s] -- Up-to-date: /home/ubuntu/rj_training_container/training_ws/install/rj_training_bringup/share/rj_training_bringup/launch
[4.551s] -- Up-to-date: /home/ubuntu/rj_training_container/training_ws/install/rj_training_bringup/share/rj_training_bringup/launch/empty_map_server.launch.py
[4.707s] -- Up-to-date: /home/ubuntu/rj_training_container/training_ws/install/rj_training_bringup/share/rj_training_bringup/launch/fake_localizer.launch.py
[4.857s] -- Up-to-date: /home/ubuntu/rj_training_container/training_ws/install/rj_training_bringup/share/rj_training_bringup/launch/full_game_stack.launch.xml
[4.982s] -- Up-to-date: /home/ubuntu/rj_training_container/training_ws/install/rj_training_bringup/share/rj_training_bringup/launch/mineral_deposit_tracker.launch.py
[5.122s] -- Up-to-date: /home/ubuntu/rj_training_container/training_ws/install/rj_training_bringup/share/rj_training_bringup/launch/navigation.launch.py
[5.234s] -- Up-to-date: /home/ubuntu/rj_training_container/training_ws/install/rj_training_bringup/share/rj_training_bringup/launch/projects
[5.463s] -- Up-to-date: /home/ubuntu/rj_training_container/training_ws/install/rj_training_bringup/share/rj_training_bringup/launch/projects/week_1.launch.xml
[5.651s] -- Up-to-date: /home/ubuntu/rj_training_container/training_ws/install/rj_training_bringup/share/rj_training_bringup/launch/projects/week_2.launch.xml
[5.818s] -- Up-to-date: /home/ubuntu/rj_training_container/training_ws/install/rj_training_bringup/share/rj_training_bringup/launch/projects/week_3.launch.xml
[5.997s] -- Up-to-date: /home/ubuntu/rj_training_container/training_ws/install/rj_training_bringup/share/rj_training_bringup/launch/projects/week_4.launch.xml
[6.162s] -- Up-to-date: /home/ubuntu/rj_training_container/training_ws/install/rj_training_bringup/share/rj_training_bringup/launch/projects/week_5.launch.xml
[6.346s] -- Up-to-date: /home/ubuntu/rj_training_container/training_ws/install/rj_training_bringup/share/rj_training_bringup/launch/projects/week_6.launch.xml
[6.523s] -- Up-to-date: /home/ubuntu/rj_training_container/training_ws/install/rj_training_bringup/share/rj_training_bringup/launch/projects/week_7.launch.xml
[6.695s] -- Up-to-date: /home/ubuntu/rj_training_container/training_ws/install/rj_training_bringup/share/rj_training_bringup/launch/projects/week_8.launch.xml
[6.797s] -- Up-to-date: /home/ubuntu/rj_training_container/training_ws/install/rj_training_bringup/share/rj_training_bringup/maps
[6.973s] -- Up-to-date: /home/ubuntu/rj_training_container/training_ws/install/rj_training_bringup/share/rj_training_bringup/maps/empty_map.png
[7.112s] -- Up-to-date: /home/ubuntu/rj_training_container/training_ws/install/rj_training_bringup/share/rj_training_bringup/maps/empty_map.yaml
[7.209s] -- Up-to-date: /home/ubuntu/rj_training_container/training_ws/install/rj_training_bringup/share/rj_training_bringup/mineral_sample_sets
[7.382s] -- Up-to-date: /home/ubuntu/rj_training_container/training_ws/install/rj_training_bringup/share/rj_training_bringup/mineral_sample_sets/default.yaml
[7.478s] -- Up-to-date: /home/ubuntu/rj_training_container/training_ws/install/rj_training_bringup/share/rj_training_bringup/rviz_config
[7.628s] -- Up-to-date: /home/ubuntu/rj_training_container/training_ws/install/rj_training_bringup/share/rj_training_bringup/rviz_config/color_detection.rviz
[7.744s] -- Up-to-date: /home/ubuntu/rj_training_container/training_ws/install/rj_training_bringup/share/rj_training_bringup/rviz_config/final_challenge.rviz
[7.861s] -- Up-to-date: /home/ubuntu/rj_training_container/training_ws/install/rj_training_bringup/share/rj_training_bringup/rviz_config/week_1.rviz
[7.999s] -- Up-to-date: /home/ubuntu/rj_training_container/training_ws/install/rj_training_bringup/share/rj_training_bringup/rviz_config/week_3.rviz
[8.114s] -- Up-to-date: /home/ubuntu/rj_training_container/training_ws/install/rj_training_bringup/share/rj_training_bringup/rviz_config/week_4.rviz
[8.218s] -- Up-to-date: /home/ubuntu/rj_training_container/training_ws/install/rj_training_bringup/share/rj_training_bringup/rviz_config/week_5.rviz
[8.318s] -- Up-to-date: /home/ubuntu/rj_training_container/training_ws/install/rj_training_bringup/share/rj_training_bringup/rviz_config/week_6.rviz
[8.416s] -- Up-to-date: /home/ubuntu/rj_training_container/training_ws/install/rj_training_bringup/share/rj_training_bringup/rviz_config/week_7.rviz
[8.517s] -- Up-to-date: /home/ubuntu/rj_training_container/training_ws/install/rj_training_bringup/share/rj_training_bringup/rviz_config/week_8.rviz
[8.653s] -- Up-to-date: /home/ubuntu/rj_training_container/training_ws/install/rj_training_bringup/share/ament_index/resource_index/package_run_dependencies/rj_training_bringup
[8.780s] -- Up-to-date: /home/ubuntu/rj_training_container/training_ws/install/rj_training_bringup/share/ament_index/resource_index/parent_prefix_path/rj_training_bringup
[8.838s] -- Up-to-date: /home/ubuntu/rj_training_container/training_ws/install/rj_training_bringup/share/rj_training_bringup/environment/ament_prefix_path.sh
[8.918s] -- Up-to-date: /home/ubuntu/rj_training_container/training_ws/install/rj_training_bringup/share/rj_training_bringup/environment/ament_prefix_path.dsv
[8.967s] -- Up-to-date: /home/ubuntu/rj_training_container/training_ws/install/rj_training_bringup/share/rj_training_bringup/environment/path.sh
[9.043s] -- Up-to-date: /home/ubuntu/rj_training_container/training_ws/install/rj_training_bringup/share/rj_training_bringup/environment/path.dsv
[9.119s] -- Up-to-date: /home/ubuntu/rj_training_container/training_ws/install/rj_training_bringup/share/rj_training_bringup/local_setup.bash
[9.189s] -- Up-to-date: /home/ubuntu/rj_training_container/training_ws/install/rj_training_bringup/share/rj_training_bringup/local_setup.sh
[9.256s] -- Up-to-date: /home/ubuntu/rj_training_container/training_ws/install/rj_training_bringup/share/rj_training_bringup/local_setup.zsh
[9.316s] -- Up-to-date: /home/ubuntu/rj_training_container/training_ws/install/rj_training_bringup/share/rj_training_bringup/local_setup.dsv
[9.377s] -- Installing: /home/ubuntu/rj_training_container/training_ws/install/rj_training_bringup/share/rj_training_bringup/package.dsv
[9.561s] -- Up-to-date: /home/ubuntu/rj_training_container/training_ws/install/rj_training_bringup/share/ament_index/resource_index/packages/rj_training_bringup
[9.610s] -- Up-to-date: /home/ubuntu/rj_training_container/training_ws/install/rj_training_bringup/share/rj_training_bringup/cmake/rj_training_bringupConfig.cmake
[9.648s] -- Up-to-date: /home/ubuntu/rj_training_container/training_ws/install/rj_training_bringup/share/rj_training_bringup/cmake/rj_training_bringupConfig-version.cmake
[9.699s] -- Up-to-date: /home/ubuntu/rj_training_container/training_ws/install/rj_training_bringup/share/rj_training_bringup/package.xml
[12.036s] Invoked command in '/home/ubuntu/rj_training_container/training_ws/build/rj_training_bringup' returned '0': CMAKE_PREFIX_PATH=/opt/ros/humble /usr/bin/cmake --install /home/ubuntu/rj_training_container/training_ws/build/rj_training_bringup
