-- Install configuration: ""
-- Up-to-date: /home/ubuntu/rj_training_container/training_ws/install/traini_bringup/share/traini_bringup/launch
-- Up-to-date: /home/ubuntu/rj_training_container/training_ws/install/traini_bringup/share/traini_bringup/launch/joystick_control.launch.py
-- Up-to-date: /home/ubuntu/rj_training_container/training_ws/install/traini_bringup/share/traini_bringup/launch/mineral_deposit_detector.launch.py
-- Up-to-date: /home/ubuntu/rj_training_container/training_ws/install/traini_bringup/share/traini_bringup/launch/tag_detector.launch.py
-- Up-to-date: /home/ubuntu/rj_training_container/training_ws/install/traini_bringup/share/traini_bringup/launch/traini_simulation.launch.py
-- Up-to-date: /home/ubuntu/rj_training_container/training_ws/install/traini_bringup/share/traini_bringup/config
-- Up-to-date: /home/ubuntu/rj_training_container/training_ws/install/traini_bringup/share/traini_bringup/config/joystick_params_playstation.yaml
-- Up-to-date: /home/ubuntu/rj_training_container/training_ws/install/traini_bringup/share/traini_bringup/config/joystick_params_xbox.yaml
-- Up-to-date: /home/ubuntu/rj_training_container/training_ws/install/traini_bringup/share/ament_index/resource_index/package_run_dependencies/traini_bringup
-- Up-to-date: /home/ubuntu/rj_training_container/training_ws/install/traini_bringup/share/ament_index/resource_index/parent_prefix_path/traini_bringup
-- Up-to-date: /home/ubuntu/rj_training_container/training_ws/install/traini_bringup/share/traini_bringup/environment/ament_prefix_path.sh
-- Up-to-date: /home/ubuntu/rj_training_container/training_ws/install/traini_bringup/share/traini_bringup/environment/ament_prefix_path.dsv
-- Up-to-date: /home/ubuntu/rj_training_container/training_ws/install/traini_bringup/share/traini_bringup/environment/path.sh
-- Up-to-date: /home/ubuntu/rj_training_container/training_ws/install/traini_bringup/share/traini_bringup/environment/path.dsv
-- Up-to-date: /home/ubuntu/rj_training_container/training_ws/install/traini_bringup/share/traini_bringup/local_setup.bash
-- Up-to-date: /home/ubuntu/rj_training_container/training_ws/install/traini_bringup/share/traini_bringup/local_setup.sh
-- Up-to-date: /home/ubuntu/rj_training_container/training_ws/install/traini_bringup/share/traini_bringup/local_setup.zsh
-- Up-to-date: /home/ubuntu/rj_training_container/training_ws/install/traini_bringup/share/traini_bringup/local_setup.dsv
-- Installing: /home/ubuntu/rj_training_container/training_ws/install/traini_bringup/share/traini_bringup/package.dsv
-- Up-to-date: /home/ubuntu/rj_training_container/training_ws/install/traini_bringup/share/ament_index/resource_index/packages/traini_bringup
-- Up-to-date: /home/ubuntu/rj_training_container/training_ws/install/traini_bringup/share/traini_bringup/cmake/traini_bringupConfig.cmake
-- Up-to-date: /home/ubuntu/rj_training_container/training_ws/install/traini_bringup/share/traini_bringup/cmake/traini_bringupConfig-version.cmake
-- Up-to-date: /home/ubuntu/rj_training_container/training_ws/install/traini_bringup/share/traini_bringup/package.xml
