[0.345s] Invoking command in '/home/ubuntu/rj_training_container/training_ws/build/coordinate_transform': AMENT_PREFIX_PATH=/home/ubuntu/rj_training_container/training_ws/install/stsl_interfaces:${AMENT_PREFIX_PATH} CMAKE_PREFIX_PATH=/home/ubuntu/rj_training_container/training_ws/install/stsl_interfaces:/opt/ros/humble LD_LIBRARY_PATH=/home/ubuntu/rj_training_container/training_ws/install/stsl_interfaces/lib:${LD_LIBRARY_PATH} PYTHONPATH=/home/ubuntu/rj_training_container/training_ws/install/stsl_interfaces/local/lib/python3.10/dist-packages:${PYTHONPATH} /usr/bin/cmake --build /home/ubuntu/rj_training_container/training_ws/build/coordinate_transform -- -j16 -l16
[1.555s] [ 50%] Built target coordinate_transform_node
[1.655s] [100%] Built target coordinate_transform_components
[1.804s] Invoked command in '/home/ubuntu/rj_training_container/training_ws/build/coordinate_transform' returned '0': AMENT_PREFIX_PATH=/home/ubuntu/rj_training_container/training_ws/install/stsl_interfaces:${AMENT_PREFIX_PATH} CMAKE_PREFIX_PATH=/home/ubuntu/rj_training_container/training_ws/install/stsl_interfaces:/opt/ros/humble LD_LIBRARY_PATH=/home/ubuntu/rj_training_container/training_ws/install/stsl_interfaces/lib:${LD_LIBRARY_PATH} PYTHONPATH=/home/ubuntu/rj_training_container/training_ws/install/stsl_interfaces/local/lib/python3.10/dist-packages:${PYTHONPATH} /usr/bin/cmake --build /home/ubuntu/rj_training_container/training_ws/build/coordinate_transform -- -j16 -l16
[1.933s] Invoking command in '/home/ubuntu/rj_training_container/training_ws/build/coordinate_transform': AMENT_PREFIX_PATH=/home/ubuntu/rj_training_container/training_ws/install/stsl_interfaces:${AMENT_PREFIX_PATH} CMAKE_PREFIX_PATH=/home/ubuntu/rj_training_container/training_ws/install/stsl_interfaces:/opt/ros/humble LD_LIBRARY_PATH=/home/ubuntu/rj_training_container/training_ws/install/stsl_interfaces/lib:${LD_LIBRARY_PATH} PYTHONPATH=/home/ubuntu/rj_training_container/training_ws/install/stsl_interfaces/local/lib/python3.10/dist-packages:${PYTHONPATH} /usr/bin/cmake --install /home/ubuntu/rj_training_container/training_ws/build/coordinate_transform
[2.016s] -- Install configuration: ""
[2.138s] -- Up-to-date: /home/ubuntu/rj_training_container/training_ws/install/coordinate_transform/lib/coordinate_transform/coordinate_transform_node
[2.359s] -- Up-to-date: /home/ubuntu/rj_training_container/training_ws/install/coordinate_transform/lib/libcoordinate_transform_components.so
[2.552s] -- Up-to-date: /home/ubuntu/rj_training_container/training_ws/install/coordinate_transform/share/ament_index/resource_index/package_run_dependencies/coordinate_transform
[2.662s] -- Up-to-date: /home/ubuntu/rj_training_container/training_ws/install/coordinate_transform/share/ament_index/resource_index/parent_prefix_path/coordinate_transform
[2.711s] -- Up-to-date: /home/ubuntu/rj_training_container/training_ws/install/coordinate_transform/share/coordinate_transform/environment/ament_prefix_path.sh
[2.792s] -- Up-to-date: /home/ubuntu/rj_training_container/training_ws/install/coordinate_transform/share/coordinate_transform/environment/ament_prefix_path.dsv
[2.848s] -- Up-to-date: /home/ubuntu/rj_training_container/training_ws/install/coordinate_transform/share/coordinate_transform/environment/path.sh
[2.921s] -- Up-to-date: /home/ubuntu/rj_training_container/training_ws/install/coordinate_transform/share/coordinate_transform/environment/path.dsv
[2.973s] -- Up-to-date: /home/ubuntu/rj_training_container/training_ws/install/coordinate_transform/share/coordinate_transform/local_setup.bash
[3.031s] -- Up-to-date: /home/ubuntu/rj_training_container/training_ws/install/coordinate_transform/share/coordinate_transform/local_setup.sh
[3.088s] -- Up-to-date: /home/ubuntu/rj_training_container/training_ws/install/coordinate_transform/share/coordinate_transform/local_setup.zsh
[3.148s] -- Up-to-date: /home/ubuntu/rj_training_container/training_ws/install/coordinate_transform/share/coordinate_transform/local_setup.dsv
[3.207s] -- Installing: /home/ubuntu/rj_training_container/training_ws/install/coordinate_transform/share/coordinate_transform/package.dsv
[3.453s] -- Up-to-date: /home/ubuntu/rj_training_container/training_ws/install/coordinate_transform/share/ament_index/resource_index/packages/coordinate_transform
[3.564s] -- Up-to-date: /home/ubuntu/rj_training_container/training_ws/install/coordinate_transform/share/ament_index/resource_index/rclcpp_components/coordinate_transform
[3.637s] -- Up-to-date: /home/ubuntu/rj_training_container/training_ws/install/coordinate_transform/share/coordinate_transform/cmake/coordinate_transformConfig.cmake
[3.693s] -- Up-to-date: /home/ubuntu/rj_training_container/training_ws/install/coordinate_transform/share/coordinate_transform/cmake/coordinate_transformConfig-version.cmake
[3.780s] -- Up-to-date: /home/ubuntu/rj_training_container/training_ws/install/coordinate_transform/share/coordinate_transform/package.xml
[4.374s] Invoked command in '/home/ubuntu/rj_training_container/training_ws/build/coordinate_transform' returned '0': AMENT_PREFIX_PATH=/home/ubuntu/rj_training_container/training_ws/install/stsl_interfaces:${AMENT_PREFIX_PATH} CMAKE_PREFIX_PATH=/home/ubuntu/rj_training_container/training_ws/install/stsl_interfaces:/opt/ros/humble LD_LIBRARY_PATH=/home/ubuntu/rj_training_container/training_ws/install/stsl_interfaces/lib:${LD_LIBRARY_PATH} PYTHONPATH=/home/ubuntu/rj_training_container/training_ws/install/stsl_interfaces/local/lib/python3.10/dist-packages:${PYTHONPATH} /usr/bin/cmake --install /home/ubuntu/rj_training_container/training_ws/build/coordinate_transform
