[0.321s] Invoking command in '/home/ubuntu/rj_training_container/training_ws/build/elevation_server': AMENT_PREFIX_PATH=/home/ubuntu/rj_training_container/training_ws/install/stsl_interfaces:${AMENT_PREFIX_PATH} CMAKE_PREFIX_PATH=/home/ubuntu/rj_training_container/training_ws/install/stsl_interfaces:/opt/ros/humble LD_LIBRARY_PATH=/home/ubuntu/rj_training_container/training_ws/install/stsl_interfaces/lib:${LD_LIBRARY_PATH} PYTHONPATH=/home/ubuntu/rj_training_container/training_ws/install/stsl_interfaces/local/lib/python3.10/dist-packages:${PYTHONPATH} /usr/bin/cmake --build /home/ubuntu/rj_training_container/training_ws/build/elevation_server -- -j16 -l16
[1.214s] [35m[1mConsolidate compiler generated dependencies of target elevation_server_node[0m
[1.221s] [35m[1mConsolidate compiler generated dependencies of target elevation_server_component[0m
[3.732s] [ 50%] Built target elevation_server_node
[4.028s] [100%] Built target elevation_server_component
[4.210s] Invoked command in '/home/ubuntu/rj_training_container/training_ws/build/elevation_server' returned '0': AMENT_PREFIX_PATH=/home/ubuntu/rj_training_container/training_ws/install/stsl_interfaces:${AMENT_PREFIX_PATH} CMAKE_PREFIX_PATH=/home/ubuntu/rj_training_container/training_ws/install/stsl_interfaces:/opt/ros/humble LD_LIBRARY_PATH=/home/ubuntu/rj_training_container/training_ws/install/stsl_interfaces/lib:${LD_LIBRARY_PATH} PYTHONPATH=/home/ubuntu/rj_training_container/training_ws/install/stsl_interfaces/local/lib/python3.10/dist-packages:${PYTHONPATH} /usr/bin/cmake --build /home/ubuntu/rj_training_container/training_ws/build/elevation_server -- -j16 -l16
[4.335s] Invoking command in '/home/ubuntu/rj_training_container/training_ws/build/elevation_server': AMENT_PREFIX_PATH=/home/ubuntu/rj_training_container/training_ws/install/stsl_interfaces:${AMENT_PREFIX_PATH} CMAKE_PREFIX_PATH=/home/ubuntu/rj_training_container/training_ws/install/stsl_interfaces:/opt/ros/humble LD_LIBRARY_PATH=/home/ubuntu/rj_training_container/training_ws/install/stsl_interfaces/lib:${LD_LIBRARY_PATH} PYTHONPATH=/home/ubuntu/rj_training_container/training_ws/install/stsl_interfaces/local/lib/python3.10/dist-packages:${PYTHONPATH} /usr/bin/cmake --install /home/ubuntu/rj_training_container/training_ws/build/elevation_server
[4.457s] -- Install configuration: ""
[4.639s] -- Up-to-date: /home/ubuntu/rj_training_container/training_ws/install/elevation_server/lib/elevation_server/elevation_server_node
[4.934s] -- Up-to-date: /home/ubuntu/rj_training_container/training_ws/install/elevation_server/lib/libelevation_server_component.so
[5.100s] -- Up-to-date: /home/ubuntu/rj_training_container/training_ws/install/elevation_server/share/elevation_server/launch
[5.192s] -- Up-to-date: /home/ubuntu/rj_training_container/training_ws/install/elevation_server/share/elevation_server/launch/elevation_server.launch.py
[5.245s] -- Up-to-date: /home/ubuntu/rj_training_container/training_ws/install/elevation_server/share/elevation_server/config
[5.337s] -- Up-to-date: /home/ubuntu/rj_training_container/training_ws/install/elevation_server/share/elevation_server/config/elevation_server_params.yaml
[5.414s] -- Up-to-date: /home/ubuntu/rj_training_container/training_ws/install/elevation_server/share/elevation_server/config/map.png
[5.518s] -- Up-to-date: /home/ubuntu/rj_training_container/training_ws/install/elevation_server/share/ament_index/resource_index/package_run_dependencies/elevation_server
[5.619s] -- Up-to-date: /home/ubuntu/rj_training_container/training_ws/install/elevation_server/share/ament_index/resource_index/parent_prefix_path/elevation_server
[5.669s] -- Up-to-date: /home/ubuntu/rj_training_container/training_ws/install/elevation_server/share/elevation_server/environment/ament_prefix_path.sh
[5.738s] -- Up-to-date: /home/ubuntu/rj_training_container/training_ws/install/elevation_server/share/elevation_server/environment/ament_prefix_path.dsv
[5.789s] -- Up-to-date: /home/ubuntu/rj_training_container/training_ws/install/elevation_server/share/elevation_server/environment/path.sh
[5.853s] -- Up-to-date: /home/ubuntu/rj_training_container/training_ws/install/elevation_server/share/elevation_server/environment/path.dsv
[5.918s] -- Up-to-date: /home/ubuntu/rj_training_container/training_ws/install/elevation_server/share/elevation_server/local_setup.bash
[5.973s] -- Up-to-date: /home/ubuntu/rj_training_container/training_ws/install/elevation_server/share/elevation_server/local_setup.sh
[6.028s] -- Up-to-date: /home/ubuntu/rj_training_container/training_ws/install/elevation_server/share/elevation_server/local_setup.zsh
[6.086s] -- Up-to-date: /home/ubuntu/rj_training_container/training_ws/install/elevation_server/share/elevation_server/local_setup.dsv
[6.144s] -- Installing: /home/ubuntu/rj_training_container/training_ws/install/elevation_server/share/elevation_server/package.dsv
[6.411s] -- Up-to-date: /home/ubuntu/rj_training_container/training_ws/install/elevation_server/share/ament_index/resource_index/packages/elevation_server
[6.530s] -- Up-to-date: /home/ubuntu/rj_training_container/training_ws/install/elevation_server/share/ament_index/resource_index/rclcpp_components/elevation_server
[6.602s] -- Up-to-date: /home/ubuntu/rj_training_container/training_ws/install/elevation_server/share/elevation_server/cmake/elevation_serverConfig.cmake
[6.654s] -- Up-to-date: /home/ubuntu/rj_training_container/training_ws/install/elevation_server/share/elevation_server/cmake/elevation_serverConfig-version.cmake
[6.734s] -- Up-to-date: /home/ubuntu/rj_training_container/training_ws/install/elevation_server/share/elevation_server/package.xml
[7.855s] Invoked command in '/home/ubuntu/rj_training_container/training_ws/build/elevation_server' returned '0': AMENT_PREFIX_PATH=/home/ubuntu/rj_training_container/training_ws/install/stsl_interfaces:${AMENT_PREFIX_PATH} CMAKE_PREFIX_PATH=/home/ubuntu/rj_training_container/training_ws/install/stsl_interfaces:/opt/ros/humble LD_LIBRARY_PATH=/home/ubuntu/rj_training_container/training_ws/install/stsl_interfaces/lib:${LD_LIBRARY_PATH} PYTHONPATH=/home/ubuntu/rj_training_container/training_ws/install/stsl_interfaces/local/lib/python3.10/dist-packages:${PYTHONPATH} /usr/bin/cmake --install /home/ubuntu/rj_training_container/training_ws/build/elevation_server
