[0.319s] Invoking command in '/home/ubuntu/rj_training_container/training_ws/build/localization': AMENT_PREFIX_PATH=/home/ubuntu/rj_training_container/training_ws/install/stsl_interfaces:${AMENT_PREFIX_PATH} CMAKE_PREFIX_PATH=/home/ubuntu/rj_training_container/training_ws/install/stsl_interfaces:/opt/ros/humble LD_LIBRARY_PATH=/home/ubuntu/rj_training_container/training_ws/install/stsl_interfaces/lib:${LD_LIBRARY_PATH} PYTHONPATH=/home/ubuntu/rj_training_container/training_ws/install/stsl_interfaces/local/lib/python3.10/dist-packages:${PYTHONPATH} /usr/bin/cmake /home/ubuntu/rj_training_container/training_ws/src/software-training-old/localization -DCMAKE_INSTALL_PREFIX=/home/ubuntu/rj_training_container/training_ws/install/localization
[0.579s] -- Found ament_cmake: 1.3.10 (/opt/ros/humble/share/ament_cmake/cmake)
[1.425s] -- Found rclcpp: 16.0.10 (/opt/ros/humble/share/rclcpp/cmake)
[1.495s] -- Found rosidl_generator_c: 3.1.5 (/opt/ros/humble/share/rosidl_generator_c/cmake)
[1.499s] -- Found rosidl_adapter: 3.1.5 (/opt/ros/humble/share/rosidl_adapter/cmake)
[1.507s] -- Found rosidl_generator_cpp: 3.1.5 (/opt/ros/humble/share/rosidl_generator_cpp/cmake)
[1.537s] -- Using all available rosidl_typesupport_c: rosidl_typesupport_fastrtps_c;rosidl_typesupport_introspection_c
[1.571s] -- Using all available rosidl_typesupport_cpp: rosidl_typesupport_fastrtps_cpp;rosidl_typesupport_introspection_cpp
[1.647s] -- Found rmw_implementation_cmake: 6.1.2 (/opt/ros/humble/share/rmw_implementation_cmake/cmake)
[1.660s] -- Found rmw_fastrtps_cpp: 6.2.7 (/opt/ros/humble/share/rmw_fastrtps_cpp/cmake)
[2.786s] -- Using RMW implementation 'rmw_fastrtps_cpp' as default
[2.872s] -- Found rclcpp_components: 16.0.10 (/opt/ros/humble/share/rclcpp_components/cmake)
[3.012s] -- Found stsl_interfaces: 0.1.0 (/home/ubuntu/rj_training_container/training_ws/install/stsl_interfaces/share/stsl_interfaces/cmake)
[4.036s] -- Found sensor_msgs: 4.2.4 (/opt/ros/humble/share/sensor_msgs/cmake)
[4.143s] -- Found visualization_msgs: 4.2.4 (/opt/ros/humble/share/visualization_msgs/cmake)
[4.261s] -- Found nav_msgs: 4.2.4 (/opt/ros/humble/share/nav_msgs/cmake)
[4.359s] -- Found tf2_ros: 0.25.8 (/opt/ros/humble/share/tf2_ros/cmake)
[4.845s] -- Found tf2_geometry_msgs: 0.25.8 (/opt/ros/humble/share/tf2_geometry_msgs/cmake)
[5.120s] -- Found eigen3_cmake_module: 0.1.1 (/opt/ros/humble/share/eigen3_cmake_module/cmake)
[5.122s] -- Found Eigen3: TRUE (found version "3.4.0") 
[5.125s] -- Ensuring Eigen3 include directory is part of orocos-kdl CMake target
[5.189s] -- Found angles: 1.15.0 (/opt/ros/humble/share/angles/cmake)
[5.383s] -- Found ament_lint_auto: 0.12.11 (/opt/ros/humble/share/ament_lint_auto/cmake)
[7.313s] -- Added test 'copyright' to check source files copyright and LICENSE
[8.926s] -- Added test 'cppcheck' to perform static code analysis on C / C++ code
[8.929s] -- Configured cppcheck include dirs: 
[8.931s] -- Configured cppcheck exclude dirs and/or files: 
[11.337s] -- Added test 'cpplint' to check C / C++ code against the Google style
[11.340s] -- Configured cpplint exclude dirs and/or files: 
[11.680s] -- Added test 'flake8' to check Python code syntax and style conventions
[12.195s] -- Added test 'lint_cmake' to check CMake code style
[12.470s] -- Added test 'pep257' to check Python code against some of the docstring style conventions in PEP 257
[14.910s] -- Added test 'uncrustify' to check C / C++ code style
[14.913s] -- Configured uncrustify additional arguments: 
[15.177s] -- Added test 'xmllint' to check XML markup files
[15.459s] -- Configuring done
[16.745s] -- Generating done
[16.943s] -- Build files have been written to: /home/ubuntu/rj_training_container/training_ws/build/localization
[16.966s] Invoked command in '/home/ubuntu/rj_training_container/training_ws/build/localization' returned '0': AMENT_PREFIX_PATH=/home/ubuntu/rj_training_container/training_ws/install/stsl_interfaces:${AMENT_PREFIX_PATH} CMAKE_PREFIX_PATH=/home/ubuntu/rj_training_container/training_ws/install/stsl_interfaces:/opt/ros/humble LD_LIBRARY_PATH=/home/ubuntu/rj_training_container/training_ws/install/stsl_interfaces/lib:${LD_LIBRARY_PATH} PYTHONPATH=/home/ubuntu/rj_training_container/training_ws/install/stsl_interfaces/local/lib/python3.10/dist-packages:${PYTHONPATH} /usr/bin/cmake /home/ubuntu/rj_training_container/training_ws/src/software-training-old/localization -DCMAKE_INSTALL_PREFIX=/home/ubuntu/rj_training_container/training_ws/install/localization
[16.990s] Invoking command in '/home/ubuntu/rj_training_container/training_ws/build/localization': AMENT_PREFIX_PATH=/home/ubuntu/rj_training_container/training_ws/install/stsl_interfaces:${AMENT_PREFIX_PATH} CMAKE_PREFIX_PATH=/home/ubuntu/rj_training_container/training_ws/install/stsl_interfaces:/opt/ros/humble LD_LIBRARY_PATH=/home/ubuntu/rj_training_container/training_ws/install/stsl_interfaces/lib:${LD_LIBRARY_PATH} PYTHONPATH=/home/ubuntu/rj_training_container/training_ws/install/stsl_interfaces/local/lib/python3.10/dist-packages:${PYTHONPATH} /usr/bin/cmake --build /home/ubuntu/rj_training_container/training_ws/build/localization -- -j16 -l16
[17.903s] [ 14%] [32mBuilding CXX object CMakeFiles/localization_node.dir/rclcpp_components/node_main_localization_node.cpp.o[0m
[17.933s] [ 42%] [32mBuilding CXX object CMakeFiles/localization_component.dir/src/motion_model.cpp.o[0m
[17.940s] [ 42%] [32mBuilding CXX object CMakeFiles/localization_component.dir/src/aruco_sensor_model.cpp.o[0m
[17.960s] [ 57%] [32mBuilding CXX object CMakeFiles/localization_component.dir/src/random_helpers.cpp.o[0m
[17.997s] [ 71%] [32mBuilding CXX object CMakeFiles/localization_component.dir/src/particle_filter_localizer.cpp.o[0m
[24.288s] [ 85%] [32m[1mLinking CXX executable localization_node[0m
[25.591s] [ 85%] Built target localization_node
[45.046s] [100%] [32m[1mLinking CXX shared library liblocalization_component.so[0m
[59.458s] [100%] Built target localization_component
[59.557s] Invoked command in '/home/ubuntu/rj_training_container/training_ws/build/localization' returned '0': AMENT_PREFIX_PATH=/home/ubuntu/rj_training_container/training_ws/install/stsl_interfaces:${AMENT_PREFIX_PATH} CMAKE_PREFIX_PATH=/home/ubuntu/rj_training_container/training_ws/install/stsl_interfaces:/opt/ros/humble LD_LIBRARY_PATH=/home/ubuntu/rj_training_container/training_ws/install/stsl_interfaces/lib:${LD_LIBRARY_PATH} PYTHONPATH=/home/ubuntu/rj_training_container/training_ws/install/stsl_interfaces/local/lib/python3.10/dist-packages:${PYTHONPATH} /usr/bin/cmake --build /home/ubuntu/rj_training_container/training_ws/build/localization -- -j16 -l16
[59.671s] Invoking command in '/home/ubuntu/rj_training_container/training_ws/build/localization': AMENT_PREFIX_PATH=/home/ubuntu/rj_training_container/training_ws/install/stsl_interfaces:${AMENT_PREFIX_PATH} CMAKE_PREFIX_PATH=/home/ubuntu/rj_training_container/training_ws/install/stsl_interfaces:/opt/ros/humble LD_LIBRARY_PATH=/home/ubuntu/rj_training_container/training_ws/install/stsl_interfaces/lib:${LD_LIBRARY_PATH} PYTHONPATH=/home/ubuntu/rj_training_container/training_ws/install/stsl_interfaces/local/lib/python3.10/dist-packages:${PYTHONPATH} /usr/bin/cmake --install /home/ubuntu/rj_training_container/training_ws/build/localization
[59.712s] -- Install configuration: ""
[59.736s] -- Installing: /home/ubuntu/rj_training_container/training_ws/install/localization/lib/localization/localization_node
[59.952s] -- Set runtime path of "/home/ubuntu/rj_training_container/training_ws/install/localization/lib/localization/localization_node" to ""
[59.978s] -- Installing: /home/ubuntu/rj_training_container/training_ws/install/localization/lib/liblocalization_component.so
[61.434s] -- Set runtime path of "/home/ubuntu/rj_training_container/training_ws/install/localization/lib/liblocalization_component.so" to ""
[61.456s] -- Installing: /home/ubuntu/rj_training_container/training_ws/install/localization/share/localization/launch
[61.517s] -- Installing: /home/ubuntu/rj_training_container/training_ws/install/localization/share/localization/launch/particle_filter_localizer.launch.py
[61.657s] -- Installing: /home/ubuntu/rj_training_container/training_ws/install/localization/share/localization/config
[61.716s] -- Installing: /home/ubuntu/rj_training_container/training_ws/install/localization/share/localization/config/localizer_params.yaml
[61.913s] -- Installing: /home/ubuntu/rj_training_container/training_ws/install/localization/share/ament_index/resource_index/package_run_dependencies/localization
[62.112s] -- Installing: /home/ubuntu/rj_training_container/training_ws/install/localization/share/ament_index/resource_index/parent_prefix_path/localization
[62.275s] -- Installing: /home/ubuntu/rj_training_container/training_ws/install/localization/share/localization/environment/ament_prefix_path.sh
[62.376s] -- Installing: /home/ubuntu/rj_training_container/training_ws/install/localization/share/localization/environment/ament_prefix_path.dsv
[62.483s] -- Installing: /home/ubuntu/rj_training_container/training_ws/install/localization/share/localization/environment/path.sh
[62.589s] -- Installing: /home/ubuntu/rj_training_container/training_ws/install/localization/share/localization/environment/path.dsv
[62.708s] -- Installing: /home/ubuntu/rj_training_container/training_ws/install/localization/share/localization/local_setup.bash
[62.816s] -- Installing: /home/ubuntu/rj_training_container/training_ws/install/localization/share/localization/local_setup.sh
[62.917s] -- Installing: /home/ubuntu/rj_training_container/training_ws/install/localization/share/localization/local_setup.zsh
[63.016s] -- Installing: /home/ubuntu/rj_training_container/training_ws/install/localization/share/localization/local_setup.dsv
[63.116s] -- Installing: /home/ubuntu/rj_training_container/training_ws/install/localization/share/localization/package.dsv
[63.257s] -- Installing: /home/ubuntu/rj_training_container/training_ws/install/localization/share/ament_index/resource_index/packages/localization
[63.437s] -- Installing: /home/ubuntu/rj_training_container/training_ws/install/localization/share/ament_index/resource_index/rclcpp_components/localization
[63.616s] -- Installing: /home/ubuntu/rj_training_container/training_ws/install/localization/share/localization/cmake/localizationConfig.cmake
[63.721s] -- Installing: /home/ubuntu/rj_training_container/training_ws/install/localization/share/localization/cmake/localizationConfig-version.cmake
[63.853s] -- Installing: /home/ubuntu/rj_training_container/training_ws/install/localization/share/localization/package.xml
[63.991s] Invoked command in '/home/ubuntu/rj_training_container/training_ws/build/localization' returned '0': AMENT_PREFIX_PATH=/home/ubuntu/rj_training_container/training_ws/install/stsl_interfaces:${AMENT_PREFIX_PATH} CMAKE_PREFIX_PATH=/home/ubuntu/rj_training_container/training_ws/install/stsl_interfaces:/opt/ros/humble LD_LIBRARY_PATH=/home/ubuntu/rj_training_container/training_ws/install/stsl_interfaces/lib:${LD_LIBRARY_PATH} PYTHONPATH=/home/ubuntu/rj_training_container/training_ws/install/stsl_interfaces/local/lib/python3.10/dist-packages:${PYTHONPATH} /usr/bin/cmake --install /home/ubuntu/rj_training_container/training_ws/build/localization
