[0.477s] Invoking command in '/home/ubuntu/rj_training_container/training_ws/build/peak_finder': AMENT_PREFIX_PATH=/home/ubuntu/rj_training_container/training_ws/install/stsl_interfaces:${AMENT_PREFIX_PATH} CMAKE_PREFIX_PATH=/home/ubuntu/rj_training_container/training_ws/install/stsl_interfaces:/opt/ros/humble LD_LIBRARY_PATH=/home/ubuntu/rj_training_container/training_ws/install/stsl_interfaces/lib:${LD_LIBRARY_PATH} PYTHONPATH=/home/ubuntu/rj_training_container/training_ws/install/stsl_interfaces/local/lib/python3.10/dist-packages:${PYTHONPATH} /usr/bin/cmake --build /home/ubuntu/rj_training_container/training_ws/build/peak_finder -- -j16 -l16
[1.551s] [ 40%] Built target peak_finder_node
[1.701s] [100%] Built target peak_finder_components
[1.807s] Invoked command in '/home/ubuntu/rj_training_container/training_ws/build/peak_finder' returned '0': AMENT_PREFIX_PATH=/home/ubuntu/rj_training_container/training_ws/install/stsl_interfaces:${AMENT_PREFIX_PATH} CMAKE_PREFIX_PATH=/home/ubuntu/rj_training_container/training_ws/install/stsl_interfaces:/opt/ros/humble LD_LIBRARY_PATH=/home/ubuntu/rj_training_container/training_ws/install/stsl_interfaces/lib:${LD_LIBRARY_PATH} PYTHONPATH=/home/ubuntu/rj_training_container/training_ws/install/stsl_interfaces/local/lib/python3.10/dist-packages:${PYTHONPATH} /usr/bin/cmake --build /home/ubuntu/rj_training_container/training_ws/build/peak_finder -- -j16 -l16
[1.897s] Invoking command in '/home/ubuntu/rj_training_container/training_ws/build/peak_finder': AMENT_PREFIX_PATH=/home/ubuntu/rj_training_container/training_ws/install/stsl_interfaces:${AMENT_PREFIX_PATH} CMAKE_PREFIX_PATH=/home/ubuntu/rj_training_container/training_ws/install/stsl_interfaces:/opt/ros/humble LD_LIBRARY_PATH=/home/ubuntu/rj_training_container/training_ws/install/stsl_interfaces/lib:${LD_LIBRARY_PATH} PYTHONPATH=/home/ubuntu/rj_training_container/training_ws/install/stsl_interfaces/local/lib/python3.10/dist-packages:${PYTHONPATH} /usr/bin/cmake --install /home/ubuntu/rj_training_container/training_ws/build/peak_finder
[1.976s] -- Install configuration: ""
[2.083s] -- Up-to-date: /home/ubuntu/rj_training_container/training_ws/install/peak_finder/lib/peak_finder/peak_finder_node
[2.291s] -- Up-to-date: /home/ubuntu/rj_training_container/training_ws/install/peak_finder/lib/libpeak_finder_components.so
[2.449s] -- Up-to-date: /home/ubuntu/rj_training_container/training_ws/install/peak_finder/share/ament_index/resource_index/package_run_dependencies/peak_finder
[2.531s] -- Up-to-date: /home/ubuntu/rj_training_container/training_ws/install/peak_finder/share/ament_index/resource_index/parent_prefix_path/peak_finder
[2.574s] -- Up-to-date: /home/ubuntu/rj_training_container/training_ws/install/peak_finder/share/peak_finder/environment/ament_prefix_path.sh
[2.626s] -- Up-to-date: /home/ubuntu/rj_training_container/training_ws/install/peak_finder/share/peak_finder/environment/ament_prefix_path.dsv
[2.662s] -- Up-to-date: /home/ubuntu/rj_training_container/training_ws/install/peak_finder/share/peak_finder/environment/path.sh
[2.709s] -- Up-to-date: /home/ubuntu/rj_training_container/training_ws/install/peak_finder/share/peak_finder/environment/path.dsv
[2.753s] -- Up-to-date: /home/ubuntu/rj_training_container/training_ws/install/peak_finder/share/peak_finder/local_setup.bash
[2.800s] -- Up-to-date: /home/ubuntu/rj_training_container/training_ws/install/peak_finder/share/peak_finder/local_setup.sh
[2.843s] -- Up-to-date: /home/ubuntu/rj_training_container/training_ws/install/peak_finder/share/peak_finder/local_setup.zsh
[2.898s] -- Up-to-date: /home/ubuntu/rj_training_container/training_ws/install/peak_finder/share/peak_finder/local_setup.dsv
[2.940s] -- Installing: /home/ubuntu/rj_training_container/training_ws/install/peak_finder/share/peak_finder/package.dsv
[3.111s] -- Up-to-date: /home/ubuntu/rj_training_container/training_ws/install/peak_finder/share/ament_index/resource_index/packages/peak_finder
[3.177s] -- Up-to-date: /home/ubuntu/rj_training_container/training_ws/install/peak_finder/share/ament_index/resource_index/rclcpp_components/peak_finder
[3.212s] -- Up-to-date: /home/ubuntu/rj_training_container/training_ws/install/peak_finder/share/peak_finder/cmake/peak_finderConfig.cmake
[3.236s] -- Up-to-date: /home/ubuntu/rj_training_container/training_ws/install/peak_finder/share/peak_finder/cmake/peak_finderConfig-version.cmake
[3.271s] -- Up-to-date: /home/ubuntu/rj_training_container/training_ws/install/peak_finder/share/peak_finder/package.xml
[4.895s] Invoked command in '/home/ubuntu/rj_training_container/training_ws/build/peak_finder' returned '0': AMENT_PREFIX_PATH=/home/ubuntu/rj_training_container/training_ws/install/stsl_interfaces:${AMENT_PREFIX_PATH} CMAKE_PREFIX_PATH=/home/ubuntu/rj_training_container/training_ws/install/stsl_interfaces:/opt/ros/humble LD_LIBRARY_PATH=/home/ubuntu/rj_training_container/training_ws/install/stsl_interfaces/lib:${LD_LIBRARY_PATH} PYTHONPATH=/home/ubuntu/rj_training_container/training_ws/install/stsl_interfaces/local/lib/python3.10/dist-packages:${PYTHONPATH} /usr/bin/cmake --install /home/ubuntu/rj_training_container/training_ws/build/peak_finder
