[4.977s] Invoking command in '/home/ubuntu/rj_training_container/training_ws/build/stsl_gazebo_plugins': CMAKE_PREFIX_PATH=${CMAKE_PREFIX_PATH}:/home/ubuntu/rj_training_container/training_ws/install/keyboard:/opt/ros/humble /usr/bin/cmake --build /home/ubuntu/rj_training_container/training_ws/build/stsl_gazebo_plugins -- -j16 -l16
[33.137s] [ 33%] Built target HideLightVisualsPlugin
[33.504s] [ 66%] Built target RosNoisyPlanarOdomPlugin
[33.579s] [100%] Built target RosLightControlPlugin
[38.885s] Invoked command in '/home/ubuntu/rj_training_container/training_ws/build/stsl_gazebo_plugins' returned '0': CMAKE_PREFIX_PATH=${CMAKE_PREFIX_PATH}:/home/ubuntu/rj_training_container/training_ws/install/keyboard:/opt/ros/humble /usr/bin/cmake --build /home/ubuntu/rj_training_container/training_ws/build/stsl_gazebo_plugins -- -j16 -l16
[79.232s] Invoking command in '/home/ubuntu/rj_training_container/training_ws/build/stsl_gazebo_plugins': CMAKE_PREFIX_PATH=${CMAKE_PREFIX_PATH}:/home/ubuntu/rj_training_container/training_ws/install/keyboard:/opt/ros/humble /usr/bin/cmake --install /home/ubuntu/rj_training_container/training_ws/build/stsl_gazebo_plugins
[82.770s] -- Install configuration: ""
[82.910s] -- Up-to-date: /home/ubuntu/rj_training_container/training_ws/install/stsl_gazebo_plugins/lib/libRosLightControlPlugin.so
[83.142s] -- Up-to-date: /home/ubuntu/rj_training_container/training_ws/install/stsl_gazebo_plugins/lib/libRosNoisyPlanarOdomPlugin.so
[83.363s] -- Up-to-date: /home/ubuntu/rj_training_container/training_ws/install/stsl_gazebo_plugins/lib/libHideLightVisualsPlugin.so
[83.398s] -- Up-to-date: /home/ubuntu/rj_training_container/training_ws/install/stsl_gazebo_plugins/share/stsl_gazebo_plugins//worlds
[83.477s] -- Up-to-date: /home/ubuntu/rj_training_container/training_ws/install/stsl_gazebo_plugins/share/stsl_gazebo_plugins//worlds/ros_light_control_demo_world.sdf
[83.513s] -- Up-to-date: /home/ubuntu/rj_training_container/training_ws/install/stsl_gazebo_plugins/share/stsl_gazebo_plugins//launch
[83.579s] -- Up-to-date: /home/ubuntu/rj_training_container/training_ws/install/stsl_gazebo_plugins/share/stsl_gazebo_plugins//launch/ros_light_control_demo.launch.py
[83.659s] -- Up-to-date: /home/ubuntu/rj_training_container/training_ws/install/stsl_gazebo_plugins/share/ament_index/resource_index/package_run_dependencies/stsl_gazebo_plugins
[83.745s] -- Up-to-date: /home/ubuntu/rj_training_container/training_ws/install/stsl_gazebo_plugins/share/ament_index/resource_index/parent_prefix_path/stsl_gazebo_plugins
[83.789s] -- Up-to-date: /home/ubuntu/rj_training_container/training_ws/install/stsl_gazebo_plugins/share/stsl_gazebo_plugins/environment/ament_prefix_path.sh
[83.845s] -- Up-to-date: /home/ubuntu/rj_training_container/training_ws/install/stsl_gazebo_plugins/share/stsl_gazebo_plugins/environment/ament_prefix_path.dsv
[83.886s] -- Up-to-date: /home/ubuntu/rj_training_container/training_ws/install/stsl_gazebo_plugins/share/stsl_gazebo_plugins/environment/path.sh
[83.938s] -- Up-to-date: /home/ubuntu/rj_training_container/training_ws/install/stsl_gazebo_plugins/share/stsl_gazebo_plugins/environment/path.dsv
[83.986s] -- Up-to-date: /home/ubuntu/rj_training_container/training_ws/install/stsl_gazebo_plugins/share/stsl_gazebo_plugins/local_setup.bash
[84.030s] -- Up-to-date: /home/ubuntu/rj_training_container/training_ws/install/stsl_gazebo_plugins/share/stsl_gazebo_plugins/local_setup.sh
[84.079s] -- Up-to-date: /home/ubuntu/rj_training_container/training_ws/install/stsl_gazebo_plugins/share/stsl_gazebo_plugins/local_setup.zsh
[84.130s] -- Up-to-date: /home/ubuntu/rj_training_container/training_ws/install/stsl_gazebo_plugins/share/stsl_gazebo_plugins/local_setup.dsv
[84.186s] -- Installing: /home/ubuntu/rj_training_container/training_ws/install/stsl_gazebo_plugins/share/stsl_gazebo_plugins/package.dsv
[84.413s] -- Up-to-date: /home/ubuntu/rj_training_container/training_ws/install/stsl_gazebo_plugins/share/ament_index/resource_index/packages/stsl_gazebo_plugins
[84.475s] -- Up-to-date: /home/ubuntu/rj_training_container/training_ws/install/stsl_gazebo_plugins/share/stsl_gazebo_plugins/cmake/stsl_gazebo_pluginsConfig.cmake
[84.518s] -- Up-to-date: /home/ubuntu/rj_training_container/training_ws/install/stsl_gazebo_plugins/share/stsl_gazebo_plugins/cmake/stsl_gazebo_pluginsConfig-version.cmake
[84.588s] -- Up-to-date: /home/ubuntu/rj_training_container/training_ws/install/stsl_gazebo_plugins/share/stsl_gazebo_plugins/package.xml
[84.892s] Invoked command in '/home/ubuntu/rj_training_container/training_ws/build/stsl_gazebo_plugins' returned '0': CMAKE_PREFIX_PATH=${CMAKE_PREFIX_PATH}:/home/ubuntu/rj_training_container/training_ws/install/keyboard:/opt/ros/humble /usr/bin/cmake --install /home/ubuntu/rj_training_container/training_ws/build/stsl_gazebo_plugins
