[0.369s] Invoking command in '/home/ubuntu/rj_training_container/training_ws/build/stsl_interfaces': CMAKE_PREFIX_PATH=/opt/ros/humble /usr/bin/cmake --build /home/ubuntu/rj_training_container/training_ws/build/stsl_interfaces -- -j16 -l16
[2.413s] [  1%] Built target stsl_interfaces__cpp
[4.415s] [ 24%] Built target stsl_interfaces__rosidl_typesupport_cpp
[4.426s] [ 24%] Built target stsl_interfaces__rosidl_generator_c
[5.134s] [ 35%] Built target stsl_interfaces__rosidl_typesupport_introspection_cpp
[5.556s] [ 47%] Built target stsl_interfaces__rosidl_typesupport_fastrtps_cpp
[6.408s] [ 58%] Built target stsl_interfaces__rosidl_typesupport_c
[6.772s] [ 75%] Built target stsl_interfaces__rosidl_typesupport_introspection_c
[6.812s] [ 82%] Built target stsl_interfaces__rosidl_typesupport_fastrtps_c
[6.971s] [ 82%] Built target stsl_interfaces
[7.163s] [ 82%] Built target ament_cmake_python_copy_stsl_interfaces
[7.262s] [ 83%] Built target stsl_interfaces__py
[7.708s] [ 93%] Built target stsl_interfaces__rosidl_generator_py
[7.751s] running egg_info
[7.755s] writing stsl_interfaces.egg-info/PKG-INFO
[7.762s] writing dependency_links to stsl_interfaces.egg-info/dependency_links.txt
[7.774s] writing top-level names to stsl_interfaces.egg-info/top_level.txt
[7.877s] reading manifest file 'stsl_interfaces.egg-info/SOURCES.txt'
[7.901s] [100%] Built target stsl_interfaces__rosidl_typesupport_introspection_c__pyext
[7.903s] [100%] Built target stsl_interfaces__rosidl_typesupport_fastrtps_c__pyext
[7.904s] [100%] Built target stsl_interfaces__rosidl_typesupport_c__pyext
[7.962s] writing manifest file 'stsl_interfaces.egg-info/SOURCES.txt'
[8.007s] [100%] Built target ament_cmake_python_build_stsl_interfaces_egg
[11.008s] Invoked command in '/home/ubuntu/rj_training_container/training_ws/build/stsl_interfaces' returned '0': CMAKE_PREFIX_PATH=/opt/ros/humble /usr/bin/cmake --build /home/ubuntu/rj_training_container/training_ws/build/stsl_interfaces -- -j16 -l16
[15.579s] Invoking command in '/home/ubuntu/rj_training_container/training_ws/build/stsl_interfaces': CMAKE_PREFIX_PATH=/opt/ros/humble /usr/bin/cmake --install /home/ubuntu/rj_training_container/training_ws/build/stsl_interfaces
[15.588s] -- Install configuration: ""
[15.625s] -- Up-to-date: /home/ubuntu/rj_training_container/training_ws/install/stsl_interfaces/share/ament_index/resource_index/rosidl_interfaces/stsl_interfaces
[15.643s] -- Up-to-date: /home/ubuntu/rj_training_container/training_ws/install/stsl_interfaces/include/stsl_interfaces/stsl_interfaces
[15.671s] -- Up-to-date: /home/ubuntu/rj_training_container/training_ws/install/stsl_interfaces/include/stsl_interfaces/stsl_interfaces/action
[15.708s] -- Up-to-date: /home/ubuntu/rj_training_container/training_ws/install/stsl_interfaces/include/stsl_interfaces/stsl_interfaces/action/detail
[15.752s] -- Up-to-date: /home/ubuntu/rj_training_container/training_ws/install/stsl_interfaces/include/stsl_interfaces/stsl_interfaces/action/detail/execute_mission__functions.c
[15.786s] -- Up-to-date: /home/ubuntu/rj_training_container/training_ws/install/stsl_interfaces/include/stsl_interfaces/stsl_interfaces/action/detail/execute_mission__functions.h
[15.820s] -- Up-to-date: /home/ubuntu/rj_training_container/training_ws/install/stsl_interfaces/include/stsl_interfaces/stsl_interfaces/action/detail/execute_mission__struct.h
[15.852s] -- Up-to-date: /home/ubuntu/rj_training_container/training_ws/install/stsl_interfaces/include/stsl_interfaces/stsl_interfaces/action/detail/execute_mission__type_support.h
[15.882s] -- Up-to-date: /home/ubuntu/rj_training_container/training_ws/install/stsl_interfaces/include/stsl_interfaces/stsl_interfaces/action/detail/park_at_peak__functions.c
[15.922s] -- Up-to-date: /home/ubuntu/rj_training_container/training_ws/install/stsl_interfaces/include/stsl_interfaces/stsl_interfaces/action/detail/park_at_peak__functions.h
[15.968s] -- Up-to-date: /home/ubuntu/rj_training_container/training_ws/install/stsl_interfaces/include/stsl_interfaces/stsl_interfaces/action/detail/park_at_peak__struct.h
[16.011s] -- Up-to-date: /home/ubuntu/rj_training_container/training_ws/install/stsl_interfaces/include/stsl_interfaces/stsl_interfaces/action/detail/park_at_peak__type_support.h
[16.044s] -- Up-to-date: /home/ubuntu/rj_training_container/training_ws/install/stsl_interfaces/include/stsl_interfaces/stsl_interfaces/action/execute_mission.h
[16.073s] -- Up-to-date: /home/ubuntu/rj_training_container/training_ws/install/stsl_interfaces/include/stsl_interfaces/stsl_interfaces/action/park_at_peak.h
[16.095s] -- Up-to-date: /home/ubuntu/rj_training_container/training_ws/install/stsl_interfaces/include/stsl_interfaces/stsl_interfaces/msg
[16.130s] -- Up-to-date: /home/ubuntu/rj_training_container/training_ws/install/stsl_interfaces/include/stsl_interfaces/stsl_interfaces/msg/detail
[16.178s] -- Up-to-date: /home/ubuntu/rj_training_container/training_ws/install/stsl_interfaces/include/stsl_interfaces/stsl_interfaces/msg/detail/mineral_deposit_array__functions.c
[16.215s] -- Up-to-date: /home/ubuntu/rj_training_container/training_ws/install/stsl_interfaces/include/stsl_interfaces/stsl_interfaces/msg/detail/mineral_deposit_array__functions.h
[16.251s] -- Up-to-date: /home/ubuntu/rj_training_container/training_ws/install/stsl_interfaces/include/stsl_interfaces/stsl_interfaces/msg/detail/mineral_deposit_array__struct.h
[16.289s] -- Up-to-date: /home/ubuntu/rj_training_container/training_ws/install/stsl_interfaces/include/stsl_interfaces/stsl_interfaces/msg/detail/mineral_deposit_array__type_support.h
[16.323s] -- Up-to-date: /home/ubuntu/rj_training_container/training_ws/install/stsl_interfaces/include/stsl_interfaces/stsl_interfaces/msg/detail/mineral_deposit_sample__functions.c
[16.360s] -- Up-to-date: /home/ubuntu/rj_training_container/training_ws/install/stsl_interfaces/include/stsl_interfaces/stsl_interfaces/msg/detail/mineral_deposit_sample__functions.h
[16.394s] -- Up-to-date: /home/ubuntu/rj_training_container/training_ws/install/stsl_interfaces/include/stsl_interfaces/stsl_interfaces/msg/detail/mineral_deposit_sample__struct.h
[16.429s] -- Up-to-date: /home/ubuntu/rj_training_container/training_ws/install/stsl_interfaces/include/stsl_interfaces/stsl_interfaces/msg/detail/mineral_deposit_sample__type_support.h
[16.464s] -- Up-to-date: /home/ubuntu/rj_training_container/training_ws/install/stsl_interfaces/include/stsl_interfaces/stsl_interfaces/msg/detail/mineral_deposit__functions.c
[16.498s] -- Up-to-date: /home/ubuntu/rj_training_container/training_ws/install/stsl_interfaces/include/stsl_interfaces/stsl_interfaces/msg/detail/mineral_deposit__functions.h
[16.534s] -- Up-to-date: /home/ubuntu/rj_training_container/training_ws/install/stsl_interfaces/include/stsl_interfaces/stsl_interfaces/msg/detail/mineral_deposit__struct.h
[16.569s] -- Up-to-date: /home/ubuntu/rj_training_container/training_ws/install/stsl_interfaces/include/stsl_interfaces/stsl_interfaces/msg/detail/mineral_deposit__type_support.h
[16.606s] -- Up-to-date: /home/ubuntu/rj_training_container/training_ws/install/stsl_interfaces/include/stsl_interfaces/stsl_interfaces/msg/detail/tag_array__functions.c
[16.645s] -- Up-to-date: /home/ubuntu/rj_training_container/training_ws/install/stsl_interfaces/include/stsl_interfaces/stsl_interfaces/msg/detail/tag_array__functions.h
[16.682s] -- Up-to-date: /home/ubuntu/rj_training_container/training_ws/install/stsl_interfaces/include/stsl_interfaces/stsl_interfaces/msg/detail/tag_array__struct.h
[16.719s] -- Up-to-date: /home/ubuntu/rj_training_container/training_ws/install/stsl_interfaces/include/stsl_interfaces/stsl_interfaces/msg/detail/tag_array__type_support.h
[16.756s] -- Up-to-date: /home/ubuntu/rj_training_container/training_ws/install/stsl_interfaces/include/stsl_interfaces/stsl_interfaces/msg/detail/tag__functions.c
[16.793s] -- Up-to-date: /home/ubuntu/rj_training_container/training_ws/install/stsl_interfaces/include/stsl_interfaces/stsl_interfaces/msg/detail/tag__functions.h
[16.830s] -- Up-to-date: /home/ubuntu/rj_training_container/training_ws/install/stsl_interfaces/include/stsl_interfaces/stsl_interfaces/msg/detail/tag__struct.h
[16.866s] -- Up-to-date: /home/ubuntu/rj_training_container/training_ws/install/stsl_interfaces/include/stsl_interfaces/stsl_interfaces/msg/detail/tag__type_support.h
[16.904s] -- Up-to-date: /home/ubuntu/rj_training_container/training_ws/install/stsl_interfaces/include/stsl_interfaces/stsl_interfaces/msg/mineral_deposit.h
[16.937s] -- Up-to-date: /home/ubuntu/rj_training_container/training_ws/install/stsl_interfaces/include/stsl_interfaces/stsl_interfaces/msg/mineral_deposit_array.h
[16.969s] -- Up-to-date: /home/ubuntu/rj_training_container/training_ws/install/stsl_interfaces/include/stsl_interfaces/stsl_interfaces/msg/mineral_deposit_sample.h
[17.001s] -- Up-to-date: /home/ubuntu/rj_training_container/training_ws/install/stsl_interfaces/include/stsl_interfaces/stsl_interfaces/msg/rosidl_generator_c__visibility_control.h
[17.033s] -- Up-to-date: /home/ubuntu/rj_training_container/training_ws/install/stsl_interfaces/include/stsl_interfaces/stsl_interfaces/msg/tag.h
[17.067s] -- Up-to-date: /home/ubuntu/rj_training_container/training_ws/install/stsl_interfaces/include/stsl_interfaces/stsl_interfaces/msg/tag_array.h
[17.090s] -- Up-to-date: /home/ubuntu/rj_training_container/training_ws/install/stsl_interfaces/include/stsl_interfaces/stsl_interfaces/srv
[17.129s] -- Up-to-date: /home/ubuntu/rj_training_container/training_ws/install/stsl_interfaces/include/stsl_interfaces/stsl_interfaces/srv/detail
[17.187s] -- Up-to-date: /home/ubuntu/rj_training_container/training_ws/install/stsl_interfaces/include/stsl_interfaces/stsl_interfaces/srv/detail/reset_mineral_deposit_tracking__functions.c
[17.229s] -- Up-to-date: /home/ubuntu/rj_training_container/training_ws/install/stsl_interfaces/include/stsl_interfaces/stsl_interfaces/srv/detail/reset_mineral_deposit_tracking__functions.h
[17.264s] -- Up-to-date: /home/ubuntu/rj_training_container/training_ws/install/stsl_interfaces/include/stsl_interfaces/stsl_interfaces/srv/detail/reset_mineral_deposit_tracking__struct.h
[17.301s] -- Up-to-date: /home/ubuntu/rj_training_container/training_ws/install/stsl_interfaces/include/stsl_interfaces/stsl_interfaces/srv/detail/reset_mineral_deposit_tracking__type_support.h
[17.337s] -- Up-to-date: /home/ubuntu/rj_training_container/training_ws/install/stsl_interfaces/include/stsl_interfaces/stsl_interfaces/srv/detail/sample_elevation__functions.c
[17.375s] -- Up-to-date: /home/ubuntu/rj_training_container/training_ws/install/stsl_interfaces/include/stsl_interfaces/stsl_interfaces/srv/detail/sample_elevation__functions.h
[17.412s] -- Up-to-date: /home/ubuntu/rj_training_container/training_ws/install/stsl_interfaces/include/stsl_interfaces/stsl_interfaces/srv/detail/sample_elevation__struct.h
[17.451s] -- Up-to-date: /home/ubuntu/rj_training_container/training_ws/install/stsl_interfaces/include/stsl_interfaces/stsl_interfaces/srv/detail/sample_elevation__type_support.h
[17.490s] -- Up-to-date: /home/ubuntu/rj_training_container/training_ws/install/stsl_interfaces/include/stsl_interfaces/stsl_interfaces/srv/reset_mineral_deposit_tracking.h
[17.522s] -- Up-to-date: /home/ubuntu/rj_training_container/training_ws/install/stsl_interfaces/include/stsl_interfaces/stsl_interfaces/srv/sample_elevation.h
[17.543s] -- Up-to-date: /home/ubuntu/rj_training_container/training_ws/install/stsl_interfaces/share/stsl_interfaces/environment/library_path.sh
[17.570s] -- Up-to-date: /home/ubuntu/rj_training_container/training_ws/install/stsl_interfaces/share/stsl_interfaces/environment/library_path.dsv
[17.625s] -- Up-to-date: /home/ubuntu/rj_training_container/training_ws/install/stsl_interfaces/lib/libstsl_interfaces__rosidl_generator_c.so
[17.675s] -- Up-to-date: /home/ubuntu/rj_training_container/training_ws/install/stsl_interfaces/include/stsl_interfaces/stsl_interfaces
[17.701s] -- Up-to-date: /home/ubuntu/rj_training_container/training_ws/install/stsl_interfaces/include/stsl_interfaces/stsl_interfaces/action
[17.734s] -- Up-to-date: /home/ubuntu/rj_training_container/training_ws/install/stsl_interfaces/include/stsl_interfaces/stsl_interfaces/action/detail
[17.783s] -- Up-to-date: /home/ubuntu/rj_training_container/training_ws/install/stsl_interfaces/include/stsl_interfaces/stsl_interfaces/action/detail/execute_mission__rosidl_typesupport_fastrtps_c.h
[17.819s] -- Up-to-date: /home/ubuntu/rj_training_container/training_ws/install/stsl_interfaces/include/stsl_interfaces/stsl_interfaces/action/detail/park_at_peak__rosidl_typesupport_fastrtps_c.h
[17.842s] -- Up-to-date: /home/ubuntu/rj_training_container/training_ws/install/stsl_interfaces/include/stsl_interfaces/stsl_interfaces/msg
[17.876s] -- Up-to-date: /home/ubuntu/rj_training_container/training_ws/install/stsl_interfaces/include/stsl_interfaces/stsl_interfaces/msg/detail
[17.921s] -- Up-to-date: /home/ubuntu/rj_training_container/training_ws/install/stsl_interfaces/include/stsl_interfaces/stsl_interfaces/msg/detail/mineral_deposit_array__rosidl_typesupport_fastrtps_c.h
[17.959s] -- Up-to-date: /home/ubuntu/rj_training_container/training_ws/install/stsl_interfaces/include/stsl_interfaces/stsl_interfaces/msg/detail/mineral_deposit_sample__rosidl_typesupport_fastrtps_c.h
[18.000s] -- Up-to-date: /home/ubuntu/rj_training_container/training_ws/install/stsl_interfaces/include/stsl_interfaces/stsl_interfaces/msg/detail/mineral_deposit__rosidl_typesupport_fastrtps_c.h
[18.036s] -- Up-to-date: /home/ubuntu/rj_training_container/training_ws/install/stsl_interfaces/include/stsl_interfaces/stsl_interfaces/msg/detail/tag_array__rosidl_typesupport_fastrtps_c.h
[18.075s] -- Up-to-date: /home/ubuntu/rj_training_container/training_ws/install/stsl_interfaces/include/stsl_interfaces/stsl_interfaces/msg/detail/tag__rosidl_typesupport_fastrtps_c.h
[18.110s] -- Up-to-date: /home/ubuntu/rj_training_container/training_ws/install/stsl_interfaces/include/stsl_interfaces/stsl_interfaces/msg/rosidl_typesupport_fastrtps_c__visibility_control.h
[18.133s] -- Up-to-date: /home/ubuntu/rj_training_container/training_ws/install/stsl_interfaces/include/stsl_interfaces/stsl_interfaces/srv
[18.169s] -- Up-to-date: /home/ubuntu/rj_training_container/training_ws/install/stsl_interfaces/include/stsl_interfaces/stsl_interfaces/srv/detail
[18.219s] -- Up-to-date: /home/ubuntu/rj_training_container/training_ws/install/stsl_interfaces/include/stsl_interfaces/stsl_interfaces/srv/detail/reset_mineral_deposit_tracking__rosidl_typesupport_fastrtps_c.h
[18.254s] -- Up-to-date: /home/ubuntu/rj_training_container/training_ws/install/stsl_interfaces/include/stsl_interfaces/stsl_interfaces/srv/detail/sample_elevation__rosidl_typesupport_fastrtps_c.h
[18.312s] -- Up-to-date: /home/ubuntu/rj_training_container/training_ws/install/stsl_interfaces/lib/libstsl_interfaces__rosidl_typesupport_fastrtps_c.so
[18.378s] -- Up-to-date: /home/ubuntu/rj_training_container/training_ws/install/stsl_interfaces/include/stsl_interfaces/stsl_interfaces
[18.415s] -- Up-to-date: /home/ubuntu/rj_training_container/training_ws/install/stsl_interfaces/include/stsl_interfaces/stsl_interfaces/action
[18.456s] -- Up-to-date: /home/ubuntu/rj_training_container/training_ws/install/stsl_interfaces/include/stsl_interfaces/stsl_interfaces/action/detail
[18.510s] -- Up-to-date: /home/ubuntu/rj_training_container/training_ws/install/stsl_interfaces/include/stsl_interfaces/stsl_interfaces/action/detail/execute_mission__rosidl_typesupport_introspection_c.h
[18.545s] -- Up-to-date: /home/ubuntu/rj_training_container/training_ws/install/stsl_interfaces/include/stsl_interfaces/stsl_interfaces/action/detail/execute_mission__type_support.c
[18.583s] -- Up-to-date: /home/ubuntu/rj_training_container/training_ws/install/stsl_interfaces/include/stsl_interfaces/stsl_interfaces/action/detail/park_at_peak__rosidl_typesupport_introspection_c.h
[18.622s] -- Up-to-date: /home/ubuntu/rj_training_container/training_ws/install/stsl_interfaces/include/stsl_interfaces/stsl_interfaces/action/detail/park_at_peak__type_support.c
[18.653s] -- Up-to-date: /home/ubuntu/rj_training_container/training_ws/install/stsl_interfaces/include/stsl_interfaces/stsl_interfaces/msg
[18.689s] -- Up-to-date: /home/ubuntu/rj_training_container/training_ws/install/stsl_interfaces/include/stsl_interfaces/stsl_interfaces/msg/detail
[18.738s] -- Up-to-date: /home/ubuntu/rj_training_container/training_ws/install/stsl_interfaces/include/stsl_interfaces/stsl_interfaces/msg/detail/mineral_deposit_array__rosidl_typesupport_introspection_c.h
[18.776s] -- Up-to-date: /home/ubuntu/rj_training_container/training_ws/install/stsl_interfaces/include/stsl_interfaces/stsl_interfaces/msg/detail/mineral_deposit_array__type_support.c
[18.811s] -- Up-to-date: /home/ubuntu/rj_training_container/training_ws/install/stsl_interfaces/include/stsl_interfaces/stsl_interfaces/msg/detail/mineral_deposit_sample__rosidl_typesupport_introspection_c.h
[18.851s] -- Up-to-date: /home/ubuntu/rj_training_container/training_ws/install/stsl_interfaces/include/stsl_interfaces/stsl_interfaces/msg/detail/mineral_deposit_sample__type_support.c
[18.890s] -- Up-to-date: /home/ubuntu/rj_training_container/training_ws/install/stsl_interfaces/include/stsl_interfaces/stsl_interfaces/msg/detail/mineral_deposit__rosidl_typesupport_introspection_c.h
[18.928s] -- Up-to-date: /home/ubuntu/rj_training_container/training_ws/install/stsl_interfaces/include/stsl_interfaces/stsl_interfaces/msg/detail/mineral_deposit__type_support.c
[18.967s] -- Up-to-date: /home/ubuntu/rj_training_container/training_ws/install/stsl_interfaces/include/stsl_interfaces/stsl_interfaces/msg/detail/tag_array__rosidl_typesupport_introspection_c.h
[19.004s] -- Up-to-date: /home/ubuntu/rj_training_container/training_ws/install/stsl_interfaces/include/stsl_interfaces/stsl_interfaces/msg/detail/tag_array__type_support.c
[19.043s] -- Up-to-date: /home/ubuntu/rj_training_container/training_ws/install/stsl_interfaces/include/stsl_interfaces/stsl_interfaces/msg/detail/tag__rosidl_typesupport_introspection_c.h
[19.084s] -- Up-to-date: /home/ubuntu/rj_training_container/training_ws/install/stsl_interfaces/include/stsl_interfaces/stsl_interfaces/msg/detail/tag__type_support.c
[19.115s] -- Up-to-date: /home/ubuntu/rj_training_container/training_ws/install/stsl_interfaces/include/stsl_interfaces/stsl_interfaces/msg/rosidl_typesupport_introspection_c__visibility_control.h
[19.136s] -- Up-to-date: /home/ubuntu/rj_training_container/training_ws/install/stsl_interfaces/include/stsl_interfaces/stsl_interfaces/srv
[19.169s] -- Up-to-date: /home/ubuntu/rj_training_container/training_ws/install/stsl_interfaces/include/stsl_interfaces/stsl_interfaces/srv/detail
[19.217s] -- Up-to-date: /home/ubuntu/rj_training_container/training_ws/install/stsl_interfaces/include/stsl_interfaces/stsl_interfaces/srv/detail/reset_mineral_deposit_tracking__rosidl_typesupport_introspection_c.h
[19.265s] -- Up-to-date: /home/ubuntu/rj_training_container/training_ws/install/stsl_interfaces/include/stsl_interfaces/stsl_interfaces/srv/detail/reset_mineral_deposit_tracking__type_support.c
[19.298s] -- Up-to-date: /home/ubuntu/rj_training_container/training_ws/install/stsl_interfaces/include/stsl_interfaces/stsl_interfaces/srv/detail/sample_elevation__rosidl_typesupport_introspection_c.h
[19.335s] -- Up-to-date: /home/ubuntu/rj_training_container/training_ws/install/stsl_interfaces/include/stsl_interfaces/stsl_interfaces/srv/detail/sample_elevation__type_support.c
[19.388s] -- Up-to-date: /home/ubuntu/rj_training_container/training_ws/install/stsl_interfaces/lib/libstsl_interfaces__rosidl_typesupport_introspection_c.so
[19.483s] -- Up-to-date: /home/ubuntu/rj_training_container/training_ws/install/stsl_interfaces/lib/libstsl_interfaces__rosidl_typesupport_c.so
[19.533s] -- Up-to-date: /home/ubuntu/rj_training_container/training_ws/install/stsl_interfaces/include/stsl_interfaces/stsl_interfaces
[19.560s] -- Up-to-date: /home/ubuntu/rj_training_container/training_ws/install/stsl_interfaces/include/stsl_interfaces/stsl_interfaces/action
[19.594s] -- Up-to-date: /home/ubuntu/rj_training_container/training_ws/install/stsl_interfaces/include/stsl_interfaces/stsl_interfaces/action/detail
[19.636s] -- Up-to-date: /home/ubuntu/rj_training_container/training_ws/install/stsl_interfaces/include/stsl_interfaces/stsl_interfaces/action/detail/execute_mission__builder.hpp
[19.671s] -- Up-to-date: /home/ubuntu/rj_training_container/training_ws/install/stsl_interfaces/include/stsl_interfaces/stsl_interfaces/action/detail/execute_mission__struct.hpp
[19.703s] -- Up-to-date: /home/ubuntu/rj_training_container/training_ws/install/stsl_interfaces/include/stsl_interfaces/stsl_interfaces/action/detail/execute_mission__traits.hpp
[19.739s] -- Up-to-date: /home/ubuntu/rj_training_container/training_ws/install/stsl_interfaces/include/stsl_interfaces/stsl_interfaces/action/detail/park_at_peak__builder.hpp
[19.779s] -- Up-to-date: /home/ubuntu/rj_training_container/training_ws/install/stsl_interfaces/include/stsl_interfaces/stsl_interfaces/action/detail/park_at_peak__struct.hpp
[19.814s] -- Up-to-date: /home/ubuntu/rj_training_container/training_ws/install/stsl_interfaces/include/stsl_interfaces/stsl_interfaces/action/detail/park_at_peak__traits.hpp
[19.846s] -- Up-to-date: /home/ubuntu/rj_training_container/training_ws/install/stsl_interfaces/include/stsl_interfaces/stsl_interfaces/action/execute_mission.hpp
[19.876s] -- Up-to-date: /home/ubuntu/rj_training_container/training_ws/install/stsl_interfaces/include/stsl_interfaces/stsl_interfaces/action/park_at_peak.hpp
[19.900s] -- Up-to-date: /home/ubuntu/rj_training_container/training_ws/install/stsl_interfaces/include/stsl_interfaces/stsl_interfaces/msg
[19.936s] -- Up-to-date: /home/ubuntu/rj_training_container/training_ws/install/stsl_interfaces/include/stsl_interfaces/stsl_interfaces/msg/detail
[19.982s] -- Up-to-date: /home/ubuntu/rj_training_container/training_ws/install/stsl_interfaces/include/stsl_interfaces/stsl_interfaces/msg/detail/mineral_deposit_array__builder.hpp
[20.018s] -- Up-to-date: /home/ubuntu/rj_training_container/training_ws/install/stsl_interfaces/include/stsl_interfaces/stsl_interfaces/msg/detail/mineral_deposit_array__struct.hpp
[20.057s] -- Up-to-date: /home/ubuntu/rj_training_container/training_ws/install/stsl_interfaces/include/stsl_interfaces/stsl_interfaces/msg/detail/mineral_deposit_array__traits.hpp
[20.092s] -- Up-to-date: /home/ubuntu/rj_training_container/training_ws/install/stsl_interfaces/include/stsl_interfaces/stsl_interfaces/msg/detail/mineral_deposit_sample__builder.hpp
[20.156s] -- Up-to-date: /home/ubuntu/rj_training_container/training_ws/install/stsl_interfaces/include/stsl_interfaces/stsl_interfaces/msg/detail/mineral_deposit_sample__struct.hpp
[20.246s] -- Up-to-date: /home/ubuntu/rj_training_container/training_ws/install/stsl_interfaces/include/stsl_interfaces/stsl_interfaces/msg/detail/mineral_deposit_sample__traits.hpp
[20.293s] -- Up-to-date: /home/ubuntu/rj_training_container/training_ws/install/stsl_interfaces/include/stsl_interfaces/stsl_interfaces/msg/detail/mineral_deposit__builder.hpp
[20.337s] -- Up-to-date: /home/ubuntu/rj_training_container/training_ws/install/stsl_interfaces/include/stsl_interfaces/stsl_interfaces/msg/detail/mineral_deposit__struct.hpp
[20.379s] -- Up-to-date: /home/ubuntu/rj_training_container/training_ws/install/stsl_interfaces/include/stsl_interfaces/stsl_interfaces/msg/detail/mineral_deposit__traits.hpp
[20.420s] -- Up-to-date: /home/ubuntu/rj_training_container/training_ws/install/stsl_interfaces/include/stsl_interfaces/stsl_interfaces/msg/detail/tag_array__builder.hpp
[20.458s] -- Up-to-date: /home/ubuntu/rj_training_container/training_ws/install/stsl_interfaces/include/stsl_interfaces/stsl_interfaces/msg/detail/tag_array__struct.hpp
[20.500s] -- Up-to-date: /home/ubuntu/rj_training_container/training_ws/install/stsl_interfaces/include/stsl_interfaces/stsl_interfaces/msg/detail/tag_array__traits.hpp
[20.533s] -- Up-to-date: /home/ubuntu/rj_training_container/training_ws/install/stsl_interfaces/include/stsl_interfaces/stsl_interfaces/msg/detail/tag__builder.hpp
[20.569s] -- Up-to-date: /home/ubuntu/rj_training_container/training_ws/install/stsl_interfaces/include/stsl_interfaces/stsl_interfaces/msg/detail/tag__struct.hpp
[20.602s] -- Up-to-date: /home/ubuntu/rj_training_container/training_ws/install/stsl_interfaces/include/stsl_interfaces/stsl_interfaces/msg/detail/tag__traits.hpp
[20.630s] -- Up-to-date: /home/ubuntu/rj_training_container/training_ws/install/stsl_interfaces/include/stsl_interfaces/stsl_interfaces/msg/mineral_deposit.hpp
[20.659s] -- Up-to-date: /home/ubuntu/rj_training_container/training_ws/install/stsl_interfaces/include/stsl_interfaces/stsl_interfaces/msg/mineral_deposit_array.hpp
[20.692s] -- Up-to-date: /home/ubuntu/rj_training_container/training_ws/install/stsl_interfaces/include/stsl_interfaces/stsl_interfaces/msg/mineral_deposit_sample.hpp
[20.722s] -- Up-to-date: /home/ubuntu/rj_training_container/training_ws/install/stsl_interfaces/include/stsl_interfaces/stsl_interfaces/msg/tag.hpp
[20.754s] -- Up-to-date: /home/ubuntu/rj_training_container/training_ws/install/stsl_interfaces/include/stsl_interfaces/stsl_interfaces/msg/tag_array.hpp
[20.776s] -- Up-to-date: /home/ubuntu/rj_training_container/training_ws/install/stsl_interfaces/include/stsl_interfaces/stsl_interfaces/srv
[20.811s] -- Up-to-date: /home/ubuntu/rj_training_container/training_ws/install/stsl_interfaces/include/stsl_interfaces/stsl_interfaces/srv/detail
[20.857s] -- Up-to-date: /home/ubuntu/rj_training_container/training_ws/install/stsl_interfaces/include/stsl_interfaces/stsl_interfaces/srv/detail/reset_mineral_deposit_tracking__builder.hpp
[20.891s] -- Up-to-date: /home/ubuntu/rj_training_container/training_ws/install/stsl_interfaces/include/stsl_interfaces/stsl_interfaces/srv/detail/reset_mineral_deposit_tracking__struct.hpp
[20.928s] -- Up-to-date: /home/ubuntu/rj_training_container/training_ws/install/stsl_interfaces/include/stsl_interfaces/stsl_interfaces/srv/detail/reset_mineral_deposit_tracking__traits.hpp
[20.964s] -- Up-to-date: /home/ubuntu/rj_training_container/training_ws/install/stsl_interfaces/include/stsl_interfaces/stsl_interfaces/srv/detail/sample_elevation__builder.hpp
[20.999s] -- Up-to-date: /home/ubuntu/rj_training_container/training_ws/install/stsl_interfaces/include/stsl_interfaces/stsl_interfaces/srv/detail/sample_elevation__struct.hpp
[21.036s] -- Up-to-date: /home/ubuntu/rj_training_container/training_ws/install/stsl_interfaces/include/stsl_interfaces/stsl_interfaces/srv/detail/sample_elevation__traits.hpp
[21.069s] -- Up-to-date: /home/ubuntu/rj_training_container/training_ws/install/stsl_interfaces/include/stsl_interfaces/stsl_interfaces/srv/reset_mineral_deposit_tracking.hpp
[21.100s] -- Up-to-date: /home/ubuntu/rj_training_container/training_ws/install/stsl_interfaces/include/stsl_interfaces/stsl_interfaces/srv/sample_elevation.hpp
[21.121s] -- Up-to-date: /home/ubuntu/rj_training_container/training_ws/install/stsl_interfaces/include/stsl_interfaces/stsl_interfaces
[21.152s] -- Up-to-date: /home/ubuntu/rj_training_container/training_ws/install/stsl_interfaces/include/stsl_interfaces/stsl_interfaces/action
[21.204s] -- Up-to-date: /home/ubuntu/rj_training_container/training_ws/install/stsl_interfaces/include/stsl_interfaces/stsl_interfaces/action/detail
[21.250s] -- Up-to-date: /home/ubuntu/rj_training_container/training_ws/install/stsl_interfaces/include/stsl_interfaces/stsl_interfaces/action/detail/dds_fastrtps
[21.310s] -- Up-to-date: /home/ubuntu/rj_training_container/training_ws/install/stsl_interfaces/include/stsl_interfaces/stsl_interfaces/action/detail/execute_mission__rosidl_typesupport_fastrtps_cpp.hpp
[21.349s] -- Up-to-date: /home/ubuntu/rj_training_container/training_ws/install/stsl_interfaces/include/stsl_interfaces/stsl_interfaces/action/detail/park_at_peak__rosidl_typesupport_fastrtps_cpp.hpp
[21.373s] -- Up-to-date: /home/ubuntu/rj_training_container/training_ws/install/stsl_interfaces/include/stsl_interfaces/stsl_interfaces/msg
[21.408s] -- Up-to-date: /home/ubuntu/rj_training_container/training_ws/install/stsl_interfaces/include/stsl_interfaces/stsl_interfaces/msg/detail
[21.451s] -- Up-to-date: /home/ubuntu/rj_training_container/training_ws/install/stsl_interfaces/include/stsl_interfaces/stsl_interfaces/msg/detail/dds_fastrtps
[21.508s] -- Up-to-date: /home/ubuntu/rj_training_container/training_ws/install/stsl_interfaces/include/stsl_interfaces/stsl_interfaces/msg/detail/mineral_deposit_array__rosidl_typesupport_fastrtps_cpp.hpp
[21.548s] -- Up-to-date: /home/ubuntu/rj_training_container/training_ws/install/stsl_interfaces/include/stsl_interfaces/stsl_interfaces/msg/detail/mineral_deposit_sample__rosidl_typesupport_fastrtps_cpp.hpp
[21.588s] -- Up-to-date: /home/ubuntu/rj_training_container/training_ws/install/stsl_interfaces/include/stsl_interfaces/stsl_interfaces/msg/detail/mineral_deposit__rosidl_typesupport_fastrtps_cpp.hpp
[21.628s] -- Up-to-date: /home/ubuntu/rj_training_container/training_ws/install/stsl_interfaces/include/stsl_interfaces/stsl_interfaces/msg/detail/tag_array__rosidl_typesupport_fastrtps_cpp.hpp
[21.698s] -- Up-to-date: /home/ubuntu/rj_training_container/training_ws/install/stsl_interfaces/include/stsl_interfaces/stsl_interfaces/msg/detail/tag__rosidl_typesupport_fastrtps_cpp.hpp
[21.734s] -- Up-to-date: /home/ubuntu/rj_training_container/training_ws/install/stsl_interfaces/include/stsl_interfaces/stsl_interfaces/msg/rosidl_typesupport_fastrtps_cpp__visibility_control.h
[21.758s] -- Up-to-date: /home/ubuntu/rj_training_container/training_ws/install/stsl_interfaces/include/stsl_interfaces/stsl_interfaces/srv
[21.793s] -- Up-to-date: /home/ubuntu/rj_training_container/training_ws/install/stsl_interfaces/include/stsl_interfaces/stsl_interfaces/srv/detail
[21.837s] -- Up-to-date: /home/ubuntu/rj_training_container/training_ws/install/stsl_interfaces/include/stsl_interfaces/stsl_interfaces/srv/detail/dds_fastrtps
[21.894s] -- Up-to-date: /home/ubuntu/rj_training_container/training_ws/install/stsl_interfaces/include/stsl_interfaces/stsl_interfaces/srv/detail/reset_mineral_deposit_tracking__rosidl_typesupport_fastrtps_cpp.hpp
[21.935s] -- Up-to-date: /home/ubuntu/rj_training_container/training_ws/install/stsl_interfaces/include/stsl_interfaces/stsl_interfaces/srv/detail/sample_elevation__rosidl_typesupport_fastrtps_cpp.hpp
[21.999s] -- Up-to-date: /home/ubuntu/rj_training_container/training_ws/install/stsl_interfaces/lib/libstsl_interfaces__rosidl_typesupport_fastrtps_cpp.so
[22.057s] -- Up-to-date: /home/ubuntu/rj_training_container/training_ws/install/stsl_interfaces/include/stsl_interfaces/stsl_interfaces
[22.086s] -- Up-to-date: /home/ubuntu/rj_training_container/training_ws/install/stsl_interfaces/include/stsl_interfaces/stsl_interfaces/action
[22.120s] -- Up-to-date: /home/ubuntu/rj_training_container/training_ws/install/stsl_interfaces/include/stsl_interfaces/stsl_interfaces/action/detail
[22.167s] -- Up-to-date: /home/ubuntu/rj_training_container/training_ws/install/stsl_interfaces/include/stsl_interfaces/stsl_interfaces/action/detail/execute_mission__rosidl_typesupport_introspection_cpp.hpp
[22.205s] -- Up-to-date: /home/ubuntu/rj_training_container/training_ws/install/stsl_interfaces/include/stsl_interfaces/stsl_interfaces/action/detail/execute_mission__type_support.cpp
[22.240s] -- Up-to-date: /home/ubuntu/rj_training_container/training_ws/install/stsl_interfaces/include/stsl_interfaces/stsl_interfaces/action/detail/park_at_peak__rosidl_typesupport_introspection_cpp.hpp
[22.276s] -- Up-to-date: /home/ubuntu/rj_training_container/training_ws/install/stsl_interfaces/include/stsl_interfaces/stsl_interfaces/action/detail/park_at_peak__type_support.cpp
[22.300s] -- Up-to-date: /home/ubuntu/rj_training_container/training_ws/install/stsl_interfaces/include/stsl_interfaces/stsl_interfaces/msg
[22.335s] -- Up-to-date: /home/ubuntu/rj_training_container/training_ws/install/stsl_interfaces/include/stsl_interfaces/stsl_interfaces/msg/detail
[22.387s] -- Up-to-date: /home/ubuntu/rj_training_container/training_ws/install/stsl_interfaces/include/stsl_interfaces/stsl_interfaces/msg/detail/mineral_deposit_array__rosidl_typesupport_introspection_cpp.hpp
[22.427s] -- Up-to-date: /home/ubuntu/rj_training_container/training_ws/install/stsl_interfaces/include/stsl_interfaces/stsl_interfaces/msg/detail/mineral_deposit_array__type_support.cpp
[22.467s] -- Up-to-date: /home/ubuntu/rj_training_container/training_ws/install/stsl_interfaces/include/stsl_interfaces/stsl_interfaces/msg/detail/mineral_deposit_sample__rosidl_typesupport_introspection_cpp.hpp
[22.507s] -- Up-to-date: /home/ubuntu/rj_training_container/training_ws/install/stsl_interfaces/include/stsl_interfaces/stsl_interfaces/msg/detail/mineral_deposit_sample__type_support.cpp
[22.542s] -- Up-to-date: /home/ubuntu/rj_training_container/training_ws/install/stsl_interfaces/include/stsl_interfaces/stsl_interfaces/msg/detail/mineral_deposit__rosidl_typesupport_introspection_cpp.hpp
[22.577s] -- Up-to-date: /home/ubuntu/rj_training_container/training_ws/install/stsl_interfaces/include/stsl_interfaces/stsl_interfaces/msg/detail/mineral_deposit__type_support.cpp
[22.612s] -- Up-to-date: /home/ubuntu/rj_training_container/training_ws/install/stsl_interfaces/include/stsl_interfaces/stsl_interfaces/msg/detail/tag_array__rosidl_typesupport_introspection_cpp.hpp
[22.649s] -- Up-to-date: /home/ubuntu/rj_training_container/training_ws/install/stsl_interfaces/include/stsl_interfaces/stsl_interfaces/msg/detail/tag_array__type_support.cpp
[22.685s] -- Up-to-date: /home/ubuntu/rj_training_container/training_ws/install/stsl_interfaces/include/stsl_interfaces/stsl_interfaces/msg/detail/tag__rosidl_typesupport_introspection_cpp.hpp
[22.722s] -- Up-to-date: /home/ubuntu/rj_training_container/training_ws/install/stsl_interfaces/include/stsl_interfaces/stsl_interfaces/msg/detail/tag__type_support.cpp
[22.744s] -- Up-to-date: /home/ubuntu/rj_training_container/training_ws/install/stsl_interfaces/include/stsl_interfaces/stsl_interfaces/srv
[22.778s] -- Up-to-date: /home/ubuntu/rj_training_container/training_ws/install/stsl_interfaces/include/stsl_interfaces/stsl_interfaces/srv/detail
[22.824s] -- Up-to-date: /home/ubuntu/rj_training_container/training_ws/install/stsl_interfaces/include/stsl_interfaces/stsl_interfaces/srv/detail/reset_mineral_deposit_tracking__rosidl_typesupport_introspection_cpp.hpp
[22.861s] -- Up-to-date: /home/ubuntu/rj_training_container/training_ws/install/stsl_interfaces/include/stsl_interfaces/stsl_interfaces/srv/detail/reset_mineral_deposit_tracking__type_support.cpp
[22.897s] -- Up-to-date: /home/ubuntu/rj_training_container/training_ws/install/stsl_interfaces/include/stsl_interfaces/stsl_interfaces/srv/detail/sample_elevation__rosidl_typesupport_introspection_cpp.hpp
[22.933s] -- Up-to-date: /home/ubuntu/rj_training_container/training_ws/install/stsl_interfaces/include/stsl_interfaces/stsl_interfaces/srv/detail/sample_elevation__type_support.cpp
[22.990s] -- Up-to-date: /home/ubuntu/rj_training_container/training_ws/install/stsl_interfaces/lib/libstsl_interfaces__rosidl_typesupport_introspection_cpp.so
[23.076s] -- Up-to-date: /home/ubuntu/rj_training_container/training_ws/install/stsl_interfaces/lib/libstsl_interfaces__rosidl_typesupport_cpp.so
[23.140s] -- Up-to-date: /home/ubuntu/rj_training_container/training_ws/install/stsl_interfaces/share/stsl_interfaces/environment/pythonpath.sh
[23.166s] -- Up-to-date: /home/ubuntu/rj_training_container/training_ws/install/stsl_interfaces/share/stsl_interfaces/environment/pythonpath.dsv
[23.190s] -- Up-to-date: /home/ubuntu/rj_training_container/training_ws/install/stsl_interfaces/local/lib/python3.10/dist-packages/stsl_interfaces-0.1.0-py3.10.egg-info
[23.238s] -- Installing: /home/ubuntu/rj_training_container/training_ws/install/stsl_interfaces/local/lib/python3.10/dist-packages/stsl_interfaces-0.1.0-py3.10.egg-info/dependency_links.txt
[23.355s] -- Installing: /home/ubuntu/rj_training_container/training_ws/install/stsl_interfaces/local/lib/python3.10/dist-packages/stsl_interfaces-0.1.0-py3.10.egg-info/PKG-INFO
[23.461s] -- Installing: /home/ubuntu/rj_training_container/training_ws/install/stsl_interfaces/local/lib/python3.10/dist-packages/stsl_interfaces-0.1.0-py3.10.egg-info/SOURCES.txt
[23.574s] -- Installing: /home/ubuntu/rj_training_container/training_ws/install/stsl_interfaces/local/lib/python3.10/dist-packages/stsl_interfaces-0.1.0-py3.10.egg-info/top_level.txt
[23.667s] -- Up-to-date: /home/ubuntu/rj_training_container/training_ws/install/stsl_interfaces/local/lib/python3.10/dist-packages/stsl_interfaces
[23.698s] -- Up-to-date: /home/ubuntu/rj_training_container/training_ws/install/stsl_interfaces/local/lib/python3.10/dist-packages/stsl_interfaces/action
[23.745s] -- Up-to-date: /home/ubuntu/rj_training_container/training_ws/install/stsl_interfaces/local/lib/python3.10/dist-packages/stsl_interfaces/action/_execute_mission.py
[23.780s] -- Up-to-date: /home/ubuntu/rj_training_container/training_ws/install/stsl_interfaces/local/lib/python3.10/dist-packages/stsl_interfaces/action/_execute_mission_s.c
[23.814s] -- Up-to-date: /home/ubuntu/rj_training_container/training_ws/install/stsl_interfaces/local/lib/python3.10/dist-packages/stsl_interfaces/action/_park_at_peak.py
[23.849s] -- Up-to-date: /home/ubuntu/rj_training_container/training_ws/install/stsl_interfaces/local/lib/python3.10/dist-packages/stsl_interfaces/action/_park_at_peak_s.c
[23.879s] -- Up-to-date: /home/ubuntu/rj_training_container/training_ws/install/stsl_interfaces/local/lib/python3.10/dist-packages/stsl_interfaces/action/__init__.py
[23.905s] -- Up-to-date: /home/ubuntu/rj_training_container/training_ws/install/stsl_interfaces/local/lib/python3.10/dist-packages/stsl_interfaces/libstsl_interfaces__rosidl_generator_py.so
[23.932s] -- Up-to-date: /home/ubuntu/rj_training_container/training_ws/install/stsl_interfaces/local/lib/python3.10/dist-packages/stsl_interfaces/msg
[23.976s] -- Up-to-date: /home/ubuntu/rj_training_container/training_ws/install/stsl_interfaces/local/lib/python3.10/dist-packages/stsl_interfaces/msg/_mineral_deposit.py
[24.007s] -- Up-to-date: /home/ubuntu/rj_training_container/training_ws/install/stsl_interfaces/local/lib/python3.10/dist-packages/stsl_interfaces/msg/_mineral_deposit_array.py
[24.039s] -- Up-to-date: /home/ubuntu/rj_training_container/training_ws/install/stsl_interfaces/local/lib/python3.10/dist-packages/stsl_interfaces/msg/_mineral_deposit_array_s.c
[24.071s] -- Up-to-date: /home/ubuntu/rj_training_container/training_ws/install/stsl_interfaces/local/lib/python3.10/dist-packages/stsl_interfaces/msg/_mineral_deposit_s.c
[24.099s] -- Up-to-date: /home/ubuntu/rj_training_container/training_ws/install/stsl_interfaces/local/lib/python3.10/dist-packages/stsl_interfaces/msg/_mineral_deposit_sample.py
[24.131s] -- Up-to-date: /home/ubuntu/rj_training_container/training_ws/install/stsl_interfaces/local/lib/python3.10/dist-packages/stsl_interfaces/msg/_mineral_deposit_sample_s.c
[24.159s] -- Up-to-date: /home/ubuntu/rj_training_container/training_ws/install/stsl_interfaces/local/lib/python3.10/dist-packages/stsl_interfaces/msg/_tag.py
[24.190s] -- Up-to-date: /home/ubuntu/rj_training_container/training_ws/install/stsl_interfaces/local/lib/python3.10/dist-packages/stsl_interfaces/msg/_tag_array.py
[24.220s] -- Up-to-date: /home/ubuntu/rj_training_container/training_ws/install/stsl_interfaces/local/lib/python3.10/dist-packages/stsl_interfaces/msg/_tag_array_s.c
[24.248s] -- Up-to-date: /home/ubuntu/rj_training_container/training_ws/install/stsl_interfaces/local/lib/python3.10/dist-packages/stsl_interfaces/msg/_tag_s.c
[24.278s] -- Up-to-date: /home/ubuntu/rj_training_container/training_ws/install/stsl_interfaces/local/lib/python3.10/dist-packages/stsl_interfaces/msg/__init__.py
[24.304s] -- Up-to-date: /home/ubuntu/rj_training_container/training_ws/install/stsl_interfaces/local/lib/python3.10/dist-packages/stsl_interfaces/srv
[24.351s] -- Up-to-date: /home/ubuntu/rj_training_container/training_ws/install/stsl_interfaces/local/lib/python3.10/dist-packages/stsl_interfaces/srv/_reset_mineral_deposit_tracking.py
[24.387s] -- Up-to-date: /home/ubuntu/rj_training_container/training_ws/install/stsl_interfaces/local/lib/python3.10/dist-packages/stsl_interfaces/srv/_reset_mineral_deposit_tracking_s.c
[24.422s] -- Up-to-date: /home/ubuntu/rj_training_container/training_ws/install/stsl_interfaces/local/lib/python3.10/dist-packages/stsl_interfaces/srv/_sample_elevation.py
[24.464s] -- Up-to-date: /home/ubuntu/rj_training_container/training_ws/install/stsl_interfaces/local/lib/python3.10/dist-packages/stsl_interfaces/srv/_sample_elevation_s.c
[24.505s] -- Up-to-date: /home/ubuntu/rj_training_container/training_ws/install/stsl_interfaces/local/lib/python3.10/dist-packages/stsl_interfaces/srv/__init__.py
[24.549s] -- Up-to-date: /home/ubuntu/rj_training_container/training_ws/install/stsl_interfaces/local/lib/python3.10/dist-packages/stsl_interfaces/stsl_interfaces_s__rosidl_typesupport_c.cpython-310-x86_64-linux-gnu.so
[24.579s] -- Up-to-date: /home/ubuntu/rj_training_container/training_ws/install/stsl_interfaces/local/lib/python3.10/dist-packages/stsl_interfaces/stsl_interfaces_s__rosidl_typesupport_fastrtps_c.cpython-310-x86_64-linux-gnu.so
[24.602s] -- Up-to-date: /home/ubuntu/rj_training_container/training_ws/install/stsl_interfaces/local/lib/python3.10/dist-packages/stsl_interfaces/stsl_interfaces_s__rosidl_typesupport_introspection_c.cpython-310-x86_64-linux-gnu.so
[24.626s] -- Up-to-date: /home/ubuntu/rj_training_container/training_ws/install/stsl_interfaces/local/lib/python3.10/dist-packages/stsl_interfaces/_stsl_interfaces_s.ep.rosidl_typesupport_c.c
[24.650s] -- Up-to-date: /home/ubuntu/rj_training_container/training_ws/install/stsl_interfaces/local/lib/python3.10/dist-packages/stsl_interfaces/_stsl_interfaces_s.ep.rosidl_typesupport_fastrtps_c.c
[24.675s] -- Up-to-date: /home/ubuntu/rj_training_container/training_ws/install/stsl_interfaces/local/lib/python3.10/dist-packages/stsl_interfaces/_stsl_interfaces_s.ep.rosidl_typesupport_introspection_c.c
[24.698s] -- Up-to-date: /home/ubuntu/rj_training_container/training_ws/install/stsl_interfaces/local/lib/python3.10/dist-packages/stsl_interfaces/__init__.py
[25.317s] Listing '/home/ubuntu/rj_training_container/training_ws/install/stsl_interfaces/local/lib/python3.10/dist-packages/stsl_interfaces'...
[25.318s] Listing '/home/ubuntu/rj_training_container/training_ws/install/stsl_interfaces/local/lib/python3.10/dist-packages/stsl_interfaces/action'...
[25.319s] Listing '/home/ubuntu/rj_training_container/training_ws/install/stsl_interfaces/local/lib/python3.10/dist-packages/stsl_interfaces/msg'...
[25.320s] Listing '/home/ubuntu/rj_training_container/training_ws/install/stsl_interfaces/local/lib/python3.10/dist-packages/stsl_interfaces/srv'...
[25.397s] -- Up-to-date: /home/ubuntu/rj_training_container/training_ws/install/stsl_interfaces/local/lib/python3.10/dist-packages/stsl_interfaces/stsl_interfaces_s__rosidl_typesupport_fastrtps_c.cpython-310-x86_64-linux-gnu.so
[25.541s] -- Up-to-date: /home/ubuntu/rj_training_container/training_ws/install/stsl_interfaces/local/lib/python3.10/dist-packages/stsl_interfaces/stsl_interfaces_s__rosidl_typesupport_introspection_c.cpython-310-x86_64-linux-gnu.so
[25.676s] -- Up-to-date: /home/ubuntu/rj_training_container/training_ws/install/stsl_interfaces/local/lib/python3.10/dist-packages/stsl_interfaces/stsl_interfaces_s__rosidl_typesupport_c.cpython-310-x86_64-linux-gnu.so
[25.794s] -- Up-to-date: /home/ubuntu/rj_training_container/training_ws/install/stsl_interfaces/lib/libstsl_interfaces__rosidl_generator_py.so
[25.870s] -- Up-to-date: /home/ubuntu/rj_training_container/training_ws/install/stsl_interfaces/share/stsl_interfaces/msg/MineralDeposit.idl
[25.910s] -- Up-to-date: /home/ubuntu/rj_training_container/training_ws/install/stsl_interfaces/share/stsl_interfaces/msg/MineralDepositArray.idl
[25.943s] -- Up-to-date: /home/ubuntu/rj_training_container/training_ws/install/stsl_interfaces/share/stsl_interfaces/msg/MineralDepositSample.idl
[25.973s] -- Up-to-date: /home/ubuntu/rj_training_container/training_ws/install/stsl_interfaces/share/stsl_interfaces/msg/Tag.idl
[26.001s] -- Up-to-date: /home/ubuntu/rj_training_container/training_ws/install/stsl_interfaces/share/stsl_interfaces/msg/TagArray.idl
[26.030s] -- Up-to-date: /home/ubuntu/rj_training_container/training_ws/install/stsl_interfaces/share/stsl_interfaces/srv/ResetMineralDepositTracking.idl
[26.060s] -- Up-to-date: /home/ubuntu/rj_training_container/training_ws/install/stsl_interfaces/share/stsl_interfaces/srv/SampleElevation.idl
[26.089s] -- Up-to-date: /home/ubuntu/rj_training_container/training_ws/install/stsl_interfaces/share/stsl_interfaces/action/ExecuteMission.idl
[26.118s] -- Up-to-date: /home/ubuntu/rj_training_container/training_ws/install/stsl_interfaces/share/stsl_interfaces/action/ParkAtPeak.idl
[26.150s] -- Up-to-date: /home/ubuntu/rj_training_container/training_ws/install/stsl_interfaces/share/stsl_interfaces/msg/MineralDeposit.msg
[26.183s] -- Up-to-date: /home/ubuntu/rj_training_container/training_ws/install/stsl_interfaces/share/stsl_interfaces/msg/MineralDepositArray.msg
[26.218s] -- Up-to-date: /home/ubuntu/rj_training_container/training_ws/install/stsl_interfaces/share/stsl_interfaces/msg/MineralDepositSample.msg
[26.251s] -- Up-to-date: /home/ubuntu/rj_training_container/training_ws/install/stsl_interfaces/share/stsl_interfaces/msg/Tag.msg
[26.286s] -- Up-to-date: /home/ubuntu/rj_training_container/training_ws/install/stsl_interfaces/share/stsl_interfaces/msg/TagArray.msg
[26.318s] -- Up-to-date: /home/ubuntu/rj_training_container/training_ws/install/stsl_interfaces/share/stsl_interfaces/srv/ResetMineralDepositTracking.srv
[26.350s] -- Up-to-date: /home/ubuntu/rj_training_container/training_ws/install/stsl_interfaces/share/stsl_interfaces/srv/ResetMineralDepositTracking_Request.msg
[26.383s] -- Up-to-date: /home/ubuntu/rj_training_container/training_ws/install/stsl_interfaces/share/stsl_interfaces/srv/ResetMineralDepositTracking_Response.msg
[26.417s] -- Up-to-date: /home/ubuntu/rj_training_container/training_ws/install/stsl_interfaces/share/stsl_interfaces/srv/SampleElevation.srv
[26.446s] -- Up-to-date: /home/ubuntu/rj_training_container/training_ws/install/stsl_interfaces/share/stsl_interfaces/srv/SampleElevation_Request.msg
[26.481s] -- Up-to-date: /home/ubuntu/rj_training_container/training_ws/install/stsl_interfaces/share/stsl_interfaces/srv/SampleElevation_Response.msg
[26.514s] -- Up-to-date: /home/ubuntu/rj_training_container/training_ws/install/stsl_interfaces/share/stsl_interfaces/action/ExecuteMission.action
[26.548s] -- Up-to-date: /home/ubuntu/rj_training_container/training_ws/install/stsl_interfaces/share/stsl_interfaces/action/ParkAtPeak.action
[26.594s] -- Up-to-date: /home/ubuntu/rj_training_container/training_ws/install/stsl_interfaces/share/ament_index/resource_index/package_run_dependencies/stsl_interfaces
[26.648s] -- Up-to-date: /home/ubuntu/rj_training_container/training_ws/install/stsl_interfaces/share/ament_index/resource_index/parent_prefix_path/stsl_interfaces
[26.673s] -- Up-to-date: /home/ubuntu/rj_training_container/training_ws/install/stsl_interfaces/share/stsl_interfaces/environment/ament_prefix_path.sh
[26.701s] -- Up-to-date: /home/ubuntu/rj_training_container/training_ws/install/stsl_interfaces/share/stsl_interfaces/environment/ament_prefix_path.dsv
[26.723s] -- Up-to-date: /home/ubuntu/rj_training_container/training_ws/install/stsl_interfaces/share/stsl_interfaces/environment/path.sh
[26.749s] -- Up-to-date: /home/ubuntu/rj_training_container/training_ws/install/stsl_interfaces/share/stsl_interfaces/environment/path.dsv
[26.777s] -- Up-to-date: /home/ubuntu/rj_training_container/training_ws/install/stsl_interfaces/share/stsl_interfaces/local_setup.bash
[26.802s] -- Up-to-date: /home/ubuntu/rj_training_container/training_ws/install/stsl_interfaces/share/stsl_interfaces/local_setup.sh
[26.829s] -- Up-to-date: /home/ubuntu/rj_training_container/training_ws/install/stsl_interfaces/share/stsl_interfaces/local_setup.zsh
[26.856s] -- Up-to-date: /home/ubuntu/rj_training_container/training_ws/install/stsl_interfaces/share/stsl_interfaces/local_setup.dsv
[26.886s] -- Installing: /home/ubuntu/rj_training_container/training_ws/install/stsl_interfaces/share/stsl_interfaces/package.dsv
[26.992s] -- Up-to-date: /home/ubuntu/rj_training_container/training_ws/install/stsl_interfaces/share/ament_index/resource_index/packages/stsl_interfaces
[27.048s] -- Up-to-date: /home/ubuntu/rj_training_container/training_ws/install/stsl_interfaces/share/stsl_interfaces/cmake/export_stsl_interfaces__rosidl_generator_cExport.cmake
[27.085s] -- Up-to-date: /home/ubuntu/rj_training_container/training_ws/install/stsl_interfaces/share/stsl_interfaces/cmake/export_stsl_interfaces__rosidl_generator_cExport-noconfig.cmake
[27.135s] -- Up-to-date: /home/ubuntu/rj_training_container/training_ws/install/stsl_interfaces/share/stsl_interfaces/cmake/export_stsl_interfaces__rosidl_typesupport_fastrtps_cExport.cmake
[27.170s] -- Up-to-date: /home/ubuntu/rj_training_container/training_ws/install/stsl_interfaces/share/stsl_interfaces/cmake/export_stsl_interfaces__rosidl_typesupport_fastrtps_cExport-noconfig.cmake
[27.235s] -- Up-to-date: /home/ubuntu/rj_training_container/training_ws/install/stsl_interfaces/share/stsl_interfaces/cmake/stsl_interfaces__rosidl_typesupport_introspection_cExport.cmake
[27.281s] -- Up-to-date: /home/ubuntu/rj_training_container/training_ws/install/stsl_interfaces/share/stsl_interfaces/cmake/stsl_interfaces__rosidl_typesupport_introspection_cExport-noconfig.cmake
[27.338s] -- Up-to-date: /home/ubuntu/rj_training_container/training_ws/install/stsl_interfaces/share/stsl_interfaces/cmake/stsl_interfaces__rosidl_typesupport_cExport.cmake
[27.373s] -- Up-to-date: /home/ubuntu/rj_training_container/training_ws/install/stsl_interfaces/share/stsl_interfaces/cmake/stsl_interfaces__rosidl_typesupport_cExport-noconfig.cmake
[27.424s] -- Up-to-date: /home/ubuntu/rj_training_container/training_ws/install/stsl_interfaces/share/stsl_interfaces/cmake/export_stsl_interfaces__rosidl_generator_cppExport.cmake
[27.489s] -- Up-to-date: /home/ubuntu/rj_training_container/training_ws/install/stsl_interfaces/share/stsl_interfaces/cmake/export_stsl_interfaces__rosidl_typesupport_fastrtps_cppExport.cmake
[27.527s] -- Up-to-date: /home/ubuntu/rj_training_container/training_ws/install/stsl_interfaces/share/stsl_interfaces/cmake/export_stsl_interfaces__rosidl_typesupport_fastrtps_cppExport-noconfig.cmake
[27.583s] -- Up-to-date: /home/ubuntu/rj_training_container/training_ws/install/stsl_interfaces/share/stsl_interfaces/cmake/stsl_interfaces__rosidl_typesupport_introspection_cppExport.cmake
[27.626s] -- Up-to-date: /home/ubuntu/rj_training_container/training_ws/install/stsl_interfaces/share/stsl_interfaces/cmake/stsl_interfaces__rosidl_typesupport_introspection_cppExport-noconfig.cmake
[27.683s] -- Up-to-date: /home/ubuntu/rj_training_container/training_ws/install/stsl_interfaces/share/stsl_interfaces/cmake/stsl_interfaces__rosidl_typesupport_cppExport.cmake
[27.717s] -- Up-to-date: /home/ubuntu/rj_training_container/training_ws/install/stsl_interfaces/share/stsl_interfaces/cmake/stsl_interfaces__rosidl_typesupport_cppExport-noconfig.cmake
[27.769s] -- Up-to-date: /home/ubuntu/rj_training_container/training_ws/install/stsl_interfaces/share/stsl_interfaces/cmake/export_stsl_interfaces__rosidl_generator_pyExport.cmake
[27.805s] -- Up-to-date: /home/ubuntu/rj_training_container/training_ws/install/stsl_interfaces/share/stsl_interfaces/cmake/export_stsl_interfaces__rosidl_generator_pyExport-noconfig.cmake
[27.834s] -- Up-to-date: /home/ubuntu/rj_training_container/training_ws/install/stsl_interfaces/share/stsl_interfaces/cmake/rosidl_cmake-extras.cmake
[27.864s] -- Up-to-date: /home/ubuntu/rj_training_container/training_ws/install/stsl_interfaces/share/stsl_interfaces/cmake/ament_cmake_export_dependencies-extras.cmake
[27.893s] -- Up-to-date: /home/ubuntu/rj_training_container/training_ws/install/stsl_interfaces/share/stsl_interfaces/cmake/ament_cmake_export_include_directories-extras.cmake
[27.921s] -- Up-to-date: /home/ubuntu/rj_training_container/training_ws/install/stsl_interfaces/share/stsl_interfaces/cmake/ament_cmake_export_libraries-extras.cmake
[27.949s] -- Up-to-date: /home/ubuntu/rj_training_container/training_ws/install/stsl_interfaces/share/stsl_interfaces/cmake/ament_cmake_export_targets-extras.cmake
[27.979s] -- Up-to-date: /home/ubuntu/rj_training_container/training_ws/install/stsl_interfaces/share/stsl_interfaces/cmake/rosidl_cmake_export_typesupport_targets-extras.cmake
[28.008s] -- Up-to-date: /home/ubuntu/rj_training_container/training_ws/install/stsl_interfaces/share/stsl_interfaces/cmake/rosidl_cmake_export_typesupport_libraries-extras.cmake
[28.038s] -- Up-to-date: /home/ubuntu/rj_training_container/training_ws/install/stsl_interfaces/share/stsl_interfaces/cmake/stsl_interfacesConfig.cmake
[28.063s] -- Up-to-date: /home/ubuntu/rj_training_container/training_ws/install/stsl_interfaces/share/stsl_interfaces/cmake/stsl_interfacesConfig-version.cmake
[28.094s] -- Up-to-date: /home/ubuntu/rj_training_container/training_ws/install/stsl_interfaces/share/stsl_interfaces/package.xml
[28.118s] Invoked command in '/home/ubuntu/rj_training_container/training_ws/build/stsl_interfaces' returned '0': CMAKE_PREFIX_PATH=/opt/ros/humble /usr/bin/cmake --install /home/ubuntu/rj_training_container/training_ws/build/stsl_interfaces
