-- The C compiler identification is GNU 11.4.0
-- The CXX compiler identification is GNU 11.4.0
-- Detecting C compiler ABI info
-- Detecting C compiler ABI info - done
-- Check for working C compiler: /usr/bin/cc - skipped
-- Detecting C compile features
-- Detecting C compile features - done
-- Detecting CXX compiler ABI info
-- Detecting CXX compiler ABI info - done
-- Check for working CXX compiler: /usr/bin/c++ - skipped
-- Detecting CXX compile features
-- Detecting CXX compile features - done
-- Found ament_cmake: 1.3.10 (/opt/ros/humble/share/ament_cmake/cmake)
-- Found Python3: /usr/bin/python3 (found version "3.10.12") found components: Interpreter 
-- Configuring done
-- Generating done
-- Build files have been written to: /home/ubuntu/rj_training_container/training_ws/build/stsl_desktop
-- Install configuration: ""
-- Installing: /home/ubuntu/rj_training_container/training_ws/install/stsl_desktop/share/ament_index/resource_index/package_run_dependencies/stsl_desktop
-- Installing: /home/ubuntu/rj_training_container/training_ws/install/stsl_desktop/share/ament_index/resource_index/parent_prefix_path/stsl_desktop
-- Installing: /home/ubuntu/rj_training_container/training_ws/install/stsl_desktop/share/stsl_desktop/environment/ament_prefix_path.sh
-- Installing: /home/ubuntu/rj_training_container/training_ws/install/stsl_desktop/share/stsl_desktop/environment/ament_prefix_path.dsv
-- Installing: /home/ubuntu/rj_training_container/training_ws/install/stsl_desktop/share/stsl_desktop/environment/path.sh
-- Installing: /home/ubuntu/rj_training_container/training_ws/install/stsl_desktop/share/stsl_desktop/environment/path.dsv
-- Installing: /home/ubuntu/rj_training_container/training_ws/install/stsl_desktop/share/stsl_desktop/local_setup.bash
-- Installing: /home/ubuntu/rj_training_container/training_ws/install/stsl_desktop/share/stsl_desktop/local_setup.sh
-- Installing: /home/ubuntu/rj_training_container/training_ws/install/stsl_desktop/share/stsl_desktop/local_setup.zsh
-- Installing: /home/ubuntu/rj_training_container/training_ws/install/stsl_desktop/share/stsl_desktop/local_setup.dsv
-- Installing: /home/ubuntu/rj_training_container/training_ws/install/stsl_desktop/share/stsl_desktop/package.dsv
-- Installing: /home/ubuntu/rj_training_container/training_ws/install/stsl_desktop/share/ament_index/resource_index/packages/stsl_desktop
-- Installing: /home/ubuntu/rj_training_container/training_ws/install/stsl_desktop/share/stsl_desktop/cmake/stsl_desktopConfig.cmake
-- Installing: /home/ubuntu/rj_training_container/training_ws/install/stsl_desktop/share/stsl_desktop/cmake/stsl_desktopConfig-version.cmake
-- Installing: /home/ubuntu/rj_training_container/training_ws/install/stsl_desktop/share/stsl_desktop/package.xml
