[0.450s] Invoking command in '/home/ubuntu/rj_training_container/training_ws/build/coordinate_transform': AMENT_PREFIX_PATH=/home/ubuntu/rj_training_container/training_ws/install/stsl_interfaces:${AMENT_PREFIX_PATH} CMAKE_PREFIX_PATH=/home/ubuntu/rj_training_container/training_ws/install/stsl_interfaces:/opt/ros/humble LD_LIBRARY_PATH=/home/ubuntu/rj_training_container/training_ws/install/stsl_interfaces/lib:${LD_LIBRARY_PATH} PYTHONPATH=/home/ubuntu/rj_training_container/training_ws/install/stsl_interfaces/local/lib/python3.10/dist-packages:${PYTHONPATH} /usr/bin/cmake --build /home/ubuntu/rj_training_container/training_ws/build/coordinate_transform -- -j16 -l16
[1.487s] [35m[1mConsolidate compiler generated dependencies of target coordinate_transform_components[0m
[1.491s] [35m[1mConsolidate compiler generated dependencies of target coordinate_transform_node[0m
[3.891s] [ 50%] Built target coordinate_transform_node
[4.648s] [100%] Built target coordinate_transform_components
[4.816s] Invoked command in '/home/ubuntu/rj_training_container/training_ws/build/coordinate_transform' returned '0': AMENT_PREFIX_PATH=/home/ubuntu/rj_training_container/training_ws/install/stsl_interfaces:${AMENT_PREFIX_PATH} CMAKE_PREFIX_PATH=/home/ubuntu/rj_training_container/training_ws/install/stsl_interfaces:/opt/ros/humble LD_LIBRARY_PATH=/home/ubuntu/rj_training_container/training_ws/install/stsl_interfaces/lib:${LD_LIBRARY_PATH} PYTHONPATH=/home/ubuntu/rj_training_container/training_ws/install/stsl_interfaces/local/lib/python3.10/dist-packages:${PYTHONPATH} /usr/bin/cmake --build /home/ubuntu/rj_training_container/training_ws/build/coordinate_transform -- -j16 -l16
[4.977s] Invoking command in '/home/ubuntu/rj_training_container/training_ws/build/coordinate_transform': AMENT_PREFIX_PATH=/home/ubuntu/rj_training_container/training_ws/install/stsl_interfaces:${AMENT_PREFIX_PATH} CMAKE_PREFIX_PATH=/home/ubuntu/rj_training_container/training_ws/install/stsl_interfaces:/opt/ros/humble LD_LIBRARY_PATH=/home/ubuntu/rj_training_container/training_ws/install/stsl_interfaces/lib:${LD_LIBRARY_PATH} PYTHONPATH=/home/ubuntu/rj_training_container/training_ws/install/stsl_interfaces/local/lib/python3.10/dist-packages:${PYTHONPATH} /usr/bin/cmake --install /home/ubuntu/rj_training_container/training_ws/build/coordinate_transform
[5.209s] -- Install configuration: ""
[5.351s] -- Up-to-date: /home/ubuntu/rj_training_container/training_ws/install/coordinate_transform/lib/coordinate_transform/coordinate_transform_node
[5.624s] -- Up-to-date: /home/ubuntu/rj_training_container/training_ws/install/coordinate_transform/lib/libcoordinate_transform_components.so
[5.829s] -- Up-to-date: /home/ubuntu/rj_training_container/training_ws/install/coordinate_transform/share/ament_index/resource_index/package_run_dependencies/coordinate_transform
[5.934s] -- Up-to-date: /home/ubuntu/rj_training_container/training_ws/install/coordinate_transform/share/ament_index/resource_index/parent_prefix_path/coordinate_transform
[5.985s] -- Up-to-date: /home/ubuntu/rj_training_container/training_ws/install/coordinate_transform/share/coordinate_transform/environment/ament_prefix_path.sh
[6.052s] -- Up-to-date: /home/ubuntu/rj_training_container/training_ws/install/coordinate_transform/share/coordinate_transform/environment/ament_prefix_path.dsv
[6.105s] -- Up-to-date: /home/ubuntu/rj_training_container/training_ws/install/coordinate_transform/share/coordinate_transform/environment/path.sh
[6.174s] -- Up-to-date: /home/ubuntu/rj_training_container/training_ws/install/coordinate_transform/share/coordinate_transform/environment/path.dsv
[6.244s] -- Up-to-date: /home/ubuntu/rj_training_container/training_ws/install/coordinate_transform/share/coordinate_transform/local_setup.bash
[6.302s] -- Up-to-date: /home/ubuntu/rj_training_container/training_ws/install/coordinate_transform/share/coordinate_transform/local_setup.sh
[6.368s] -- Up-to-date: /home/ubuntu/rj_training_container/training_ws/install/coordinate_transform/share/coordinate_transform/local_setup.zsh
[6.431s] -- Up-to-date: /home/ubuntu/rj_training_container/training_ws/install/coordinate_transform/share/coordinate_transform/local_setup.dsv
[6.492s] -- Installing: /home/ubuntu/rj_training_container/training_ws/install/coordinate_transform/share/coordinate_transform/package.dsv
[6.723s] -- Up-to-date: /home/ubuntu/rj_training_container/training_ws/install/coordinate_transform/share/ament_index/resource_index/packages/coordinate_transform
[6.809s] -- Up-to-date: /home/ubuntu/rj_training_container/training_ws/install/coordinate_transform/share/ament_index/resource_index/rclcpp_components/coordinate_transform
[6.867s] -- Up-to-date: /home/ubuntu/rj_training_container/training_ws/install/coordinate_transform/share/coordinate_transform/cmake/coordinate_transformConfig.cmake
[6.910s] -- Up-to-date: /home/ubuntu/rj_training_container/training_ws/install/coordinate_transform/share/coordinate_transform/cmake/coordinate_transformConfig-version.cmake
[6.973s] -- Up-to-date: /home/ubuntu/rj_training_container/training_ws/install/coordinate_transform/share/coordinate_transform/package.xml
[7.313s] Invoked command in '/home/ubuntu/rj_training_container/training_ws/build/coordinate_transform' returned '0': AMENT_PREFIX_PATH=/home/ubuntu/rj_training_container/training_ws/install/stsl_interfaces:${AMENT_PREFIX_PATH} CMAKE_PREFIX_PATH=/home/ubuntu/rj_training_container/training_ws/install/stsl_interfaces:/opt/ros/humble LD_LIBRARY_PATH=/home/ubuntu/rj_training_container/training_ws/install/stsl_interfaces/lib:${LD_LIBRARY_PATH} PYTHONPATH=/home/ubuntu/rj_training_container/training_ws/install/stsl_interfaces/local/lib/python3.10/dist-packages:${PYTHONPATH} /usr/bin/cmake --install /home/ubuntu/rj_training_container/training_ws/build/coordinate_transform
