[0.935s] Invoking command in '/home/ubuntu/rj_training_container/training_ws/build/localization': CMAKE_PREFIX_PATH=/opt/ros/humble /usr/bin/cmake /home/ubuntu/rj_training_container/training_ws/src/software-training-old/localization -DCMAKE_INSTALL_PREFIX=/home/ubuntu/rj_training_container/training_ws/install/localization
[1.285s] -- Found ament_cmake: 1.3.10 (/opt/ros/humble/share/ament_cmake/cmake)
[1.597s] -- Found rclcpp: 16.0.10 (/opt/ros/humble/share/rclcpp/cmake)
[1.668s] -- Found rosidl_generator_c: 3.1.5 (/opt/ros/humble/share/rosidl_generator_c/cmake)
[1.675s] -- Found rosidl_adapter: 3.1.5 (/opt/ros/humble/share/rosidl_adapter/cmake)
[1.690s] -- Found rosidl_generator_cpp: 3.1.5 (/opt/ros/humble/share/rosidl_generator_cpp/cmake)
[1.720s] -- Using all available rosidl_typesupport_c: rosidl_typesupport_fastrtps_c;rosidl_typesupport_introspection_c
[1.759s] -- Using all available rosidl_typesupport_cpp: rosidl_typesupport_fastrtps_cpp;rosidl_typesupport_introspection_cpp
[1.894s] -- Found rmw_implementation_cmake: 6.1.2 (/opt/ros/humble/share/rmw_implementation_cmake/cmake)
[1.909s] -- Found rmw_fastrtps_cpp: 6.2.7 (/opt/ros/humble/share/rmw_fastrtps_cpp/cmake)
[2.938s] -- Using RMW implementation 'rmw_fastrtps_cpp' as default
[3.068s] -- Found rclcpp_components: 16.0.10 (/opt/ros/humble/share/rclcpp_components/cmake)
[3.406s] [31mCMake Error at CMakeLists.txt:7 (find_package):
[3.409s]   By not providing "Findstsl_interfaces.cmake" in CMAKE_MODULE_PATH this
[3.412s]   project has asked CMake to find a package configuration file provided by
[3.414s]   "stsl_interfaces", but CMake did not find one.
[3.419s] 
[3.422s]   Could not find a package configuration file provided by "stsl_interfaces"
[3.424s]   with any of the following names:
[3.428s] 
[3.430s]     stsl_interfacesConfig.cmake
[3.432s]     stsl_interfaces-config.cmake
[3.435s] 
[3.437s]   Add the installation prefix of "stsl_interfaces" to CMAKE_PREFIX_PATH or
[3.440s]   set "stsl_interfaces_DIR" to a directory containing one of the above files.
[3.445s]   If "stsl_interfaces" provides a separate development package or SDK, be
[3.447s]   sure it has been installed.
[3.450s] 
[3.452s] [0m
[3.457s] -- Configuring incomplete, errors occurred!
[3.459s] See also "/home/ubuntu/rj_training_container/training_ws/build/localization/CMakeFiles/CMakeOutput.log".
