-- The C compiler identification is GNU 11.4.0
-- The CXX compiler identification is GNU 11.4.0
-- Detecting C compiler ABI info
-- Detecting C compiler ABI info - done
-- Check for working C compiler: /usr/bin/cc - skipped
-- Detecting C compile features
-- Detecting C compile features - done
-- Detecting CXX compiler ABI info
-- Detecting CXX compiler ABI info - done
-- Check for working CXX compiler: /usr/bin/c++ - skipped
-- Detecting CXX compile features
-- Detecting CXX compile features - done
-- Found ament_cmake: 1.3.10 (/opt/ros/humble/share/ament_cmake/cmake)
-- Found Python3: /usr/bin/python3 (found version "3.10.12") found components: Interpreter 
-- Found rclcpp: 16.0.10 (/opt/ros/humble/share/rclcpp/cmake)
-- Found rosidl_generator_c: 3.1.5 (/opt/ros/humble/share/rosidl_generator_c/cmake)
-- Found rosidl_adapter: 3.1.5 (/opt/ros/humble/share/rosidl_adapter/cmake)
-- Found rosidl_generator_cpp: 3.1.5 (/opt/ros/humble/share/rosidl_generator_cpp/cmake)
-- Using all available rosidl_typesupport_c: rosidl_typesupport_fastrtps_c;rosidl_typesupport_introspection_c
-- Using all available rosidl_typesupport_cpp: rosidl_typesupport_fastrtps_cpp;rosidl_typesupport_introspection_cpp
-- Found rmw_implementation_cmake: 6.1.2 (/opt/ros/humble/share/rmw_implementation_cmake/cmake)
-- Found rmw_fastrtps_cpp: 6.2.7 (/opt/ros/humble/share/rmw_fastrtps_cpp/cmake)
-- Found OpenSSL: /usr/lib/x86_64-linux-gnu/libcrypto.so (found version "3.0.2")  
-- Found FastRTPS: /opt/ros/humble/include  
-- Using RMW implementation 'rmw_fastrtps_cpp' as default
-- Looking for pthread.h
-- Looking for pthread.h - found
-- Performing Test CMAKE_HAVE_LIBC_PTHREAD
-- Performing Test CMAKE_HAVE_LIBC_PTHREAD - Success
-- Found Threads: TRUE  
-- Found rclcpp_components: 16.0.10 (/opt/ros/humble/share/rclcpp_components/cmake)
-- Found cv_bridge: 3.2.1 (/opt/ros/humble/share/cv_bridge/cmake)
-- Found image_transport: 3.1.9 (/opt/ros/humble/share/image_transport/cmake)
-- Found visualization_msgs: 4.2.4 (/opt/ros/humble/share/visualization_msgs/cmake)
-- Found OpenCV: /usr (found suitable version "4.5.4", minimum required is "4") 
-- Found stsl_interfaces: 0.1.0 (/home/ubuntu/rj_training_container/training_ws/install/stsl_interfaces/share/stsl_interfaces/cmake)
-- Found ament_lint_auto: 0.12.11 (/opt/ros/humble/share/ament_lint_auto/cmake)
-- Added test 'copyright' to check source files copyright and LICENSE
-- Added test 'cppcheck' to perform static code analysis on C / C++ code
-- Configured cppcheck include dirs: 
-- Configured cppcheck exclude dirs and/or files: 
-- Added test 'cpplint' to check C / C++ code against the Google style
-- Configured cpplint exclude dirs and/or files: 
-- Added test 'lint_cmake' to check CMake code style
-- Added test 'uncrustify' to check C / C++ code style
-- Configured uncrustify additional arguments: 
-- Added test 'xmllint' to check XML markup files
-- Configuring done
-- Generating done
-- Build files have been written to: /home/ubuntu/rj_training_container/training_ws/build/stsl_aruco_tags
[ 22%] [32mBuilding CXX object CMakeFiles/aruco_tag_detector.dir/rclcpp_components/node_main_aruco_tag_detector.cpp.o[0m
[ 22%] [32mBuilding CXX object CMakeFiles/tag_model_generator.dir/src/tag_model_generator.cpp.o[0m
[ 33%] [32mBuilding CXX object CMakeFiles/aruco_marker_visualizer.dir/rclcpp_components/node_main_aruco_marker_visualizer.cpp.o[0m
[ 55%] [32mBuilding CXX object CMakeFiles/stsl_aruco_tags.dir/src/detector_component.cpp.o[0m
[ 55%] [32mBuilding CXX object CMakeFiles/stsl_aruco_tags.dir/src/aruco_marker_visualizer.cpp.o[0m
[ 66%] [32m[1mLinking CXX executable tag_model_generator[0m
[ 66%] Built target tag_model_generator
[ 77%] [32m[1mLinking CXX executable aruco_tag_detector[0m
[ 88%] [32m[1mLinking CXX executable aruco_marker_visualizer[0m
[ 88%] Built target aruco_marker_visualizer
[ 88%] Built target aruco_tag_detector
[100%] [32m[1mLinking CXX shared library libstsl_aruco_tags.so[0m
[100%] Built target stsl_aruco_tags
-- Install configuration: ""
-- Installing: /home/ubuntu/rj_training_container/training_ws/install/stsl_aruco_tags/lib/stsl_aruco_tags/aruco_tag_detector
-- Set runtime path of "/home/ubuntu/rj_training_container/training_ws/install/stsl_aruco_tags/lib/stsl_aruco_tags/aruco_tag_detector" to ""
-- Installing: /home/ubuntu/rj_training_container/training_ws/install/stsl_aruco_tags/lib/stsl_aruco_tags/aruco_marker_visualizer
-- Set runtime path of "/home/ubuntu/rj_training_container/training_ws/install/stsl_aruco_tags/lib/stsl_aruco_tags/aruco_marker_visualizer" to ""
-- Installing: /home/ubuntu/rj_training_container/training_ws/install/stsl_aruco_tags/lib/libstsl_aruco_tags.so
-- Set runtime path of "/home/ubuntu/rj_training_container/training_ws/install/stsl_aruco_tags/lib/libstsl_aruco_tags.so" to ""
-- Installing: /home/ubuntu/rj_training_container/training_ws/install/stsl_aruco_tags/lib/stsl_aruco_tags/tag_model_generator
-- Installing: /home/ubuntu/rj_training_container/training_ws/install/stsl_aruco_tags/share/ament_index/resource_index/package_run_dependencies/stsl_aruco_tags
-- Installing: /home/ubuntu/rj_training_container/training_ws/install/stsl_aruco_tags/share/ament_index/resource_index/parent_prefix_path/stsl_aruco_tags
-- Installing: /home/ubuntu/rj_training_container/training_ws/install/stsl_aruco_tags/share/stsl_aruco_tags/environment/ament_prefix_path.sh
-- Installing: /home/ubuntu/rj_training_container/training_ws/install/stsl_aruco_tags/share/stsl_aruco_tags/environment/ament_prefix_path.dsv
-- Installing: /home/ubuntu/rj_training_container/training_ws/install/stsl_aruco_tags/share/stsl_aruco_tags/environment/path.sh
-- Installing: /home/ubuntu/rj_training_container/training_ws/install/stsl_aruco_tags/share/stsl_aruco_tags/environment/path.dsv
-- Installing: /home/ubuntu/rj_training_container/training_ws/install/stsl_aruco_tags/share/stsl_aruco_tags/local_setup.bash
-- Installing: /home/ubuntu/rj_training_container/training_ws/install/stsl_aruco_tags/share/stsl_aruco_tags/local_setup.sh
-- Installing: /home/ubuntu/rj_training_container/training_ws/install/stsl_aruco_tags/share/stsl_aruco_tags/local_setup.zsh
-- Installing: /home/ubuntu/rj_training_container/training_ws/install/stsl_aruco_tags/share/stsl_aruco_tags/local_setup.dsv
-- Installing: /home/ubuntu/rj_training_container/training_ws/install/stsl_aruco_tags/share/stsl_aruco_tags/package.dsv
-- Installing: /home/ubuntu/rj_training_container/training_ws/install/stsl_aruco_tags/share/ament_index/resource_index/packages/stsl_aruco_tags
-- Installing: /home/ubuntu/rj_training_container/training_ws/install/stsl_aruco_tags/share/ament_index/resource_index/rclcpp_components/stsl_aruco_tags
-- Installing: /home/ubuntu/rj_training_container/training_ws/install/stsl_aruco_tags/share/stsl_aruco_tags/cmake/tag_model_generator_EXPORTExport.cmake
-- Installing: /home/ubuntu/rj_training_container/training_ws/install/stsl_aruco_tags/share/stsl_aruco_tags/cmake/tag_model_generator_EXPORTExport-noconfig.cmake
-- Installing: /home/ubuntu/rj_training_container/training_ws/install/stsl_aruco_tags/share/stsl_aruco_tags/cmake/stsl_aruco_tags-extras.cmake
-- Installing: /home/ubuntu/rj_training_container/training_ws/install/stsl_aruco_tags/share/stsl_aruco_tags/cmake/ament_cmake_export_targets-extras.cmake
-- Installing: /home/ubuntu/rj_training_container/training_ws/install/stsl_aruco_tags/share/stsl_aruco_tags/cmake/stsl_aruco_tagsConfig.cmake
-- Installing: /home/ubuntu/rj_training_container/training_ws/install/stsl_aruco_tags/share/stsl_aruco_tags/cmake/stsl_aruco_tagsConfig-version.cmake
-- Installing: /home/ubuntu/rj_training_container/training_ws/install/stsl_aruco_tags/share/stsl_aruco_tags/package.xml
