[0.494s] Invoking command in '/home/ubuntu/rj_training_container/training_ws/build/stsl_utils': CMAKE_PREFIX_PATH=/opt/ros/humble /usr/bin/cmake --build /home/ubuntu/rj_training_container/training_ws/build/stsl_utils -- -j16 -l16
[1.836s] [ 57%] Built target floor_mat_visualizer
[1.840s] [ 57%] Built target keyboard_teleop
[1.844s] [100%] Built target stsl_utils
[1.862s] Invoked command in '/home/ubuntu/rj_training_container/training_ws/build/stsl_utils' returned '0': CMAKE_PREFIX_PATH=/opt/ros/humble /usr/bin/cmake --build /home/ubuntu/rj_training_container/training_ws/build/stsl_utils -- -j16 -l16
[2.176s] Invoking command in '/home/ubuntu/rj_training_container/training_ws/build/stsl_utils': CMAKE_PREFIX_PATH=/opt/ros/humble /usr/bin/cmake --install /home/ubuntu/rj_training_container/training_ws/build/stsl_utils
[2.221s] -- Install configuration: ""
[2.495s] -- Up-to-date: /home/ubuntu/rj_training_container/training_ws/install/stsl_utils/lib/stsl_utils/keyboard_teleop
[3.046s] -- Up-to-date: /home/ubuntu/rj_training_container/training_ws/install/stsl_utils/lib/stsl_utils/floor_mat_visualizer
[3.585s] -- Up-to-date: /home/ubuntu/rj_training_container/training_ws/install/stsl_utils/lib/libstsl_utils.so
[3.909s] -- Up-to-date: /home/ubuntu/rj_training_container/training_ws/install/stsl_utils/share/stsl_utils/visualization_meshes
[4.051s] -- Up-to-date: /home/ubuntu/rj_training_container/training_ws/install/stsl_utils/share/stsl_utils/visualization_meshes/floor_mat
[4.241s] -- Up-to-date: /home/ubuntu/rj_training_container/training_ws/install/stsl_utils/share/stsl_utils/visualization_meshes/floor_mat/floor_mat.dae
[4.410s] -- Up-to-date: /home/ubuntu/rj_training_container/training_ws/install/stsl_utils/share/stsl_utils/visualization_meshes/floor_mat/floor_mat.png
[4.650s] -- Up-to-date: /home/ubuntu/rj_training_container/training_ws/install/stsl_utils/share/ament_index/resource_index/package_run_dependencies/stsl_utils
[4.874s] -- Up-to-date: /home/ubuntu/rj_training_container/training_ws/install/stsl_utils/share/ament_index/resource_index/parent_prefix_path/stsl_utils
[4.989s] -- Up-to-date: /home/ubuntu/rj_training_container/training_ws/install/stsl_utils/share/stsl_utils/environment/ament_prefix_path.sh
[5.128s] -- Up-to-date: /home/ubuntu/rj_training_container/training_ws/install/stsl_utils/share/stsl_utils/environment/ament_prefix_path.dsv
[5.220s] -- Up-to-date: /home/ubuntu/rj_training_container/training_ws/install/stsl_utils/share/stsl_utils/environment/path.sh
[5.354s] -- Up-to-date: /home/ubuntu/rj_training_container/training_ws/install/stsl_utils/share/stsl_utils/environment/path.dsv
[5.479s] -- Up-to-date: /home/ubuntu/rj_training_container/training_ws/install/stsl_utils/share/stsl_utils/local_setup.bash
[5.590s] -- Up-to-date: /home/ubuntu/rj_training_container/training_ws/install/stsl_utils/share/stsl_utils/local_setup.sh
[5.734s] -- Up-to-date: /home/ubuntu/rj_training_container/training_ws/install/stsl_utils/share/stsl_utils/local_setup.zsh
[5.807s] -- Up-to-date: /home/ubuntu/rj_training_container/training_ws/install/stsl_utils/share/stsl_utils/local_setup.dsv
[5.906s] -- Installing: /home/ubuntu/rj_training_container/training_ws/install/stsl_utils/share/stsl_utils/package.dsv
[6.252s] -- Up-to-date: /home/ubuntu/rj_training_container/training_ws/install/stsl_utils/share/ament_index/resource_index/packages/stsl_utils
[6.381s] -- Up-to-date: /home/ubuntu/rj_training_container/training_ws/install/stsl_utils/share/ament_index/resource_index/rclcpp_components/stsl_utils
[6.456s] -- Up-to-date: /home/ubuntu/rj_training_container/training_ws/install/stsl_utils/share/stsl_utils/cmake/stsl_utilsConfig.cmake
[6.505s] -- Up-to-date: /home/ubuntu/rj_training_container/training_ws/install/stsl_utils/share/stsl_utils/cmake/stsl_utilsConfig-version.cmake
[6.571s] -- Up-to-date: /home/ubuntu/rj_training_container/training_ws/install/stsl_utils/share/stsl_utils/package.xml
[9.063s] Invoked command in '/home/ubuntu/rj_training_container/training_ws/build/stsl_utils' returned '0': CMAKE_PREFIX_PATH=/opt/ros/humble /usr/bin/cmake --install /home/ubuntu/rj_training_container/training_ws/build/stsl_utils
