[5.244s] Invoking command in '/home/ubuntu/rj_training_container/training_ws/build/traini_description': CMAKE_PREFIX_PATH=${CMAKE_PREFIX_PATH}:/home/ubuntu/rj_training_container/training_ws/install/keyboard:/opt/ros/humble /usr/bin/cmake --build /home/ubuntu/rj_training_container/training_ws/build/traini_description -- -j16 -l16
[33.389s] [100%] Built target traini_description_urdf_generation
[38.784s] Invoked command in '/home/ubuntu/rj_training_container/training_ws/build/traini_description' returned '0': CMAKE_PREFIX_PATH=${CMAKE_PREFIX_PATH}:/home/ubuntu/rj_training_container/training_ws/install/keyboard:/opt/ros/humble /usr/bin/cmake --build /home/ubuntu/rj_training_container/training_ws/build/traini_description -- -j16 -l16
[68.376s] Invoking command in '/home/ubuntu/rj_training_container/training_ws/build/traini_description': CMAKE_PREFIX_PATH=${CMAKE_PREFIX_PATH}:/home/ubuntu/rj_training_container/training_ws/install/keyboard:/opt/ros/humble /usr/bin/cmake --install /home/ubuntu/rj_training_container/training_ws/build/traini_description
[72.051s] -- Install configuration: ""
[72.105s] -- Up-to-date: /home/ubuntu/rj_training_container/training_ws/install/traini_description/share/traini_description/urdf/traini.urdf
[72.193s] -- Up-to-date: /home/ubuntu/rj_training_container/training_ws/install/traini_description/share/traini_description/launch
[72.300s] -- Up-to-date: /home/ubuntu/rj_training_container/training_ws/install/traini_description/share/traini_description/launch/display.launch.py
[72.372s] -- Up-to-date: /home/ubuntu/rj_training_container/training_ws/install/traini_description/share/traini_description/launch/robot_state_publisher.launch.py
[72.422s] -- Up-to-date: /home/ubuntu/rj_training_container/training_ws/install/traini_description/share/traini_description/urdf
[72.519s] -- Up-to-date: /home/ubuntu/rj_training_container/training_ws/install/traini_description/share/traini_description/urdf/traini.urdf.xacro
[72.566s] -- Up-to-date: /home/ubuntu/rj_training_container/training_ws/install/traini_description/share/traini_description/rviz
[72.659s] -- Up-to-date: /home/ubuntu/rj_training_container/training_ws/install/traini_description/share/traini_description/rviz/urdf.rviz
[72.708s] -- Up-to-date: /home/ubuntu/rj_training_container/training_ws/install/traini_description/share/traini_description/meshes
[72.803s] -- Up-to-date: /home/ubuntu/rj_training_container/training_ws/install/traini_description/share/traini_description/meshes/Trainiii.dae
[72.907s] -- Up-to-date: /home/ubuntu/rj_training_container/training_ws/install/traini_description/share/ament_index/resource_index/package_run_dependencies/traini_description
[73.021s] -- Up-to-date: /home/ubuntu/rj_training_container/training_ws/install/traini_description/share/ament_index/resource_index/parent_prefix_path/traini_description
[73.074s] -- Up-to-date: /home/ubuntu/rj_training_container/training_ws/install/traini_description/share/traini_description/environment/ament_prefix_path.sh
[73.142s] -- Up-to-date: /home/ubuntu/rj_training_container/training_ws/install/traini_description/share/traini_description/environment/ament_prefix_path.dsv
[73.191s] -- Up-to-date: /home/ubuntu/rj_training_container/training_ws/install/traini_description/share/traini_description/environment/path.sh
[73.257s] -- Up-to-date: /home/ubuntu/rj_training_container/training_ws/install/traini_description/share/traini_description/environment/path.dsv
[73.320s] -- Up-to-date: /home/ubuntu/rj_training_container/training_ws/install/traini_description/share/traini_description/local_setup.bash
[73.379s] -- Up-to-date: /home/ubuntu/rj_training_container/training_ws/install/traini_description/share/traini_description/local_setup.sh
[73.438s] -- Up-to-date: /home/ubuntu/rj_training_container/training_ws/install/traini_description/share/traini_description/local_setup.zsh
[73.493s] -- Up-to-date: /home/ubuntu/rj_training_container/training_ws/install/traini_description/share/traini_description/local_setup.dsv
[73.552s] -- Installing: /home/ubuntu/rj_training_container/training_ws/install/traini_description/share/traini_description/package.dsv
[73.789s] -- Up-to-date: /home/ubuntu/rj_training_container/training_ws/install/traini_description/share/ament_index/resource_index/packages/traini_description
[73.857s] -- Up-to-date: /home/ubuntu/rj_training_container/training_ws/install/traini_description/share/traini_description/cmake/traini_descriptionConfig.cmake
[73.912s] -- Up-to-date: /home/ubuntu/rj_training_container/training_ws/install/traini_description/share/traini_description/cmake/traini_descriptionConfig-version.cmake
[73.984s] -- Up-to-date: /home/ubuntu/rj_training_container/training_ws/install/traini_description/share/traini_description/package.xml
[74.010s] Invoked command in '/home/ubuntu/rj_training_container/training_ws/build/traini_description' returned '0': CMAKE_PREFIX_PATH=${CMAKE_PREFIX_PATH}:/home/ubuntu/rj_training_container/training_ws/install/keyboard:/opt/ros/humble /usr/bin/cmake --install /home/ubuntu/rj_training_container/training_ws/build/traini_description
