[0.276s] Invoking command in '/home/ubuntu/rj_training_container/training_ws/build/stsl_rviz_plugins': AMENT_PREFIX_PATH=/home/ubuntu/rj_training_container/training_ws/install/stsl_interfaces:${AMENT_PREFIX_PATH} CMAKE_PREFIX_PATH=/home/ubuntu/rj_training_container/training_ws/install/stsl_interfaces:/opt/ros/humble LD_LIBRARY_PATH=/home/ubuntu/rj_training_container/training_ws/install/stsl_interfaces/lib:${LD_LIBRARY_PATH} PYTHONPATH=/home/ubuntu/rj_training_container/training_ws/install/stsl_interfaces/local/lib/python3.10/dist-packages:${PYTHONPATH} /usr/bin/cmake /home/ubuntu/rj_training_container/training_ws/src/stsl/stsl_rviz_plugins -DCMAKE_INSTALL_PREFIX=/home/ubuntu/rj_training_container/training_ws/install/stsl_rviz_plugins
[1.199s] -- The C compiler identification is GNU 11.4.0
[2.011s] -- The CXX compiler identification is GNU 11.4.0
[2.239s] -- Detecting C compiler ABI info
[4.232s] -- Detecting C compiler ABI info - done
[4.318s] -- Check for working C compiler: /usr/bin/cc - skipped
[4.323s] -- Detecting C compile features
[4.327s] -- Detecting C compile features - done
[4.508s] -- Detecting CXX compiler ABI info
[6.688s] -- Detecting CXX compiler ABI info - done
[6.764s] -- Check for working CXX compiler: /usr/bin/c++ - skipped
[6.767s] -- Detecting CXX compile features
[6.770s] -- Detecting CXX compile features - done
[6.999s] -- Found ament_cmake: 1.3.10 (/opt/ros/humble/share/ament_cmake/cmake)
[8.516s] -- Found Python3: /usr/bin/python3 (found version "3.10.12") found components: Interpreter 
[10.352s] -- Found rclcpp: 16.0.10 (/opt/ros/humble/share/rclcpp/cmake)
[11.138s] -- Found rosidl_generator_c: 3.1.5 (/opt/ros/humble/share/rosidl_generator_c/cmake)
[11.254s] -- Found rosidl_adapter: 3.1.5 (/opt/ros/humble/share/rosidl_adapter/cmake)
[11.378s] -- Found rosidl_generator_cpp: 3.1.5 (/opt/ros/humble/share/rosidl_generator_cpp/cmake)
[11.530s] -- Using all available rosidl_typesupport_c: rosidl_typesupport_fastrtps_c;rosidl_typesupport_introspection_c
[11.771s] -- Using all available rosidl_typesupport_cpp: rosidl_typesupport_fastrtps_cpp;rosidl_typesupport_introspection_cpp
[12.455s] -- Found rmw_implementation_cmake: 6.1.2 (/opt/ros/humble/share/rmw_implementation_cmake/cmake)
[12.535s] -- Found rmw_fastrtps_cpp: 6.2.7 (/opt/ros/humble/share/rmw_fastrtps_cpp/cmake)
[13.512s] -- Found OpenSSL: /usr/lib/x86_64-linux-gnu/libcrypto.so (found version "3.0.2")  
[13.717s] -- Found FastRTPS: /opt/ros/humble/include  
[14.058s] -- Using RMW implementation 'rmw_fastrtps_cpp' as default
[14.432s] -- Looking for pthread.h
[15.984s] -- Looking for pthread.h - found
[16.012s] -- Performing Test CMAKE_HAVE_LIBC_PTHREAD
[17.500s] -- Performing Test CMAKE_HAVE_LIBC_PTHREAD - Success
[17.512s] -- Found Threads: TRUE  
[17.898s] -- Found rclcpp_components: 16.0.10 (/opt/ros/humble/share/rclcpp_components/cmake)
[18.274s] -- Found rclcpp_action: 16.0.10 (/opt/ros/humble/share/rclcpp_action/cmake)
[18.673s] -- Found stsl_interfaces: 0.1.0 (/home/ubuntu/rj_training_container/training_ws/install/stsl_interfaces/share/stsl_interfaces/cmake)
[19.704s] -- Found rviz_common: 11.2.13 (/opt/ros/humble/share/rviz_common/cmake)
[19.987s] -- Setting assimp_DIR to: '/opt/ros/humble/share/rviz_assimp_vendor/cmake/../../../opt/rviz_assimp_vendor/lib/cmake/assimp-4.1'
[20.182s] -- Setting OGRE_DIR to: '/opt/ros/humble/share/rviz_ogre_vendor/cmake/../../../opt/rviz_ogre_vendor/lib/OGRE/cmake'
[20.188s] -- Found OGRE
[20.191s] --   static     : OFF
[20.194s] --   components : HLMS;MeshLodGenerator;Overlay;Paging;Property;RTShaderSystem;Terrain;Volume
[20.197s] --   plugins    : Plugin_BSPSceneManager;Plugin_OctreeSceneManager;Plugin_PCZSceneManager;Plugin_ParticleFX;RenderSystem_GL;RenderSystem_GL3Plus;Codec_STBI
[20.199s] --   media      : /opt/ros/humble/opt/rviz_ogre_vendor/share/OGRE/Media
[20.202s] -- OGRE_LIBRARIES: OgreHLMS;OgreMeshLodGenerator;OgreOverlay;OgrePaging;OgreProperty;OgreRTShaderSystem;OgreTerrain;OgreVolume;OgreMain
[20.204s] -- OGRE_LIBRARY_DIRS: /opt/ros/humble/opt/rviz_ogre_vendor/lib
[20.207s] -- OGRE_PLUGINS: Plugin_BSPSceneManager;Plugin_OctreeSceneManager;Plugin_PCZSceneManager;Plugin_ParticleFX;RenderSystem_GL;RenderSystem_GL3Plus;Codec_STBI
[20.210s] -- OGRE_PLUGIN_DIR: /opt/ros/humble/opt/rviz_ogre_vendor/lib/OGRE
[20.213s] -- rviz_ogre_vendor::OgreOverlay for IMPORTED_LOCATION_RELEASE: /opt/ros/humble/opt/rviz_ogre_vendor/lib/libOgreOverlay.so
[20.215s] -- rviz_ogre_vendor::OgreOverlay for IMPORTED_LOCATION_DEBUG: /opt/ros/humble/opt/rviz_ogre_vendor/lib/libOgreOverlay.so
[20.217s] -- rviz_ogre_vendor::OgreMain for IMPORTED_LOCATION_RELEASE: /opt/ros/humble/opt/rviz_ogre_vendor/lib/libOgreMain.so
[20.220s] -- rviz_ogre_vendor::OgreMain for IMPORTED_LOCATION_DEBUG: /opt/ros/humble/opt/rviz_ogre_vendor/lib/libOgreMain.so
[20.380s] -- Found ZLIB: /usr/lib/x86_64-linux-gnu/libz.so (found version "1.2.11") 
[20.424s] -- Found OpenGL: /usr/lib/x86_64-linux-gnu/libOpenGL.so   
[22.157s] -- Found X11: /usr/include   
[22.160s] -- Looking for XOpenDisplay in /usr/lib/x86_64-linux-gnu/libX11.so;/usr/lib/x86_64-linux-gnu/libXext.so
[24.186s] -- Looking for XOpenDisplay in /usr/lib/x86_64-linux-gnu/libX11.so;/usr/lib/x86_64-linux-gnu/libXext.so - found
[24.197s] -- Looking for gethostbyname
[25.995s] -- Looking for gethostbyname - found
[26.005s] -- Looking for connect
[27.941s] -- Looking for connect - found
[27.952s] -- Looking for remove
[29.564s] -- Looking for remove - found
[29.582s] -- Looking for shmat
[31.115s] -- Looking for shmat - found
[31.128s] -- Looking for IceConnectionNumber in ICE
[32.770s] -- Looking for IceConnectionNumber in ICE - found
[34.358s] -- library: /usr/lib/x86_64-linux-gnu/libcurl.so
[35.492s] -- Found Eigen3: TRUE (found version "3.4.0") 
[35.494s] -- Ensuring Eigen3 include directory is part of orocos-kdl CMake target
[36.596s] -- Found ament_lint_auto: 0.12.11 (/opt/ros/humble/share/ament_lint_auto/cmake)
[38.943s] -- Added test 'copyright' to check source files copyright and LICENSE
[39.940s] -- Added test 'cppcheck' to perform static code analysis on C / C++ code
[39.942s] -- Configured cppcheck include dirs: 
[39.944s] -- Configured cppcheck exclude dirs and/or files: 
[40.780s] -- Added test 'cpplint' to check C / C++ code against the Google style
[40.782s] -- Configured cpplint exclude dirs and/or files: 
[41.139s] -- Added test 'lint_cmake' to check CMake code style
[42.158s] -- Added test 'uncrustify' to check C / C++ code style
[42.160s] -- Configured uncrustify additional arguments: 
[42.286s] -- Added test 'xmllint' to check XML markup files
[42.531s] -- Configuring done
[43.917s] -- Generating done
[44.093s] -- Build files have been written to: /home/ubuntu/rj_training_container/training_ws/build/stsl_rviz_plugins
[44.118s] Invoked command in '/home/ubuntu/rj_training_container/training_ws/build/stsl_rviz_plugins' returned '0': AMENT_PREFIX_PATH=/home/ubuntu/rj_training_container/training_ws/install/stsl_interfaces:${AMENT_PREFIX_PATH} CMAKE_PREFIX_PATH=/home/ubuntu/rj_training_container/training_ws/install/stsl_interfaces:/opt/ros/humble LD_LIBRARY_PATH=/home/ubuntu/rj_training_container/training_ws/install/stsl_interfaces/lib:${LD_LIBRARY_PATH} PYTHONPATH=/home/ubuntu/rj_training_container/training_ws/install/stsl_interfaces/local/lib/python3.10/dist-packages:${PYTHONPATH} /usr/bin/cmake /home/ubuntu/rj_training_container/training_ws/src/stsl/stsl_rviz_plugins -DCMAKE_INSTALL_PREFIX=/home/ubuntu/rj_training_container/training_ws/install/stsl_rviz_plugins
[44.136s] Invoking command in '/home/ubuntu/rj_training_container/training_ws/build/stsl_rviz_plugins': AMENT_PREFIX_PATH=/home/ubuntu/rj_training_container/training_ws/install/stsl_interfaces:${AMENT_PREFIX_PATH} CMAKE_PREFIX_PATH=/home/ubuntu/rj_training_container/training_ws/install/stsl_interfaces:/opt/ros/humble LD_LIBRARY_PATH=/home/ubuntu/rj_training_container/training_ws/install/stsl_interfaces/lib:${LD_LIBRARY_PATH} PYTHONPATH=/home/ubuntu/rj_training_container/training_ws/install/stsl_interfaces/local/lib/python3.10/dist-packages:${PYTHONPATH} /usr/bin/cmake --build /home/ubuntu/rj_training_container/training_ws/build/stsl_rviz_plugins -- -j16 -l16
[44.712s] [ 16%] [34m[1mAutomatic MOC for target stsl_rviz_plugins[0m
[46.759s] [ 16%] Built target stsl_rviz_plugins_autogen
[47.101s] [ 33%] [32mBuilding CXX object CMakeFiles/stsl_rviz_plugins.dir/stsl_rviz_plugins_autogen/mocs_compilation.cpp.o[0m
[47.112s] [ 50%] [32mBuilding CXX object CMakeFiles/stsl_rviz_plugins.dir/src/action_button.cpp.o[0m
[47.132s] [ 66%] [32mBuilding CXX object CMakeFiles/stsl_rviz_plugins.dir/src/execute_mission_button.cpp.o[0m
[47.157s] [ 83%] [32mBuilding CXX object CMakeFiles/stsl_rviz_plugins.dir/src/park_at_peak_button.cpp.o[0m
[65.727s] [100%] [32m[1mLinking CXX shared library libstsl_rviz_plugins.so[0m
[70.663s] [100%] Built target stsl_rviz_plugins
[70.798s] Invoked command in '/home/ubuntu/rj_training_container/training_ws/build/stsl_rviz_plugins' returned '0': AMENT_PREFIX_PATH=/home/ubuntu/rj_training_container/training_ws/install/stsl_interfaces:${AMENT_PREFIX_PATH} CMAKE_PREFIX_PATH=/home/ubuntu/rj_training_container/training_ws/install/stsl_interfaces:/opt/ros/humble LD_LIBRARY_PATH=/home/ubuntu/rj_training_container/training_ws/install/stsl_interfaces/lib:${LD_LIBRARY_PATH} PYTHONPATH=/home/ubuntu/rj_training_container/training_ws/install/stsl_interfaces/local/lib/python3.10/dist-packages:${PYTHONPATH} /usr/bin/cmake --build /home/ubuntu/rj_training_container/training_ws/build/stsl_rviz_plugins -- -j16 -l16
[70.891s] Invoking command in '/home/ubuntu/rj_training_container/training_ws/build/stsl_rviz_plugins': AMENT_PREFIX_PATH=/home/ubuntu/rj_training_container/training_ws/install/stsl_interfaces:${AMENT_PREFIX_PATH} CMAKE_PREFIX_PATH=/home/ubuntu/rj_training_container/training_ws/install/stsl_interfaces:/opt/ros/humble LD_LIBRARY_PATH=/home/ubuntu/rj_training_container/training_ws/install/stsl_interfaces/lib:${LD_LIBRARY_PATH} PYTHONPATH=/home/ubuntu/rj_training_container/training_ws/install/stsl_interfaces/local/lib/python3.10/dist-packages:${PYTHONPATH} /usr/bin/cmake --install /home/ubuntu/rj_training_container/training_ws/build/stsl_rviz_plugins
[70.976s] -- Install configuration: ""
[70.992s] -- Installing: /home/ubuntu/rj_training_container/training_ws/install/stsl_rviz_plugins/lib/libstsl_rviz_plugins.so
[71.351s] -- Set runtime path of "/home/ubuntu/rj_training_container/training_ws/install/stsl_rviz_plugins/lib/libstsl_rviz_plugins.so" to ""
[71.383s] -- Installing: /home/ubuntu/rj_training_container/training_ws/install/stsl_rviz_plugins/share/stsl_rviz_plugins/plugin_description.xml
[71.529s] -- Installing: /home/ubuntu/rj_training_container/training_ws/install/stsl_rviz_plugins/share/ament_index/resource_index/package_run_dependencies/stsl_rviz_plugins
[71.690s] -- Installing: /home/ubuntu/rj_training_container/training_ws/install/stsl_rviz_plugins/share/ament_index/resource_index/parent_prefix_path/stsl_rviz_plugins
[71.826s] -- Installing: /home/ubuntu/rj_training_container/training_ws/install/stsl_rviz_plugins/share/stsl_rviz_plugins/environment/ament_prefix_path.sh
[71.912s] -- Installing: /home/ubuntu/rj_training_container/training_ws/install/stsl_rviz_plugins/share/stsl_rviz_plugins/environment/ament_prefix_path.dsv
[72.005s] -- Installing: /home/ubuntu/rj_training_container/training_ws/install/stsl_rviz_plugins/share/stsl_rviz_plugins/environment/path.sh
[72.094s] -- Installing: /home/ubuntu/rj_training_container/training_ws/install/stsl_rviz_plugins/share/stsl_rviz_plugins/environment/path.dsv
[72.195s] -- Installing: /home/ubuntu/rj_training_container/training_ws/install/stsl_rviz_plugins/share/stsl_rviz_plugins/local_setup.bash
[72.276s] -- Installing: /home/ubuntu/rj_training_container/training_ws/install/stsl_rviz_plugins/share/stsl_rviz_plugins/local_setup.sh
[72.359s] -- Installing: /home/ubuntu/rj_training_container/training_ws/install/stsl_rviz_plugins/share/stsl_rviz_plugins/local_setup.zsh
[72.439s] -- Installing: /home/ubuntu/rj_training_container/training_ws/install/stsl_rviz_plugins/share/stsl_rviz_plugins/local_setup.dsv
[72.531s] -- Installing: /home/ubuntu/rj_training_container/training_ws/install/stsl_rviz_plugins/share/stsl_rviz_plugins/package.dsv
[72.662s] -- Installing: /home/ubuntu/rj_training_container/training_ws/install/stsl_rviz_plugins/share/ament_index/resource_index/packages/stsl_rviz_plugins
[72.822s] -- Installing: /home/ubuntu/rj_training_container/training_ws/install/stsl_rviz_plugins/share/ament_index/resource_index/rviz_common__pluginlib__plugin/stsl_rviz_plugins
[72.966s] -- Installing: /home/ubuntu/rj_training_container/training_ws/install/stsl_rviz_plugins/share/stsl_rviz_plugins/cmake/stsl_rviz_pluginsConfig.cmake
[73.061s] -- Installing: /home/ubuntu/rj_training_container/training_ws/install/stsl_rviz_plugins/share/stsl_rviz_plugins/cmake/stsl_rviz_pluginsConfig-version.cmake
[73.159s] -- Installing: /home/ubuntu/rj_training_container/training_ws/install/stsl_rviz_plugins/share/stsl_rviz_plugins/package.xml
[73.237s] Invoked command in '/home/ubuntu/rj_training_container/training_ws/build/stsl_rviz_plugins' returned '0': AMENT_PREFIX_PATH=/home/ubuntu/rj_training_container/training_ws/install/stsl_interfaces:${AMENT_PREFIX_PATH} CMAKE_PREFIX_PATH=/home/ubuntu/rj_training_container/training_ws/install/stsl_interfaces:/opt/ros/humble LD_LIBRARY_PATH=/home/ubuntu/rj_training_container/training_ws/install/stsl_interfaces/lib:${LD_LIBRARY_PATH} PYTHONPATH=/home/ubuntu/rj_training_container/training_ws/install/stsl_interfaces/local/lib/python3.10/dist-packages:${PYTHONPATH} /usr/bin/cmake --install /home/ubuntu/rj_training_container/training_ws/build/stsl_rviz_plugins
