[100%] Built target traini_gazebo_GENERATE_ARUCO_TAG_MODELS
-- Install configuration: ""
-- Up-to-date: /home/ubuntu/rj_training_container/training_ws/install/traini_gazebo/lib/traini_gazebo/publish_map_boundary.py
-- Up-to-date: /home/ubuntu/rj_training_container/training_ws/install/traini_gazebo/lib/traini_gazebo/randomize_robot_pose.py
-- Up-to-date: /home/ubuntu/rj_training_container/training_ws/install/traini_gazebo/share/traini_gazebo/config
-- Up-to-date: /home/ubuntu/rj_training_container/training_ws/install/traini_gazebo/share/traini_gazebo/config/gazebo_params.yaml
-- Up-to-date: /home/ubuntu/rj_training_container/training_ws/install/traini_gazebo/share/traini_gazebo/launch
-- Up-to-date: /home/ubuntu/rj_training_container/training_ws/install/traini_gazebo/share/traini_gazebo/launch/gazebo.launch.py
-- Up-to-date: /home/ubuntu/rj_training_container/training_ws/install/traini_gazebo/share/traini_gazebo/launch/gzclient.launch.py
-- Up-to-date: /home/ubuntu/rj_training_container/training_ws/install/traini_gazebo/share/traini_gazebo/launch/gzserver.launch.py
-- Up-to-date: /home/ubuntu/rj_training_container/training_ws/install/traini_gazebo/share/traini_gazebo/launch/traini_gazebo.launch.py
-- Up-to-date: /home/ubuntu/rj_training_container/training_ws/install/traini_gazebo/share/traini_gazebo/models
-- Up-to-date: /home/ubuntu/rj_training_container/training_ws/install/traini_gazebo/share/traini_gazebo/models/floor_mat
-- Up-to-date: /home/ubuntu/rj_training_container/training_ws/install/traini_gazebo/share/traini_gazebo/models/floor_mat/materials
-- Up-to-date: /home/ubuntu/rj_training_container/training_ws/install/traini_gazebo/share/traini_gazebo/models/floor_mat/materials/scripts
-- Up-to-date: /home/ubuntu/rj_training_container/training_ws/install/traini_gazebo/share/traini_gazebo/models/floor_mat/materials/scripts/floor_mat.material
-- Up-to-date: /home/ubuntu/rj_training_container/training_ws/install/traini_gazebo/share/traini_gazebo/models/floor_mat/materials/textures
-- Up-to-date: /home/ubuntu/rj_training_container/training_ws/install/traini_gazebo/share/traini_gazebo/models/floor_mat/materials/textures/floor_mat.png
-- Up-to-date: /home/ubuntu/rj_training_container/training_ws/install/traini_gazebo/share/traini_gazebo/models/floor_mat/model.config
-- Up-to-date: /home/ubuntu/rj_training_container/training_ws/install/traini_gazebo/share/traini_gazebo/models/floor_mat/model.sdf
-- Up-to-date: /home/ubuntu/rj_training_container/training_ws/install/traini_gazebo/share/traini_gazebo/models/traini
-- Up-to-date: /home/ubuntu/rj_training_container/training_ws/install/traini_gazebo/share/traini_gazebo/models/traini/meshes
-- Up-to-date: /home/ubuntu/rj_training_container/training_ws/install/traini_gazebo/share/traini_gazebo/models/traini/meshes/Trainiii.dae
-- Up-to-date: /home/ubuntu/rj_training_container/training_ws/install/traini_gazebo/share/traini_gazebo/models/traini/model.config
-- Up-to-date: /home/ubuntu/rj_training_container/training_ws/install/traini_gazebo/share/traini_gazebo/models/traini/model.sdf
-- Up-to-date: /home/ubuntu/rj_training_container/training_ws/install/traini_gazebo/share/traini_gazebo/worlds
-- Up-to-date: /home/ubuntu/rj_training_container/training_ws/install/traini_gazebo/share/traini_gazebo/worlds/training_world.sdf
-- Up-to-date: /home/ubuntu/rj_training_container/training_ws/install/traini_gazebo/share/traini_gazebo/models
-- Up-to-date: /home/ubuntu/rj_training_container/training_ws/install/traini_gazebo/share/traini_gazebo/models/aruco_tag_0
-- Up-to-date: /home/ubuntu/rj_training_container/training_ws/install/traini_gazebo/share/traini_gazebo/models/aruco_tag_0/materials
-- Up-to-date: /home/ubuntu/rj_training_container/training_ws/install/traini_gazebo/share/traini_gazebo/models/aruco_tag_0/materials/scripts
-- Up-to-date: /home/ubuntu/rj_training_container/training_ws/install/traini_gazebo/share/traini_gazebo/models/aruco_tag_0/materials/scripts/aruco_tag_0.material
-- Up-to-date: /home/ubuntu/rj_training_container/training_ws/install/traini_gazebo/share/traini_gazebo/models/aruco_tag_0/materials/textures
-- Up-to-date: /home/ubuntu/rj_training_container/training_ws/install/traini_gazebo/share/traini_gazebo/models/aruco_tag_0/materials/textures/ArUcoTag0.jpg
-- Up-to-date: /home/ubuntu/rj_training_container/training_ws/install/traini_gazebo/share/traini_gazebo/models/aruco_tag_0/model.config
-- Up-to-date: /home/ubuntu/rj_training_container/training_ws/install/traini_gazebo/share/traini_gazebo/models/aruco_tag_0/model.sdf
-- Up-to-date: /home/ubuntu/rj_training_container/training_ws/install/traini_gazebo/share/traini_gazebo/models/aruco_tag_1
-- Up-to-date: /home/ubuntu/rj_training_container/training_ws/install/traini_gazebo/share/traini_gazebo/models/aruco_tag_1/materials
-- Up-to-date: /home/ubuntu/rj_training_container/training_ws/install/traini_gazebo/share/traini_gazebo/models/aruco_tag_1/materials/scripts
-- Up-to-date: /home/ubuntu/rj_training_container/training_ws/install/traini_gazebo/share/traini_gazebo/models/aruco_tag_1/materials/scripts/aruco_tag_1.material
-- Up-to-date: /home/ubuntu/rj_training_container/training_ws/install/traini_gazebo/share/traini_gazebo/models/aruco_tag_1/materials/textures
-- Up-to-date: /home/ubuntu/rj_training_container/training_ws/install/traini_gazebo/share/traini_gazebo/models/aruco_tag_1/materials/textures/ArUcoTag1.jpg
-- Up-to-date: /home/ubuntu/rj_training_container/training_ws/install/traini_gazebo/share/traini_gazebo/models/aruco_tag_1/model.config
-- Up-to-date: /home/ubuntu/rj_training_container/training_ws/install/traini_gazebo/share/traini_gazebo/models/aruco_tag_1/model.sdf
-- Up-to-date: /home/ubuntu/rj_training_container/training_ws/install/traini_gazebo/share/traini_gazebo/models/aruco_tag_10
-- Up-to-date: /home/ubuntu/rj_training_container/training_ws/install/traini_gazebo/share/traini_gazebo/models/aruco_tag_10/materials
-- Up-to-date: /home/ubuntu/rj_training_container/training_ws/install/traini_gazebo/share/traini_gazebo/models/aruco_tag_10/materials/scripts
-- Up-to-date: /home/ubuntu/rj_training_container/training_ws/install/traini_gazebo/share/traini_gazebo/models/aruco_tag_10/materials/scripts/aruco_tag_10.material
-- Up-to-date: /home/ubuntu/rj_training_container/training_ws/install/traini_gazebo/share/traini_gazebo/models/aruco_tag_10/materials/textures
-- Up-to-date: /home/ubuntu/rj_training_container/training_ws/install/traini_gazebo/share/traini_gazebo/models/aruco_tag_10/materials/textures/ArUcoTag10.jpg
-- Up-to-date: /home/ubuntu/rj_training_container/training_ws/install/traini_gazebo/share/traini_gazebo/models/aruco_tag_10/model.config
-- Up-to-date: /home/ubuntu/rj_training_container/training_ws/install/traini_gazebo/share/traini_gazebo/models/aruco_tag_10/model.sdf
-- Up-to-date: /home/ubuntu/rj_training_container/training_ws/install/traini_gazebo/share/traini_gazebo/models/aruco_tag_11
-- Up-to-date: /home/ubuntu/rj_training_container/training_ws/install/traini_gazebo/share/traini_gazebo/models/aruco_tag_11/materials
-- Up-to-date: /home/ubuntu/rj_training_container/training_ws/install/traini_gazebo/share/traini_gazebo/models/aruco_tag_11/materials/scripts
-- Up-to-date: /home/ubuntu/rj_training_container/training_ws/install/traini_gazebo/share/traini_gazebo/models/aruco_tag_11/materials/scripts/aruco_tag_11.material
-- Up-to-date: /home/ubuntu/rj_training_container/training_ws/install/traini_gazebo/share/traini_gazebo/models/aruco_tag_11/materials/textures
-- Up-to-date: /home/ubuntu/rj_training_container/training_ws/install/traini_gazebo/share/traini_gazebo/models/aruco_tag_11/materials/textures/ArUcoTag11.jpg
-- Up-to-date: /home/ubuntu/rj_training_container/training_ws/install/traini_gazebo/share/traini_gazebo/models/aruco_tag_11/model.config
-- Up-to-date: /home/ubuntu/rj_training_container/training_ws/install/traini_gazebo/share/traini_gazebo/models/aruco_tag_11/model.sdf
-- Up-to-date: /home/ubuntu/rj_training_container/training_ws/install/traini_gazebo/share/traini_gazebo/models/aruco_tag_12
-- Up-to-date: /home/ubuntu/rj_training_container/training_ws/install/traini_gazebo/share/traini_gazebo/models/aruco_tag_12/materials
-- Up-to-date: /home/ubuntu/rj_training_container/training_ws/install/traini_gazebo/share/traini_gazebo/models/aruco_tag_12/materials/scripts
-- Up-to-date: /home/ubuntu/rj_training_container/training_ws/install/traini_gazebo/share/traini_gazebo/models/aruco_tag_12/materials/scripts/aruco_tag_12.material
-- Up-to-date: /home/ubuntu/rj_training_container/training_ws/install/traini_gazebo/share/traini_gazebo/models/aruco_tag_12/materials/textures
-- Up-to-date: /home/ubuntu/rj_training_container/training_ws/install/traini_gazebo/share/traini_gazebo/models/aruco_tag_12/materials/textures/ArUcoTag12.jpg
-- Up-to-date: /home/ubuntu/rj_training_container/training_ws/install/traini_gazebo/share/traini_gazebo/models/aruco_tag_12/model.config
-- Up-to-date: /home/ubuntu/rj_training_container/training_ws/install/traini_gazebo/share/traini_gazebo/models/aruco_tag_12/model.sdf
-- Up-to-date: /home/ubuntu/rj_training_container/training_ws/install/traini_gazebo/share/traini_gazebo/models/aruco_tag_13
-- Up-to-date: /home/ubuntu/rj_training_container/training_ws/install/traini_gazebo/share/traini_gazebo/models/aruco_tag_13/materials
-- Up-to-date: /home/ubuntu/rj_training_container/training_ws/install/traini_gazebo/share/traini_gazebo/models/aruco_tag_13/materials/scripts
-- Up-to-date: /home/ubuntu/rj_training_container/training_ws/install/traini_gazebo/share/traini_gazebo/models/aruco_tag_13/materials/scripts/aruco_tag_13.material
-- Up-to-date: /home/ubuntu/rj_training_container/training_ws/install/traini_gazebo/share/traini_gazebo/models/aruco_tag_13/materials/textures
-- Up-to-date: /home/ubuntu/rj_training_container/training_ws/install/traini_gazebo/share/traini_gazebo/models/aruco_tag_13/materials/textures/ArUcoTag13.jpg
-- Up-to-date: /home/ubuntu/rj_training_container/training_ws/install/traini_gazebo/share/traini_gazebo/models/aruco_tag_13/model.config
-- Up-to-date: /home/ubuntu/rj_training_container/training_ws/install/traini_gazebo/share/traini_gazebo/models/aruco_tag_13/model.sdf
-- Up-to-date: /home/ubuntu/rj_training_container/training_ws/install/traini_gazebo/share/traini_gazebo/models/aruco_tag_14
-- Up-to-date: /home/ubuntu/rj_training_container/training_ws/install/traini_gazebo/share/traini_gazebo/models/aruco_tag_14/materials
-- Up-to-date: /home/ubuntu/rj_training_container/training_ws/install/traini_gazebo/share/traini_gazebo/models/aruco_tag_14/materials/scripts
-- Up-to-date: /home/ubuntu/rj_training_container/training_ws/install/traini_gazebo/share/traini_gazebo/models/aruco_tag_14/materials/scripts/aruco_tag_14.material
-- Up-to-date: /home/ubuntu/rj_training_container/training_ws/install/traini_gazebo/share/traini_gazebo/models/aruco_tag_14/materials/textures
-- Up-to-date: /home/ubuntu/rj_training_container/training_ws/install/traini_gazebo/share/traini_gazebo/models/aruco_tag_14/materials/textures/ArUcoTag14.jpg
-- Up-to-date: /home/ubuntu/rj_training_container/training_ws/install/traini_gazebo/share/traini_gazebo/models/aruco_tag_14/model.config
-- Up-to-date: /home/ubuntu/rj_training_container/training_ws/install/traini_gazebo/share/traini_gazebo/models/aruco_tag_14/model.sdf
-- Up-to-date: /home/ubuntu/rj_training_container/training_ws/install/traini_gazebo/share/traini_gazebo/models/aruco_tag_15
-- Up-to-date: /home/ubuntu/rj_training_container/training_ws/install/traini_gazebo/share/traini_gazebo/models/aruco_tag_15/materials
-- Up-to-date: /home/ubuntu/rj_training_container/training_ws/install/traini_gazebo/share/traini_gazebo/models/aruco_tag_15/materials/scripts
-- Up-to-date: /home/ubuntu/rj_training_container/training_ws/install/traini_gazebo/share/traini_gazebo/models/aruco_tag_15/materials/scripts/aruco_tag_15.material
-- Up-to-date: /home/ubuntu/rj_training_container/training_ws/install/traini_gazebo/share/traini_gazebo/models/aruco_tag_15/materials/textures
-- Up-to-date: /home/ubuntu/rj_training_container/training_ws/install/traini_gazebo/share/traini_gazebo/models/aruco_tag_15/materials/textures/ArUcoTag15.jpg
-- Up-to-date: /home/ubuntu/rj_training_container/training_ws/install/traini_gazebo/share/traini_gazebo/models/aruco_tag_15/model.config
-- Up-to-date: /home/ubuntu/rj_training_container/training_ws/install/traini_gazebo/share/traini_gazebo/models/aruco_tag_15/model.sdf
-- Up-to-date: /home/ubuntu/rj_training_container/training_ws/install/traini_gazebo/share/traini_gazebo/models/aruco_tag_16
-- Up-to-date: /home/ubuntu/rj_training_container/training_ws/install/traini_gazebo/share/traini_gazebo/models/aruco_tag_16/materials
-- Up-to-date: /home/ubuntu/rj_training_container/training_ws/install/traini_gazebo/share/traini_gazebo/models/aruco_tag_16/materials/scripts
-- Up-to-date: /home/ubuntu/rj_training_container/training_ws/install/traini_gazebo/share/traini_gazebo/models/aruco_tag_16/materials/scripts/aruco_tag_16.material
-- Up-to-date: /home/ubuntu/rj_training_container/training_ws/install/traini_gazebo/share/traini_gazebo/models/aruco_tag_16/materials/textures
-- Up-to-date: /home/ubuntu/rj_training_container/training_ws/install/traini_gazebo/share/traini_gazebo/models/aruco_tag_16/materials/textures/ArUcoTag16.jpg
-- Up-to-date: /home/ubuntu/rj_training_container/training_ws/install/traini_gazebo/share/traini_gazebo/models/aruco_tag_16/model.config
-- Up-to-date: /home/ubuntu/rj_training_container/training_ws/install/traini_gazebo/share/traini_gazebo/models/aruco_tag_16/model.sdf
-- Up-to-date: /home/ubuntu/rj_training_container/training_ws/install/traini_gazebo/share/traini_gazebo/models/aruco_tag_17
-- Up-to-date: /home/ubuntu/rj_training_container/training_ws/install/traini_gazebo/share/traini_gazebo/models/aruco_tag_17/materials
-- Up-to-date: /home/ubuntu/rj_training_container/training_ws/install/traini_gazebo/share/traini_gazebo/models/aruco_tag_17/materials/scripts
-- Up-to-date: /home/ubuntu/rj_training_container/training_ws/install/traini_gazebo/share/traini_gazebo/models/aruco_tag_17/materials/scripts/aruco_tag_17.material
-- Up-to-date: /home/ubuntu/rj_training_container/training_ws/install/traini_gazebo/share/traini_gazebo/models/aruco_tag_17/materials/textures
-- Up-to-date: /home/ubuntu/rj_training_container/training_ws/install/traini_gazebo/share/traini_gazebo/models/aruco_tag_17/materials/textures/ArUcoTag17.jpg
-- Up-to-date: /home/ubuntu/rj_training_container/training_ws/install/traini_gazebo/share/traini_gazebo/models/aruco_tag_17/model.config
-- Up-to-date: /home/ubuntu/rj_training_container/training_ws/install/traini_gazebo/share/traini_gazebo/models/aruco_tag_17/model.sdf
-- Up-to-date: /home/ubuntu/rj_training_container/training_ws/install/traini_gazebo/share/traini_gazebo/models/aruco_tag_18
-- Up-to-date: /home/ubuntu/rj_training_container/training_ws/install/traini_gazebo/share/traini_gazebo/models/aruco_tag_18/materials
-- Up-to-date: /home/ubuntu/rj_training_container/training_ws/install/traini_gazebo/share/traini_gazebo/models/aruco_tag_18/materials/scripts
-- Up-to-date: /home/ubuntu/rj_training_container/training_ws/install/traini_gazebo/share/traini_gazebo/models/aruco_tag_18/materials/scripts/aruco_tag_18.material
-- Up-to-date: /home/ubuntu/rj_training_container/training_ws/install/traini_gazebo/share/traini_gazebo/models/aruco_tag_18/materials/textures
-- Up-to-date: /home/ubuntu/rj_training_container/training_ws/install/traini_gazebo/share/traini_gazebo/models/aruco_tag_18/materials/textures/ArUcoTag18.jpg
-- Up-to-date: /home/ubuntu/rj_training_container/training_ws/install/traini_gazebo/share/traini_gazebo/models/aruco_tag_18/model.config
-- Up-to-date: /home/ubuntu/rj_training_container/training_ws/install/traini_gazebo/share/traini_gazebo/models/aruco_tag_18/model.sdf
-- Up-to-date: /home/ubuntu/rj_training_container/training_ws/install/traini_gazebo/share/traini_gazebo/models/aruco_tag_19
-- Up-to-date: /home/ubuntu/rj_training_container/training_ws/install/traini_gazebo/share/traini_gazebo/models/aruco_tag_19/materials
-- Up-to-date: /home/ubuntu/rj_training_container/training_ws/install/traini_gazebo/share/traini_gazebo/models/aruco_tag_19/materials/scripts
-- Up-to-date: /home/ubuntu/rj_training_container/training_ws/install/traini_gazebo/share/traini_gazebo/models/aruco_tag_19/materials/scripts/aruco_tag_19.material
-- Up-to-date: /home/ubuntu/rj_training_container/training_ws/install/traini_gazebo/share/traini_gazebo/models/aruco_tag_19/materials/textures
-- Up-to-date: /home/ubuntu/rj_training_container/training_ws/install/traini_gazebo/share/traini_gazebo/models/aruco_tag_19/materials/textures/ArUcoTag19.jpg
-- Up-to-date: /home/ubuntu/rj_training_container/training_ws/install/traini_gazebo/share/traini_gazebo/models/aruco_tag_19/model.config
-- Up-to-date: /home/ubuntu/rj_training_container/training_ws/install/traini_gazebo/share/traini_gazebo/models/aruco_tag_19/model.sdf
-- Up-to-date: /home/ubuntu/rj_training_container/training_ws/install/traini_gazebo/share/traini_gazebo/models/aruco_tag_2
-- Up-to-date: /home/ubuntu/rj_training_container/training_ws/install/traini_gazebo/share/traini_gazebo/models/aruco_tag_2/materials
-- Up-to-date: /home/ubuntu/rj_training_container/training_ws/install/traini_gazebo/share/traini_gazebo/models/aruco_tag_2/materials/scripts
-- Up-to-date: /home/ubuntu/rj_training_container/training_ws/install/traini_gazebo/share/traini_gazebo/models/aruco_tag_2/materials/scripts/aruco_tag_2.material
-- Up-to-date: /home/ubuntu/rj_training_container/training_ws/install/traini_gazebo/share/traini_gazebo/models/aruco_tag_2/materials/textures
-- Up-to-date: /home/ubuntu/rj_training_container/training_ws/install/traini_gazebo/share/traini_gazebo/models/aruco_tag_2/materials/textures/ArUcoTag2.jpg
-- Up-to-date: /home/ubuntu/rj_training_container/training_ws/install/traini_gazebo/share/traini_gazebo/models/aruco_tag_2/model.config
-- Up-to-date: /home/ubuntu/rj_training_container/training_ws/install/traini_gazebo/share/traini_gazebo/models/aruco_tag_2/model.sdf
-- Up-to-date: /home/ubuntu/rj_training_container/training_ws/install/traini_gazebo/share/traini_gazebo/models/aruco_tag_20
-- Up-to-date: /home/ubuntu/rj_training_container/training_ws/install/traini_gazebo/share/traini_gazebo/models/aruco_tag_20/materials
-- Up-to-date: /home/ubuntu/rj_training_container/training_ws/install/traini_gazebo/share/traini_gazebo/models/aruco_tag_20/materials/scripts
-- Up-to-date: /home/ubuntu/rj_training_container/training_ws/install/traini_gazebo/share/traini_gazebo/models/aruco_tag_20/materials/scripts/aruco_tag_20.material
-- Up-to-date: /home/ubuntu/rj_training_container/training_ws/install/traini_gazebo/share/traini_gazebo/models/aruco_tag_20/materials/textures
-- Up-to-date: /home/ubuntu/rj_training_container/training_ws/install/traini_gazebo/share/traini_gazebo/models/aruco_tag_20/materials/textures/ArUcoTag20.jpg
-- Up-to-date: /home/ubuntu/rj_training_container/training_ws/install/traini_gazebo/share/traini_gazebo/models/aruco_tag_20/model.config
-- Up-to-date: /home/ubuntu/rj_training_container/training_ws/install/traini_gazebo/share/traini_gazebo/models/aruco_tag_20/model.sdf
-- Up-to-date: /home/ubuntu/rj_training_container/training_ws/install/traini_gazebo/share/traini_gazebo/models/aruco_tag_21
-- Up-to-date: /home/ubuntu/rj_training_container/training_ws/install/traini_gazebo/share/traini_gazebo/models/aruco_tag_21/materials
-- Up-to-date: /home/ubuntu/rj_training_container/training_ws/install/traini_gazebo/share/traini_gazebo/models/aruco_tag_21/materials/scripts
-- Up-to-date: /home/ubuntu/rj_training_container/training_ws/install/traini_gazebo/share/traini_gazebo/models/aruco_tag_21/materials/scripts/aruco_tag_21.material
-- Up-to-date: /home/ubuntu/rj_training_container/training_ws/install/traini_gazebo/share/traini_gazebo/models/aruco_tag_21/materials/textures
-- Up-to-date: /home/ubuntu/rj_training_container/training_ws/install/traini_gazebo/share/traini_gazebo/models/aruco_tag_21/materials/textures/ArUcoTag21.jpg
-- Up-to-date: /home/ubuntu/rj_training_container/training_ws/install/traini_gazebo/share/traini_gazebo/models/aruco_tag_21/model.config
-- Up-to-date: /home/ubuntu/rj_training_container/training_ws/install/traini_gazebo/share/traini_gazebo/models/aruco_tag_21/model.sdf
-- Up-to-date: /home/ubuntu/rj_training_container/training_ws/install/traini_gazebo/share/traini_gazebo/models/aruco_tag_22
-- Up-to-date: /home/ubuntu/rj_training_container/training_ws/install/traini_gazebo/share/traini_gazebo/models/aruco_tag_22/materials
-- Up-to-date: /home/ubuntu/rj_training_container/training_ws/install/traini_gazebo/share/traini_gazebo/models/aruco_tag_22/materials/scripts
-- Up-to-date: /home/ubuntu/rj_training_container/training_ws/install/traini_gazebo/share/traini_gazebo/models/aruco_tag_22/materials/scripts/aruco_tag_22.material
-- Up-to-date: /home/ubuntu/rj_training_container/training_ws/install/traini_gazebo/share/traini_gazebo/models/aruco_tag_22/materials/textures
-- Up-to-date: /home/ubuntu/rj_training_container/training_ws/install/traini_gazebo/share/traini_gazebo/models/aruco_tag_22/materials/textures/ArUcoTag22.jpg
-- Up-to-date: /home/ubuntu/rj_training_container/training_ws/install/traini_gazebo/share/traini_gazebo/models/aruco_tag_22/model.config
-- Up-to-date: /home/ubuntu/rj_training_container/training_ws/install/traini_gazebo/share/traini_gazebo/models/aruco_tag_22/model.sdf
-- Up-to-date: /home/ubuntu/rj_training_container/training_ws/install/traini_gazebo/share/traini_gazebo/models/aruco_tag_23
-- Up-to-date: /home/ubuntu/rj_training_container/training_ws/install/traini_gazebo/share/traini_gazebo/models/aruco_tag_23/materials
-- Up-to-date: /home/ubuntu/rj_training_container/training_ws/install/traini_gazebo/share/traini_gazebo/models/aruco_tag_23/materials/scripts
-- Up-to-date: /home/ubuntu/rj_training_container/training_ws/install/traini_gazebo/share/traini_gazebo/models/aruco_tag_23/materials/scripts/aruco_tag_23.material
-- Up-to-date: /home/ubuntu/rj_training_container/training_ws/install/traini_gazebo/share/traini_gazebo/models/aruco_tag_23/materials/textures
-- Up-to-date: /home/ubuntu/rj_training_container/training_ws/install/traini_gazebo/share/traini_gazebo/models/aruco_tag_23/materials/textures/ArUcoTag23.jpg
-- Up-to-date: /home/ubuntu/rj_training_container/training_ws/install/traini_gazebo/share/traini_gazebo/models/aruco_tag_23/model.config
-- Up-to-date: /home/ubuntu/rj_training_container/training_ws/install/traini_gazebo/share/traini_gazebo/models/aruco_tag_23/model.sdf
-- Up-to-date: /home/ubuntu/rj_training_container/training_ws/install/traini_gazebo/share/traini_gazebo/models/aruco_tag_24
-- Up-to-date: /home/ubuntu/rj_training_container/training_ws/install/traini_gazebo/share/traini_gazebo/models/aruco_tag_24/materials
-- Up-to-date: /home/ubuntu/rj_training_container/training_ws/install/traini_gazebo/share/traini_gazebo/models/aruco_tag_24/materials/scripts
-- Up-to-date: /home/ubuntu/rj_training_container/training_ws/install/traini_gazebo/share/traini_gazebo/models/aruco_tag_24/materials/scripts/aruco_tag_24.material
-- Up-to-date: /home/ubuntu/rj_training_container/training_ws/install/traini_gazebo/share/traini_gazebo/models/aruco_tag_24/materials/textures
-- Up-to-date: /home/ubuntu/rj_training_container/training_ws/install/traini_gazebo/share/traini_gazebo/models/aruco_tag_24/materials/textures/ArUcoTag24.jpg
-- Up-to-date: /home/ubuntu/rj_training_container/training_ws/install/traini_gazebo/share/traini_gazebo/models/aruco_tag_24/model.config
-- Up-to-date: /home/ubuntu/rj_training_container/training_ws/install/traini_gazebo/share/traini_gazebo/models/aruco_tag_24/model.sdf
-- Up-to-date: /home/ubuntu/rj_training_container/training_ws/install/traini_gazebo/share/traini_gazebo/models/aruco_tag_25
-- Up-to-date: /home/ubuntu/rj_training_container/training_ws/install/traini_gazebo/share/traini_gazebo/models/aruco_tag_25/materials
-- Up-to-date: /home/ubuntu/rj_training_container/training_ws/install/traini_gazebo/share/traini_gazebo/models/aruco_tag_25/materials/scripts
-- Up-to-date: /home/ubuntu/rj_training_container/training_ws/install/traini_gazebo/share/traini_gazebo/models/aruco_tag_25/materials/scripts/aruco_tag_25.material
-- Up-to-date: /home/ubuntu/rj_training_container/training_ws/install/traini_gazebo/share/traini_gazebo/models/aruco_tag_25/materials/textures
-- Up-to-date: /home/ubuntu/rj_training_container/training_ws/install/traini_gazebo/share/traini_gazebo/models/aruco_tag_25/materials/textures/ArUcoTag25.jpg
-- Up-to-date: /home/ubuntu/rj_training_container/training_ws/install/traini_gazebo/share/traini_gazebo/models/aruco_tag_25/model.config
-- Up-to-date: /home/ubuntu/rj_training_container/training_ws/install/traini_gazebo/share/traini_gazebo/models/aruco_tag_25/model.sdf
-- Up-to-date: /home/ubuntu/rj_training_container/training_ws/install/traini_gazebo/share/traini_gazebo/models/aruco_tag_26
-- Up-to-date: /home/ubuntu/rj_training_container/training_ws/install/traini_gazebo/share/traini_gazebo/models/aruco_tag_26/materials
-- Up-to-date: /home/ubuntu/rj_training_container/training_ws/install/traini_gazebo/share/traini_gazebo/models/aruco_tag_26/materials/scripts
-- Up-to-date: /home/ubuntu/rj_training_container/training_ws/install/traini_gazebo/share/traini_gazebo/models/aruco_tag_26/materials/scripts/aruco_tag_26.material
-- Up-to-date: /home/ubuntu/rj_training_container/training_ws/install/traini_gazebo/share/traini_gazebo/models/aruco_tag_26/materials/textures
-- Up-to-date: /home/ubuntu/rj_training_container/training_ws/install/traini_gazebo/share/traini_gazebo/models/aruco_tag_26/materials/textures/ArUcoTag26.jpg
-- Up-to-date: /home/ubuntu/rj_training_container/training_ws/install/traini_gazebo/share/traini_gazebo/models/aruco_tag_26/model.config
-- Up-to-date: /home/ubuntu/rj_training_container/training_ws/install/traini_gazebo/share/traini_gazebo/models/aruco_tag_26/model.sdf
-- Up-to-date: /home/ubuntu/rj_training_container/training_ws/install/traini_gazebo/share/traini_gazebo/models/aruco_tag_27
-- Up-to-date: /home/ubuntu/rj_training_container/training_ws/install/traini_gazebo/share/traini_gazebo/models/aruco_tag_27/materials
-- Up-to-date: /home/ubuntu/rj_training_container/training_ws/install/traini_gazebo/share/traini_gazebo/models/aruco_tag_27/materials/scripts
-- Up-to-date: /home/ubuntu/rj_training_container/training_ws/install/traini_gazebo/share/traini_gazebo/models/aruco_tag_27/materials/scripts/aruco_tag_27.material
-- Up-to-date: /home/ubuntu/rj_training_container/training_ws/install/traini_gazebo/share/traini_gazebo/models/aruco_tag_27/materials/textures
-- Up-to-date: /home/ubuntu/rj_training_container/training_ws/install/traini_gazebo/share/traini_gazebo/models/aruco_tag_27/materials/textures/ArUcoTag27.jpg
-- Up-to-date: /home/ubuntu/rj_training_container/training_ws/install/traini_gazebo/share/traini_gazebo/models/aruco_tag_27/model.config
-- Up-to-date: /home/ubuntu/rj_training_container/training_ws/install/traini_gazebo/share/traini_gazebo/models/aruco_tag_27/model.sdf
-- Up-to-date: /home/ubuntu/rj_training_container/training_ws/install/traini_gazebo/share/traini_gazebo/models/aruco_tag_28
-- Up-to-date: /home/ubuntu/rj_training_container/training_ws/install/traini_gazebo/share/traini_gazebo/models/aruco_tag_28/materials
-- Up-to-date: /home/ubuntu/rj_training_container/training_ws/install/traini_gazebo/share/traini_gazebo/models/aruco_tag_28/materials/scripts
-- Up-to-date: /home/ubuntu/rj_training_container/training_ws/install/traini_gazebo/share/traini_gazebo/models/aruco_tag_28/materials/scripts/aruco_tag_28.material
-- Up-to-date: /home/ubuntu/rj_training_container/training_ws/install/traini_gazebo/share/traini_gazebo/models/aruco_tag_28/materials/textures
-- Up-to-date: /home/ubuntu/rj_training_container/training_ws/install/traini_gazebo/share/traini_gazebo/models/aruco_tag_28/materials/textures/ArUcoTag28.jpg
-- Up-to-date: /home/ubuntu/rj_training_container/training_ws/install/traini_gazebo/share/traini_gazebo/models/aruco_tag_28/model.config
-- Up-to-date: /home/ubuntu/rj_training_container/training_ws/install/traini_gazebo/share/traini_gazebo/models/aruco_tag_28/model.sdf
-- Up-to-date: /home/ubuntu/rj_training_container/training_ws/install/traini_gazebo/share/traini_gazebo/models/aruco_tag_29
-- Up-to-date: /home/ubuntu/rj_training_container/training_ws/install/traini_gazebo/share/traini_gazebo/models/aruco_tag_29/materials
-- Up-to-date: /home/ubuntu/rj_training_container/training_ws/install/traini_gazebo/share/traini_gazebo/models/aruco_tag_29/materials/scripts
-- Up-to-date: /home/ubuntu/rj_training_container/training_ws/install/traini_gazebo/share/traini_gazebo/models/aruco_tag_29/materials/scripts/aruco_tag_29.material
-- Up-to-date: /home/ubuntu/rj_training_container/training_ws/install/traini_gazebo/share/traini_gazebo/models/aruco_tag_29/materials/textures
-- Up-to-date: /home/ubuntu/rj_training_container/training_ws/install/traini_gazebo/share/traini_gazebo/models/aruco_tag_29/materials/textures/ArUcoTag29.jpg
-- Up-to-date: /home/ubuntu/rj_training_container/training_ws/install/traini_gazebo/share/traini_gazebo/models/aruco_tag_29/model.config
-- Up-to-date: /home/ubuntu/rj_training_container/training_ws/install/traini_gazebo/share/traini_gazebo/models/aruco_tag_29/model.sdf
-- Up-to-date: /home/ubuntu/rj_training_container/training_ws/install/traini_gazebo/share/traini_gazebo/models/aruco_tag_3
-- Up-to-date: /home/ubuntu/rj_training_container/training_ws/install/traini_gazebo/share/traini_gazebo/models/aruco_tag_3/materials
-- Up-to-date: /home/ubuntu/rj_training_container/training_ws/install/traini_gazebo/share/traini_gazebo/models/aruco_tag_3/materials/scripts
-- Up-to-date: /home/ubuntu/rj_training_container/training_ws/install/traini_gazebo/share/traini_gazebo/models/aruco_tag_3/materials/scripts/aruco_tag_3.material
-- Up-to-date: /home/ubuntu/rj_training_container/training_ws/install/traini_gazebo/share/traini_gazebo/models/aruco_tag_3/materials/textures
-- Up-to-date: /home/ubuntu/rj_training_container/training_ws/install/traini_gazebo/share/traini_gazebo/models/aruco_tag_3/materials/textures/ArUcoTag3.jpg
-- Up-to-date: /home/ubuntu/rj_training_container/training_ws/install/traini_gazebo/share/traini_gazebo/models/aruco_tag_3/model.config
-- Up-to-date: /home/ubuntu/rj_training_container/training_ws/install/traini_gazebo/share/traini_gazebo/models/aruco_tag_3/model.sdf
-- Up-to-date: /home/ubuntu/rj_training_container/training_ws/install/traini_gazebo/share/traini_gazebo/models/aruco_tag_30
-- Up-to-date: /home/ubuntu/rj_training_container/training_ws/install/traini_gazebo/share/traini_gazebo/models/aruco_tag_30/materials
-- Up-to-date: /home/ubuntu/rj_training_container/training_ws/install/traini_gazebo/share/traini_gazebo/models/aruco_tag_30/materials/scripts
-- Up-to-date: /home/ubuntu/rj_training_container/training_ws/install/traini_gazebo/share/traini_gazebo/models/aruco_tag_30/materials/scripts/aruco_tag_30.material
-- Up-to-date: /home/ubuntu/rj_training_container/training_ws/install/traini_gazebo/share/traini_gazebo/models/aruco_tag_30/materials/textures
-- Up-to-date: /home/ubuntu/rj_training_container/training_ws/install/traini_gazebo/share/traini_gazebo/models/aruco_tag_30/materials/textures/ArUcoTag30.jpg
-- Up-to-date: /home/ubuntu/rj_training_container/training_ws/install/traini_gazebo/share/traini_gazebo/models/aruco_tag_30/model.config
-- Up-to-date: /home/ubuntu/rj_training_container/training_ws/install/traini_gazebo/share/traini_gazebo/models/aruco_tag_30/model.sdf
-- Up-to-date: /home/ubuntu/rj_training_container/training_ws/install/traini_gazebo/share/traini_gazebo/models/aruco_tag_31
-- Up-to-date: /home/ubuntu/rj_training_container/training_ws/install/traini_gazebo/share/traini_gazebo/models/aruco_tag_31/materials
-- Up-to-date: /home/ubuntu/rj_training_container/training_ws/install/traini_gazebo/share/traini_gazebo/models/aruco_tag_31/materials/scripts
-- Up-to-date: /home/ubuntu/rj_training_container/training_ws/install/traini_gazebo/share/traini_gazebo/models/aruco_tag_31/materials/scripts/aruco_tag_31.material
-- Up-to-date: /home/ubuntu/rj_training_container/training_ws/install/traini_gazebo/share/traini_gazebo/models/aruco_tag_31/materials/textures
-- Up-to-date: /home/ubuntu/rj_training_container/training_ws/install/traini_gazebo/share/traini_gazebo/models/aruco_tag_31/materials/textures/ArUcoTag31.jpg
-- Up-to-date: /home/ubuntu/rj_training_container/training_ws/install/traini_gazebo/share/traini_gazebo/models/aruco_tag_31/model.config
-- Up-to-date: /home/ubuntu/rj_training_container/training_ws/install/traini_gazebo/share/traini_gazebo/models/aruco_tag_31/model.sdf
-- Up-to-date: /home/ubuntu/rj_training_container/training_ws/install/traini_gazebo/share/traini_gazebo/models/aruco_tag_32
-- Up-to-date: /home/ubuntu/rj_training_container/training_ws/install/traini_gazebo/share/traini_gazebo/models/aruco_tag_32/materials
-- Up-to-date: /home/ubuntu/rj_training_container/training_ws/install/traini_gazebo/share/traini_gazebo/models/aruco_tag_32/materials/scripts
-- Up-to-date: /home/ubuntu/rj_training_container/training_ws/install/traini_gazebo/share/traini_gazebo/models/aruco_tag_32/materials/scripts/aruco_tag_32.material
-- Up-to-date: /home/ubuntu/rj_training_container/training_ws/install/traini_gazebo/share/traini_gazebo/models/aruco_tag_32/materials/textures
-- Up-to-date: /home/ubuntu/rj_training_container/training_ws/install/traini_gazebo/share/traini_gazebo/models/aruco_tag_32/materials/textures/ArUcoTag32.jpg
-- Up-to-date: /home/ubuntu/rj_training_container/training_ws/install/traini_gazebo/share/traini_gazebo/models/aruco_tag_32/model.config
-- Up-to-date: /home/ubuntu/rj_training_container/training_ws/install/traini_gazebo/share/traini_gazebo/models/aruco_tag_32/model.sdf
-- Up-to-date: /home/ubuntu/rj_training_container/training_ws/install/traini_gazebo/share/traini_gazebo/models/aruco_tag_33
-- Up-to-date: /home/ubuntu/rj_training_container/training_ws/install/traini_gazebo/share/traini_gazebo/models/aruco_tag_33/materials
-- Up-to-date: /home/ubuntu/rj_training_container/training_ws/install/traini_gazebo/share/traini_gazebo/models/aruco_tag_33/materials/scripts
-- Up-to-date: /home/ubuntu/rj_training_container/training_ws/install/traini_gazebo/share/traini_gazebo/models/aruco_tag_33/materials/scripts/aruco_tag_33.material
-- Up-to-date: /home/ubuntu/rj_training_container/training_ws/install/traini_gazebo/share/traini_gazebo/models/aruco_tag_33/materials/textures
-- Up-to-date: /home/ubuntu/rj_training_container/training_ws/install/traini_gazebo/share/traini_gazebo/models/aruco_tag_33/materials/textures/ArUcoTag33.jpg
-- Up-to-date: /home/ubuntu/rj_training_container/training_ws/install/traini_gazebo/share/traini_gazebo/models/aruco_tag_33/model.config
-- Up-to-date: /home/ubuntu/rj_training_container/training_ws/install/traini_gazebo/share/traini_gazebo/models/aruco_tag_33/model.sdf
-- Up-to-date: /home/ubuntu/rj_training_container/training_ws/install/traini_gazebo/share/traini_gazebo/models/aruco_tag_34
-- Up-to-date: /home/ubuntu/rj_training_container/training_ws/install/traini_gazebo/share/traini_gazebo/models/aruco_tag_34/materials
-- Up-to-date: /home/ubuntu/rj_training_container/training_ws/install/traini_gazebo/share/traini_gazebo/models/aruco_tag_34/materials/scripts
-- Up-to-date: /home/ubuntu/rj_training_container/training_ws/install/traini_gazebo/share/traini_gazebo/models/aruco_tag_34/materials/scripts/aruco_tag_34.material
-- Up-to-date: /home/ubuntu/rj_training_container/training_ws/install/traini_gazebo/share/traini_gazebo/models/aruco_tag_34/materials/textures
-- Up-to-date: /home/ubuntu/rj_training_container/training_ws/install/traini_gazebo/share/traini_gazebo/models/aruco_tag_34/materials/textures/ArUcoTag34.jpg
-- Up-to-date: /home/ubuntu/rj_training_container/training_ws/install/traini_gazebo/share/traini_gazebo/models/aruco_tag_34/model.config
-- Up-to-date: /home/ubuntu/rj_training_container/training_ws/install/traini_gazebo/share/traini_gazebo/models/aruco_tag_34/model.sdf
-- Up-to-date: /home/ubuntu/rj_training_container/training_ws/install/traini_gazebo/share/traini_gazebo/models/aruco_tag_35
-- Up-to-date: /home/ubuntu/rj_training_container/training_ws/install/traini_gazebo/share/traini_gazebo/models/aruco_tag_35/materials
-- Up-to-date: /home/ubuntu/rj_training_container/training_ws/install/traini_gazebo/share/traini_gazebo/models/aruco_tag_35/materials/scripts
-- Up-to-date: /home/ubuntu/rj_training_container/training_ws/install/traini_gazebo/share/traini_gazebo/models/aruco_tag_35/materials/scripts/aruco_tag_35.material
-- Up-to-date: /home/ubuntu/rj_training_container/training_ws/install/traini_gazebo/share/traini_gazebo/models/aruco_tag_35/materials/textures
-- Up-to-date: /home/ubuntu/rj_training_container/training_ws/install/traini_gazebo/share/traini_gazebo/models/aruco_tag_35/materials/textures/ArUcoTag35.jpg
-- Up-to-date: /home/ubuntu/rj_training_container/training_ws/install/traini_gazebo/share/traini_gazebo/models/aruco_tag_35/model.config
-- Up-to-date: /home/ubuntu/rj_training_container/training_ws/install/traini_gazebo/share/traini_gazebo/models/aruco_tag_35/model.sdf
-- Up-to-date: /home/ubuntu/rj_training_container/training_ws/install/traini_gazebo/share/traini_gazebo/models/aruco_tag_36
-- Up-to-date: /home/ubuntu/rj_training_container/training_ws/install/traini_gazebo/share/traini_gazebo/models/aruco_tag_36/materials
-- Up-to-date: /home/ubuntu/rj_training_container/training_ws/install/traini_gazebo/share/traini_gazebo/models/aruco_tag_36/materials/scripts
-- Up-to-date: /home/ubuntu/rj_training_container/training_ws/install/traini_gazebo/share/traini_gazebo/models/aruco_tag_36/materials/scripts/aruco_tag_36.material
-- Up-to-date: /home/ubuntu/rj_training_container/training_ws/install/traini_gazebo/share/traini_gazebo/models/aruco_tag_36/materials/textures
-- Up-to-date: /home/ubuntu/rj_training_container/training_ws/install/traini_gazebo/share/traini_gazebo/models/aruco_tag_36/materials/textures/ArUcoTag36.jpg
-- Up-to-date: /home/ubuntu/rj_training_container/training_ws/install/traini_gazebo/share/traini_gazebo/models/aruco_tag_36/model.config
-- Up-to-date: /home/ubuntu/rj_training_container/training_ws/install/traini_gazebo/share/traini_gazebo/models/aruco_tag_36/model.sdf
-- Up-to-date: /home/ubuntu/rj_training_container/training_ws/install/traini_gazebo/share/traini_gazebo/models/aruco_tag_37
-- Up-to-date: /home/ubuntu/rj_training_container/training_ws/install/traini_gazebo/share/traini_gazebo/models/aruco_tag_37/materials
-- Up-to-date: /home/ubuntu/rj_training_container/training_ws/install/traini_gazebo/share/traini_gazebo/models/aruco_tag_37/materials/scripts
-- Up-to-date: /home/ubuntu/rj_training_container/training_ws/install/traini_gazebo/share/traini_gazebo/models/aruco_tag_37/materials/scripts/aruco_tag_37.material
-- Up-to-date: /home/ubuntu/rj_training_container/training_ws/install/traini_gazebo/share/traini_gazebo/models/aruco_tag_37/materials/textures
-- Up-to-date: /home/ubuntu/rj_training_container/training_ws/install/traini_gazebo/share/traini_gazebo/models/aruco_tag_37/materials/textures/ArUcoTag37.jpg
-- Up-to-date: /home/ubuntu/rj_training_container/training_ws/install/traini_gazebo/share/traini_gazebo/models/aruco_tag_37/model.config
-- Up-to-date: /home/ubuntu/rj_training_container/training_ws/install/traini_gazebo/share/traini_gazebo/models/aruco_tag_37/model.sdf
-- Up-to-date: /home/ubuntu/rj_training_container/training_ws/install/traini_gazebo/share/traini_gazebo/models/aruco_tag_38
-- Up-to-date: /home/ubuntu/rj_training_container/training_ws/install/traini_gazebo/share/traini_gazebo/models/aruco_tag_38/materials
-- Up-to-date: /home/ubuntu/rj_training_container/training_ws/install/traini_gazebo/share/traini_gazebo/models/aruco_tag_38/materials/scripts
-- Up-to-date: /home/ubuntu/rj_training_container/training_ws/install/traini_gazebo/share/traini_gazebo/models/aruco_tag_38/materials/scripts/aruco_tag_38.material
-- Up-to-date: /home/ubuntu/rj_training_container/training_ws/install/traini_gazebo/share/traini_gazebo/models/aruco_tag_38/materials/textures
-- Up-to-date: /home/ubuntu/rj_training_container/training_ws/install/traini_gazebo/share/traini_gazebo/models/aruco_tag_38/materials/textures/ArUcoTag38.jpg
-- Up-to-date: /home/ubuntu/rj_training_container/training_ws/install/traini_gazebo/share/traini_gazebo/models/aruco_tag_38/model.config
-- Up-to-date: /home/ubuntu/rj_training_container/training_ws/install/traini_gazebo/share/traini_gazebo/models/aruco_tag_38/model.sdf
-- Up-to-date: /home/ubuntu/rj_training_container/training_ws/install/traini_gazebo/share/traini_gazebo/models/aruco_tag_39
-- Up-to-date: /home/ubuntu/rj_training_container/training_ws/install/traini_gazebo/share/traini_gazebo/models/aruco_tag_39/materials
-- Up-to-date: /home/ubuntu/rj_training_container/training_ws/install/traini_gazebo/share/traini_gazebo/models/aruco_tag_39/materials/scripts
-- Up-to-date: /home/ubuntu/rj_training_container/training_ws/install/traini_gazebo/share/traini_gazebo/models/aruco_tag_39/materials/scripts/aruco_tag_39.material
-- Up-to-date: /home/ubuntu/rj_training_container/training_ws/install/traini_gazebo/share/traini_gazebo/models/aruco_tag_39/materials/textures
-- Up-to-date: /home/ubuntu/rj_training_container/training_ws/install/traini_gazebo/share/traini_gazebo/models/aruco_tag_39/materials/textures/ArUcoTag39.jpg
-- Up-to-date: /home/ubuntu/rj_training_container/training_ws/install/traini_gazebo/share/traini_gazebo/models/aruco_tag_39/model.config
-- Up-to-date: /home/ubuntu/rj_training_container/training_ws/install/traini_gazebo/share/traini_gazebo/models/aruco_tag_39/model.sdf
-- Up-to-date: /home/ubuntu/rj_training_container/training_ws/install/traini_gazebo/share/traini_gazebo/models/aruco_tag_4
-- Up-to-date: /home/ubuntu/rj_training_container/training_ws/install/traini_gazebo/share/traini_gazebo/models/aruco_tag_4/materials
-- Up-to-date: /home/ubuntu/rj_training_container/training_ws/install/traini_gazebo/share/traini_gazebo/models/aruco_tag_4/materials/scripts
-- Up-to-date: /home/ubuntu/rj_training_container/training_ws/install/traini_gazebo/share/traini_gazebo/models/aruco_tag_4/materials/scripts/aruco_tag_4.material
-- Up-to-date: /home/ubuntu/rj_training_container/training_ws/install/traini_gazebo/share/traini_gazebo/models/aruco_tag_4/materials/textures
-- Up-to-date: /home/ubuntu/rj_training_container/training_ws/install/traini_gazebo/share/traini_gazebo/models/aruco_tag_4/materials/textures/ArUcoTag4.jpg
-- Up-to-date: /home/ubuntu/rj_training_container/training_ws/install/traini_gazebo/share/traini_gazebo/models/aruco_tag_4/model.config
-- Up-to-date: /home/ubuntu/rj_training_container/training_ws/install/traini_gazebo/share/traini_gazebo/models/aruco_tag_4/model.sdf
-- Up-to-date: /home/ubuntu/rj_training_container/training_ws/install/traini_gazebo/share/traini_gazebo/models/aruco_tag_40
-- Up-to-date: /home/ubuntu/rj_training_container/training_ws/install/traini_gazebo/share/traini_gazebo/models/aruco_tag_40/materials
-- Up-to-date: /home/ubuntu/rj_training_container/training_ws/install/traini_gazebo/share/traini_gazebo/models/aruco_tag_40/materials/scripts
-- Up-to-date: /home/ubuntu/rj_training_container/training_ws/install/traini_gazebo/share/traini_gazebo/models/aruco_tag_40/materials/scripts/aruco_tag_40.material
-- Up-to-date: /home/ubuntu/rj_training_container/training_ws/install/traini_gazebo/share/traini_gazebo/models/aruco_tag_40/materials/textures
-- Up-to-date: /home/ubuntu/rj_training_container/training_ws/install/traini_gazebo/share/traini_gazebo/models/aruco_tag_40/materials/textures/ArUcoTag40.jpg
-- Up-to-date: /home/ubuntu/rj_training_container/training_ws/install/traini_gazebo/share/traini_gazebo/models/aruco_tag_40/model.config
-- Up-to-date: /home/ubuntu/rj_training_container/training_ws/install/traini_gazebo/share/traini_gazebo/models/aruco_tag_40/model.sdf
-- Up-to-date: /home/ubuntu/rj_training_container/training_ws/install/traini_gazebo/share/traini_gazebo/models/aruco_tag_5
-- Up-to-date: /home/ubuntu/rj_training_container/training_ws/install/traini_gazebo/share/traini_gazebo/models/aruco_tag_5/materials
-- Up-to-date: /home/ubuntu/rj_training_container/training_ws/install/traini_gazebo/share/traini_gazebo/models/aruco_tag_5/materials/scripts
-- Up-to-date: /home/ubuntu/rj_training_container/training_ws/install/traini_gazebo/share/traini_gazebo/models/aruco_tag_5/materials/scripts/aruco_tag_5.material
-- Up-to-date: /home/ubuntu/rj_training_container/training_ws/install/traini_gazebo/share/traini_gazebo/models/aruco_tag_5/materials/textures
-- Up-to-date: /home/ubuntu/rj_training_container/training_ws/install/traini_gazebo/share/traini_gazebo/models/aruco_tag_5/materials/textures/ArUcoTag5.jpg
-- Up-to-date: /home/ubuntu/rj_training_container/training_ws/install/traini_gazebo/share/traini_gazebo/models/aruco_tag_5/model.config
-- Up-to-date: /home/ubuntu/rj_training_container/training_ws/install/traini_gazebo/share/traini_gazebo/models/aruco_tag_5/model.sdf
-- Up-to-date: /home/ubuntu/rj_training_container/training_ws/install/traini_gazebo/share/traini_gazebo/models/aruco_tag_6
-- Up-to-date: /home/ubuntu/rj_training_container/training_ws/install/traini_gazebo/share/traini_gazebo/models/aruco_tag_6/materials
-- Up-to-date: /home/ubuntu/rj_training_container/training_ws/install/traini_gazebo/share/traini_gazebo/models/aruco_tag_6/materials/scripts
-- Up-to-date: /home/ubuntu/rj_training_container/training_ws/install/traini_gazebo/share/traini_gazebo/models/aruco_tag_6/materials/scripts/aruco_tag_6.material
-- Up-to-date: /home/ubuntu/rj_training_container/training_ws/install/traini_gazebo/share/traini_gazebo/models/aruco_tag_6/materials/textures
-- Up-to-date: /home/ubuntu/rj_training_container/training_ws/install/traini_gazebo/share/traini_gazebo/models/aruco_tag_6/materials/textures/ArUcoTag6.jpg
-- Up-to-date: /home/ubuntu/rj_training_container/training_ws/install/traini_gazebo/share/traini_gazebo/models/aruco_tag_6/model.config
-- Up-to-date: /home/ubuntu/rj_training_container/training_ws/install/traini_gazebo/share/traini_gazebo/models/aruco_tag_6/model.sdf
-- Up-to-date: /home/ubuntu/rj_training_container/training_ws/install/traini_gazebo/share/traini_gazebo/models/aruco_tag_7
-- Up-to-date: /home/ubuntu/rj_training_container/training_ws/install/traini_gazebo/share/traini_gazebo/models/aruco_tag_7/materials
-- Up-to-date: /home/ubuntu/rj_training_container/training_ws/install/traini_gazebo/share/traini_gazebo/models/aruco_tag_7/materials/scripts
-- Up-to-date: /home/ubuntu/rj_training_container/training_ws/install/traini_gazebo/share/traini_gazebo/models/aruco_tag_7/materials/scripts/aruco_tag_7.material
-- Up-to-date: /home/ubuntu/rj_training_container/training_ws/install/traini_gazebo/share/traini_gazebo/models/aruco_tag_7/materials/textures
-- Up-to-date: /home/ubuntu/rj_training_container/training_ws/install/traini_gazebo/share/traini_gazebo/models/aruco_tag_7/materials/textures/ArUcoTag7.jpg
-- Up-to-date: /home/ubuntu/rj_training_container/training_ws/install/traini_gazebo/share/traini_gazebo/models/aruco_tag_7/model.config
-- Up-to-date: /home/ubuntu/rj_training_container/training_ws/install/traini_gazebo/share/traini_gazebo/models/aruco_tag_7/model.sdf
-- Up-to-date: /home/ubuntu/rj_training_container/training_ws/install/traini_gazebo/share/traini_gazebo/models/aruco_tag_8
-- Up-to-date: /home/ubuntu/rj_training_container/training_ws/install/traini_gazebo/share/traini_gazebo/models/aruco_tag_8/materials
-- Up-to-date: /home/ubuntu/rj_training_container/training_ws/install/traini_gazebo/share/traini_gazebo/models/aruco_tag_8/materials/scripts
-- Up-to-date: /home/ubuntu/rj_training_container/training_ws/install/traini_gazebo/share/traini_gazebo/models/aruco_tag_8/materials/scripts/aruco_tag_8.material
-- Up-to-date: /home/ubuntu/rj_training_container/training_ws/install/traini_gazebo/share/traini_gazebo/models/aruco_tag_8/materials/textures
-- Up-to-date: /home/ubuntu/rj_training_container/training_ws/install/traini_gazebo/share/traini_gazebo/models/aruco_tag_8/materials/textures/ArUcoTag8.jpg
-- Up-to-date: /home/ubuntu/rj_training_container/training_ws/install/traini_gazebo/share/traini_gazebo/models/aruco_tag_8/model.config
-- Up-to-date: /home/ubuntu/rj_training_container/training_ws/install/traini_gazebo/share/traini_gazebo/models/aruco_tag_8/model.sdf
-- Up-to-date: /home/ubuntu/rj_training_container/training_ws/install/traini_gazebo/share/traini_gazebo/models/aruco_tag_9
-- Up-to-date: /home/ubuntu/rj_training_container/training_ws/install/traini_gazebo/share/traini_gazebo/models/aruco_tag_9/materials
-- Up-to-date: /home/ubuntu/rj_training_container/training_ws/install/traini_gazebo/share/traini_gazebo/models/aruco_tag_9/materials/scripts
-- Up-to-date: /home/ubuntu/rj_training_container/training_ws/install/traini_gazebo/share/traini_gazebo/models/aruco_tag_9/materials/scripts/aruco_tag_9.material
-- Up-to-date: /home/ubuntu/rj_training_container/training_ws/install/traini_gazebo/share/traini_gazebo/models/aruco_tag_9/materials/textures
-- Up-to-date: /home/ubuntu/rj_training_container/training_ws/install/traini_gazebo/share/traini_gazebo/models/aruco_tag_9/materials/textures/ArUcoTag9.jpg
-- Up-to-date: /home/ubuntu/rj_training_container/training_ws/install/traini_gazebo/share/traini_gazebo/models/aruco_tag_9/model.config
-- Up-to-date: /home/ubuntu/rj_training_container/training_ws/install/traini_gazebo/share/traini_gazebo/models/aruco_tag_9/model.sdf
-- Up-to-date: /home/ubuntu/rj_training_container/training_ws/install/traini_gazebo/share/ament_index/resource_index/package_run_dependencies/traini_gazebo
-- Up-to-date: /home/ubuntu/rj_training_container/training_ws/install/traini_gazebo/share/ament_index/resource_index/parent_prefix_path/traini_gazebo
-- Up-to-date: /home/ubuntu/rj_training_container/training_ws/install/traini_gazebo/share/traini_gazebo/environment/ament_prefix_path.sh
-- Up-to-date: /home/ubuntu/rj_training_container/training_ws/install/traini_gazebo/share/traini_gazebo/environment/ament_prefix_path.dsv
-- Up-to-date: /home/ubuntu/rj_training_container/training_ws/install/traini_gazebo/share/traini_gazebo/environment/path.sh
-- Up-to-date: /home/ubuntu/rj_training_container/training_ws/install/traini_gazebo/share/traini_gazebo/environment/path.dsv
-- Up-to-date: /home/ubuntu/rj_training_container/training_ws/install/traini_gazebo/share/traini_gazebo/local_setup.bash
-- Up-to-date: /home/ubuntu/rj_training_container/training_ws/install/traini_gazebo/share/traini_gazebo/local_setup.sh
-- Up-to-date: /home/ubuntu/rj_training_container/training_ws/install/traini_gazebo/share/traini_gazebo/local_setup.zsh
-- Up-to-date: /home/ubuntu/rj_training_container/training_ws/install/traini_gazebo/share/traini_gazebo/local_setup.dsv
-- Installing: /home/ubuntu/rj_training_container/training_ws/install/traini_gazebo/share/traini_gazebo/package.dsv
-- Up-to-date: /home/ubuntu/rj_training_container/training_ws/install/traini_gazebo/share/ament_index/resource_index/packages/traini_gazebo
-- Up-to-date: /home/ubuntu/rj_training_container/training_ws/install/traini_gazebo/share/traini_gazebo/cmake/traini_gazeboConfig.cmake
-- Up-to-date: /home/ubuntu/rj_training_container/training_ws/install/traini_gazebo/share/traini_gazebo/cmake/traini_gazeboConfig-version.cmake
-- Up-to-date: /home/ubuntu/rj_training_container/training_ws/install/traini_gazebo/share/traini_gazebo/package.xml
