-- Found ament_cmake: 1.3.11 (/opt/ros/humble/share/ament_cmake/cmake)
-- Found ament_cmake_ros: 0.10.0 (/opt/ros/humble/share/ament_cmake_ros/cmake)
-- Found rclcpp: 16.0.11 (/opt/ros/humble/share/rclcpp/cmake)
-- Found rosidl_generator_c: 3.1.6 (/opt/ros/humble/share/rosidl_generator_c/cmake)
-- Found rosidl_adapter: 3.1.6 (/opt/ros/humble/share/rosidl_adapter/cmake)
-- Found rosidl_generator_cpp: 3.1.6 (/opt/ros/humble/share/rosidl_generator_cpp/cmake)
-- Using all available rosidl_typesupport_c: rosidl_typesupport_fastrtps_c;rosidl_typesupport_introspection_c
-- Using all available rosidl_typesupport_cpp: rosidl_typesupport_fastrtps_cpp;rosidl_typesupport_introspection_cpp
-- Found rmw_implementation_cmake: 6.1.2 (/opt/ros/humble/share/rmw_implementation_cmake/cmake)
-- Found rmw_fastrtps_cpp: 6.2.7 (/opt/ros/humble/share/rmw_fastrtps_cpp/cmake)
-- Using RMW implementation 'rmw_fastrtps_cpp' as default
-- Found rclcpp_components: 16.0.11 (/opt/ros/humble/share/rclcpp_components/cmake)
-- Found geometry_msgs: 4.2.4 (/opt/ros/humble/share/geometry_msgs/cmake)
-- Found visualization_msgs: 4.2.4 (/opt/ros/humble/share/visualization_msgs/cmake)
-- Found ament_lint_auto: 0.12.11 (/opt/ros/humble/share/ament_lint_auto/cmake)
-- Added test 'copyright' to check source files copyright and LICENSE
-- Added test 'cppcheck' to perform static code analysis on C / C++ code
-- Configured cppcheck include dirs: 
-- Configured cppcheck exclude dirs and/or files: 
-- Added test 'cpplint' to check C / C++ code against the Google style
-- Configured cpplint exclude dirs and/or files: 
-- Added test 'lint_cmake' to check CMake code style
-- Added test 'uncrustify' to check C / C++ code style
-- Configured uncrustify additional arguments: 
-- Added test 'xmllint' to check XML markup files
-- Configuring done
-- Generating done
-- Build files have been written to: /home/ubuntu/rj_training_container/training_ws/build/stsl_utils
[35m[1mConsolidate compiler generated dependencies of target keyboard_teleop[0m
[35m[1mConsolidate compiler generated dependencies of target stsl_utils[0m
[35m[1mConsolidate compiler generated dependencies of target floor_mat_visualizer[0m
gmake[2]: *** No rule to make target '/usr/lib/x86_64-linux-gnu/libncurses.so', needed by 'libstsl_utils.so'.  Stop.
gmake[2]: *** Waiting for unfinished jobs....
[ 14%] [32mBuilding CXX object CMakeFiles/keyboard_teleop.dir/rclcpp_components/node_main_keyboard_teleop.cpp.o[0m
[ 28%] [32mBuilding CXX object CMakeFiles/floor_mat_visualizer.dir/rclcpp_components/node_main_floor_mat_visualizer.cpp.o[0m
[ 42%] [32mBuilding CXX object CMakeFiles/stsl_utils.dir/src/floor_mat_visualizer.cpp.o[0m
[ 57%] [32mBuilding CXX object CMakeFiles/stsl_utils.dir/src/keyboard_teleop.cpp.o[0m
[01m[K/home/ubuntu/rj_training_container/training_ws/src/stsl/stsl_utils/src/keyboard_teleop.cpp:21:10:[m[K [01;31m[Kfatal error: [m[Kncurses.h: No such file or directory
   21 | #include [01;31m[K<ncurses.h>[m[K
      |          [01;31m[K^~~~~~~~~~~[m[K
compilation terminated.
gmake[2]: *** [CMakeFiles/stsl_utils.dir/build.make:76: CMakeFiles/stsl_utils.dir/src/keyboard_teleop.cpp.o] Error 1
gmake[1]: *** [CMakeFiles/Makefile2:141: CMakeFiles/stsl_utils.dir/all] Error 2
gmake[1]: *** Waiting for unfinished jobs....
[ 71%] [32m[1mLinking CXX executable keyboard_teleop[0m
[ 85%] [32m[1mLinking CXX executable floor_mat_visualizer[0m
[ 85%] Built target keyboard_teleop
[ 85%] Built target floor_mat_visualizer
gmake: *** [Makefile:146: all] Error 2
