[5.954s] Invoking command in '/home/ubuntu/rj_training_container/training_ws/build/stsl_utils': CMAKE_PREFIX_PATH=${CMAKE_PREFIX_PATH}:/home/ubuntu/rj_training_container/training_ws/install/keyboard:/opt/ros/humble /usr/bin/cmake --build /home/ubuntu/rj_training_container/training_ws/build/stsl_utils -- -j16 -l16
[16.971s] -- Found ament_cmake: 1.3.11 (/opt/ros/humble/share/ament_cmake/cmake)
[25.682s] -- Found ament_cmake_ros: 0.10.0 (/opt/ros/humble/share/ament_cmake_ros/cmake)
[25.693s] -- Found rclcpp: 16.0.11 (/opt/ros/humble/share/rclcpp/cmake)
[26.213s] -- Found rosidl_generator_c: 3.1.6 (/opt/ros/humble/share/rosidl_generator_c/cmake)
[26.225s] -- Found rosidl_adapter: 3.1.6 (/opt/ros/humble/share/rosidl_adapter/cmake)
[26.245s] -- Found rosidl_generator_cpp: 3.1.6 (/opt/ros/humble/share/rosidl_generator_cpp/cmake)
[26.439s] -- Using all available rosidl_typesupport_c: rosidl_typesupport_fastrtps_c;rosidl_typesupport_introspection_c
[26.690s] -- Using all available rosidl_typesupport_cpp: rosidl_typesupport_fastrtps_cpp;rosidl_typesupport_introspection_cpp
[27.265s] -- Found rmw_implementation_cmake: 6.1.2 (/opt/ros/humble/share/rmw_implementation_cmake/cmake)
[27.524s] -- Found rmw_fastrtps_cpp: 6.2.7 (/opt/ros/humble/share/rmw_fastrtps_cpp/cmake)
[52.764s] -- Using RMW implementation 'rmw_fastrtps_cpp' as default
[52.865s] -- Found rclcpp_components: 16.0.11 (/opt/ros/humble/share/rclcpp_components/cmake)
[52.911s] -- Found geometry_msgs: 4.2.4 (/opt/ros/humble/share/geometry_msgs/cmake)
[52.937s] -- Found visualization_msgs: 4.2.4 (/opt/ros/humble/share/visualization_msgs/cmake)
[56.007s] -- Found ament_lint_auto: 0.12.11 (/opt/ros/humble/share/ament_lint_auto/cmake)
[61.339s] -- Added test 'copyright' to check source files copyright and LICENSE
[63.130s] -- Added test 'cppcheck' to perform static code analysis on C / C++ code
[63.134s] -- Configured cppcheck include dirs: 
[63.138s] -- Configured cppcheck exclude dirs and/or files: 
[65.069s] -- Added test 'cpplint' to check C / C++ code against the Google style
[65.074s] -- Configured cpplint exclude dirs and/or files: 
[65.785s] -- Added test 'lint_cmake' to check CMake code style
[67.956s] -- Added test 'uncrustify' to check C / C++ code style
[67.960s] -- Configured uncrustify additional arguments: 
[68.213s] -- Added test 'xmllint' to check XML markup files
[68.542s] -- Configuring done
[71.192s] -- Generating done
[71.599s] -- Build files have been written to: /home/ubuntu/rj_training_container/training_ws/build/stsl_utils
[88.332s] [35m[1mConsolidate compiler generated dependencies of target keyboard_teleop[0m
[88.535s] [35m[1mConsolidate compiler generated dependencies of target stsl_utils[0m
[89.455s] [35m[1mConsolidate compiler generated dependencies of target floor_mat_visualizer[0m
[94.424s] gmake[2]: *** No rule to make target '/usr/lib/x86_64-linux-gnu/libncurses.so', needed by 'libstsl_utils.so'.  Stop.
[94.430s] gmake[2]: *** Waiting for unfinished jobs....
[102.041s] [ 14%] [32mBuilding CXX object CMakeFiles/keyboard_teleop.dir/rclcpp_components/node_main_keyboard_teleop.cpp.o[0m
[103.081s] [ 28%] [32mBuilding CXX object CMakeFiles/floor_mat_visualizer.dir/rclcpp_components/node_main_floor_mat_visualizer.cpp.o[0m
[103.191s] [ 42%] [32mBuilding CXX object CMakeFiles/stsl_utils.dir/src/floor_mat_visualizer.cpp.o[0m
[103.383s] [ 57%] [32mBuilding CXX object CMakeFiles/stsl_utils.dir/src/keyboard_teleop.cpp.o[0m
[108.927s] [01m[K/home/ubuntu/rj_training_container/training_ws/src/stsl/stsl_utils/src/keyboard_teleop.cpp:21:10:[m[K [01;31m[Kfatal error: [m[Kncurses.h: No such file or directory
[108.934s]    21 | #include [01;31m[K<ncurses.h>[m[K
[108.939s]       |          [01;31m[K^~~~~~~~~~~[m[K
[108.943s] compilation terminated.
[108.948s] gmake[2]: *** [CMakeFiles/stsl_utils.dir/build.make:76: CMakeFiles/stsl_utils.dir/src/keyboard_teleop.cpp.o] Error 1
[121.063s] gmake[1]: *** [CMakeFiles/Makefile2:141: CMakeFiles/stsl_utils.dir/all] Error 2
[121.067s] gmake[1]: *** Waiting for unfinished jobs....
[123.440s] [ 71%] [32m[1mLinking CXX executable keyboard_teleop[0m
[123.615s] [ 85%] [32m[1mLinking CXX executable floor_mat_visualizer[0m
[139.260s] [ 85%] Built target keyboard_teleop
[139.999s] [ 85%] Built target floor_mat_visualizer
[140.008s] gmake: *** [Makefile:146: all] Error 2
