[0.330s] Invoking command in '/home/ubuntu/rj_training_container/training_ws/build/controllers': CMAKE_PREFIX_PATH=/opt/ros/humble /usr/bin/cmake /home/ubuntu/rj_training_container/training_ws/src/software-training-old/controllers -DCMAKE_INSTALL_PREFIX=/home/ubuntu/rj_training_container/training_ws/install/controllers
[1.086s] -- The C compiler identification is GNU 11.4.0
[1.446s] -- The CXX compiler identification is GNU 11.4.0
[1.662s] -- Detecting C compiler ABI info
[3.638s] -- Detecting C compiler ABI info - done
[3.728s] -- Check for working C compiler: /usr/bin/cc - skipped
[3.732s] -- Detecting C compile features
[3.737s] -- Detecting C compile features - done
[3.971s] -- Detecting CXX compiler ABI info
[5.945s] -- Detecting CXX compiler ABI info - done
[6.054s] -- Check for working CXX compiler: /usr/bin/c++ - skipped
[6.058s] -- Detecting CXX compile features
[6.062s] -- Detecting CXX compile features - done
[6.285s] -- Found ament_cmake: 1.3.10 (/opt/ros/humble/share/ament_cmake/cmake)
[6.589s] -- Found Python3: /usr/bin/python3 (found version "3.10.12") found components: Interpreter 
[7.110s] -- Found rclcpp: 16.0.10 (/opt/ros/humble/share/rclcpp/cmake)
[7.268s] -- Found rosidl_generator_c: 3.1.5 (/opt/ros/humble/share/rosidl_generator_c/cmake)
[7.284s] -- Found rosidl_adapter: 3.1.5 (/opt/ros/humble/share/rosidl_adapter/cmake)
[7.312s] -- Found rosidl_generator_cpp: 3.1.5 (/opt/ros/humble/share/rosidl_generator_cpp/cmake)
[7.353s] -- Using all available rosidl_typesupport_c: rosidl_typesupport_fastrtps_c;rosidl_typesupport_introspection_c
[7.396s] -- Using all available rosidl_typesupport_cpp: rosidl_typesupport_fastrtps_cpp;rosidl_typesupport_introspection_cpp
[7.528s] -- Found rmw_implementation_cmake: 6.1.2 (/opt/ros/humble/share/rmw_implementation_cmake/cmake)
[7.542s] -- Found rmw_fastrtps_cpp: 6.2.7 (/opt/ros/humble/share/rmw_fastrtps_cpp/cmake)
[7.776s] -- Found OpenSSL: /usr/lib/x86_64-linux-gnu/libcrypto.so (found version "3.0.2")  
[7.861s] -- Found FastRTPS: /opt/ros/humble/include  
[7.974s] -- Using RMW implementation 'rmw_fastrtps_cpp' as default
[8.079s] -- Looking for pthread.h
[9.734s] -- Looking for pthread.h - found
[9.782s] -- Performing Test CMAKE_HAVE_LIBC_PTHREAD
[11.546s] -- Performing Test CMAKE_HAVE_LIBC_PTHREAD - Success
[11.568s] -- Found Threads: TRUE  
[11.694s] -- Found rclcpp_action: 16.0.10 (/opt/ros/humble/share/rclcpp_action/cmake)
[11.777s] -- Found rclcpp_components: 16.0.10 (/opt/ros/humble/share/rclcpp_components/cmake)
[11.831s] -- Found nav2_core: 1.1.16 (/opt/ros/humble/share/nav2_core/cmake)
[12.383s] -- Found Eigen3: TRUE (found version "3.4.0") 
[12.385s] -- Ensuring Eigen3 include directory is part of orocos-kdl CMake target
[12.490s] -- Found tf2_eigen: 0.25.8 (/opt/ros/humble/share/tf2_eigen/cmake)
[12.532s] -- Found ament_lint_auto: 0.12.11 (/opt/ros/humble/share/ament_lint_auto/cmake)
[13.442s] -- Added test 'copyright' to check source files copyright and LICENSE
[14.068s] -- Added test 'cppcheck' to perform static code analysis on C / C++ code
[14.071s] -- Configured cppcheck include dirs: 
[14.081s] -- Configured cppcheck exclude dirs and/or files: 
[14.740s] -- Added test 'cpplint' to check C / C++ code against the Google style
[14.742s] -- Configured cpplint exclude dirs and/or files: 
[14.991s] -- Added test 'lint_cmake' to check CMake code style
[15.701s] -- Added test 'uncrustify' to check C / C++ code style
[15.704s] -- Configured uncrustify additional arguments: 
[15.783s] -- Added test 'xmllint' to check XML markup files
[16.066s] -- Configuring done
[17.103s] -- Generating done
[17.263s] -- Build files have been written to: /home/ubuntu/rj_training_container/training_ws/build/controllers
