[1.533s] Invoking command in '/home/ubuntu/rj_training_container/training_ws/build/mapping': CMAKE_PREFIX_PATH=/opt/ros/humble /usr/bin/cmake --build /home/ubuntu/rj_training_container/training_ws/build/mapping -- -j16 -l16
[2.861s] [100%] Built target mapping_node
[2.870s] [100%] Built target mapping
[3.091s] Invoked command in '/home/ubuntu/rj_training_container/training_ws/build/mapping' returned '0': CMAKE_PREFIX_PATH=/opt/ros/humble /usr/bin/cmake --build /home/ubuntu/rj_training_container/training_ws/build/mapping -- -j16 -l16
[3.333s] Invoking command in '/home/ubuntu/rj_training_container/training_ws/build/mapping': CMAKE_PREFIX_PATH=/opt/ros/humble /usr/bin/cmake --install /home/ubuntu/rj_training_container/training_ws/build/mapping
[3.788s] -- Install configuration: ""
[3.795s] -- Up-to-date: /home/ubuntu/rj_training_container/training_ws/install/mapping/lib/mapping/mapping_node
[4.299s] -- Up-to-date: /home/ubuntu/rj_training_container/training_ws/install/mapping/lib/libmapping.so
[4.629s] -- Up-to-date: /home/ubuntu/rj_training_container/training_ws/install/mapping/share/mapping/launch
[4.829s] -- Up-to-date: /home/ubuntu/rj_training_container/training_ws/install/mapping/share/mapping/launch/mapping.launch.xml
[5.039s] -- Up-to-date: /home/ubuntu/rj_training_container/training_ws/install/mapping/share/ament_index/resource_index/package_run_dependencies/mapping
[5.269s] -- Up-to-date: /home/ubuntu/rj_training_container/training_ws/install/mapping/share/ament_index/resource_index/parent_prefix_path/mapping
[5.379s] -- Up-to-date: /home/ubuntu/rj_training_container/training_ws/install/mapping/share/mapping/environment/ament_prefix_path.sh
[5.520s] -- Up-to-date: /home/ubuntu/rj_training_container/training_ws/install/mapping/share/mapping/environment/ament_prefix_path.dsv
[5.625s] -- Up-to-date: /home/ubuntu/rj_training_container/training_ws/install/mapping/share/mapping/environment/path.sh
[5.768s] -- Up-to-date: /home/ubuntu/rj_training_container/training_ws/install/mapping/share/mapping/environment/path.dsv
[5.890s] -- Up-to-date: /home/ubuntu/rj_training_container/training_ws/install/mapping/share/mapping/local_setup.bash
[6.008s] -- Up-to-date: /home/ubuntu/rj_training_container/training_ws/install/mapping/share/mapping/local_setup.sh
[6.127s] -- Up-to-date: /home/ubuntu/rj_training_container/training_ws/install/mapping/share/mapping/local_setup.zsh
[6.279s] -- Up-to-date: /home/ubuntu/rj_training_container/training_ws/install/mapping/share/mapping/local_setup.dsv
[6.369s] -- Installing: /home/ubuntu/rj_training_container/training_ws/install/mapping/share/mapping/package.dsv
[6.850s] -- Up-to-date: /home/ubuntu/rj_training_container/training_ws/install/mapping/share/ament_index/resource_index/packages/mapping
[7.066s] -- Up-to-date: /home/ubuntu/rj_training_container/training_ws/install/mapping/share/ament_index/resource_index/rclcpp_components/mapping
[7.205s] -- Up-to-date: /home/ubuntu/rj_training_container/training_ws/install/mapping/share/mapping/cmake/mappingConfig.cmake
[7.313s] -- Up-to-date: /home/ubuntu/rj_training_container/training_ws/install/mapping/share/mapping/cmake/mappingConfig-version.cmake
[7.436s] -- Up-to-date: /home/ubuntu/rj_training_container/training_ws/install/mapping/share/mapping/package.xml
[9.896s] Invoked command in '/home/ubuntu/rj_training_container/training_ws/build/mapping' returned '0': CMAKE_PREFIX_PATH=/opt/ros/humble /usr/bin/cmake --install /home/ubuntu/rj_training_container/training_ws/build/mapping
