[23.074s] Invoking command in '/home/ubuntu/rj_training_container/training_ws/src/trainingv2/turtlesim_project/src/keyboard': PYTHONPATH=/home/ubuntu/rj_training_container/training_ws/build/keyboard/prefix_override:/usr/lib/python3/dist-packages/colcon_core/task/python/colcon_distutils_commands:/home/ubuntu/rj_training_container/training_ws/install/keyboard/lib/python3.10/site-packages:${PYTHONPATH} /usr/bin/python3 -W ignore:setup.py install is deprecated -W ignore:easy_install command is deprecated setup.py egg_info --egg-base ../../../../../build/keyboard build --build-base /home/ubuntu/rj_training_container/training_ws/build/keyboard/build install --record /home/ubuntu/rj_training_container/training_ws/build/keyboard/install.log --single-version-externally-managed install_data
[57.306s] running egg_info
[57.309s] writing ../../../../../build/keyboard/keyboard.egg-info/PKG-INFO
[57.315s] writing dependency_links to ../../../../../build/keyboard/keyboard.egg-info/dependency_links.txt
[57.319s] writing entry points to ../../../../../build/keyboard/keyboard.egg-info/entry_points.txt
[57.324s] writing requirements to ../../../../../build/keyboard/keyboard.egg-info/requires.txt
[57.328s] writing top-level names to ../../../../../build/keyboard/keyboard.egg-info/top_level.txt
[57.332s] reading manifest file '../../../../../build/keyboard/keyboard.egg-info/SOURCES.txt'
[57.335s] writing manifest file '../../../../../build/keyboard/keyboard.egg-info/SOURCES.txt'
[57.339s] running build
[57.342s] running build_py
[57.346s] running install
[57.349s] running install_lib
[57.352s] running install_data
[57.355s] running install_egg_info
[57.359s] removing '/home/ubuntu/rj_training_container/training_ws/install/keyboard/lib/python3.10/site-packages/keyboard-0.0.0-py3.10.egg-info' (and everything under it)
[57.363s] Copying ../../../../../build/keyboard/keyboard.egg-info to /home/ubuntu/rj_training_container/training_ws/install/keyboard/lib/python3.10/site-packages/keyboard-0.0.0-py3.10.egg-info
[57.367s] running install_scripts
[57.370s] Installing keystroke_listen script to /home/ubuntu/rj_training_container/training_ws/install/keyboard/lib/keyboard
[57.374s] writing list of installed files to '/home/ubuntu/rj_training_container/training_ws/build/keyboard/install.log'
[57.376s] Invoked command in '/home/ubuntu/rj_training_container/training_ws/src/trainingv2/turtlesim_project/src/keyboard' returned '0': PYTHONPATH=/home/ubuntu/rj_training_container/training_ws/build/keyboard/prefix_override:/usr/lib/python3/dist-packages/colcon_core/task/python/colcon_distutils_commands:/home/ubuntu/rj_training_container/training_ws/install/keyboard/lib/python3.10/site-packages:${PYTHONPATH} /usr/bin/python3 -W ignore:setup.py install is deprecated -W ignore:easy_install command is deprecated setup.py egg_info --egg-base ../../../../../build/keyboard build --build-base /home/ubuntu/rj_training_container/training_ws/build/keyboard/build install --record /home/ubuntu/rj_training_container/training_ws/build/keyboard/install.log --single-version-externally-managed install_data
