[0.452s] Invoking command in '/home/ubuntu/rj_training_container/training_ws/build/stsl_utils': CMAKE_PREFIX_PATH=/opt/ros/humble /usr/bin/cmake --build /home/ubuntu/rj_training_container/training_ws/build/stsl_utils -- -j16 -l16
[1.520s] [ 57%] Built target floor_mat_visualizer
[1.524s] [ 57%] Built target keyboard_teleop
[1.528s] [100%] Built target stsl_utils
[1.531s] Invoked command in '/home/ubuntu/rj_training_container/training_ws/build/stsl_utils' returned '0': CMAKE_PREFIX_PATH=/opt/ros/humble /usr/bin/cmake --build /home/ubuntu/rj_training_container/training_ws/build/stsl_utils -- -j16 -l16
[1.734s] Invoking command in '/home/ubuntu/rj_training_container/training_ws/build/stsl_utils': CMAKE_PREFIX_PATH=/opt/ros/humble /usr/bin/cmake --install /home/ubuntu/rj_training_container/training_ws/build/stsl_utils
[1.774s] -- Install configuration: ""
[1.977s] -- Up-to-date: /home/ubuntu/rj_training_container/training_ws/install/stsl_utils/lib/stsl_utils/keyboard_teleop
[2.435s] -- Up-to-date: /home/ubuntu/rj_training_container/training_ws/install/stsl_utils/lib/stsl_utils/floor_mat_visualizer
[2.863s] -- Up-to-date: /home/ubuntu/rj_training_container/training_ws/install/stsl_utils/lib/libstsl_utils.so
[3.095s] -- Up-to-date: /home/ubuntu/rj_training_container/training_ws/install/stsl_utils/share/stsl_utils/visualization_meshes
[3.234s] -- Up-to-date: /home/ubuntu/rj_training_container/training_ws/install/stsl_utils/share/stsl_utils/visualization_meshes/floor_mat
[3.413s] -- Up-to-date: /home/ubuntu/rj_training_container/training_ws/install/stsl_utils/share/stsl_utils/visualization_meshes/floor_mat/floor_mat.dae
[3.534s] -- Up-to-date: /home/ubuntu/rj_training_container/training_ws/install/stsl_utils/share/stsl_utils/visualization_meshes/floor_mat/floor_mat.png
[3.693s] -- Up-to-date: /home/ubuntu/rj_training_container/training_ws/install/stsl_utils/share/ament_index/resource_index/package_run_dependencies/stsl_utils
[3.855s] -- Up-to-date: /home/ubuntu/rj_training_container/training_ws/install/stsl_utils/share/ament_index/resource_index/parent_prefix_path/stsl_utils
[3.932s] -- Up-to-date: /home/ubuntu/rj_training_container/training_ws/install/stsl_utils/share/stsl_utils/environment/ament_prefix_path.sh
[4.033s] -- Up-to-date: /home/ubuntu/rj_training_container/training_ws/install/stsl_utils/share/stsl_utils/environment/ament_prefix_path.dsv
[4.121s] -- Up-to-date: /home/ubuntu/rj_training_container/training_ws/install/stsl_utils/share/stsl_utils/environment/path.sh
[4.219s] -- Up-to-date: /home/ubuntu/rj_training_container/training_ws/install/stsl_utils/share/stsl_utils/environment/path.dsv
[4.301s] -- Up-to-date: /home/ubuntu/rj_training_container/training_ws/install/stsl_utils/share/stsl_utils/local_setup.bash
[4.385s] -- Up-to-date: /home/ubuntu/rj_training_container/training_ws/install/stsl_utils/share/stsl_utils/local_setup.sh
[4.462s] -- Up-to-date: /home/ubuntu/rj_training_container/training_ws/install/stsl_utils/share/stsl_utils/local_setup.zsh
[4.584s] -- Up-to-date: /home/ubuntu/rj_training_container/training_ws/install/stsl_utils/share/stsl_utils/local_setup.dsv
[4.616s] -- Installing: /home/ubuntu/rj_training_container/training_ws/install/stsl_utils/share/stsl_utils/package.dsv
[4.874s] -- Up-to-date: /home/ubuntu/rj_training_container/training_ws/install/stsl_utils/share/ament_index/resource_index/packages/stsl_utils
[4.976s] -- Up-to-date: /home/ubuntu/rj_training_container/training_ws/install/stsl_utils/share/ament_index/resource_index/rclcpp_components/stsl_utils
[5.041s] -- Up-to-date: /home/ubuntu/rj_training_container/training_ws/install/stsl_utils/share/stsl_utils/cmake/stsl_utilsConfig.cmake
[5.081s] -- Up-to-date: /home/ubuntu/rj_training_container/training_ws/install/stsl_utils/share/stsl_utils/cmake/stsl_utilsConfig-version.cmake
[5.133s] -- Up-to-date: /home/ubuntu/rj_training_container/training_ws/install/stsl_utils/share/stsl_utils/package.xml
[7.239s] Invoked command in '/home/ubuntu/rj_training_container/training_ws/build/stsl_utils' returned '0': CMAKE_PREFIX_PATH=/opt/ros/humble /usr/bin/cmake --install /home/ubuntu/rj_training_container/training_ws/build/stsl_utils
