[0.376s] Invoking command in '/home/ubuntu/rj_training_container/training_ws/build/stsl_interfaces': CMAKE_PREFIX_PATH=/opt/ros/humble /usr/bin/cmake /home/ubuntu/rj_training_container/training_ws/src/stsl/stsl_interfaces -DCMAKE_INSTALL_PREFIX=/home/ubuntu/rj_training_container/training_ws/install/stsl_interfaces
[1.676s] -- The C compiler identification is GNU 11.4.0
[1.746s] -- The CXX compiler identification is GNU 11.4.0
[2.030s] -- Detecting C compiler ABI info
[4.617s] -- Detecting C compiler ABI info - done
[4.726s] -- Check for working C compiler: /usr/bin/cc - skipped
[4.735s] -- Detecting C compile features
[4.743s] -- Detecting C compile features - done
[4.990s] -- Detecting CXX compiler ABI info
[7.267s] -- Detecting CXX compiler ABI info - done
[7.360s] -- Check for working CXX compiler: /usr/bin/c++ - skipped
[7.364s] -- Detecting CXX compile features
[7.368s] -- Detecting CXX compile features - done
[7.615s] -- Found ament_cmake: 1.3.10 (/opt/ros/humble/share/ament_cmake/cmake)
[7.900s] -- Found Python3: /usr/bin/python3 (found version "3.10.12") found components: Interpreter 
[8.432s] -- Found rosidl_default_generators: 1.2.0 (/opt/ros/humble/share/rosidl_default_generators/cmake)
[8.445s] -- Using all available rosidl_typesupport_c: rosidl_typesupport_fastrtps_c;rosidl_typesupport_introspection_c
[8.465s] -- Found rosidl_adapter: 3.1.5 (/opt/ros/humble/share/rosidl_adapter/cmake)
[8.562s] -- Using all available rosidl_typesupport_cpp: rosidl_typesupport_fastrtps_cpp;rosidl_typesupport_introspection_cpp
[8.644s] -- Found std_msgs: 4.2.4 (/opt/ros/humble/share/std_msgs/cmake)
[8.693s] -- Found geometry_msgs: 4.2.4 (/opt/ros/humble/share/geometry_msgs/cmake)
[14.473s] -- Found ament_cmake_cppcheck: 0.12.11 (/opt/ros/humble/share/ament_cmake_cppcheck/cmake)
[14.481s] -- Found ament_cmake_cpplint: 0.12.11 (/opt/ros/humble/share/ament_cmake_cpplint/cmake)
[14.488s] -- Found ament_cmake_uncrustify: 0.12.11 (/opt/ros/humble/share/ament_cmake_uncrustify/cmake)
[14.495s] -- Found ament_cmake_ros: 0.10.0 (/opt/ros/humble/share/ament_cmake_ros/cmake)
[18.262s] -- Using all available rosidl_typesupport_c: rosidl_typesupport_fastrtps_c;rosidl_typesupport_introspection_c
[23.189s] -- Using all available rosidl_typesupport_cpp: rosidl_typesupport_fastrtps_cpp;rosidl_typesupport_introspection_cpp
[23.253s] -- Found PythonInterp: /usr/bin/python3 (found suitable version "3.10.12", minimum required is "3.6") 
[23.260s] -- Found python_cmake_module: 0.10.0 (/opt/ros/humble/share/python_cmake_module/cmake)
[23.317s] -- Found PythonLibs: /usr/lib/x86_64-linux-gnu/libpython3.10.so (found suitable version "3.10.12", minimum required is "3.5") 
[23.320s] -- Using PYTHON_EXECUTABLE: /usr/bin/python3
[23.322s] -- Using PYTHON_INCLUDE_DIRS: /usr/include/python3.10
[23.323s] -- Using PYTHON_LIBRARIES: /usr/lib/x86_64-linux-gnu/libpython3.10.so
[23.361s] -- Found PythonExtra: .so  
[24.699s] -- Found ament_cmake_flake8: 0.12.11 (/opt/ros/humble/share/ament_cmake_flake8/cmake)
[24.707s] -- Found ament_cmake_pep257: 0.12.11 (/opt/ros/humble/share/ament_cmake_pep257/cmake)
[24.910s] -- Found ament_lint_auto: 0.12.11 (/opt/ros/humble/share/ament_lint_auto/cmake)
[29.328s] -- Added test 'copyright' to check source files copyright and LICENSE
[29.664s] -- Added test 'lint_cmake' to check CMake code style
[29.836s] -- Added test 'xmllint' to check XML markup files
[30.515s] -- Configuring done
[35.028s] -- Generating done
[35.479s] -- Build files have been written to: /home/ubuntu/rj_training_container/training_ws/build/stsl_interfaces
[35.498s] Invoked command in '/home/ubuntu/rj_training_container/training_ws/build/stsl_interfaces' returned '0': CMAKE_PREFIX_PATH=/opt/ros/humble /usr/bin/cmake /home/ubuntu/rj_training_container/training_ws/src/stsl/stsl_interfaces -DCMAKE_INSTALL_PREFIX=/home/ubuntu/rj_training_container/training_ws/install/stsl_interfaces
[35.514s] Invoking command in '/home/ubuntu/rj_training_container/training_ws/build/stsl_interfaces': CMAKE_PREFIX_PATH=/opt/ros/humble /usr/bin/cmake --build /home/ubuntu/rj_training_container/training_ws/build/stsl_interfaces -- -j16 -l16
[36.010s] [  1%] [34m[1mGenerating C code for ROS interfaces[0m
[36.059s] [  2%] [34m[1mGenerating C++ code for ROS interfaces[0m
[36.087s] [  2%] Built target ament_cmake_python_copy_stsl_interfaces
[36.751s] running egg_info
[36.753s] creating stsl_interfaces.egg-info
[36.757s] writing stsl_interfaces.egg-info/PKG-INFO
[36.767s] writing dependency_links to stsl_interfaces.egg-info/dependency_links.txt
[36.782s] writing top-level names to stsl_interfaces.egg-info/top_level.txt
[36.790s] writing manifest file 'stsl_interfaces.egg-info/SOURCES.txt'
[36.827s] reading manifest file 'stsl_interfaces.egg-info/SOURCES.txt'
[36.877s] writing manifest file 'stsl_interfaces.egg-info/SOURCES.txt'
[36.956s] [  2%] Built target ament_cmake_python_build_stsl_interfaces_egg
[39.412s] [  2%] Built target stsl_interfaces__cpp
[39.522s] [  4%] [34m[1mGenerating C++ type support dispatch for ROS interfaces[0m
[39.530s] [  4%] [34m[1mGenerating C++ introspection for ROS interfaces[0m
[39.581s] [  5%] [34m[1mGenerating C++ type support for eProsima Fast-RTPS[0m
[40.423s] [  6%] [32mBuilding C object CMakeFiles/stsl_interfaces__rosidl_generator_c.dir/rosidl_generator_c/stsl_interfaces/msg/detail/mineral_deposit__functions.c.o[0m
[40.436s] [  7%] [32mBuilding C object CMakeFiles/stsl_interfaces__rosidl_generator_c.dir/rosidl_generator_c/stsl_interfaces/msg/detail/mineral_deposit_array__functions.c.o[0m
[40.449s] [  8%] [32mBuilding C object CMakeFiles/stsl_interfaces__rosidl_generator_c.dir/rosidl_generator_c/stsl_interfaces/msg/detail/mineral_deposit_sample__functions.c.o[0m
[40.471s] [  9%] [32mBuilding C object CMakeFiles/stsl_interfaces__rosidl_generator_c.dir/rosidl_generator_c/stsl_interfaces/msg/detail/tag__functions.c.o[0m
[40.486s] [ 10%] [32mBuilding C object CMakeFiles/stsl_interfaces__rosidl_generator_c.dir/rosidl_generator_c/stsl_interfaces/msg/detail/tag_array__functions.c.o[0m
[40.502s] [ 11%] [32mBuilding C object CMakeFiles/stsl_interfaces__rosidl_generator_c.dir/rosidl_generator_c/stsl_interfaces/srv/detail/reset_mineral_deposit_tracking__functions.c.o[0m
[40.522s] [ 12%] [32mBuilding C object CMakeFiles/stsl_interfaces__rosidl_generator_c.dir/rosidl_generator_c/stsl_interfaces/srv/detail/sample_elevation__functions.c.o[0m
[40.538s] [ 13%] [32mBuilding C object CMakeFiles/stsl_interfaces__rosidl_generator_c.dir/rosidl_generator_c/stsl_interfaces/action/detail/execute_mission__functions.c.o[0m
[40.558s] [ 14%] [32mBuilding C object CMakeFiles/stsl_interfaces__rosidl_generator_c.dir/rosidl_generator_c/stsl_interfaces/action/detail/park_at_peak__functions.c.o[0m
[41.030s] [ 15%] [32m[1mLinking C shared library libstsl_interfaces__rosidl_generator_c.so[0m
[41.450s] [ 16%] [32mBuilding CXX object CMakeFiles/stsl_interfaces__rosidl_typesupport_cpp.dir/rosidl_typesupport_cpp/stsl_interfaces/msg/mineral_deposit__type_support.cpp.o[0m
[41.463s] [ 17%] [32mBuilding CXX object CMakeFiles/stsl_interfaces__rosidl_typesupport_cpp.dir/rosidl_typesupport_cpp/stsl_interfaces/msg/mineral_deposit_array__type_support.cpp.o[0m
[41.474s] [ 18%] [32mBuilding CXX object CMakeFiles/stsl_interfaces__rosidl_typesupport_cpp.dir/rosidl_typesupport_cpp/stsl_interfaces/msg/mineral_deposit_sample__type_support.cpp.o[0m
[41.486s] [ 20%] [32mBuilding CXX object CMakeFiles/stsl_interfaces__rosidl_typesupport_cpp.dir/rosidl_typesupport_cpp/stsl_interfaces/msg/tag__type_support.cpp.o[0m
[41.502s] [ 22%] [32mBuilding CXX object CMakeFiles/stsl_interfaces__rosidl_typesupport_cpp.dir/rosidl_typesupport_cpp/stsl_interfaces/msg/tag_array__type_support.cpp.o[0m
[41.508s] [ 22%] [32mBuilding CXX object CMakeFiles/stsl_interfaces__rosidl_typesupport_cpp.dir/rosidl_typesupport_cpp/stsl_interfaces/srv/reset_mineral_deposit_tracking__type_support.cpp.o[0m
[41.523s] [ 23%] [32mBuilding CXX object CMakeFiles/stsl_interfaces__rosidl_typesupport_cpp.dir/rosidl_typesupport_cpp/stsl_interfaces/srv/sample_elevation__type_support.cpp.o[0m
[41.534s] [ 24%] [32mBuilding CXX object CMakeFiles/stsl_interfaces__rosidl_typesupport_cpp.dir/rosidl_typesupport_cpp/stsl_interfaces/action/execute_mission__type_support.cpp.o[0m
[41.554s] [ 25%] [32mBuilding CXX object CMakeFiles/stsl_interfaces__rosidl_typesupport_cpp.dir/rosidl_typesupport_cpp/stsl_interfaces/action/park_at_peak__type_support.cpp.o[0m
[41.793s] [ 25%] Built target stsl_interfaces__rosidl_generator_c
[41.988s] [ 26%] [34m[1mGenerating C introspection for ROS interfaces[0m
[42.015s] [ 28%] [34m[1mGenerating C type support for eProsima Fast-RTPS[0m
[42.027s] [ 28%] [34m[1mGenerating C type support dispatch for ROS interfaces[0m
[42.607s] [ 29%] [32mBuilding CXX object CMakeFiles/stsl_interfaces__rosidl_typesupport_introspection_cpp.dir/rosidl_typesupport_introspection_cpp/stsl_interfaces/msg/detail/mineral_deposit__type_support.cpp.o[0m
[42.621s] [ 30%] [32mBuilding CXX object CMakeFiles/stsl_interfaces__rosidl_typesupport_introspection_cpp.dir/rosidl_typesupport_introspection_cpp/stsl_interfaces/msg/detail/mineral_deposit_array__type_support.cpp.o[0m
[42.636s] [ 31%] [32mBuilding CXX object CMakeFiles/stsl_interfaces__rosidl_typesupport_introspection_cpp.dir/rosidl_typesupport_introspection_cpp/stsl_interfaces/msg/detail/mineral_deposit_sample__type_support.cpp.o[0m
[42.654s] [ 32%] [32mBuilding CXX object CMakeFiles/stsl_interfaces__rosidl_typesupport_introspection_cpp.dir/rosidl_typesupport_introspection_cpp/stsl_interfaces/msg/detail/tag__type_support.cpp.o[0m
[42.672s] [ 33%] [32mBuilding CXX object CMakeFiles/stsl_interfaces__rosidl_typesupport_introspection_cpp.dir/rosidl_typesupport_introspection_cpp/stsl_interfaces/msg/detail/tag_array__type_support.cpp.o[0m
[42.693s] [ 35%] [32mBuilding CXX object CMakeFiles/stsl_interfaces__rosidl_typesupport_introspection_cpp.dir/rosidl_typesupport_introspection_cpp/stsl_interfaces/srv/detail/reset_mineral_deposit_tracking__type_support.cpp.o[0m
[42.701s] [ 35%] [32mBuilding CXX object CMakeFiles/stsl_interfaces__rosidl_typesupport_introspection_cpp.dir/rosidl_typesupport_introspection_cpp/stsl_interfaces/srv/detail/sample_elevation__type_support.cpp.o[0m
[42.718s] [ 36%] [32mBuilding CXX object CMakeFiles/stsl_interfaces__rosidl_typesupport_introspection_cpp.dir/rosidl_typesupport_introspection_cpp/stsl_interfaces/action/detail/execute_mission__type_support.cpp.o[0m
[42.749s] [ 37%] [32mBuilding CXX object CMakeFiles/stsl_interfaces__rosidl_typesupport_introspection_cpp.dir/rosidl_typesupport_introspection_cpp/stsl_interfaces/action/detail/park_at_peak__type_support.cpp.o[0m
[43.082s] [ 38%] [32m[1mLinking CXX shared library libstsl_interfaces__rosidl_typesupport_cpp.so[0m
[43.416s] [ 40%] [32mBuilding CXX object CMakeFiles/stsl_interfaces__rosidl_typesupport_fastrtps_cpp.dir/rosidl_typesupport_fastrtps_cpp/stsl_interfaces/msg/detail/dds_fastrtps/mineral_deposit__type_support.cpp.o[0m
[43.438s] [ 41%] [32mBuilding CXX object CMakeFiles/stsl_interfaces__rosidl_typesupport_fastrtps_cpp.dir/rosidl_typesupport_fastrtps_cpp/stsl_interfaces/msg/detail/dds_fastrtps/mineral_deposit_array__type_support.cpp.o[0m
[43.481s] [ 42%] [32mBuilding CXX object CMakeFiles/stsl_interfaces__rosidl_typesupport_fastrtps_cpp.dir/rosidl_typesupport_fastrtps_cpp/stsl_interfaces/msg/detail/dds_fastrtps/mineral_deposit_sample__type_support.cpp.o[0m
[44.049s] [ 42%] Built target stsl_interfaces__rosidl_typesupport_cpp
[44.115s] [ 43%] [32mBuilding CXX object CMakeFiles/stsl_interfaces__rosidl_typesupport_fastrtps_cpp.dir/rosidl_typesupport_fastrtps_cpp/stsl_interfaces/msg/detail/dds_fastrtps/tag__type_support.cpp.o[0m
[44.373s] [ 44%] [32mBuilding CXX object CMakeFiles/stsl_interfaces__rosidl_typesupport_fastrtps_cpp.dir/rosidl_typesupport_fastrtps_cpp/stsl_interfaces/msg/detail/dds_fastrtps/tag_array__type_support.cpp.o[0m
[44.437s] [ 45%] [32mBuilding CXX object CMakeFiles/stsl_interfaces__rosidl_typesupport_fastrtps_cpp.dir/rosidl_typesupport_fastrtps_cpp/stsl_interfaces/srv/detail/dds_fastrtps/reset_mineral_deposit_tracking__type_support.cpp.o[0m
[44.458s] [ 46%] [32mBuilding CXX object CMakeFiles/stsl_interfaces__rosidl_typesupport_fastrtps_cpp.dir/rosidl_typesupport_fastrtps_cpp/stsl_interfaces/srv/detail/dds_fastrtps/sample_elevation__type_support.cpp.o[0m
[44.518s] [ 47%] [32mBuilding CXX object CMakeFiles/stsl_interfaces__rosidl_typesupport_fastrtps_cpp.dir/rosidl_typesupport_fastrtps_cpp/stsl_interfaces/action/detail/dds_fastrtps/execute_mission__type_support.cpp.o[0m
[44.542s] [ 48%] [32mBuilding CXX object CMakeFiles/stsl_interfaces__rosidl_typesupport_fastrtps_cpp.dir/rosidl_typesupport_fastrtps_cpp/stsl_interfaces/action/detail/dds_fastrtps/park_at_peak__type_support.cpp.o[0m
[44.792s] [ 50%] [32mBuilding CXX object CMakeFiles/stsl_interfaces__rosidl_typesupport_c.dir/rosidl_typesupport_c/stsl_interfaces/msg/mineral_deposit__type_support.cpp.o[0m
[44.794s] [ 50%] [32mBuilding CXX object CMakeFiles/stsl_interfaces__rosidl_typesupport_c.dir/rosidl_typesupport_c/stsl_interfaces/msg/mineral_deposit_array__type_support.cpp.o[0m
[44.816s] [ 51%] [32mBuilding CXX object CMakeFiles/stsl_interfaces__rosidl_typesupport_c.dir/rosidl_typesupport_c/stsl_interfaces/msg/mineral_deposit_sample__type_support.cpp.o[0m
[45.091s] [ 52%] [32mBuilding CXX object CMakeFiles/stsl_interfaces__rosidl_typesupport_c.dir/rosidl_typesupport_c/stsl_interfaces/msg/tag__type_support.cpp.o[0m
[45.124s] [ 53%] [32mBuilding CXX object CMakeFiles/stsl_interfaces__rosidl_typesupport_c.dir/rosidl_typesupport_c/stsl_interfaces/msg/tag_array__type_support.cpp.o[0m
[45.166s] [ 54%] [32mBuilding CXX object CMakeFiles/stsl_interfaces__rosidl_typesupport_c.dir/rosidl_typesupport_c/stsl_interfaces/srv/reset_mineral_deposit_tracking__type_support.cpp.o[0m
[45.208s] [ 55%] [32m[1mLinking CXX shared library libstsl_interfaces__rosidl_typesupport_introspection_cpp.so[0m
[45.424s] [ 56%] [32mBuilding CXX object CMakeFiles/stsl_interfaces__rosidl_typesupport_c.dir/rosidl_typesupport_c/stsl_interfaces/srv/sample_elevation__type_support.cpp.o[0m
[45.455s] [ 57%] [32mBuilding CXX object CMakeFiles/stsl_interfaces__rosidl_typesupport_c.dir/rosidl_typesupport_c/stsl_interfaces/action/execute_mission__type_support.cpp.o[0m
[45.472s] [ 58%] [32mBuilding CXX object CMakeFiles/stsl_interfaces__rosidl_typesupport_c.dir/rosidl_typesupport_c/stsl_interfaces/action/park_at_peak__type_support.cpp.o[0m
[45.953s] [ 60%] [32m[1mLinking CXX shared library libstsl_interfaces__rosidl_typesupport_c.so[0m
[46.073s] [ 61%] [32mBuilding C object CMakeFiles/stsl_interfaces__rosidl_typesupport_introspection_c.dir/rosidl_typesupport_introspection_c/stsl_interfaces/msg/detail/mineral_deposit__type_support.c.o[0m
[46.082s] [ 62%] [32mBuilding C object CMakeFiles/stsl_interfaces__rosidl_typesupport_introspection_c.dir/rosidl_typesupport_introspection_c/stsl_interfaces/msg/detail/mineral_deposit_array__type_support.c.o[0m
[46.096s] [ 63%] [32mBuilding C object CMakeFiles/stsl_interfaces__rosidl_typesupport_introspection_c.dir/rosidl_typesupport_introspection_c/stsl_interfaces/msg/detail/mineral_deposit_sample__type_support.c.o[0m
[46.117s] [ 64%] [32mBuilding C object CMakeFiles/stsl_interfaces__rosidl_typesupport_introspection_c.dir/rosidl_typesupport_introspection_c/stsl_interfaces/msg/detail/tag__type_support.c.o[0m
[46.136s] [ 65%] [32mBuilding C object CMakeFiles/stsl_interfaces__rosidl_typesupport_introspection_c.dir/rosidl_typesupport_introspection_c/stsl_interfaces/msg/detail/tag_array__type_support.c.o[0m
[46.146s] [ 67%] [32mBuilding CXX object CMakeFiles/stsl_interfaces__rosidl_typesupport_fastrtps_c.dir/rosidl_typesupport_fastrtps_c/stsl_interfaces/msg/detail/mineral_deposit__type_support_c.cpp.o[0m
[46.149s] [ 67%] [32mBuilding C object CMakeFiles/stsl_interfaces__rosidl_typesupport_introspection_c.dir/rosidl_typesupport_introspection_c/stsl_interfaces/srv/detail/reset_mineral_deposit_tracking__type_support.c.o[0m
[46.163s] [ 68%] [32mBuilding C object CMakeFiles/stsl_interfaces__rosidl_typesupport_introspection_c.dir/rosidl_typesupport_introspection_c/stsl_interfaces/srv/detail/sample_elevation__type_support.c.o[0m
[46.178s] [ 69%] [32mBuilding CXX object CMakeFiles/stsl_interfaces__rosidl_typesupport_fastrtps_c.dir/rosidl_typesupport_fastrtps_c/stsl_interfaces/msg/detail/mineral_deposit_array__type_support_c.cpp.o[0m
[46.389s] [ 71%] [32mBuilding C object CMakeFiles/stsl_interfaces__rosidl_typesupport_introspection_c.dir/rosidl_typesupport_introspection_c/stsl_interfaces/action/detail/execute_mission__type_support.c.o[0m
[46.393s] [ 71%] [32mBuilding CXX object CMakeFiles/stsl_interfaces__rosidl_typesupport_fastrtps_c.dir/rosidl_typesupport_fastrtps_c/stsl_interfaces/msg/detail/mineral_deposit_sample__type_support_c.cpp.o[0m
[46.412s] [ 72%] [32mBuilding C object CMakeFiles/stsl_interfaces__rosidl_typesupport_introspection_c.dir/rosidl_typesupport_introspection_c/stsl_interfaces/action/detail/park_at_peak__type_support.c.o[0m
[46.594s] [ 73%] [32mBuilding CXX object CMakeFiles/stsl_interfaces__rosidl_typesupport_fastrtps_c.dir/rosidl_typesupport_fastrtps_c/stsl_interfaces/msg/detail/tag__type_support_c.cpp.o[0m
[46.620s] [ 74%] [32mBuilding CXX object CMakeFiles/stsl_interfaces__rosidl_typesupport_fastrtps_c.dir/rosidl_typesupport_fastrtps_c/stsl_interfaces/msg/detail/tag_array__type_support_c.cpp.o[0m
[46.646s] [ 75%] [32mBuilding CXX object CMakeFiles/stsl_interfaces__rosidl_typesupport_fastrtps_c.dir/rosidl_typesupport_fastrtps_c/stsl_interfaces/srv/detail/reset_mineral_deposit_tracking__type_support_c.cpp.o[0m
[46.669s] [ 76%] [32mBuilding CXX object CMakeFiles/stsl_interfaces__rosidl_typesupport_fastrtps_c.dir/rosidl_typesupport_fastrtps_c/stsl_interfaces/srv/detail/sample_elevation__type_support_c.cpp.o[0m
[46.690s] [ 77%] [32mBuilding CXX object CMakeFiles/stsl_interfaces__rosidl_typesupport_fastrtps_c.dir/rosidl_typesupport_fastrtps_c/stsl_interfaces/action/detail/execute_mission__type_support_c.cpp.o[0m
[46.743s] [ 78%] [32mBuilding CXX object CMakeFiles/stsl_interfaces__rosidl_typesupport_fastrtps_c.dir/rosidl_typesupport_fastrtps_c/stsl_interfaces/action/detail/park_at_peak__type_support_c.cpp.o[0m
[46.884s] [ 78%] Built target stsl_interfaces__rosidl_typesupport_introspection_cpp
[46.928s] [ 80%] [32m[1mLinking CXX shared library libstsl_interfaces__rosidl_typesupport_fastrtps_cpp.so[0m
[46.966s] [ 80%] Built target stsl_interfaces__rosidl_typesupport_c
[47.054s] [ 81%] [32m[1mLinking C shared library libstsl_interfaces__rosidl_typesupport_introspection_c.so[0m
[47.837s] [ 81%] Built target stsl_interfaces__rosidl_typesupport_introspection_c
[48.014s] [ 81%] Built target stsl_interfaces__rosidl_typesupport_fastrtps_cpp
[48.226s] [ 82%] [32m[1mLinking CXX shared library libstsl_interfaces__rosidl_typesupport_fastrtps_c.so[0m
[48.786s] [ 82%] Built target stsl_interfaces__rosidl_typesupport_fastrtps_c
[48.909s] [ 82%] Built target stsl_interfaces
[49.086s] [ 83%] [34m[1mGenerating Python code for ROS interfaces[0m
[53.914s] [ 83%] Built target stsl_interfaces__py
[54.091s] [ 84%] [32mBuilding C object CMakeFiles/stsl_interfaces__rosidl_generator_py.dir/rosidl_generator_py/stsl_interfaces/msg/_mineral_deposit_s.c.o[0m
[54.098s] [ 85%] [32mBuilding C object CMakeFiles/stsl_interfaces__rosidl_generator_py.dir/rosidl_generator_py/stsl_interfaces/msg/_mineral_deposit_array_s.c.o[0m
[54.106s] [ 86%] [32mBuilding C object CMakeFiles/stsl_interfaces__rosidl_generator_py.dir/rosidl_generator_py/stsl_interfaces/msg/_mineral_deposit_sample_s.c.o[0m
[54.113s] [ 87%] [32mBuilding C object CMakeFiles/stsl_interfaces__rosidl_generator_py.dir/rosidl_generator_py/stsl_interfaces/msg/_tag_s.c.o[0m
[54.123s] [ 88%] [32mBuilding C object CMakeFiles/stsl_interfaces__rosidl_generator_py.dir/rosidl_generator_py/stsl_interfaces/msg/_tag_array_s.c.o[0m
[54.144s] [ 89%] [32mBuilding C object CMakeFiles/stsl_interfaces__rosidl_generator_py.dir/rosidl_generator_py/stsl_interfaces/srv/_reset_mineral_deposit_tracking_s.c.o[0m
[54.154s] [ 90%] [32mBuilding C object CMakeFiles/stsl_interfaces__rosidl_generator_py.dir/rosidl_generator_py/stsl_interfaces/srv/_sample_elevation_s.c.o[0m
[54.169s] [ 92%] [32mBuilding C object CMakeFiles/stsl_interfaces__rosidl_generator_py.dir/rosidl_generator_py/stsl_interfaces/action/_execute_mission_s.c.o[0m
[54.173s] [ 92%] [32mBuilding C object CMakeFiles/stsl_interfaces__rosidl_generator_py.dir/rosidl_generator_py/stsl_interfaces/action/_park_at_peak_s.c.o[0m
[54.833s] [ 93%] [32m[1mLinking C shared library rosidl_generator_py/stsl_interfaces/libstsl_interfaces__rosidl_generator_py.so[0m
[55.490s] [ 93%] Built target stsl_interfaces__rosidl_generator_py
[55.647s] [ 96%] [32mBuilding C object CMakeFiles/stsl_interfaces__rosidl_typesupport_introspection_c__pyext.dir/rosidl_generator_py/stsl_interfaces/_stsl_interfaces_s.ep.rosidl_typesupport_introspection_c.c.o[0m
[55.649s] [ 96%] [32mBuilding C object CMakeFiles/stsl_interfaces__rosidl_typesupport_fastrtps_c__pyext.dir/rosidl_generator_py/stsl_interfaces/_stsl_interfaces_s.ep.rosidl_typesupport_fastrtps_c.c.o[0m
[55.651s] [ 96%] [32mBuilding C object CMakeFiles/stsl_interfaces__rosidl_typesupport_c__pyext.dir/rosidl_generator_py/stsl_interfaces/_stsl_interfaces_s.ep.rosidl_typesupport_c.c.o[0m
[56.704s] [ 97%] [32m[1mLinking C shared library rosidl_generator_py/stsl_interfaces/stsl_interfaces_s__rosidl_typesupport_c.cpython-310-x86_64-linux-gnu.so[0m
[56.767s] [100%] [32m[1mLinking C shared library rosidl_generator_py/stsl_interfaces/stsl_interfaces_s__rosidl_typesupport_introspection_c.cpython-310-x86_64-linux-gnu.so[0m
[56.768s] [100%] [32m[1mLinking C shared library rosidl_generator_py/stsl_interfaces/stsl_interfaces_s__rosidl_typesupport_fastrtps_c.cpython-310-x86_64-linux-gnu.so[0m
[56.996s] [100%] Built target stsl_interfaces__rosidl_typesupport_c__pyext
[57.009s] [100%] Built target stsl_interfaces__rosidl_typesupport_introspection_c__pyext
[57.020s] [100%] Built target stsl_interfaces__rosidl_typesupport_fastrtps_c__pyext
[57.590s] Invoked command in '/home/ubuntu/rj_training_container/training_ws/build/stsl_interfaces' returned '0': CMAKE_PREFIX_PATH=/opt/ros/humble /usr/bin/cmake --build /home/ubuntu/rj_training_container/training_ws/build/stsl_interfaces -- -j16 -l16
[58.109s] Invoking command in '/home/ubuntu/rj_training_container/training_ws/build/stsl_interfaces': CMAKE_PREFIX_PATH=/opt/ros/humble /usr/bin/cmake --install /home/ubuntu/rj_training_container/training_ws/build/stsl_interfaces
[58.127s] -- Install configuration: ""
[58.173s] -- Installing: /home/ubuntu/rj_training_container/training_ws/install/stsl_interfaces/share/ament_index/resource_index/rosidl_interfaces/stsl_interfaces
[58.292s] -- Installing: /home/ubuntu/rj_training_container/training_ws/install/stsl_interfaces/include/stsl_interfaces/stsl_interfaces
[58.331s] -- Installing: /home/ubuntu/rj_training_container/training_ws/install/stsl_interfaces/include/stsl_interfaces/stsl_interfaces/action
[58.377s] -- Installing: /home/ubuntu/rj_training_container/training_ws/install/stsl_interfaces/include/stsl_interfaces/stsl_interfaces/action/detail
[58.438s] -- Installing: /home/ubuntu/rj_training_container/training_ws/install/stsl_interfaces/include/stsl_interfaces/stsl_interfaces/action/detail/execute_mission__functions.c
[58.583s] -- Installing: /home/ubuntu/rj_training_container/training_ws/install/stsl_interfaces/include/stsl_interfaces/stsl_interfaces/action/detail/execute_mission__functions.h
[58.730s] -- Installing: /home/ubuntu/rj_training_container/training_ws/install/stsl_interfaces/include/stsl_interfaces/stsl_interfaces/action/detail/execute_mission__struct.h
[58.888s] -- Installing: /home/ubuntu/rj_training_container/training_ws/install/stsl_interfaces/include/stsl_interfaces/stsl_interfaces/action/detail/execute_mission__type_support.h
[59.032s] -- Installing: /home/ubuntu/rj_training_container/training_ws/install/stsl_interfaces/include/stsl_interfaces/stsl_interfaces/action/detail/park_at_peak__functions.c
[59.187s] -- Installing: /home/ubuntu/rj_training_container/training_ws/install/stsl_interfaces/include/stsl_interfaces/stsl_interfaces/action/detail/park_at_peak__functions.h
[59.356s] -- Installing: /home/ubuntu/rj_training_container/training_ws/install/stsl_interfaces/include/stsl_interfaces/stsl_interfaces/action/detail/park_at_peak__struct.h
[59.501s] -- Installing: /home/ubuntu/rj_training_container/training_ws/install/stsl_interfaces/include/stsl_interfaces/stsl_interfaces/action/detail/park_at_peak__type_support.h
[59.640s] -- Installing: /home/ubuntu/rj_training_container/training_ws/install/stsl_interfaces/include/stsl_interfaces/stsl_interfaces/action/execute_mission.h
[59.768s] -- Installing: /home/ubuntu/rj_training_container/training_ws/install/stsl_interfaces/include/stsl_interfaces/stsl_interfaces/action/park_at_peak.h
[59.901s] -- Installing: /home/ubuntu/rj_training_container/training_ws/install/stsl_interfaces/include/stsl_interfaces/stsl_interfaces/msg
[59.950s] -- Installing: /home/ubuntu/rj_training_container/training_ws/install/stsl_interfaces/include/stsl_interfaces/stsl_interfaces/msg/detail
[60.016s] -- Installing: /home/ubuntu/rj_training_container/training_ws/install/stsl_interfaces/include/stsl_interfaces/stsl_interfaces/msg/detail/mineral_deposit_array__functions.c
[60.164s] -- Installing: /home/ubuntu/rj_training_container/training_ws/install/stsl_interfaces/include/stsl_interfaces/stsl_interfaces/msg/detail/mineral_deposit_array__functions.h
[60.309s] -- Installing: /home/ubuntu/rj_training_container/training_ws/install/stsl_interfaces/include/stsl_interfaces/stsl_interfaces/msg/detail/mineral_deposit_array__struct.h
[60.457s] -- Installing: /home/ubuntu/rj_training_container/training_ws/install/stsl_interfaces/include/stsl_interfaces/stsl_interfaces/msg/detail/mineral_deposit_array__type_support.h
[60.602s] -- Installing: /home/ubuntu/rj_training_container/training_ws/install/stsl_interfaces/include/stsl_interfaces/stsl_interfaces/msg/detail/mineral_deposit_sample__functions.c
[60.745s] -- Installing: /home/ubuntu/rj_training_container/training_ws/install/stsl_interfaces/include/stsl_interfaces/stsl_interfaces/msg/detail/mineral_deposit_sample__functions.h
[60.874s] -- Installing: /home/ubuntu/rj_training_container/training_ws/install/stsl_interfaces/include/stsl_interfaces/stsl_interfaces/msg/detail/mineral_deposit_sample__struct.h
[61.018s] -- Installing: /home/ubuntu/rj_training_container/training_ws/install/stsl_interfaces/include/stsl_interfaces/stsl_interfaces/msg/detail/mineral_deposit_sample__type_support.h
[61.163s] -- Installing: /home/ubuntu/rj_training_container/training_ws/install/stsl_interfaces/include/stsl_interfaces/stsl_interfaces/msg/detail/mineral_deposit__functions.c
[61.305s] -- Installing: /home/ubuntu/rj_training_container/training_ws/install/stsl_interfaces/include/stsl_interfaces/stsl_interfaces/msg/detail/mineral_deposit__functions.h
[61.435s] -- Installing: /home/ubuntu/rj_training_container/training_ws/install/stsl_interfaces/include/stsl_interfaces/stsl_interfaces/msg/detail/mineral_deposit__struct.h
[61.587s] -- Installing: /home/ubuntu/rj_training_container/training_ws/install/stsl_interfaces/include/stsl_interfaces/stsl_interfaces/msg/detail/mineral_deposit__type_support.h
[61.756s] -- Installing: /home/ubuntu/rj_training_container/training_ws/install/stsl_interfaces/include/stsl_interfaces/stsl_interfaces/msg/detail/tag_array__functions.c
[61.912s] -- Installing: /home/ubuntu/rj_training_container/training_ws/install/stsl_interfaces/include/stsl_interfaces/stsl_interfaces/msg/detail/tag_array__functions.h
[62.067s] -- Installing: /home/ubuntu/rj_training_container/training_ws/install/stsl_interfaces/include/stsl_interfaces/stsl_interfaces/msg/detail/tag_array__struct.h
[62.234s] -- Installing: /home/ubuntu/rj_training_container/training_ws/install/stsl_interfaces/include/stsl_interfaces/stsl_interfaces/msg/detail/tag_array__type_support.h
[62.395s] -- Installing: /home/ubuntu/rj_training_container/training_ws/install/stsl_interfaces/include/stsl_interfaces/stsl_interfaces/msg/detail/tag__functions.c
[62.555s] -- Installing: /home/ubuntu/rj_training_container/training_ws/install/stsl_interfaces/include/stsl_interfaces/stsl_interfaces/msg/detail/tag__functions.h
[62.709s] -- Installing: /home/ubuntu/rj_training_container/training_ws/install/stsl_interfaces/include/stsl_interfaces/stsl_interfaces/msg/detail/tag__struct.h
[62.876s] -- Installing: /home/ubuntu/rj_training_container/training_ws/install/stsl_interfaces/include/stsl_interfaces/stsl_interfaces/msg/detail/tag__type_support.h
[63.025s] -- Installing: /home/ubuntu/rj_training_container/training_ws/install/stsl_interfaces/include/stsl_interfaces/stsl_interfaces/msg/mineral_deposit.h
[63.158s] -- Installing: /home/ubuntu/rj_training_container/training_ws/install/stsl_interfaces/include/stsl_interfaces/stsl_interfaces/msg/mineral_deposit_array.h
[63.296s] -- Installing: /home/ubuntu/rj_training_container/training_ws/install/stsl_interfaces/include/stsl_interfaces/stsl_interfaces/msg/mineral_deposit_sample.h
[63.437s] -- Installing: /home/ubuntu/rj_training_container/training_ws/install/stsl_interfaces/include/stsl_interfaces/stsl_interfaces/msg/rosidl_generator_c__visibility_control.h
[63.573s] -- Installing: /home/ubuntu/rj_training_container/training_ws/install/stsl_interfaces/include/stsl_interfaces/stsl_interfaces/msg/tag.h
[63.707s] -- Installing: /home/ubuntu/rj_training_container/training_ws/install/stsl_interfaces/include/stsl_interfaces/stsl_interfaces/msg/tag_array.h
[63.830s] -- Installing: /home/ubuntu/rj_training_container/training_ws/install/stsl_interfaces/include/stsl_interfaces/stsl_interfaces/srv
[63.884s] -- Installing: /home/ubuntu/rj_training_container/training_ws/install/stsl_interfaces/include/stsl_interfaces/stsl_interfaces/srv/detail
[63.957s] -- Installing: /home/ubuntu/rj_training_container/training_ws/install/stsl_interfaces/include/stsl_interfaces/stsl_interfaces/srv/detail/reset_mineral_deposit_tracking__functions.c
[64.115s] -- Installing: /home/ubuntu/rj_training_container/training_ws/install/stsl_interfaces/include/stsl_interfaces/stsl_interfaces/srv/detail/reset_mineral_deposit_tracking__functions.h
[64.271s] -- Installing: /home/ubuntu/rj_training_container/training_ws/install/stsl_interfaces/include/stsl_interfaces/stsl_interfaces/srv/detail/reset_mineral_deposit_tracking__struct.h
[64.442s] -- Installing: /home/ubuntu/rj_training_container/training_ws/install/stsl_interfaces/include/stsl_interfaces/stsl_interfaces/srv/detail/reset_mineral_deposit_tracking__type_support.h
[64.598s] -- Installing: /home/ubuntu/rj_training_container/training_ws/install/stsl_interfaces/include/stsl_interfaces/stsl_interfaces/srv/detail/sample_elevation__functions.c
[64.754s] -- Installing: /home/ubuntu/rj_training_container/training_ws/install/stsl_interfaces/include/stsl_interfaces/stsl_interfaces/srv/detail/sample_elevation__functions.h
[64.922s] -- Installing: /home/ubuntu/rj_training_container/training_ws/install/stsl_interfaces/include/stsl_interfaces/stsl_interfaces/srv/detail/sample_elevation__struct.h
[65.074s] -- Installing: /home/ubuntu/rj_training_container/training_ws/install/stsl_interfaces/include/stsl_interfaces/stsl_interfaces/srv/detail/sample_elevation__type_support.h
[65.222s] -- Installing: /home/ubuntu/rj_training_container/training_ws/install/stsl_interfaces/include/stsl_interfaces/stsl_interfaces/srv/reset_mineral_deposit_tracking.h
[65.354s] -- Installing: /home/ubuntu/rj_training_container/training_ws/install/stsl_interfaces/include/stsl_interfaces/stsl_interfaces/srv/sample_elevation.h
[65.494s] -- Installing: /home/ubuntu/rj_training_container/training_ws/install/stsl_interfaces/share/stsl_interfaces/environment/library_path.sh
[65.602s] -- Installing: /home/ubuntu/rj_training_container/training_ws/install/stsl_interfaces/share/stsl_interfaces/environment/library_path.dsv
[65.700s] -- Installing: /home/ubuntu/rj_training_container/training_ws/install/stsl_interfaces/lib/libstsl_interfaces__rosidl_generator_c.so
[65.855s] -- Set runtime path of "/home/ubuntu/rj_training_container/training_ws/install/stsl_interfaces/lib/libstsl_interfaces__rosidl_generator_c.so" to ""
[65.874s] -- Up-to-date: /home/ubuntu/rj_training_container/training_ws/install/stsl_interfaces/include/stsl_interfaces/stsl_interfaces
[65.917s] -- Up-to-date: /home/ubuntu/rj_training_container/training_ws/install/stsl_interfaces/include/stsl_interfaces/stsl_interfaces/action
[65.960s] -- Up-to-date: /home/ubuntu/rj_training_container/training_ws/install/stsl_interfaces/include/stsl_interfaces/stsl_interfaces/action/detail
[66.016s] -- Installing: /home/ubuntu/rj_training_container/training_ws/install/stsl_interfaces/include/stsl_interfaces/stsl_interfaces/action/detail/execute_mission__rosidl_typesupport_fastrtps_c.h
[66.174s] -- Installing: /home/ubuntu/rj_training_container/training_ws/install/stsl_interfaces/include/stsl_interfaces/stsl_interfaces/action/detail/park_at_peak__rosidl_typesupport_fastrtps_c.h
[66.317s] -- Up-to-date: /home/ubuntu/rj_training_container/training_ws/install/stsl_interfaces/include/stsl_interfaces/stsl_interfaces/msg
[66.360s] -- Up-to-date: /home/ubuntu/rj_training_container/training_ws/install/stsl_interfaces/include/stsl_interfaces/stsl_interfaces/msg/detail
[66.414s] -- Installing: /home/ubuntu/rj_training_container/training_ws/install/stsl_interfaces/include/stsl_interfaces/stsl_interfaces/msg/detail/mineral_deposit_array__rosidl_typesupport_fastrtps_c.h
[66.573s] -- Installing: /home/ubuntu/rj_training_container/training_ws/install/stsl_interfaces/include/stsl_interfaces/stsl_interfaces/msg/detail/mineral_deposit_sample__rosidl_typesupport_fastrtps_c.h
[66.715s] -- Installing: /home/ubuntu/rj_training_container/training_ws/install/stsl_interfaces/include/stsl_interfaces/stsl_interfaces/msg/detail/mineral_deposit__rosidl_typesupport_fastrtps_c.h
[66.858s] -- Installing: /home/ubuntu/rj_training_container/training_ws/install/stsl_interfaces/include/stsl_interfaces/stsl_interfaces/msg/detail/tag_array__rosidl_typesupport_fastrtps_c.h
[67.000s] -- Installing: /home/ubuntu/rj_training_container/training_ws/install/stsl_interfaces/include/stsl_interfaces/stsl_interfaces/msg/detail/tag__rosidl_typesupport_fastrtps_c.h
[67.143s] -- Installing: /home/ubuntu/rj_training_container/training_ws/install/stsl_interfaces/include/stsl_interfaces/stsl_interfaces/msg/rosidl_typesupport_fastrtps_c__visibility_control.h
[67.262s] -- Up-to-date: /home/ubuntu/rj_training_container/training_ws/install/stsl_interfaces/include/stsl_interfaces/stsl_interfaces/srv
[67.300s] -- Up-to-date: /home/ubuntu/rj_training_container/training_ws/install/stsl_interfaces/include/stsl_interfaces/stsl_interfaces/srv/detail
[67.351s] -- Installing: /home/ubuntu/rj_training_container/training_ws/install/stsl_interfaces/include/stsl_interfaces/stsl_interfaces/srv/detail/reset_mineral_deposit_tracking__rosidl_typesupport_fastrtps_c.h
[67.500s] -- Installing: /home/ubuntu/rj_training_container/training_ws/install/stsl_interfaces/include/stsl_interfaces/stsl_interfaces/srv/detail/sample_elevation__rosidl_typesupport_fastrtps_c.h
[67.627s] -- Installing: /home/ubuntu/rj_training_container/training_ws/install/stsl_interfaces/lib/libstsl_interfaces__rosidl_typesupport_fastrtps_c.so
[67.764s] -- Set runtime path of "/home/ubuntu/rj_training_container/training_ws/install/stsl_interfaces/lib/libstsl_interfaces__rosidl_typesupport_fastrtps_c.so" to ""
[67.781s] -- Up-to-date: /home/ubuntu/rj_training_container/training_ws/install/stsl_interfaces/include/stsl_interfaces/stsl_interfaces
[67.817s] -- Up-to-date: /home/ubuntu/rj_training_container/training_ws/install/stsl_interfaces/include/stsl_interfaces/stsl_interfaces/action
[67.861s] -- Up-to-date: /home/ubuntu/rj_training_container/training_ws/install/stsl_interfaces/include/stsl_interfaces/stsl_interfaces/action/detail
[67.919s] -- Installing: /home/ubuntu/rj_training_container/training_ws/install/stsl_interfaces/include/stsl_interfaces/stsl_interfaces/action/detail/execute_mission__rosidl_typesupport_introspection_c.h
[68.087s] -- Installing: /home/ubuntu/rj_training_container/training_ws/install/stsl_interfaces/include/stsl_interfaces/stsl_interfaces/action/detail/execute_mission__type_support.c
[68.244s] -- Installing: /home/ubuntu/rj_training_container/training_ws/install/stsl_interfaces/include/stsl_interfaces/stsl_interfaces/action/detail/park_at_peak__rosidl_typesupport_introspection_c.h
[68.395s] -- Installing: /home/ubuntu/rj_training_container/training_ws/install/stsl_interfaces/include/stsl_interfaces/stsl_interfaces/action/detail/park_at_peak__type_support.c
[68.538s] -- Up-to-date: /home/ubuntu/rj_training_container/training_ws/install/stsl_interfaces/include/stsl_interfaces/stsl_interfaces/msg
[68.580s] -- Up-to-date: /home/ubuntu/rj_training_container/training_ws/install/stsl_interfaces/include/stsl_interfaces/stsl_interfaces/msg/detail
[68.634s] -- Installing: /home/ubuntu/rj_training_container/training_ws/install/stsl_interfaces/include/stsl_interfaces/stsl_interfaces/msg/detail/mineral_deposit_array__rosidl_typesupport_introspection_c.h
[68.786s] -- Installing: /home/ubuntu/rj_training_container/training_ws/install/stsl_interfaces/include/stsl_interfaces/stsl_interfaces/msg/detail/mineral_deposit_array__type_support.c
[68.941s] -- Installing: /home/ubuntu/rj_training_container/training_ws/install/stsl_interfaces/include/stsl_interfaces/stsl_interfaces/msg/detail/mineral_deposit_sample__rosidl_typesupport_introspection_c.h
[69.095s] -- Installing: /home/ubuntu/rj_training_container/training_ws/install/stsl_interfaces/include/stsl_interfaces/stsl_interfaces/msg/detail/mineral_deposit_sample__type_support.c
[69.254s] -- Installing: /home/ubuntu/rj_training_container/training_ws/install/stsl_interfaces/include/stsl_interfaces/stsl_interfaces/msg/detail/mineral_deposit__rosidl_typesupport_introspection_c.h
[69.412s] -- Installing: /home/ubuntu/rj_training_container/training_ws/install/stsl_interfaces/include/stsl_interfaces/stsl_interfaces/msg/detail/mineral_deposit__type_support.c
[69.577s] -- Installing: /home/ubuntu/rj_training_container/training_ws/install/stsl_interfaces/include/stsl_interfaces/stsl_interfaces/msg/detail/tag_array__rosidl_typesupport_introspection_c.h
[69.734s] -- Installing: /home/ubuntu/rj_training_container/training_ws/install/stsl_interfaces/include/stsl_interfaces/stsl_interfaces/msg/detail/tag_array__type_support.c
[69.889s] -- Installing: /home/ubuntu/rj_training_container/training_ws/install/stsl_interfaces/include/stsl_interfaces/stsl_interfaces/msg/detail/tag__rosidl_typesupport_introspection_c.h
[70.041s] -- Installing: /home/ubuntu/rj_training_container/training_ws/install/stsl_interfaces/include/stsl_interfaces/stsl_interfaces/msg/detail/tag__type_support.c
[70.185s] -- Installing: /home/ubuntu/rj_training_container/training_ws/install/stsl_interfaces/include/stsl_interfaces/stsl_interfaces/msg/rosidl_typesupport_introspection_c__visibility_control.h
[70.309s] -- Up-to-date: /home/ubuntu/rj_training_container/training_ws/install/stsl_interfaces/include/stsl_interfaces/stsl_interfaces/srv
[70.351s] -- Up-to-date: /home/ubuntu/rj_training_container/training_ws/install/stsl_interfaces/include/stsl_interfaces/stsl_interfaces/srv/detail
[70.407s] -- Installing: /home/ubuntu/rj_training_container/training_ws/install/stsl_interfaces/include/stsl_interfaces/stsl_interfaces/srv/detail/reset_mineral_deposit_tracking__rosidl_typesupport_introspection_c.h
[70.553s] -- Installing: /home/ubuntu/rj_training_container/training_ws/install/stsl_interfaces/include/stsl_interfaces/stsl_interfaces/srv/detail/reset_mineral_deposit_tracking__type_support.c
[70.707s] -- Installing: /home/ubuntu/rj_training_container/training_ws/install/stsl_interfaces/include/stsl_interfaces/stsl_interfaces/srv/detail/sample_elevation__rosidl_typesupport_introspection_c.h
[70.862s] -- Installing: /home/ubuntu/rj_training_container/training_ws/install/stsl_interfaces/include/stsl_interfaces/stsl_interfaces/srv/detail/sample_elevation__type_support.c
[71.006s] -- Installing: /home/ubuntu/rj_training_container/training_ws/install/stsl_interfaces/lib/libstsl_interfaces__rosidl_typesupport_introspection_c.so
[71.132s] -- Set runtime path of "/home/ubuntu/rj_training_container/training_ws/install/stsl_interfaces/lib/libstsl_interfaces__rosidl_typesupport_introspection_c.so" to ""
[71.151s] -- Installing: /home/ubuntu/rj_training_container/training_ws/install/stsl_interfaces/lib/libstsl_interfaces__rosidl_typesupport_c.so
[71.263s] -- Set runtime path of "/home/ubuntu/rj_training_container/training_ws/install/stsl_interfaces/lib/libstsl_interfaces__rosidl_typesupport_c.so" to ""
[71.276s] -- Up-to-date: /home/ubuntu/rj_training_container/training_ws/install/stsl_interfaces/include/stsl_interfaces/stsl_interfaces
[71.306s] -- Up-to-date: /home/ubuntu/rj_training_container/training_ws/install/stsl_interfaces/include/stsl_interfaces/stsl_interfaces/action
[71.342s] -- Up-to-date: /home/ubuntu/rj_training_container/training_ws/install/stsl_interfaces/include/stsl_interfaces/stsl_interfaces/action/detail
[71.394s] -- Installing: /home/ubuntu/rj_training_container/training_ws/install/stsl_interfaces/include/stsl_interfaces/stsl_interfaces/action/detail/execute_mission__builder.hpp
[71.528s] -- Installing: /home/ubuntu/rj_training_container/training_ws/install/stsl_interfaces/include/stsl_interfaces/stsl_interfaces/action/detail/execute_mission__struct.hpp
[71.668s] -- Installing: /home/ubuntu/rj_training_container/training_ws/install/stsl_interfaces/include/stsl_interfaces/stsl_interfaces/action/detail/execute_mission__traits.hpp
[71.800s] -- Installing: /home/ubuntu/rj_training_container/training_ws/install/stsl_interfaces/include/stsl_interfaces/stsl_interfaces/action/detail/park_at_peak__builder.hpp
[71.931s] -- Installing: /home/ubuntu/rj_training_container/training_ws/install/stsl_interfaces/include/stsl_interfaces/stsl_interfaces/action/detail/park_at_peak__struct.hpp
[72.081s] -- Installing: /home/ubuntu/rj_training_container/training_ws/install/stsl_interfaces/include/stsl_interfaces/stsl_interfaces/action/detail/park_at_peak__traits.hpp
[72.213s] -- Installing: /home/ubuntu/rj_training_container/training_ws/install/stsl_interfaces/include/stsl_interfaces/stsl_interfaces/action/execute_mission.hpp
[72.330s] -- Installing: /home/ubuntu/rj_training_container/training_ws/install/stsl_interfaces/include/stsl_interfaces/stsl_interfaces/action/park_at_peak.hpp
[72.441s] -- Up-to-date: /home/ubuntu/rj_training_container/training_ws/install/stsl_interfaces/include/stsl_interfaces/stsl_interfaces/msg
[72.480s] -- Up-to-date: /home/ubuntu/rj_training_container/training_ws/install/stsl_interfaces/include/stsl_interfaces/stsl_interfaces/msg/detail
[72.528s] -- Installing: /home/ubuntu/rj_training_container/training_ws/install/stsl_interfaces/include/stsl_interfaces/stsl_interfaces/msg/detail/mineral_deposit_array__builder.hpp
[72.668s] -- Installing: /home/ubuntu/rj_training_container/training_ws/install/stsl_interfaces/include/stsl_interfaces/stsl_interfaces/msg/detail/mineral_deposit_array__struct.hpp
[72.800s] -- Installing: /home/ubuntu/rj_training_container/training_ws/install/stsl_interfaces/include/stsl_interfaces/stsl_interfaces/msg/detail/mineral_deposit_array__traits.hpp
[72.939s] -- Installing: /home/ubuntu/rj_training_container/training_ws/install/stsl_interfaces/include/stsl_interfaces/stsl_interfaces/msg/detail/mineral_deposit_sample__builder.hpp
[73.081s] -- Installing: /home/ubuntu/rj_training_container/training_ws/install/stsl_interfaces/include/stsl_interfaces/stsl_interfaces/msg/detail/mineral_deposit_sample__struct.hpp
[73.212s] -- Installing: /home/ubuntu/rj_training_container/training_ws/install/stsl_interfaces/include/stsl_interfaces/stsl_interfaces/msg/detail/mineral_deposit_sample__traits.hpp
[73.339s] -- Installing: /home/ubuntu/rj_training_container/training_ws/install/stsl_interfaces/include/stsl_interfaces/stsl_interfaces/msg/detail/mineral_deposit__builder.hpp
[73.478s] -- Installing: /home/ubuntu/rj_training_container/training_ws/install/stsl_interfaces/include/stsl_interfaces/stsl_interfaces/msg/detail/mineral_deposit__struct.hpp
[73.604s] -- Installing: /home/ubuntu/rj_training_container/training_ws/install/stsl_interfaces/include/stsl_interfaces/stsl_interfaces/msg/detail/mineral_deposit__traits.hpp
[73.736s] -- Installing: /home/ubuntu/rj_training_container/training_ws/install/stsl_interfaces/include/stsl_interfaces/stsl_interfaces/msg/detail/tag_array__builder.hpp
[73.867s] -- Installing: /home/ubuntu/rj_training_container/training_ws/install/stsl_interfaces/include/stsl_interfaces/stsl_interfaces/msg/detail/tag_array__struct.hpp
[74.006s] -- Installing: /home/ubuntu/rj_training_container/training_ws/install/stsl_interfaces/include/stsl_interfaces/stsl_interfaces/msg/detail/tag_array__traits.hpp
[74.143s] -- Installing: /home/ubuntu/rj_training_container/training_ws/install/stsl_interfaces/include/stsl_interfaces/stsl_interfaces/msg/detail/tag__builder.hpp
[74.272s] -- Installing: /home/ubuntu/rj_training_container/training_ws/install/stsl_interfaces/include/stsl_interfaces/stsl_interfaces/msg/detail/tag__struct.hpp
[74.415s] -- Installing: /home/ubuntu/rj_training_container/training_ws/install/stsl_interfaces/include/stsl_interfaces/stsl_interfaces/msg/detail/tag__traits.hpp
[74.556s] -- Installing: /home/ubuntu/rj_training_container/training_ws/install/stsl_interfaces/include/stsl_interfaces/stsl_interfaces/msg/mineral_deposit.hpp
[74.680s] -- Installing: /home/ubuntu/rj_training_container/training_ws/install/stsl_interfaces/include/stsl_interfaces/stsl_interfaces/msg/mineral_deposit_array.hpp
[74.793s] -- Installing: /home/ubuntu/rj_training_container/training_ws/install/stsl_interfaces/include/stsl_interfaces/stsl_interfaces/msg/mineral_deposit_sample.hpp
[74.912s] -- Installing: /home/ubuntu/rj_training_container/training_ws/install/stsl_interfaces/include/stsl_interfaces/stsl_interfaces/msg/tag.hpp
[75.031s] -- Installing: /home/ubuntu/rj_training_container/training_ws/install/stsl_interfaces/include/stsl_interfaces/stsl_interfaces/msg/tag_array.hpp
[75.137s] -- Up-to-date: /home/ubuntu/rj_training_container/training_ws/install/stsl_interfaces/include/stsl_interfaces/stsl_interfaces/srv
[75.176s] -- Up-to-date: /home/ubuntu/rj_training_container/training_ws/install/stsl_interfaces/include/stsl_interfaces/stsl_interfaces/srv/detail
[75.229s] -- Installing: /home/ubuntu/rj_training_container/training_ws/install/stsl_interfaces/include/stsl_interfaces/stsl_interfaces/srv/detail/reset_mineral_deposit_tracking__builder.hpp
[75.369s] -- Installing: /home/ubuntu/rj_training_container/training_ws/install/stsl_interfaces/include/stsl_interfaces/stsl_interfaces/srv/detail/reset_mineral_deposit_tracking__struct.hpp
[75.515s] -- Installing: /home/ubuntu/rj_training_container/training_ws/install/stsl_interfaces/include/stsl_interfaces/stsl_interfaces/srv/detail/reset_mineral_deposit_tracking__traits.hpp
[75.665s] -- Installing: /home/ubuntu/rj_training_container/training_ws/install/stsl_interfaces/include/stsl_interfaces/stsl_interfaces/srv/detail/sample_elevation__builder.hpp
[75.806s] -- Installing: /home/ubuntu/rj_training_container/training_ws/install/stsl_interfaces/include/stsl_interfaces/stsl_interfaces/srv/detail/sample_elevation__struct.hpp
[75.945s] -- Installing: /home/ubuntu/rj_training_container/training_ws/install/stsl_interfaces/include/stsl_interfaces/stsl_interfaces/srv/detail/sample_elevation__traits.hpp
[76.081s] -- Installing: /home/ubuntu/rj_training_container/training_ws/install/stsl_interfaces/include/stsl_interfaces/stsl_interfaces/srv/reset_mineral_deposit_tracking.hpp
[76.204s] -- Installing: /home/ubuntu/rj_training_container/training_ws/install/stsl_interfaces/include/stsl_interfaces/stsl_interfaces/srv/sample_elevation.hpp
[76.318s] -- Up-to-date: /home/ubuntu/rj_training_container/training_ws/install/stsl_interfaces/include/stsl_interfaces/stsl_interfaces
[76.349s] -- Up-to-date: /home/ubuntu/rj_training_container/training_ws/install/stsl_interfaces/include/stsl_interfaces/stsl_interfaces/action
[76.393s] -- Up-to-date: /home/ubuntu/rj_training_container/training_ws/install/stsl_interfaces/include/stsl_interfaces/stsl_interfaces/action/detail
[76.440s] -- Installing: /home/ubuntu/rj_training_container/training_ws/install/stsl_interfaces/include/stsl_interfaces/stsl_interfaces/action/detail/dds_fastrtps
[76.511s] -- Installing: /home/ubuntu/rj_training_container/training_ws/install/stsl_interfaces/include/stsl_interfaces/stsl_interfaces/action/detail/execute_mission__rosidl_typesupport_fastrtps_cpp.hpp
[76.650s] -- Installing: /home/ubuntu/rj_training_container/training_ws/install/stsl_interfaces/include/stsl_interfaces/stsl_interfaces/action/detail/park_at_peak__rosidl_typesupport_fastrtps_cpp.hpp
[76.774s] -- Up-to-date: /home/ubuntu/rj_training_container/training_ws/install/stsl_interfaces/include/stsl_interfaces/stsl_interfaces/msg
[76.812s] -- Up-to-date: /home/ubuntu/rj_training_container/training_ws/install/stsl_interfaces/include/stsl_interfaces/stsl_interfaces/msg/detail
[76.853s] -- Installing: /home/ubuntu/rj_training_container/training_ws/install/stsl_interfaces/include/stsl_interfaces/stsl_interfaces/msg/detail/dds_fastrtps
[76.922s] -- Installing: /home/ubuntu/rj_training_container/training_ws/install/stsl_interfaces/include/stsl_interfaces/stsl_interfaces/msg/detail/mineral_deposit_array__rosidl_typesupport_fastrtps_cpp.hpp
[77.058s] -- Installing: /home/ubuntu/rj_training_container/training_ws/install/stsl_interfaces/include/stsl_interfaces/stsl_interfaces/msg/detail/mineral_deposit_sample__rosidl_typesupport_fastrtps_cpp.hpp
[77.194s] -- Installing: /home/ubuntu/rj_training_container/training_ws/install/stsl_interfaces/include/stsl_interfaces/stsl_interfaces/msg/detail/mineral_deposit__rosidl_typesupport_fastrtps_cpp.hpp
[77.320s] -- Installing: /home/ubuntu/rj_training_container/training_ws/install/stsl_interfaces/include/stsl_interfaces/stsl_interfaces/msg/detail/tag_array__rosidl_typesupport_fastrtps_cpp.hpp
[77.460s] -- Installing: /home/ubuntu/rj_training_container/training_ws/install/stsl_interfaces/include/stsl_interfaces/stsl_interfaces/msg/detail/tag__rosidl_typesupport_fastrtps_cpp.hpp
[77.597s] -- Installing: /home/ubuntu/rj_training_container/training_ws/install/stsl_interfaces/include/stsl_interfaces/stsl_interfaces/msg/rosidl_typesupport_fastrtps_cpp__visibility_control.h
[77.701s] -- Up-to-date: /home/ubuntu/rj_training_container/training_ws/install/stsl_interfaces/include/stsl_interfaces/stsl_interfaces/srv
[77.735s] -- Up-to-date: /home/ubuntu/rj_training_container/training_ws/install/stsl_interfaces/include/stsl_interfaces/stsl_interfaces/srv/detail
[77.774s] -- Installing: /home/ubuntu/rj_training_container/training_ws/install/stsl_interfaces/include/stsl_interfaces/stsl_interfaces/srv/detail/dds_fastrtps
[77.841s] -- Installing: /home/ubuntu/rj_training_container/training_ws/install/stsl_interfaces/include/stsl_interfaces/stsl_interfaces/srv/detail/reset_mineral_deposit_tracking__rosidl_typesupport_fastrtps_cpp.hpp
[77.954s] -- Installing: /home/ubuntu/rj_training_container/training_ws/install/stsl_interfaces/include/stsl_interfaces/stsl_interfaces/srv/detail/sample_elevation__rosidl_typesupport_fastrtps_cpp.hpp
[78.084s] -- Installing: /home/ubuntu/rj_training_container/training_ws/install/stsl_interfaces/lib/libstsl_interfaces__rosidl_typesupport_fastrtps_cpp.so
[78.224s] -- Set runtime path of "/home/ubuntu/rj_training_container/training_ws/install/stsl_interfaces/lib/libstsl_interfaces__rosidl_typesupport_fastrtps_cpp.so" to ""
[78.237s] -- Up-to-date: /home/ubuntu/rj_training_container/training_ws/install/stsl_interfaces/include/stsl_interfaces/stsl_interfaces
[78.264s] -- Up-to-date: /home/ubuntu/rj_training_container/training_ws/install/stsl_interfaces/include/stsl_interfaces/stsl_interfaces/action
[78.300s] -- Up-to-date: /home/ubuntu/rj_training_container/training_ws/install/stsl_interfaces/include/stsl_interfaces/stsl_interfaces/action/detail
[78.344s] -- Installing: /home/ubuntu/rj_training_container/training_ws/install/stsl_interfaces/include/stsl_interfaces/stsl_interfaces/action/detail/execute_mission__rosidl_typesupport_introspection_cpp.hpp
[78.458s] -- Installing: /home/ubuntu/rj_training_container/training_ws/install/stsl_interfaces/include/stsl_interfaces/stsl_interfaces/action/detail/execute_mission__type_support.cpp
[78.592s] -- Installing: /home/ubuntu/rj_training_container/training_ws/install/stsl_interfaces/include/stsl_interfaces/stsl_interfaces/action/detail/park_at_peak__rosidl_typesupport_introspection_cpp.hpp
[78.711s] -- Installing: /home/ubuntu/rj_training_container/training_ws/install/stsl_interfaces/include/stsl_interfaces/stsl_interfaces/action/detail/park_at_peak__type_support.cpp
[78.836s] -- Up-to-date: /home/ubuntu/rj_training_container/training_ws/install/stsl_interfaces/include/stsl_interfaces/stsl_interfaces/msg
[78.872s] -- Up-to-date: /home/ubuntu/rj_training_container/training_ws/install/stsl_interfaces/include/stsl_interfaces/stsl_interfaces/msg/detail
[78.918s] -- Installing: /home/ubuntu/rj_training_container/training_ws/install/stsl_interfaces/include/stsl_interfaces/stsl_interfaces/msg/detail/mineral_deposit_array__rosidl_typesupport_introspection_cpp.hpp
[79.038s] -- Installing: /home/ubuntu/rj_training_container/training_ws/install/stsl_interfaces/include/stsl_interfaces/stsl_interfaces/msg/detail/mineral_deposit_array__type_support.cpp
[79.177s] -- Installing: /home/ubuntu/rj_training_container/training_ws/install/stsl_interfaces/include/stsl_interfaces/stsl_interfaces/msg/detail/mineral_deposit_sample__rosidl_typesupport_introspection_cpp.hpp
[79.307s] -- Installing: /home/ubuntu/rj_training_container/training_ws/install/stsl_interfaces/include/stsl_interfaces/stsl_interfaces/msg/detail/mineral_deposit_sample__type_support.cpp
[79.477s] -- Installing: /home/ubuntu/rj_training_container/training_ws/install/stsl_interfaces/include/stsl_interfaces/stsl_interfaces/msg/detail/mineral_deposit__rosidl_typesupport_introspection_cpp.hpp
[79.618s] -- Installing: /home/ubuntu/rj_training_container/training_ws/install/stsl_interfaces/include/stsl_interfaces/stsl_interfaces/msg/detail/mineral_deposit__type_support.cpp
[79.745s] -- Installing: /home/ubuntu/rj_training_container/training_ws/install/stsl_interfaces/include/stsl_interfaces/stsl_interfaces/msg/detail/tag_array__rosidl_typesupport_introspection_cpp.hpp
[79.871s] -- Installing: /home/ubuntu/rj_training_container/training_ws/install/stsl_interfaces/include/stsl_interfaces/stsl_interfaces/msg/detail/tag_array__type_support.cpp
[80.001s] -- Installing: /home/ubuntu/rj_training_container/training_ws/install/stsl_interfaces/include/stsl_interfaces/stsl_interfaces/msg/detail/tag__rosidl_typesupport_introspection_cpp.hpp
[80.136s] -- Installing: /home/ubuntu/rj_training_container/training_ws/install/stsl_interfaces/include/stsl_interfaces/stsl_interfaces/msg/detail/tag__type_support.cpp
[80.240s] -- Up-to-date: /home/ubuntu/rj_training_container/training_ws/install/stsl_interfaces/include/stsl_interfaces/stsl_interfaces/srv
[80.268s] -- Up-to-date: /home/ubuntu/rj_training_container/training_ws/install/stsl_interfaces/include/stsl_interfaces/stsl_interfaces/srv/detail
[80.313s] -- Installing: /home/ubuntu/rj_training_container/training_ws/install/stsl_interfaces/include/stsl_interfaces/stsl_interfaces/srv/detail/reset_mineral_deposit_tracking__rosidl_typesupport_introspection_cpp.hpp
[80.427s] -- Installing: /home/ubuntu/rj_training_container/training_ws/install/stsl_interfaces/include/stsl_interfaces/stsl_interfaces/srv/detail/reset_mineral_deposit_tracking__type_support.cpp
[80.559s] -- Installing: /home/ubuntu/rj_training_container/training_ws/install/stsl_interfaces/include/stsl_interfaces/stsl_interfaces/srv/detail/sample_elevation__rosidl_typesupport_introspection_cpp.hpp
[80.684s] -- Installing: /home/ubuntu/rj_training_container/training_ws/install/stsl_interfaces/include/stsl_interfaces/stsl_interfaces/srv/detail/sample_elevation__type_support.cpp
[80.830s] -- Installing: /home/ubuntu/rj_training_container/training_ws/install/stsl_interfaces/lib/libstsl_interfaces__rosidl_typesupport_introspection_cpp.so
[80.957s] -- Set runtime path of "/home/ubuntu/rj_training_container/training_ws/install/stsl_interfaces/lib/libstsl_interfaces__rosidl_typesupport_introspection_cpp.so" to ""
[80.977s] -- Installing: /home/ubuntu/rj_training_container/training_ws/install/stsl_interfaces/lib/libstsl_interfaces__rosidl_typesupport_cpp.so
[81.104s] -- Set runtime path of "/home/ubuntu/rj_training_container/training_ws/install/stsl_interfaces/lib/libstsl_interfaces__rosidl_typesupport_cpp.so" to ""
[81.125s] -- Installing: /home/ubuntu/rj_training_container/training_ws/install/stsl_interfaces/share/stsl_interfaces/environment/pythonpath.sh
[81.218s] -- Installing: /home/ubuntu/rj_training_container/training_ws/install/stsl_interfaces/share/stsl_interfaces/environment/pythonpath.dsv
[81.296s] -- Installing: /home/ubuntu/rj_training_container/training_ws/install/stsl_interfaces/local/lib/python3.10/dist-packages/stsl_interfaces-0.1.0-py3.10.egg-info
[81.348s] -- Installing: /home/ubuntu/rj_training_container/training_ws/install/stsl_interfaces/local/lib/python3.10/dist-packages/stsl_interfaces-0.1.0-py3.10.egg-info/dependency_links.txt
[81.459s] -- Installing: /home/ubuntu/rj_training_container/training_ws/install/stsl_interfaces/local/lib/python3.10/dist-packages/stsl_interfaces-0.1.0-py3.10.egg-info/PKG-INFO
[81.586s] -- Installing: /home/ubuntu/rj_training_container/training_ws/install/stsl_interfaces/local/lib/python3.10/dist-packages/stsl_interfaces-0.1.0-py3.10.egg-info/SOURCES.txt
[81.719s] -- Installing: /home/ubuntu/rj_training_container/training_ws/install/stsl_interfaces/local/lib/python3.10/dist-packages/stsl_interfaces-0.1.0-py3.10.egg-info/top_level.txt
[81.840s] -- Installing: /home/ubuntu/rj_training_container/training_ws/install/stsl_interfaces/local/lib/python3.10/dist-packages/stsl_interfaces
[81.883s] -- Installing: /home/ubuntu/rj_training_container/training_ws/install/stsl_interfaces/local/lib/python3.10/dist-packages/stsl_interfaces/action
[81.948s] -- Installing: /home/ubuntu/rj_training_container/training_ws/install/stsl_interfaces/local/lib/python3.10/dist-packages/stsl_interfaces/action/_execute_mission.py
[82.162s] -- Installing: /home/ubuntu/rj_training_container/training_ws/install/stsl_interfaces/local/lib/python3.10/dist-packages/stsl_interfaces/action/_execute_mission_s.c
[82.296s] -- Installing: /home/ubuntu/rj_training_container/training_ws/install/stsl_interfaces/local/lib/python3.10/dist-packages/stsl_interfaces/action/_park_at_peak.py
[82.446s] -- Installing: /home/ubuntu/rj_training_container/training_ws/install/stsl_interfaces/local/lib/python3.10/dist-packages/stsl_interfaces/action/_park_at_peak_s.c
[82.570s] -- Installing: /home/ubuntu/rj_training_container/training_ws/install/stsl_interfaces/local/lib/python3.10/dist-packages/stsl_interfaces/action/__init__.py
[82.696s] -- Installing: /home/ubuntu/rj_training_container/training_ws/install/stsl_interfaces/local/lib/python3.10/dist-packages/stsl_interfaces/libstsl_interfaces__rosidl_generator_py.so
[82.807s] -- Installing: /home/ubuntu/rj_training_container/training_ws/install/stsl_interfaces/local/lib/python3.10/dist-packages/stsl_interfaces/msg
[82.885s] -- Installing: /home/ubuntu/rj_training_container/training_ws/install/stsl_interfaces/local/lib/python3.10/dist-packages/stsl_interfaces/msg/_mineral_deposit.py
[83.019s] -- Installing: /home/ubuntu/rj_training_container/training_ws/install/stsl_interfaces/local/lib/python3.10/dist-packages/stsl_interfaces/msg/_mineral_deposit_array.py
[83.160s] -- Installing: /home/ubuntu/rj_training_container/training_ws/install/stsl_interfaces/local/lib/python3.10/dist-packages/stsl_interfaces/msg/_mineral_deposit_array_s.c
[83.303s] -- Installing: /home/ubuntu/rj_training_container/training_ws/install/stsl_interfaces/local/lib/python3.10/dist-packages/stsl_interfaces/msg/_mineral_deposit_s.c
[83.443s] -- Installing: /home/ubuntu/rj_training_container/training_ws/install/stsl_interfaces/local/lib/python3.10/dist-packages/stsl_interfaces/msg/_mineral_deposit_sample.py
[83.568s] -- Installing: /home/ubuntu/rj_training_container/training_ws/install/stsl_interfaces/local/lib/python3.10/dist-packages/stsl_interfaces/msg/_mineral_deposit_sample_s.c
[83.699s] -- Installing: /home/ubuntu/rj_training_container/training_ws/install/stsl_interfaces/local/lib/python3.10/dist-packages/stsl_interfaces/msg/_tag.py
[83.832s] -- Installing: /home/ubuntu/rj_training_container/training_ws/install/stsl_interfaces/local/lib/python3.10/dist-packages/stsl_interfaces/msg/_tag_array.py
[83.967s] -- Installing: /home/ubuntu/rj_training_container/training_ws/install/stsl_interfaces/local/lib/python3.10/dist-packages/stsl_interfaces/msg/_tag_array_s.c
[84.105s] -- Installing: /home/ubuntu/rj_training_container/training_ws/install/stsl_interfaces/local/lib/python3.10/dist-packages/stsl_interfaces/msg/_tag_s.c
[84.234s] -- Installing: /home/ubuntu/rj_training_container/training_ws/install/stsl_interfaces/local/lib/python3.10/dist-packages/stsl_interfaces/msg/__init__.py
[84.351s] -- Installing: /home/ubuntu/rj_training_container/training_ws/install/stsl_interfaces/local/lib/python3.10/dist-packages/stsl_interfaces/srv
[84.427s] -- Installing: /home/ubuntu/rj_training_container/training_ws/install/stsl_interfaces/local/lib/python3.10/dist-packages/stsl_interfaces/srv/_reset_mineral_deposit_tracking.py
[84.545s] -- Installing: /home/ubuntu/rj_training_container/training_ws/install/stsl_interfaces/local/lib/python3.10/dist-packages/stsl_interfaces/srv/_reset_mineral_deposit_tracking_s.c
[84.681s] -- Installing: /home/ubuntu/rj_training_container/training_ws/install/stsl_interfaces/local/lib/python3.10/dist-packages/stsl_interfaces/srv/_sample_elevation.py
[84.825s] -- Installing: /home/ubuntu/rj_training_container/training_ws/install/stsl_interfaces/local/lib/python3.10/dist-packages/stsl_interfaces/srv/_sample_elevation_s.c
[84.947s] -- Installing: /home/ubuntu/rj_training_container/training_ws/install/stsl_interfaces/local/lib/python3.10/dist-packages/stsl_interfaces/srv/__init__.py
[85.062s] -- Installing: /home/ubuntu/rj_training_container/training_ws/install/stsl_interfaces/local/lib/python3.10/dist-packages/stsl_interfaces/stsl_interfaces_s__rosidl_typesupport_c.cpython-310-x86_64-linux-gnu.so
[85.170s] -- Installing: /home/ubuntu/rj_training_container/training_ws/install/stsl_interfaces/local/lib/python3.10/dist-packages/stsl_interfaces/stsl_interfaces_s__rosidl_typesupport_fastrtps_c.cpython-310-x86_64-linux-gnu.so
[85.286s] -- Installing: /home/ubuntu/rj_training_container/training_ws/install/stsl_interfaces/local/lib/python3.10/dist-packages/stsl_interfaces/stsl_interfaces_s__rosidl_typesupport_introspection_c.cpython-310-x86_64-linux-gnu.so
[85.397s] -- Installing: /home/ubuntu/rj_training_container/training_ws/install/stsl_interfaces/local/lib/python3.10/dist-packages/stsl_interfaces/_stsl_interfaces_s.ep.rosidl_typesupport_c.c
[85.514s] -- Installing: /home/ubuntu/rj_training_container/training_ws/install/stsl_interfaces/local/lib/python3.10/dist-packages/stsl_interfaces/_stsl_interfaces_s.ep.rosidl_typesupport_fastrtps_c.c
[85.652s] -- Installing: /home/ubuntu/rj_training_container/training_ws/install/stsl_interfaces/local/lib/python3.10/dist-packages/stsl_interfaces/_stsl_interfaces_s.ep.rosidl_typesupport_introspection_c.c
[85.778s] -- Installing: /home/ubuntu/rj_training_container/training_ws/install/stsl_interfaces/local/lib/python3.10/dist-packages/stsl_interfaces/__init__.py
[87.267s] Listing '/home/ubuntu/rj_training_container/training_ws/install/stsl_interfaces/local/lib/python3.10/dist-packages/stsl_interfaces'...
[87.268s] Compiling '/home/ubuntu/rj_training_container/training_ws/install/stsl_interfaces/local/lib/python3.10/dist-packages/stsl_interfaces/__init__.py'...
[87.270s] Listing '/home/ubuntu/rj_training_container/training_ws/install/stsl_interfaces/local/lib/python3.10/dist-packages/stsl_interfaces/action'...
[87.271s] Compiling '/home/ubuntu/rj_training_container/training_ws/install/stsl_interfaces/local/lib/python3.10/dist-packages/stsl_interfaces/action/__init__.py'...
[87.272s] Compiling '/home/ubuntu/rj_training_container/training_ws/install/stsl_interfaces/local/lib/python3.10/dist-packages/stsl_interfaces/action/_execute_mission.py'...
[87.273s] Compiling '/home/ubuntu/rj_training_container/training_ws/install/stsl_interfaces/local/lib/python3.10/dist-packages/stsl_interfaces/action/_park_at_peak.py'...
[87.275s] Listing '/home/ubuntu/rj_training_container/training_ws/install/stsl_interfaces/local/lib/python3.10/dist-packages/stsl_interfaces/msg'...
[87.276s] Compiling '/home/ubuntu/rj_training_container/training_ws/install/stsl_interfaces/local/lib/python3.10/dist-packages/stsl_interfaces/msg/__init__.py'...
[87.277s] Compiling '/home/ubuntu/rj_training_container/training_ws/install/stsl_interfaces/local/lib/python3.10/dist-packages/stsl_interfaces/msg/_mineral_deposit.py'...
[87.278s] Compiling '/home/ubuntu/rj_training_container/training_ws/install/stsl_interfaces/local/lib/python3.10/dist-packages/stsl_interfaces/msg/_mineral_deposit_array.py'...
[87.279s] Compiling '/home/ubuntu/rj_training_container/training_ws/install/stsl_interfaces/local/lib/python3.10/dist-packages/stsl_interfaces/msg/_mineral_deposit_sample.py'...
[87.280s] Compiling '/home/ubuntu/rj_training_container/training_ws/install/stsl_interfaces/local/lib/python3.10/dist-packages/stsl_interfaces/msg/_tag.py'...
[87.281s] Compiling '/home/ubuntu/rj_training_container/training_ws/install/stsl_interfaces/local/lib/python3.10/dist-packages/stsl_interfaces/msg/_tag_array.py'...
[87.282s] Listing '/home/ubuntu/rj_training_container/training_ws/install/stsl_interfaces/local/lib/python3.10/dist-packages/stsl_interfaces/srv'...
[87.283s] Compiling '/home/ubuntu/rj_training_container/training_ws/install/stsl_interfaces/local/lib/python3.10/dist-packages/stsl_interfaces/srv/__init__.py'...
[87.284s] Compiling '/home/ubuntu/rj_training_container/training_ws/install/stsl_interfaces/local/lib/python3.10/dist-packages/stsl_interfaces/srv/_reset_mineral_deposit_tracking.py'...
[87.286s] Compiling '/home/ubuntu/rj_training_container/training_ws/install/stsl_interfaces/local/lib/python3.10/dist-packages/stsl_interfaces/srv/_sample_elevation.py'...
[87.352s] -- Installing: /home/ubuntu/rj_training_container/training_ws/install/stsl_interfaces/local/lib/python3.10/dist-packages/stsl_interfaces/stsl_interfaces_s__rosidl_typesupport_fastrtps_c.cpython-310-x86_64-linux-gnu.so
[87.537s] -- Set runtime path of "/home/ubuntu/rj_training_container/training_ws/install/stsl_interfaces/local/lib/python3.10/dist-packages/stsl_interfaces/stsl_interfaces_s__rosidl_typesupport_fastrtps_c.cpython-310-x86_64-linux-gnu.so" to ""
[87.632s] -- Installing: /home/ubuntu/rj_training_container/training_ws/install/stsl_interfaces/local/lib/python3.10/dist-packages/stsl_interfaces/stsl_interfaces_s__rosidl_typesupport_introspection_c.cpython-310-x86_64-linux-gnu.so
[87.813s] -- Set runtime path of "/home/ubuntu/rj_training_container/training_ws/install/stsl_interfaces/local/lib/python3.10/dist-packages/stsl_interfaces/stsl_interfaces_s__rosidl_typesupport_introspection_c.cpython-310-x86_64-linux-gnu.so" to ""
[87.895s] -- Installing: /home/ubuntu/rj_training_container/training_ws/install/stsl_interfaces/local/lib/python3.10/dist-packages/stsl_interfaces/stsl_interfaces_s__rosidl_typesupport_c.cpython-310-x86_64-linux-gnu.so
[88.074s] -- Set runtime path of "/home/ubuntu/rj_training_container/training_ws/install/stsl_interfaces/local/lib/python3.10/dist-packages/stsl_interfaces/stsl_interfaces_s__rosidl_typesupport_c.cpython-310-x86_64-linux-gnu.so" to ""
[88.102s] -- Installing: /home/ubuntu/rj_training_container/training_ws/install/stsl_interfaces/lib/libstsl_interfaces__rosidl_generator_py.so
[88.240s] -- Set runtime path of "/home/ubuntu/rj_training_container/training_ws/install/stsl_interfaces/lib/libstsl_interfaces__rosidl_generator_py.so" to ""
[88.288s] -- Installing: /home/ubuntu/rj_training_container/training_ws/install/stsl_interfaces/share/stsl_interfaces/msg/MineralDeposit.idl
[88.398s] -- Installing: /home/ubuntu/rj_training_container/training_ws/install/stsl_interfaces/share/stsl_interfaces/msg/MineralDepositArray.idl
[88.518s] -- Installing: /home/ubuntu/rj_training_container/training_ws/install/stsl_interfaces/share/stsl_interfaces/msg/MineralDepositSample.idl
[88.618s] -- Installing: /home/ubuntu/rj_training_container/training_ws/install/stsl_interfaces/share/stsl_interfaces/msg/Tag.idl
[88.723s] -- Installing: /home/ubuntu/rj_training_container/training_ws/install/stsl_interfaces/share/stsl_interfaces/msg/TagArray.idl
[88.846s] -- Installing: /home/ubuntu/rj_training_container/training_ws/install/stsl_interfaces/share/stsl_interfaces/srv/ResetMineralDepositTracking.idl
[88.954s] -- Installing: /home/ubuntu/rj_training_container/training_ws/install/stsl_interfaces/share/stsl_interfaces/srv/SampleElevation.idl
[89.088s] -- Installing: /home/ubuntu/rj_training_container/training_ws/install/stsl_interfaces/share/stsl_interfaces/action/ExecuteMission.idl
[89.197s] -- Installing: /home/ubuntu/rj_training_container/training_ws/install/stsl_interfaces/share/stsl_interfaces/action/ParkAtPeak.idl
[89.321s] -- Installing: /home/ubuntu/rj_training_container/training_ws/install/stsl_interfaces/share/stsl_interfaces/msg/MineralDeposit.msg
[89.447s] -- Installing: /home/ubuntu/rj_training_container/training_ws/install/stsl_interfaces/share/stsl_interfaces/msg/MineralDepositArray.msg
[89.576s] -- Installing: /home/ubuntu/rj_training_container/training_ws/install/stsl_interfaces/share/stsl_interfaces/msg/MineralDepositSample.msg
[89.698s] -- Installing: /home/ubuntu/rj_training_container/training_ws/install/stsl_interfaces/share/stsl_interfaces/msg/Tag.msg
[89.827s] -- Installing: /home/ubuntu/rj_training_container/training_ws/install/stsl_interfaces/share/stsl_interfaces/msg/TagArray.msg
[89.958s] -- Installing: /home/ubuntu/rj_training_container/training_ws/install/stsl_interfaces/share/stsl_interfaces/srv/ResetMineralDepositTracking.srv
[90.082s] -- Installing: /home/ubuntu/rj_training_container/training_ws/install/stsl_interfaces/share/stsl_interfaces/srv/ResetMineralDepositTracking_Request.msg
[90.191s] -- Installing: /home/ubuntu/rj_training_container/training_ws/install/stsl_interfaces/share/stsl_interfaces/srv/ResetMineralDepositTracking_Response.msg
[90.313s] -- Installing: /home/ubuntu/rj_training_container/training_ws/install/stsl_interfaces/share/stsl_interfaces/srv/SampleElevation.srv
[90.431s] -- Installing: /home/ubuntu/rj_training_container/training_ws/install/stsl_interfaces/share/stsl_interfaces/srv/SampleElevation_Request.msg
[90.545s] -- Installing: /home/ubuntu/rj_training_container/training_ws/install/stsl_interfaces/share/stsl_interfaces/srv/SampleElevation_Response.msg
[90.671s] -- Installing: /home/ubuntu/rj_training_container/training_ws/install/stsl_interfaces/share/stsl_interfaces/action/ExecuteMission.action
[90.779s] -- Installing: /home/ubuntu/rj_training_container/training_ws/install/stsl_interfaces/share/stsl_interfaces/action/ParkAtPeak.action
[90.903s] -- Installing: /home/ubuntu/rj_training_container/training_ws/install/stsl_interfaces/share/ament_index/resource_index/package_run_dependencies/stsl_interfaces
[91.037s] -- Installing: /home/ubuntu/rj_training_container/training_ws/install/stsl_interfaces/share/ament_index/resource_index/parent_prefix_path/stsl_interfaces
[91.145s] -- Installing: /home/ubuntu/rj_training_container/training_ws/install/stsl_interfaces/share/stsl_interfaces/environment/ament_prefix_path.sh
[91.222s] -- Installing: /home/ubuntu/rj_training_container/training_ws/install/stsl_interfaces/share/stsl_interfaces/environment/ament_prefix_path.dsv
[91.311s] -- Installing: /home/ubuntu/rj_training_container/training_ws/install/stsl_interfaces/share/stsl_interfaces/environment/path.sh
[91.403s] -- Installing: /home/ubuntu/rj_training_container/training_ws/install/stsl_interfaces/share/stsl_interfaces/environment/path.dsv
[91.499s] -- Installing: /home/ubuntu/rj_training_container/training_ws/install/stsl_interfaces/share/stsl_interfaces/local_setup.bash
[91.581s] -- Installing: /home/ubuntu/rj_training_container/training_ws/install/stsl_interfaces/share/stsl_interfaces/local_setup.sh
[91.669s] -- Installing: /home/ubuntu/rj_training_container/training_ws/install/stsl_interfaces/share/stsl_interfaces/local_setup.zsh
[91.762s] -- Installing: /home/ubuntu/rj_training_container/training_ws/install/stsl_interfaces/share/stsl_interfaces/local_setup.dsv
[91.852s] -- Installing: /home/ubuntu/rj_training_container/training_ws/install/stsl_interfaces/share/stsl_interfaces/package.dsv
[91.989s] -- Installing: /home/ubuntu/rj_training_container/training_ws/install/stsl_interfaces/share/ament_index/resource_index/packages/stsl_interfaces
[92.130s] -- Installing: /home/ubuntu/rj_training_container/training_ws/install/stsl_interfaces/share/stsl_interfaces/cmake/export_stsl_interfaces__rosidl_generator_cExport.cmake
[92.241s] -- Installing: /home/ubuntu/rj_training_container/training_ws/install/stsl_interfaces/share/stsl_interfaces/cmake/export_stsl_interfaces__rosidl_generator_cExport-noconfig.cmake
[92.360s] -- Installing: /home/ubuntu/rj_training_container/training_ws/install/stsl_interfaces/share/stsl_interfaces/cmake/export_stsl_interfaces__rosidl_typesupport_fastrtps_cExport.cmake
[92.480s] -- Installing: /home/ubuntu/rj_training_container/training_ws/install/stsl_interfaces/share/stsl_interfaces/cmake/export_stsl_interfaces__rosidl_typesupport_fastrtps_cExport-noconfig.cmake
[92.592s] -- Installing: /home/ubuntu/rj_training_container/training_ws/install/stsl_interfaces/share/stsl_interfaces/cmake/stsl_interfaces__rosidl_typesupport_introspection_cExport.cmake
[92.714s] -- Installing: /home/ubuntu/rj_training_container/training_ws/install/stsl_interfaces/share/stsl_interfaces/cmake/stsl_interfaces__rosidl_typesupport_introspection_cExport-noconfig.cmake
[92.834s] -- Installing: /home/ubuntu/rj_training_container/training_ws/install/stsl_interfaces/share/stsl_interfaces/cmake/stsl_interfaces__rosidl_typesupport_cExport.cmake
[92.956s] -- Installing: /home/ubuntu/rj_training_container/training_ws/install/stsl_interfaces/share/stsl_interfaces/cmake/stsl_interfaces__rosidl_typesupport_cExport-noconfig.cmake
[93.073s] -- Installing: /home/ubuntu/rj_training_container/training_ws/install/stsl_interfaces/share/stsl_interfaces/cmake/export_stsl_interfaces__rosidl_generator_cppExport.cmake
[93.198s] -- Installing: /home/ubuntu/rj_training_container/training_ws/install/stsl_interfaces/share/stsl_interfaces/cmake/export_stsl_interfaces__rosidl_typesupport_fastrtps_cppExport.cmake
[93.314s] -- Installing: /home/ubuntu/rj_training_container/training_ws/install/stsl_interfaces/share/stsl_interfaces/cmake/export_stsl_interfaces__rosidl_typesupport_fastrtps_cppExport-noconfig.cmake
[93.435s] -- Installing: /home/ubuntu/rj_training_container/training_ws/install/stsl_interfaces/share/stsl_interfaces/cmake/stsl_interfaces__rosidl_typesupport_introspection_cppExport.cmake
[93.553s] -- Installing: /home/ubuntu/rj_training_container/training_ws/install/stsl_interfaces/share/stsl_interfaces/cmake/stsl_interfaces__rosidl_typesupport_introspection_cppExport-noconfig.cmake
[93.678s] -- Installing: /home/ubuntu/rj_training_container/training_ws/install/stsl_interfaces/share/stsl_interfaces/cmake/stsl_interfaces__rosidl_typesupport_cppExport.cmake
[93.801s] -- Installing: /home/ubuntu/rj_training_container/training_ws/install/stsl_interfaces/share/stsl_interfaces/cmake/stsl_interfaces__rosidl_typesupport_cppExport-noconfig.cmake
[93.926s] -- Installing: /home/ubuntu/rj_training_container/training_ws/install/stsl_interfaces/share/stsl_interfaces/cmake/export_stsl_interfaces__rosidl_generator_pyExport.cmake
[94.045s] -- Installing: /home/ubuntu/rj_training_container/training_ws/install/stsl_interfaces/share/stsl_interfaces/cmake/export_stsl_interfaces__rosidl_generator_pyExport-noconfig.cmake
[94.154s] -- Installing: /home/ubuntu/rj_training_container/training_ws/install/stsl_interfaces/share/stsl_interfaces/cmake/rosidl_cmake-extras.cmake
[94.242s] -- Installing: /home/ubuntu/rj_training_container/training_ws/install/stsl_interfaces/share/stsl_interfaces/cmake/ament_cmake_export_dependencies-extras.cmake
[94.335s] -- Installing: /home/ubuntu/rj_training_container/training_ws/install/stsl_interfaces/share/stsl_interfaces/cmake/ament_cmake_export_include_directories-extras.cmake
[94.427s] -- Installing: /home/ubuntu/rj_training_container/training_ws/install/stsl_interfaces/share/stsl_interfaces/cmake/ament_cmake_export_libraries-extras.cmake
[94.524s] -- Installing: /home/ubuntu/rj_training_container/training_ws/install/stsl_interfaces/share/stsl_interfaces/cmake/ament_cmake_export_targets-extras.cmake
[94.621s] -- Installing: /home/ubuntu/rj_training_container/training_ws/install/stsl_interfaces/share/stsl_interfaces/cmake/rosidl_cmake_export_typesupport_targets-extras.cmake
[94.720s] -- Installing: /home/ubuntu/rj_training_container/training_ws/install/stsl_interfaces/share/stsl_interfaces/cmake/rosidl_cmake_export_typesupport_libraries-extras.cmake
[94.814s] -- Installing: /home/ubuntu/rj_training_container/training_ws/install/stsl_interfaces/share/stsl_interfaces/cmake/stsl_interfacesConfig.cmake
[94.910s] -- Installing: /home/ubuntu/rj_training_container/training_ws/install/stsl_interfaces/share/stsl_interfaces/cmake/stsl_interfacesConfig-version.cmake
[95.014s] -- Installing: /home/ubuntu/rj_training_container/training_ws/install/stsl_interfaces/share/stsl_interfaces/package.xml
[95.097s] Invoked command in '/home/ubuntu/rj_training_container/training_ws/build/stsl_interfaces' returned '0': CMAKE_PREFIX_PATH=/opt/ros/humble /usr/bin/cmake --install /home/ubuntu/rj_training_container/training_ws/build/stsl_interfaces
