[35m[1mConsolidate compiler generated dependencies of target teleop[0m
[35m[1mConsolidate compiler generated dependencies of target key_to_twist[0m
gmake[2]: Warning: File 'CMakeFiles/teleop.dir/compiler_depend.make' has modification time 3.4 s in the future
gmake[2]: warning:  Clock skew detected.  Your build may be incomplete.
gmake[2]: Warning: File 'CMakeFiles/key_to_twist.dir/compiler_depend.make' has modification time 3.2 s in the future
gmake[2]: warning:  Clock skew detected.  Your build may be incomplete.
[ 50%] Built target teleop
[100%] Built target key_to_twist
-- Install configuration: ""
-- Installing: /home/ubuntu/rj_training_container/training_ws/install/teleop/lib/teleop/key_to_twist
-- Set runtime path of "/home/ubuntu/rj_training_container/training_ws/install/teleop/lib/teleop/key_to_twist" to ""
-- Up-to-date: /home/ubuntu/rj_training_container/training_ws/install/teleop/share/teleop/
-- Installing: /home/ubuntu/rj_training_container/training_ws/install/teleop/lib/libteleop.so
-- Set runtime path of "/home/ubuntu/rj_training_container/training_ws/install/teleop/lib/libteleop.so" to ""
-- Up-to-date: /home/ubuntu/rj_training_container/training_ws/install/teleop/share/teleop/environment/library_path.sh
-- Installing: /home/ubuntu/rj_training_container/training_ws/install/teleop/share/teleop/environment/library_path.dsv
-- Up-to-date: /home/ubuntu/rj_training_container/training_ws/install/teleop/share/ament_index/resource_index/package_run_dependencies/teleop
-- Installing: /home/ubuntu/rj_training_container/training_ws/install/teleop/share/ament_index/resource_index/parent_prefix_path/teleop
-- Installing: /home/ubuntu/rj_training_container/training_ws/install/teleop/share/teleop/environment/ament_prefix_path.sh
-- Installing: /home/ubuntu/rj_training_container/training_ws/install/teleop/share/teleop/environment/ament_prefix_path.dsv
-- Installing: /home/ubuntu/rj_training_container/training_ws/install/teleop/share/teleop/environment/path.sh
-- Installing: /home/ubuntu/rj_training_container/training_ws/install/teleop/share/teleop/environment/path.dsv
-- Up-to-date: /home/ubuntu/rj_training_container/training_ws/install/teleop/share/teleop/local_setup.bash
-- Up-to-date: /home/ubuntu/rj_training_container/training_ws/install/teleop/share/teleop/local_setup.sh
-- Up-to-date: /home/ubuntu/rj_training_container/training_ws/install/teleop/share/teleop/local_setup.zsh
-- Installing: /home/ubuntu/rj_training_container/training_ws/install/teleop/share/teleop/local_setup.dsv
-- Installing: /home/ubuntu/rj_training_container/training_ws/install/teleop/share/teleop/package.dsv
-- Up-to-date: /home/ubuntu/rj_training_container/training_ws/install/teleop/share/ament_index/resource_index/packages/teleop
-- Up-to-date: /home/ubuntu/rj_training_container/training_ws/install/teleop/share/ament_index/resource_index/rclcpp_components/teleop
-- Up-to-date: /home/ubuntu/rj_training_container/training_ws/install/teleop/share/teleop/cmake/ament_cmake_export_include_directories-extras.cmake
-- Up-to-date: /home/ubuntu/rj_training_container/training_ws/install/teleop/share/teleop/cmake/ament_cmake_export_libraries-extras.cmake
-- Up-to-date: /home/ubuntu/rj_training_container/training_ws/install/teleop/share/teleop/cmake/ament_cmake_export_dependencies-extras.cmake
-- Up-to-date: /home/ubuntu/rj_training_container/training_ws/install/teleop/share/teleop/cmake/teleopConfig.cmake
-- Up-to-date: /home/ubuntu/rj_training_container/training_ws/install/teleop/share/teleop/cmake/teleopConfig-version.cmake
-- Up-to-date: /home/ubuntu/rj_training_container/training_ws/install/teleop/share/teleop/package.xml
