[0.702s] Invoking command in '/home/ubuntu/rj_training_container/build/mapping': CMAKE_PREFIX_PATH=/opt/ros/humble /usr/bin/cmake /home/ubuntu/rj_training_container/training_ws/src/software-training-old/mapping -DCMAKE_INSTALL_PREFIX=/home/ubuntu/rj_training_container/install/mapping
[1.390s] -- The C compiler identification is GNU 11.4.0
[2.019s] -- The CXX compiler identification is GNU 11.4.0
[2.191s] -- Detecting C compiler ABI info
[3.863s] -- Detecting C compiler ABI info - done
[3.938s] -- Check for working C compiler: /usr/bin/cc - skipped
[3.941s] -- Detecting C compile features
[3.943s] -- Detecting C compile features - done
[4.110s] -- Detecting CXX compiler ABI info
[5.584s] -- Detecting CXX compiler ABI info - done
[5.651s] -- Check for working CXX compiler: /usr/bin/c++ - skipped
[5.654s] -- Detecting CXX compile features
[5.656s] -- Detecting CXX compile features - done
[5.812s] -- Found ament_cmake: 1.3.10 (/opt/ros/humble/share/ament_cmake/cmake)
[6.090s] -- Found Python3: /usr/bin/python3 (found version "3.10.12") found components: Interpreter 
[6.446s] -- Found rclcpp: 16.0.10 (/opt/ros/humble/share/rclcpp/cmake)
[6.507s] -- Found rosidl_generator_c: 3.1.5 (/opt/ros/humble/share/rosidl_generator_c/cmake)
[6.514s] -- Found rosidl_adapter: 3.1.5 (/opt/ros/humble/share/rosidl_adapter/cmake)
[6.524s] -- Found rosidl_generator_cpp: 3.1.5 (/opt/ros/humble/share/rosidl_generator_cpp/cmake)
[6.540s] -- Using all available rosidl_typesupport_c: rosidl_typesupport_fastrtps_c;rosidl_typesupport_introspection_c
[6.567s] -- Using all available rosidl_typesupport_cpp: rosidl_typesupport_fastrtps_cpp;rosidl_typesupport_introspection_cpp
[6.634s] -- Found rmw_implementation_cmake: 6.1.2 (/opt/ros/humble/share/rmw_implementation_cmake/cmake)
[6.640s] -- Found rmw_fastrtps_cpp: 6.2.7 (/opt/ros/humble/share/rmw_fastrtps_cpp/cmake)
[6.780s] -- Found OpenSSL: /usr/lib/x86_64-linux-gnu/libcrypto.so (found version "3.0.2")  
[6.851s] -- Found FastRTPS: /opt/ros/humble/include  
[6.956s] -- Using RMW implementation 'rmw_fastrtps_cpp' as default
[7.107s] -- Looking for pthread.h
[8.670s] -- Looking for pthread.h - found
[8.705s] -- Performing Test CMAKE_HAVE_LIBC_PTHREAD
[10.087s] -- Performing Test CMAKE_HAVE_LIBC_PTHREAD - Success
[10.100s] -- Found Threads: TRUE  
[10.198s] -- Found rclcpp_components: 16.0.10 (/opt/ros/humble/share/rclcpp_components/cmake)
[10.255s] -- Found geometry_msgs: 4.2.4 (/opt/ros/humble/share/geometry_msgs/cmake)
[10.283s] -- Found nav_msgs: 4.2.4 (/opt/ros/humble/share/nav_msgs/cmake)
[10.307s] -- Found tf2_ros: 0.25.8 (/opt/ros/humble/share/tf2_ros/cmake)
[10.418s] -- Found tf2_geometry_msgs: 0.25.8 (/opt/ros/humble/share/tf2_geometry_msgs/cmake)
[10.448s] -- Found eigen3_cmake_module: 0.1.1 (/opt/ros/humble/share/eigen3_cmake_module/cmake)
[10.451s] -- Found Eigen3: TRUE (found version "3.4.0") 
[10.454s] -- Ensuring Eigen3 include directory is part of orocos-kdl CMake target
[10.533s] -- Found ament_lint_auto: 0.12.11 (/opt/ros/humble/share/ament_lint_auto/cmake)
[11.469s] -- Added test 'copyright' to check source files copyright and LICENSE
[12.035s] -- Added test 'cppcheck' to perform static code analysis on C / C++ code
[12.037s] -- Configured cppcheck include dirs: 
[12.040s] -- Configured cppcheck exclude dirs and/or files: 
[12.259s] -- Added test 'lint_cmake' to check CMake code style
[12.941s] -- Added test 'uncrustify' to check C / C++ code style
[12.944s] -- Configured uncrustify additional arguments: 
[13.017s] -- Added test 'xmllint' to check XML markup files
[13.378s] -- Configuring done
[14.637s] -- Generating done
[14.874s] -- Build files have been written to: /home/ubuntu/rj_training_container/build/mapping
