[0.452s] Invoking command in '/home/ubuntu/rj_training_container/training_ws/build/stsl_gazebo_plugins': CMAKE_PREFIX_PATH=/opt/ros/humble /usr/bin/cmake --build /home/ubuntu/rj_training_container/training_ws/build/stsl_gazebo_plugins -- -j16 -l16
[2.119s] [35m[1mConsolidate compiler generated dependencies of target HideLightVisualsPlugin[0m
[2.125s] [35m[1mConsolidate compiler generated dependencies of target RosLightControlPlugin[0m
[2.130s] [35m[1mConsolidate compiler generated dependencies of target RosNoisyPlanarOdomPlugin[0m
[10.423s] [100%] Built target HideLightVisualsPlugin
[10.425s] [100%] Built target RosLightControlPlugin
[10.426s] [100%] Built target RosNoisyPlanarOdomPlugin
[13.317s] Invoked command in '/home/ubuntu/rj_training_container/training_ws/build/stsl_gazebo_plugins' returned '0': CMAKE_PREFIX_PATH=/opt/ros/humble /usr/bin/cmake --build /home/ubuntu/rj_training_container/training_ws/build/stsl_gazebo_plugins -- -j16 -l16
[16.646s] Invoking command in '/home/ubuntu/rj_training_container/training_ws/build/stsl_gazebo_plugins': CMAKE_PREFIX_PATH=/opt/ros/humble /usr/bin/cmake --install /home/ubuntu/rj_training_container/training_ws/build/stsl_gazebo_plugins
[16.666s] -- Install configuration: ""
[16.760s] -- Up-to-date: /home/ubuntu/rj_training_container/training_ws/install/stsl_gazebo_plugins/lib/libRosLightControlPlugin.so
[16.907s] -- Up-to-date: /home/ubuntu/rj_training_container/training_ws/install/stsl_gazebo_plugins/lib/libRosNoisyPlanarOdomPlugin.so
[17.044s] -- Up-to-date: /home/ubuntu/rj_training_container/training_ws/install/stsl_gazebo_plugins/lib/libHideLightVisualsPlugin.so
[17.072s] -- Up-to-date: /home/ubuntu/rj_training_container/training_ws/install/stsl_gazebo_plugins/share/stsl_gazebo_plugins//worlds
[17.124s] -- Up-to-date: /home/ubuntu/rj_training_container/training_ws/install/stsl_gazebo_plugins/share/stsl_gazebo_plugins//worlds/ros_light_control_demo_world.sdf
[17.152s] -- Up-to-date: /home/ubuntu/rj_training_container/training_ws/install/stsl_gazebo_plugins/share/stsl_gazebo_plugins//launch
[17.197s] -- Up-to-date: /home/ubuntu/rj_training_container/training_ws/install/stsl_gazebo_plugins/share/stsl_gazebo_plugins//launch/ros_light_control_demo.launch.py
[17.250s] -- Up-to-date: /home/ubuntu/rj_training_container/training_ws/install/stsl_gazebo_plugins/share/ament_index/resource_index/package_run_dependencies/stsl_gazebo_plugins
[17.307s] -- Up-to-date: /home/ubuntu/rj_training_container/training_ws/install/stsl_gazebo_plugins/share/ament_index/resource_index/parent_prefix_path/stsl_gazebo_plugins
[17.335s] -- Up-to-date: /home/ubuntu/rj_training_container/training_ws/install/stsl_gazebo_plugins/share/stsl_gazebo_plugins/environment/ament_prefix_path.sh
[17.372s] -- Up-to-date: /home/ubuntu/rj_training_container/training_ws/install/stsl_gazebo_plugins/share/stsl_gazebo_plugins/environment/ament_prefix_path.dsv
[17.397s] -- Up-to-date: /home/ubuntu/rj_training_container/training_ws/install/stsl_gazebo_plugins/share/stsl_gazebo_plugins/environment/path.sh
[17.432s] -- Up-to-date: /home/ubuntu/rj_training_container/training_ws/install/stsl_gazebo_plugins/share/stsl_gazebo_plugins/environment/path.dsv
[17.466s] -- Up-to-date: /home/ubuntu/rj_training_container/training_ws/install/stsl_gazebo_plugins/share/stsl_gazebo_plugins/local_setup.bash
[17.495s] -- Up-to-date: /home/ubuntu/rj_training_container/training_ws/install/stsl_gazebo_plugins/share/stsl_gazebo_plugins/local_setup.sh
[17.525s] -- Up-to-date: /home/ubuntu/rj_training_container/training_ws/install/stsl_gazebo_plugins/share/stsl_gazebo_plugins/local_setup.zsh
[17.561s] -- Up-to-date: /home/ubuntu/rj_training_container/training_ws/install/stsl_gazebo_plugins/share/stsl_gazebo_plugins/local_setup.dsv
[17.596s] -- Installing: /home/ubuntu/rj_training_container/training_ws/install/stsl_gazebo_plugins/share/stsl_gazebo_plugins/package.dsv
[17.727s] -- Up-to-date: /home/ubuntu/rj_training_container/training_ws/install/stsl_gazebo_plugins/share/ament_index/resource_index/packages/stsl_gazebo_plugins
[17.763s] -- Up-to-date: /home/ubuntu/rj_training_container/training_ws/install/stsl_gazebo_plugins/share/stsl_gazebo_plugins/cmake/stsl_gazebo_pluginsConfig.cmake
[17.792s] -- Up-to-date: /home/ubuntu/rj_training_container/training_ws/install/stsl_gazebo_plugins/share/stsl_gazebo_plugins/cmake/stsl_gazebo_pluginsConfig-version.cmake
[17.829s] -- Up-to-date: /home/ubuntu/rj_training_container/training_ws/install/stsl_gazebo_plugins/share/stsl_gazebo_plugins/package.xml
[17.844s] Invoked command in '/home/ubuntu/rj_training_container/training_ws/build/stsl_gazebo_plugins' returned '0': CMAKE_PREFIX_PATH=/opt/ros/humble /usr/bin/cmake --install /home/ubuntu/rj_training_container/training_ws/build/stsl_gazebo_plugins
