[10.139s] Invoking command in '/home/ubuntu/rj_training_container/training_ws/build/obstacle_detector': CMAKE_PREFIX_PATH=${CMAKE_PREFIX_PATH}:/home/ubuntu/rj_training_container/training_ws/install/keyboard:/opt/ros/humble /usr/bin/cmake --build /home/ubuntu/rj_training_container/training_ws/build/obstacle_detector -- -j16 -l16
[22.737s] -- Found ament_cmake: 1.3.11 (/opt/ros/humble/share/ament_cmake/cmake)
[34.061s] -- Found rclcpp: 16.0.11 (/opt/ros/humble/share/rclcpp/cmake)
[34.922s] -- Found rosidl_generator_c: 3.1.6 (/opt/ros/humble/share/rosidl_generator_c/cmake)
[34.927s] -- Found rosidl_adapter: 3.1.6 (/opt/ros/humble/share/rosidl_adapter/cmake)
[34.937s] -- Found rosidl_generator_cpp: 3.1.6 (/opt/ros/humble/share/rosidl_generator_cpp/cmake)
[35.215s] -- Using all available rosidl_typesupport_c: rosidl_typesupport_fastrtps_c;rosidl_typesupport_introspection_c
[35.488s] -- Using all available rosidl_typesupport_cpp: rosidl_typesupport_fastrtps_cpp;rosidl_typesupport_introspection_cpp
[36.084s] -- Found rmw_implementation_cmake: 6.1.2 (/opt/ros/humble/share/rmw_implementation_cmake/cmake)
[36.352s] -- Found rmw_fastrtps_cpp: 6.2.7 (/opt/ros/humble/share/rmw_fastrtps_cpp/cmake)
[59.788s] -- Using RMW implementation 'rmw_fastrtps_cpp' as default
[59.897s] -- Found rclcpp_components: 16.0.11 (/opt/ros/humble/share/rclcpp_components/cmake)
[59.942s] -- Found image_transport: 3.1.10 (/opt/ros/humble/share/image_transport/cmake)
[64.472s] -- Found cv_bridge: 3.2.1 (/opt/ros/humble/share/cv_bridge/cmake)
[64.497s] -- Found nav_msgs: 4.2.4 (/opt/ros/humble/share/nav_msgs/cmake)
[64.533s] -- Found tf2_ros: 0.25.9 (/opt/ros/humble/share/tf2_ros/cmake)
[64.667s] -- Found tf2_eigen: 0.25.9 (/opt/ros/humble/share/tf2_eigen/cmake)
[64.824s] -- Found ament_lint_auto: 0.12.11 (/opt/ros/humble/share/ament_lint_auto/cmake)
[70.325s] -- Added test 'copyright' to check source files copyright and LICENSE
[72.244s] -- Added test 'cppcheck' to perform static code analysis on C / C++ code
[72.248s] -- Configured cppcheck include dirs: 
[72.251s] -- Configured cppcheck exclude dirs and/or files: 
[74.240s] -- Added test 'cpplint' to check C / C++ code against the Google style
[74.245s] -- Configured cpplint exclude dirs and/or files: 
[74.560s] -- Added test 'flake8' to check Python code syntax and style conventions
[75.188s] -- Added test 'lint_cmake' to check CMake code style
[75.554s] -- Added test 'pep257' to check Python code against some of the docstring style conventions in PEP 257
[78.578s] -- Added test 'uncrustify' to check C / C++ code style
[78.583s] -- Configured uncrustify additional arguments: 
[78.970s] -- Added test 'xmllint' to check XML markup files
[79.394s] -- Configuring done
[81.893s] -- Generating done
[82.274s] -- Build files have been written to: /home/ubuntu/rj_training_container/training_ws/build/obstacle_detector
[101.141s] [35m[1mConsolidate compiler generated dependencies of target obstacle_detector[0m
[101.848s] [35m[1mConsolidate compiler generated dependencies of target obstacle_detector_node[0m
[114.700s] [ 20%] [32mBuilding CXX object CMakeFiles/obstacle_detector_node.dir/rclcpp_components/node_main_obstacle_detector_node.cpp.o[0m
[115.108s] [ 40%] [32mBuilding CXX object CMakeFiles/obstacle_detector.dir/src/obstacle_detector.cpp.o[0m
[115.321s] [ 60%] [32mBuilding CXX object CMakeFiles/obstacle_detector.dir/src/student_functions.cpp.o[0m
[119.550s] [01m[K/home/ubuntu/rj_training_container/training_ws/src/software-training-old/obstacle_detector/src/student_functions.cpp:1:1:[m[K [01;31m[Kerror: [m[K‘[01m[Kcv[m[K’ does not name a type
[119.553s]     1 | [01;31m[Kcv[m[K::Mat FindColors(const cv::Mat input, const cv::Scalar range_min, const cv::Scalar range_max)
[119.556s]       | [01;31m[K^~[m[K
[119.559s] [01m[K/home/ubuntu/rj_training_container/training_ws/src/software-training-old/obstacle_detector/src/student_functions.cpp:25:1:[m[K [01;31m[Kerror: [m[K‘[01m[Kcv[m[K’ does not name a type
[119.563s]    25 | [01;31m[Kcv[m[K::Mat ReprojectToGroundPlane(const cv::Mat input, const cv::Mat homography, const cv::Size map_size) {
[119.570s]       | [01;31m[K^~[m[K
[119.576s] gmake[2]: *** [CMakeFiles/obstacle_detector.dir/build.make:90: CMakeFiles/obstacle_detector.dir/src/student_functions.cpp.o] Error 1
[119.581s] gmake[2]: *** Waiting for unfinished jobs....
[127.354s] [01m[K/home/ubuntu/rj_training_container/training_ws/src/software-training-old/obstacle_detector/src/obstacle_detector.cpp:[m[K In member function ‘[01m[Kvoid obstacle_detector::ObstacleDetector::ImageCallback(const ConstSharedPtr&, const ConstSharedPtr&)[m[K’:
[127.357s] [01m[K/home/ubuntu/rj_training_container/training_ws/src/software-training-old/obstacle_detector/src/obstacle_detector.cpp:94:31:[m[K [01;31m[Kerror: [m[K‘[01m[KFindColors[m[K’ was not declared in this scope
[127.361s]    94 |     cv::Mat detected_colors = [01;31m[KFindColors[m[K(cv_image->image, min_color, max_color);
[127.364s]       |                               [01;31m[K^~~~~~~~~~[m[K
[127.388s] [01m[K/home/ubuntu/rj_training_container/training_ws/src/software-training-old/obstacle_detector/src/obstacle_detector.cpp:128:32:[m[K [01;31m[Kerror: [m[K‘[01m[KReprojectToGroundPlane[m[K’ was not declared in this scope
[127.391s]   128 |     cv::Mat projected_colors = [01;31m[KReprojectToGroundPlane[m[K(detected_colors, homography, map_size);
[127.394s]       |                                [01;31m[K^~~~~~~~~~~~~~~~~~~~~~[m[K
[130.636s] gmake[2]: *** [CMakeFiles/obstacle_detector.dir/build.make:76: CMakeFiles/obstacle_detector.dir/src/obstacle_detector.cpp.o] Error 1
[130.644s] gmake[1]: *** [CMakeFiles/Makefile2:139: CMakeFiles/obstacle_detector.dir/all] Error 2
[130.647s] gmake[1]: *** Waiting for unfinished jobs....
[133.993s] [ 80%] [32m[1mLinking CXX executable obstacle_detector_node[0m
[148.018s] [ 80%] Built target obstacle_detector_node
[148.021s] gmake: *** [Makefile:146: all] Error 2
