[10.096s] Invoking command in '/home/ubuntu/rj_training_container/training_ws/build/obstacle_detector': CMAKE_PREFIX_PATH=${CMAKE_PREFIX_PATH}:/home/ubuntu/rj_training_container/training_ws/install/keyboard:/opt/ros/humble /usr/bin/cmake --build /home/ubuntu/rj_training_container/training_ws/build/obstacle_detector -- -j16 -l16
[48.587s] [35m[1mConsolidate compiler generated dependencies of target obstacle_detector[0m
[62.907s] [ 40%] Built target obstacle_detector_node
[69.131s] [ 60%] [32mBuilding CXX object CMakeFiles/obstacle_detector.dir/src/obstacle_detector.cpp.o[0m
[69.429s] [ 80%] [32mBuilding CXX object CMakeFiles/obstacle_detector.dir/src/student_functions.cpp.o[0m
[74.220s] [01m[K/home/ubuntu/rj_training_container/training_ws/src/software-training-old/obstacle_detector/src/student_functions.cpp:1:1:[m[K [01;31m[Kerror: [m[K‘[01m[Kcv[m[K’ does not name a type
[74.229s]     1 | [01;31m[Kcv[m[K::Mat FindColors(const cv::Mat input, const cv::Scalar range_min, const cv::Scalar range_max)
[74.235s]       | [01;31m[K^~[m[K
[74.241s] [01m[K/home/ubuntu/rj_training_container/training_ws/src/software-training-old/obstacle_detector/src/student_functions.cpp:25:1:[m[K [01;31m[Kerror: [m[K‘[01m[Kcv[m[K’ does not name a type
[74.247s]    25 | [01;31m[Kcv[m[K::Mat ReprojectToGroundPlane(const cv::Mat input, const cv::Mat homography, const cv::Size map_size) {
[74.253s]       | [01;31m[K^~[m[K
[74.259s] gmake[2]: *** [CMakeFiles/obstacle_detector.dir/build.make:90: CMakeFiles/obstacle_detector.dir/src/student_functions.cpp.o] Error 1
[74.271s] gmake[2]: *** Waiting for unfinished jobs....
[81.495s] [01m[K/home/ubuntu/rj_training_container/training_ws/src/software-training-old/obstacle_detector/src/obstacle_detector.cpp:[m[K In member function ‘[01m[Kvoid obstacle_detector::ObstacleDetector::ImageCallback(const ConstSharedPtr&, const ConstSharedPtr&)[m[K’:
[81.499s] [01m[K/home/ubuntu/rj_training_container/training_ws/src/software-training-old/obstacle_detector/src/obstacle_detector.cpp:94:31:[m[K [01;31m[Kerror: [m[K‘[01m[KFindColors[m[K’ was not declared in this scope
[81.503s]    94 |     cv::Mat detected_colors = [01;31m[KFindColors[m[K(cv_image->image, min_color, max_color);
[81.507s]       |                               [01;31m[K^~~~~~~~~~[m[K
[81.534s] [01m[K/home/ubuntu/rj_training_container/training_ws/src/software-training-old/obstacle_detector/src/obstacle_detector.cpp:128:32:[m[K [01;31m[Kerror: [m[K‘[01m[KReprojectToGroundPlane[m[K’ was not declared in this scope
[81.539s]   128 |     cv::Mat projected_colors = [01;31m[KReprojectToGroundPlane[m[K(detected_colors, homography, map_size);
[81.544s]       |                                [01;31m[K^~~~~~~~~~~~~~~~~~~~~~[m[K
[84.986s] gmake[2]: *** [CMakeFiles/obstacle_detector.dir/build.make:76: CMakeFiles/obstacle_detector.dir/src/obstacle_detector.cpp.o] Error 1
[84.998s] gmake[1]: *** [CMakeFiles/Makefile2:139: CMakeFiles/obstacle_detector.dir/all] Error 2
[85.003s] gmake: *** [Makefile:146: all] Error 2
[85.006s] Invoked command in '/home/ubuntu/rj_training_container/training_ws/build/obstacle_detector' returned '2': CMAKE_PREFIX_PATH=${CMAKE_PREFIX_PATH}:/home/ubuntu/rj_training_container/training_ws/install/keyboard:/opt/ros/humble /usr/bin/cmake --build /home/ubuntu/rj_training_container/training_ws/build/obstacle_detector -- -j16 -l16
