[2.205s] Invoking command in '/home/ubuntu/rj_training_container/training_ws/build/traini_gazebo': CMAKE_PREFIX_PATH=/home/ubuntu/rj_training_container/training_ws/install/stsl_aruco_tags:/home/ubuntu/rj_training_container/training_ws/install/stsl_interfaces:/home/ubuntu/rj_training_container/training_ws/install/stsl_gazebo_plugins:/home/ubuntu/rj_training_container/training_ws/install/stsl_desktop:/home/ubuntu/rj_training_container/training_ws/install/traini_bringup:/home/ubuntu/rj_training_container/training_ws/install/traini_gazebo:/home/ubuntu/rj_training_container/training_ws/install/traini_description:/home/ubuntu/rj_training_container/training_ws/install/teleop:/home/ubuntu/rj_training_container/training_ws/install/stsl_utils:/home/ubuntu/rj_training_container/training_ws/install/stsl_rviz_plugins:/home/ubuntu/rj_training_container/training_ws/install/stsl_nav_plugins:/home/ubuntu/rj_training_container/training_ws/install/mission_orchestration:/home/ubuntu/rj_training_container/training_ws/install/stsl_bt_nodes:/home/ubuntu/rj_training_container/training_ws/install/peak_finder:/home/ubuntu/rj_training_container/training_ws/install/mineral_deposit_tracking:/home/ubuntu/rj_training_container/training_ws/install/mineral_deposit_detection:/home/ubuntu/rj_training_container/training_ws/install/localization:/home/ubuntu/rj_training_container/training_ws/install/elevation_server:/home/ubuntu/rj_training_container/training_ws/install/coordinate_transform:/home/ubuntu/rj_training_container/training_ws/install/rj_training_bringup:/home/ubuntu/rj_training_container/training_ws/install/obstacle_detector:/home/ubuntu/rj_training_container/training_ws/install/mapping:/home/ubuntu/rj_training_container/training_ws/install/joystick_package:/home/ubuntu/rj_training_container/training_ws/install/joystick_msgs:/home/ubuntu/rj_training_container/training_ws/install/controllers:/home/ubuntu/rj_training_container/training_ws/install/astar_path_planner:/home/ubuntu/rj_training_container/training_ws/install/keyboard:/opt/ros/humble LD_LIBRARY_PATH=/home/ubuntu/rj_training_container/training_ws/install/stsl_aruco_tags/lib:/home/ubuntu/rj_training_container/training_ws/install/stsl_interfaces/lib:/home/ubuntu/rj_training_container/training_ws/install/stsl_gazebo_plugins/lib:/home/ubuntu/rj_training_container/training_ws/install/teleop/lib:/home/ubuntu/rj_training_container/training_ws/install/stsl_utils/lib:/home/ubuntu/rj_training_container/training_ws/install/stsl_rviz_plugins/lib:/home/ubuntu/rj_training_container/training_ws/install/stsl_nav_plugins/lib:/home/ubuntu/rj_training_container/training_ws/install/mission_orchestration/lib:/home/ubuntu/rj_training_container/training_ws/install/stsl_bt_nodes/lib:/home/ubuntu/rj_training_container/training_ws/install/peak_finder/lib:/home/ubuntu/rj_training_container/training_ws/install/mineral_deposit_tracking/lib:/home/ubuntu/rj_training_container/training_ws/install/mineral_deposit_detection/lib:/home/ubuntu/rj_training_container/training_ws/install/localization/lib:/home/ubuntu/rj_training_container/training_ws/install/elevation_server/lib:/home/ubuntu/rj_training_container/training_ws/install/coordinate_transform/lib:/home/ubuntu/rj_training_container/training_ws/install/obstacle_detector/lib:/home/ubuntu/rj_training_container/training_ws/install/mapping/lib:/home/ubuntu/rj_training_container/training_ws/install/joystick_package/lib:/home/ubuntu/rj_training_container/training_ws/install/joystick_msgs/lib:/home/ubuntu/rj_training_container/training_ws/install/controllers/lib:/home/ubuntu/rj_training_container/training_ws/install/astar_path_planner/lib:/usr/lib/x86_64-linux-gnu/gazebo-11/plugins:/opt/ros/humble/opt/rviz_ogre_vendor/lib:/opt/ros/humble/lib/x86_64-linux-gnu:/opt/ros/humble/lib /usr/bin/cmake --build /home/ubuntu/rj_training_container/training_ws/build/traini_gazebo -- -j16 -l16
[15.000s] [100%] Built target traini_gazebo_GENERATE_ARUCO_TAG_MODELS
[16.787s] Invoked command in '/home/ubuntu/rj_training_container/training_ws/build/traini_gazebo' returned '0': CMAKE_PREFIX_PATH=/home/ubuntu/rj_training_container/training_ws/install/stsl_aruco_tags:/home/ubuntu/rj_training_container/training_ws/install/stsl_interfaces:/home/ubuntu/rj_training_container/training_ws/install/stsl_gazebo_plugins:/home/ubuntu/rj_training_container/training_ws/install/stsl_desktop:/home/ubuntu/rj_training_container/training_ws/install/traini_bringup:/home/ubuntu/rj_training_container/training_ws/install/traini_gazebo:/home/ubuntu/rj_training_container/training_ws/install/traini_description:/home/ubuntu/rj_training_container/training_ws/install/teleop:/home/ubuntu/rj_training_container/training_ws/install/stsl_utils:/home/ubuntu/rj_training_container/training_ws/install/stsl_rviz_plugins:/home/ubuntu/rj_training_container/training_ws/install/stsl_nav_plugins:/home/ubuntu/rj_training_container/training_ws/install/mission_orchestration:/home/ubuntu/rj_training_container/training_ws/install/stsl_bt_nodes:/home/ubuntu/rj_training_container/training_ws/install/peak_finder:/home/ubuntu/rj_training_container/training_ws/install/mineral_deposit_tracking:/home/ubuntu/rj_training_container/training_ws/install/mineral_deposit_detection:/home/ubuntu/rj_training_container/training_ws/install/localization:/home/ubuntu/rj_training_container/training_ws/install/elevation_server:/home/ubuntu/rj_training_container/training_ws/install/coordinate_transform:/home/ubuntu/rj_training_container/training_ws/install/rj_training_bringup:/home/ubuntu/rj_training_container/training_ws/install/obstacle_detector:/home/ubuntu/rj_training_container/training_ws/install/mapping:/home/ubuntu/rj_training_container/training_ws/install/joystick_package:/home/ubuntu/rj_training_container/training_ws/install/joystick_msgs:/home/ubuntu/rj_training_container/training_ws/install/controllers:/home/ubuntu/rj_training_container/training_ws/install/astar_path_planner:/home/ubuntu/rj_training_container/training_ws/install/keyboard:/opt/ros/humble LD_LIBRARY_PATH=/home/ubuntu/rj_training_container/training_ws/install/stsl_aruco_tags/lib:/home/ubuntu/rj_training_container/training_ws/install/stsl_interfaces/lib:/home/ubuntu/rj_training_container/training_ws/install/stsl_gazebo_plugins/lib:/home/ubuntu/rj_training_container/training_ws/install/teleop/lib:/home/ubuntu/rj_training_container/training_ws/install/stsl_utils/lib:/home/ubuntu/rj_training_container/training_ws/install/stsl_rviz_plugins/lib:/home/ubuntu/rj_training_container/training_ws/install/stsl_nav_plugins/lib:/home/ubuntu/rj_training_container/training_ws/install/mission_orchestration/lib:/home/ubuntu/rj_training_container/training_ws/install/stsl_bt_nodes/lib:/home/ubuntu/rj_training_container/training_ws/install/peak_finder/lib:/home/ubuntu/rj_training_container/training_ws/install/mineral_deposit_tracking/lib:/home/ubuntu/rj_training_container/training_ws/install/mineral_deposit_detection/lib:/home/ubuntu/rj_training_container/training_ws/install/localization/lib:/home/ubuntu/rj_training_container/training_ws/install/elevation_server/lib:/home/ubuntu/rj_training_container/training_ws/install/coordinate_transform/lib:/home/ubuntu/rj_training_container/training_ws/install/obstacle_detector/lib:/home/ubuntu/rj_training_container/training_ws/install/mapping/lib:/home/ubuntu/rj_training_container/training_ws/install/joystick_package/lib:/home/ubuntu/rj_training_container/training_ws/install/joystick_msgs/lib:/home/ubuntu/rj_training_container/training_ws/install/controllers/lib:/home/ubuntu/rj_training_container/training_ws/install/astar_path_planner/lib:/usr/lib/x86_64-linux-gnu/gazebo-11/plugins:/opt/ros/humble/opt/rviz_ogre_vendor/lib:/opt/ros/humble/lib/x86_64-linux-gnu:/opt/ros/humble/lib /usr/bin/cmake --build /home/ubuntu/rj_training_container/training_ws/build/traini_gazebo -- -j16 -l16
[26.890s] Invoking command in '/home/ubuntu/rj_training_container/training_ws/build/traini_gazebo': CMAKE_PREFIX_PATH=/home/ubuntu/rj_training_container/training_ws/install/stsl_aruco_tags:/home/ubuntu/rj_training_container/training_ws/install/stsl_interfaces:/home/ubuntu/rj_training_container/training_ws/install/stsl_gazebo_plugins:/home/ubuntu/rj_training_container/training_ws/install/stsl_desktop:/home/ubuntu/rj_training_container/training_ws/install/traini_bringup:/home/ubuntu/rj_training_container/training_ws/install/traini_gazebo:/home/ubuntu/rj_training_container/training_ws/install/traini_description:/home/ubuntu/rj_training_container/training_ws/install/teleop:/home/ubuntu/rj_training_container/training_ws/install/stsl_utils:/home/ubuntu/rj_training_container/training_ws/install/stsl_rviz_plugins:/home/ubuntu/rj_training_container/training_ws/install/stsl_nav_plugins:/home/ubuntu/rj_training_container/training_ws/install/mission_orchestration:/home/ubuntu/rj_training_container/training_ws/install/stsl_bt_nodes:/home/ubuntu/rj_training_container/training_ws/install/peak_finder:/home/ubuntu/rj_training_container/training_ws/install/mineral_deposit_tracking:/home/ubuntu/rj_training_container/training_ws/install/mineral_deposit_detection:/home/ubuntu/rj_training_container/training_ws/install/localization:/home/ubuntu/rj_training_container/training_ws/install/elevation_server:/home/ubuntu/rj_training_container/training_ws/install/coordinate_transform:/home/ubuntu/rj_training_container/training_ws/install/rj_training_bringup:/home/ubuntu/rj_training_container/training_ws/install/obstacle_detector:/home/ubuntu/rj_training_container/training_ws/install/mapping:/home/ubuntu/rj_training_container/training_ws/install/joystick_package:/home/ubuntu/rj_training_container/training_ws/install/joystick_msgs:/home/ubuntu/rj_training_container/training_ws/install/controllers:/home/ubuntu/rj_training_container/training_ws/install/astar_path_planner:/home/ubuntu/rj_training_container/training_ws/install/keyboard:/opt/ros/humble LD_LIBRARY_PATH=/home/ubuntu/rj_training_container/training_ws/install/stsl_aruco_tags/lib:/home/ubuntu/rj_training_container/training_ws/install/stsl_interfaces/lib:/home/ubuntu/rj_training_container/training_ws/install/stsl_gazebo_plugins/lib:/home/ubuntu/rj_training_container/training_ws/install/teleop/lib:/home/ubuntu/rj_training_container/training_ws/install/stsl_utils/lib:/home/ubuntu/rj_training_container/training_ws/install/stsl_rviz_plugins/lib:/home/ubuntu/rj_training_container/training_ws/install/stsl_nav_plugins/lib:/home/ubuntu/rj_training_container/training_ws/install/mission_orchestration/lib:/home/ubuntu/rj_training_container/training_ws/install/stsl_bt_nodes/lib:/home/ubuntu/rj_training_container/training_ws/install/peak_finder/lib:/home/ubuntu/rj_training_container/training_ws/install/mineral_deposit_tracking/lib:/home/ubuntu/rj_training_container/training_ws/install/mineral_deposit_detection/lib:/home/ubuntu/rj_training_container/training_ws/install/localization/lib:/home/ubuntu/rj_training_container/training_ws/install/elevation_server/lib:/home/ubuntu/rj_training_container/training_ws/install/coordinate_transform/lib:/home/ubuntu/rj_training_container/training_ws/install/obstacle_detector/lib:/home/ubuntu/rj_training_container/training_ws/install/mapping/lib:/home/ubuntu/rj_training_container/training_ws/install/joystick_package/lib:/home/ubuntu/rj_training_container/training_ws/install/joystick_msgs/lib:/home/ubuntu/rj_training_container/training_ws/install/controllers/lib:/home/ubuntu/rj_training_container/training_ws/install/astar_path_planner/lib:/usr/lib/x86_64-linux-gnu/gazebo-11/plugins:/opt/ros/humble/opt/rviz_ogre_vendor/lib:/opt/ros/humble/lib/x86_64-linux-gnu:/opt/ros/humble/lib /usr/bin/cmake --install /home/ubuntu/rj_training_container/training_ws/build/traini_gazebo
[28.581s] -- Install configuration: ""
[28.601s] -- Up-to-date: /home/ubuntu/rj_training_container/training_ws/install/traini_gazebo/lib/traini_gazebo/publish_map_boundary.py
[28.623s] -- Up-to-date: /home/ubuntu/rj_training_container/training_ws/install/traini_gazebo/lib/traini_gazebo/randomize_robot_pose.py
[28.638s] -- Up-to-date: /home/ubuntu/rj_training_container/training_ws/install/traini_gazebo/share/traini_gazebo/config
[28.670s] -- Up-to-date: /home/ubuntu/rj_training_container/training_ws/install/traini_gazebo/share/traini_gazebo/config/gazebo_params.yaml
[28.687s] -- Up-to-date: /home/ubuntu/rj_training_container/training_ws/install/traini_gazebo/share/traini_gazebo/launch
[28.716s] -- Up-to-date: /home/ubuntu/rj_training_container/training_ws/install/traini_gazebo/share/traini_gazebo/launch/gazebo.launch.py
[28.742s] -- Up-to-date: /home/ubuntu/rj_training_container/training_ws/install/traini_gazebo/share/traini_gazebo/launch/gzclient.launch.py
[28.766s] -- Up-to-date: /home/ubuntu/rj_training_container/training_ws/install/traini_gazebo/share/traini_gazebo/launch/gzserver.launch.py
[28.791s] -- Up-to-date: /home/ubuntu/rj_training_container/training_ws/install/traini_gazebo/share/traini_gazebo/launch/traini_gazebo.launch.py
[28.807s] -- Up-to-date: /home/ubuntu/rj_training_container/training_ws/install/traini_gazebo/share/traini_gazebo/models
[28.832s] -- Up-to-date: /home/ubuntu/rj_training_container/training_ws/install/traini_gazebo/share/traini_gazebo/models/floor_mat
[28.863s] -- Up-to-date: /home/ubuntu/rj_training_container/training_ws/install/traini_gazebo/share/traini_gazebo/models/floor_mat/materials
[28.906s] -- Up-to-date: /home/ubuntu/rj_training_container/training_ws/install/traini_gazebo/share/traini_gazebo/models/floor_mat/materials/scripts
[28.960s] -- Up-to-date: /home/ubuntu/rj_training_container/training_ws/install/traini_gazebo/share/traini_gazebo/models/floor_mat/materials/scripts/floor_mat.material
[28.988s] -- Up-to-date: /home/ubuntu/rj_training_container/training_ws/install/traini_gazebo/share/traini_gazebo/models/floor_mat/materials/textures
[29.037s] -- Up-to-date: /home/ubuntu/rj_training_container/training_ws/install/traini_gazebo/share/traini_gazebo/models/floor_mat/materials/textures/floor_mat.png
[29.068s] -- Up-to-date: /home/ubuntu/rj_training_container/training_ws/install/traini_gazebo/share/traini_gazebo/models/floor_mat/model.config
[29.098s] -- Up-to-date: /home/ubuntu/rj_training_container/training_ws/install/traini_gazebo/share/traini_gazebo/models/floor_mat/model.sdf
[29.119s] -- Up-to-date: /home/ubuntu/rj_training_container/training_ws/install/traini_gazebo/share/traini_gazebo/models/traini
[29.152s] -- Up-to-date: /home/ubuntu/rj_training_container/training_ws/install/traini_gazebo/share/traini_gazebo/models/traini/meshes
[29.194s] -- Up-to-date: /home/ubuntu/rj_training_container/training_ws/install/traini_gazebo/share/traini_gazebo/models/traini/meshes/Trainiii.dae
[29.224s] -- Up-to-date: /home/ubuntu/rj_training_container/training_ws/install/traini_gazebo/share/traini_gazebo/models/traini/model.config
[29.253s] -- Up-to-date: /home/ubuntu/rj_training_container/training_ws/install/traini_gazebo/share/traini_gazebo/models/traini/model.sdf
[29.271s] -- Up-to-date: /home/ubuntu/rj_training_container/training_ws/install/traini_gazebo/share/traini_gazebo/worlds
[29.300s] -- Up-to-date: /home/ubuntu/rj_training_container/training_ws/install/traini_gazebo/share/traini_gazebo/worlds/training_world.sdf
[29.312s] -- Up-to-date: /home/ubuntu/rj_training_container/training_ws/install/traini_gazebo/share/traini_gazebo/models
[29.331s] -- Up-to-date: /home/ubuntu/rj_training_container/training_ws/install/traini_gazebo/share/traini_gazebo/models/aruco_tag_0
[29.354s] -- Up-to-date: /home/ubuntu/rj_training_container/training_ws/install/traini_gazebo/share/traini_gazebo/models/aruco_tag_0/materials
[29.382s] -- Up-to-date: /home/ubuntu/rj_training_container/training_ws/install/traini_gazebo/share/traini_gazebo/models/aruco_tag_0/materials/scripts
[29.419s] -- Up-to-date: /home/ubuntu/rj_training_container/training_ws/install/traini_gazebo/share/traini_gazebo/models/aruco_tag_0/materials/scripts/aruco_tag_0.material
[29.441s] -- Up-to-date: /home/ubuntu/rj_training_container/training_ws/install/traini_gazebo/share/traini_gazebo/models/aruco_tag_0/materials/textures
[29.482s] -- Up-to-date: /home/ubuntu/rj_training_container/training_ws/install/traini_gazebo/share/traini_gazebo/models/aruco_tag_0/materials/textures/ArUcoTag0.jpg
[29.504s] -- Up-to-date: /home/ubuntu/rj_training_container/training_ws/install/traini_gazebo/share/traini_gazebo/models/aruco_tag_0/model.config
[29.525s] -- Up-to-date: /home/ubuntu/rj_training_container/training_ws/install/traini_gazebo/share/traini_gazebo/models/aruco_tag_0/model.sdf
[29.541s] -- Up-to-date: /home/ubuntu/rj_training_container/training_ws/install/traini_gazebo/share/traini_gazebo/models/aruco_tag_1
[29.563s] -- Up-to-date: /home/ubuntu/rj_training_container/training_ws/install/traini_gazebo/share/traini_gazebo/models/aruco_tag_1/materials
[29.592s] -- Up-to-date: /home/ubuntu/rj_training_container/training_ws/install/traini_gazebo/share/traini_gazebo/models/aruco_tag_1/materials/scripts
[29.630s] -- Up-to-date: /home/ubuntu/rj_training_container/training_ws/install/traini_gazebo/share/traini_gazebo/models/aruco_tag_1/materials/scripts/aruco_tag_1.material
[29.651s] -- Up-to-date: /home/ubuntu/rj_training_container/training_ws/install/traini_gazebo/share/traini_gazebo/models/aruco_tag_1/materials/textures
[29.688s] -- Up-to-date: /home/ubuntu/rj_training_container/training_ws/install/traini_gazebo/share/traini_gazebo/models/aruco_tag_1/materials/textures/ArUcoTag1.jpg
[29.709s] -- Up-to-date: /home/ubuntu/rj_training_container/training_ws/install/traini_gazebo/share/traini_gazebo/models/aruco_tag_1/model.config
[29.729s] -- Up-to-date: /home/ubuntu/rj_training_container/training_ws/install/traini_gazebo/share/traini_gazebo/models/aruco_tag_1/model.sdf
[29.746s] -- Up-to-date: /home/ubuntu/rj_training_container/training_ws/install/traini_gazebo/share/traini_gazebo/models/aruco_tag_10
[29.771s] -- Up-to-date: /home/ubuntu/rj_training_container/training_ws/install/traini_gazebo/share/traini_gazebo/models/aruco_tag_10/materials
[29.804s] -- Up-to-date: /home/ubuntu/rj_training_container/training_ws/install/traini_gazebo/share/traini_gazebo/models/aruco_tag_10/materials/scripts
[29.844s] -- Up-to-date: /home/ubuntu/rj_training_container/training_ws/install/traini_gazebo/share/traini_gazebo/models/aruco_tag_10/materials/scripts/aruco_tag_10.material
[29.868s] -- Up-to-date: /home/ubuntu/rj_training_container/training_ws/install/traini_gazebo/share/traini_gazebo/models/aruco_tag_10/materials/textures
[29.908s] -- Up-to-date: /home/ubuntu/rj_training_container/training_ws/install/traini_gazebo/share/traini_gazebo/models/aruco_tag_10/materials/textures/ArUcoTag10.jpg
[29.931s] -- Up-to-date: /home/ubuntu/rj_training_container/training_ws/install/traini_gazebo/share/traini_gazebo/models/aruco_tag_10/model.config
[29.952s] -- Up-to-date: /home/ubuntu/rj_training_container/training_ws/install/traini_gazebo/share/traini_gazebo/models/aruco_tag_10/model.sdf
[29.967s] -- Up-to-date: /home/ubuntu/rj_training_container/training_ws/install/traini_gazebo/share/traini_gazebo/models/aruco_tag_11
[29.993s] -- Up-to-date: /home/ubuntu/rj_training_container/training_ws/install/traini_gazebo/share/traini_gazebo/models/aruco_tag_11/materials
[30.023s] -- Up-to-date: /home/ubuntu/rj_training_container/training_ws/install/traini_gazebo/share/traini_gazebo/models/aruco_tag_11/materials/scripts
[30.062s] -- Up-to-date: /home/ubuntu/rj_training_container/training_ws/install/traini_gazebo/share/traini_gazebo/models/aruco_tag_11/materials/scripts/aruco_tag_11.material
[30.086s] -- Up-to-date: /home/ubuntu/rj_training_container/training_ws/install/traini_gazebo/share/traini_gazebo/models/aruco_tag_11/materials/textures
[30.128s] -- Up-to-date: /home/ubuntu/rj_training_container/training_ws/install/traini_gazebo/share/traini_gazebo/models/aruco_tag_11/materials/textures/ArUcoTag11.jpg
[30.149s] -- Up-to-date: /home/ubuntu/rj_training_container/training_ws/install/traini_gazebo/share/traini_gazebo/models/aruco_tag_11/model.config
[30.172s] -- Up-to-date: /home/ubuntu/rj_training_container/training_ws/install/traini_gazebo/share/traini_gazebo/models/aruco_tag_11/model.sdf
[30.189s] -- Up-to-date: /home/ubuntu/rj_training_container/training_ws/install/traini_gazebo/share/traini_gazebo/models/aruco_tag_12
[30.214s] -- Up-to-date: /home/ubuntu/rj_training_container/training_ws/install/traini_gazebo/share/traini_gazebo/models/aruco_tag_12/materials
[30.244s] -- Up-to-date: /home/ubuntu/rj_training_container/training_ws/install/traini_gazebo/share/traini_gazebo/models/aruco_tag_12/materials/scripts
[30.287s] -- Up-to-date: /home/ubuntu/rj_training_container/training_ws/install/traini_gazebo/share/traini_gazebo/models/aruco_tag_12/materials/scripts/aruco_tag_12.material
[30.310s] -- Up-to-date: /home/ubuntu/rj_training_container/training_ws/install/traini_gazebo/share/traini_gazebo/models/aruco_tag_12/materials/textures
[30.351s] -- Up-to-date: /home/ubuntu/rj_training_container/training_ws/install/traini_gazebo/share/traini_gazebo/models/aruco_tag_12/materials/textures/ArUcoTag12.jpg
[30.376s] -- Up-to-date: /home/ubuntu/rj_training_container/training_ws/install/traini_gazebo/share/traini_gazebo/models/aruco_tag_12/model.config
[30.397s] -- Up-to-date: /home/ubuntu/rj_training_container/training_ws/install/traini_gazebo/share/traini_gazebo/models/aruco_tag_12/model.sdf
[30.413s] -- Up-to-date: /home/ubuntu/rj_training_container/training_ws/install/traini_gazebo/share/traini_gazebo/models/aruco_tag_13
[30.438s] -- Up-to-date: /home/ubuntu/rj_training_container/training_ws/install/traini_gazebo/share/traini_gazebo/models/aruco_tag_13/materials
[30.467s] -- Up-to-date: /home/ubuntu/rj_training_container/training_ws/install/traini_gazebo/share/traini_gazebo/models/aruco_tag_13/materials/scripts
[30.508s] -- Up-to-date: /home/ubuntu/rj_training_container/training_ws/install/traini_gazebo/share/traini_gazebo/models/aruco_tag_13/materials/scripts/aruco_tag_13.material
[30.531s] -- Up-to-date: /home/ubuntu/rj_training_container/training_ws/install/traini_gazebo/share/traini_gazebo/models/aruco_tag_13/materials/textures
[30.574s] -- Up-to-date: /home/ubuntu/rj_training_container/training_ws/install/traini_gazebo/share/traini_gazebo/models/aruco_tag_13/materials/textures/ArUcoTag13.jpg
[30.597s] -- Up-to-date: /home/ubuntu/rj_training_container/training_ws/install/traini_gazebo/share/traini_gazebo/models/aruco_tag_13/model.config
[30.617s] -- Up-to-date: /home/ubuntu/rj_training_container/training_ws/install/traini_gazebo/share/traini_gazebo/models/aruco_tag_13/model.sdf
[30.632s] -- Up-to-date: /home/ubuntu/rj_training_container/training_ws/install/traini_gazebo/share/traini_gazebo/models/aruco_tag_14
[30.662s] -- Up-to-date: /home/ubuntu/rj_training_container/training_ws/install/traini_gazebo/share/traini_gazebo/models/aruco_tag_14/materials
[30.692s] -- Up-to-date: /home/ubuntu/rj_training_container/training_ws/install/traini_gazebo/share/traini_gazebo/models/aruco_tag_14/materials/scripts
[30.732s] -- Up-to-date: /home/ubuntu/rj_training_container/training_ws/install/traini_gazebo/share/traini_gazebo/models/aruco_tag_14/materials/scripts/aruco_tag_14.material
[30.754s] -- Up-to-date: /home/ubuntu/rj_training_container/training_ws/install/traini_gazebo/share/traini_gazebo/models/aruco_tag_14/materials/textures
[30.788s] -- Up-to-date: /home/ubuntu/rj_training_container/training_ws/install/traini_gazebo/share/traini_gazebo/models/aruco_tag_14/materials/textures/ArUcoTag14.jpg
[30.806s] -- Up-to-date: /home/ubuntu/rj_training_container/training_ws/install/traini_gazebo/share/traini_gazebo/models/aruco_tag_14/model.config
[30.822s] -- Up-to-date: /home/ubuntu/rj_training_container/training_ws/install/traini_gazebo/share/traini_gazebo/models/aruco_tag_14/model.sdf
[30.836s] -- Up-to-date: /home/ubuntu/rj_training_container/training_ws/install/traini_gazebo/share/traini_gazebo/models/aruco_tag_15
[30.860s] -- Up-to-date: /home/ubuntu/rj_training_container/training_ws/install/traini_gazebo/share/traini_gazebo/models/aruco_tag_15/materials
[30.891s] -- Up-to-date: /home/ubuntu/rj_training_container/training_ws/install/traini_gazebo/share/traini_gazebo/models/aruco_tag_15/materials/scripts
[30.928s] -- Up-to-date: /home/ubuntu/rj_training_container/training_ws/install/traini_gazebo/share/traini_gazebo/models/aruco_tag_15/materials/scripts/aruco_tag_15.material
[30.948s] -- Up-to-date: /home/ubuntu/rj_training_container/training_ws/install/traini_gazebo/share/traini_gazebo/models/aruco_tag_15/materials/textures
[30.984s] -- Up-to-date: /home/ubuntu/rj_training_container/training_ws/install/traini_gazebo/share/traini_gazebo/models/aruco_tag_15/materials/textures/ArUcoTag15.jpg
[31.005s] -- Up-to-date: /home/ubuntu/rj_training_container/training_ws/install/traini_gazebo/share/traini_gazebo/models/aruco_tag_15/model.config
[31.023s] -- Up-to-date: /home/ubuntu/rj_training_container/training_ws/install/traini_gazebo/share/traini_gazebo/models/aruco_tag_15/model.sdf
[31.036s] -- Up-to-date: /home/ubuntu/rj_training_container/training_ws/install/traini_gazebo/share/traini_gazebo/models/aruco_tag_16
[31.057s] -- Up-to-date: /home/ubuntu/rj_training_container/training_ws/install/traini_gazebo/share/traini_gazebo/models/aruco_tag_16/materials
[31.083s] -- Up-to-date: /home/ubuntu/rj_training_container/training_ws/install/traini_gazebo/share/traini_gazebo/models/aruco_tag_16/materials/scripts
[31.114s] -- Up-to-date: /home/ubuntu/rj_training_container/training_ws/install/traini_gazebo/share/traini_gazebo/models/aruco_tag_16/materials/scripts/aruco_tag_16.material
[31.133s] -- Up-to-date: /home/ubuntu/rj_training_container/training_ws/install/traini_gazebo/share/traini_gazebo/models/aruco_tag_16/materials/textures
[31.164s] -- Up-to-date: /home/ubuntu/rj_training_container/training_ws/install/traini_gazebo/share/traini_gazebo/models/aruco_tag_16/materials/textures/ArUcoTag16.jpg
[31.181s] -- Up-to-date: /home/ubuntu/rj_training_container/training_ws/install/traini_gazebo/share/traini_gazebo/models/aruco_tag_16/model.config
[31.198s] -- Up-to-date: /home/ubuntu/rj_training_container/training_ws/install/traini_gazebo/share/traini_gazebo/models/aruco_tag_16/model.sdf
[31.211s] -- Up-to-date: /home/ubuntu/rj_training_container/training_ws/install/traini_gazebo/share/traini_gazebo/models/aruco_tag_17
[31.230s] -- Up-to-date: /home/ubuntu/rj_training_container/training_ws/install/traini_gazebo/share/traini_gazebo/models/aruco_tag_17/materials
[31.252s] -- Up-to-date: /home/ubuntu/rj_training_container/training_ws/install/traini_gazebo/share/traini_gazebo/models/aruco_tag_17/materials/scripts
[31.288s] -- Up-to-date: /home/ubuntu/rj_training_container/training_ws/install/traini_gazebo/share/traini_gazebo/models/aruco_tag_17/materials/scripts/aruco_tag_17.material
[31.313s] -- Up-to-date: /home/ubuntu/rj_training_container/training_ws/install/traini_gazebo/share/traini_gazebo/models/aruco_tag_17/materials/textures
[31.352s] -- Up-to-date: /home/ubuntu/rj_training_container/training_ws/install/traini_gazebo/share/traini_gazebo/models/aruco_tag_17/materials/textures/ArUcoTag17.jpg
[31.375s] -- Up-to-date: /home/ubuntu/rj_training_container/training_ws/install/traini_gazebo/share/traini_gazebo/models/aruco_tag_17/model.config
[31.397s] -- Up-to-date: /home/ubuntu/rj_training_container/training_ws/install/traini_gazebo/share/traini_gazebo/models/aruco_tag_17/model.sdf
[31.413s] -- Up-to-date: /home/ubuntu/rj_training_container/training_ws/install/traini_gazebo/share/traini_gazebo/models/aruco_tag_18
[31.438s] -- Up-to-date: /home/ubuntu/rj_training_container/training_ws/install/traini_gazebo/share/traini_gazebo/models/aruco_tag_18/materials
[31.467s] -- Up-to-date: /home/ubuntu/rj_training_container/training_ws/install/traini_gazebo/share/traini_gazebo/models/aruco_tag_18/materials/scripts
[31.508s] -- Up-to-date: /home/ubuntu/rj_training_container/training_ws/install/traini_gazebo/share/traini_gazebo/models/aruco_tag_18/materials/scripts/aruco_tag_18.material
[31.530s] -- Up-to-date: /home/ubuntu/rj_training_container/training_ws/install/traini_gazebo/share/traini_gazebo/models/aruco_tag_18/materials/textures
[31.574s] -- Up-to-date: /home/ubuntu/rj_training_container/training_ws/install/traini_gazebo/share/traini_gazebo/models/aruco_tag_18/materials/textures/ArUcoTag18.jpg
[31.601s] -- Up-to-date: /home/ubuntu/rj_training_container/training_ws/install/traini_gazebo/share/traini_gazebo/models/aruco_tag_18/model.config
[31.625s] -- Up-to-date: /home/ubuntu/rj_training_container/training_ws/install/traini_gazebo/share/traini_gazebo/models/aruco_tag_18/model.sdf
[31.642s] -- Up-to-date: /home/ubuntu/rj_training_container/training_ws/install/traini_gazebo/share/traini_gazebo/models/aruco_tag_19
[31.670s] -- Up-to-date: /home/ubuntu/rj_training_container/training_ws/install/traini_gazebo/share/traini_gazebo/models/aruco_tag_19/materials
[31.700s] -- Up-to-date: /home/ubuntu/rj_training_container/training_ws/install/traini_gazebo/share/traini_gazebo/models/aruco_tag_19/materials/scripts
[31.742s] -- Up-to-date: /home/ubuntu/rj_training_container/training_ws/install/traini_gazebo/share/traini_gazebo/models/aruco_tag_19/materials/scripts/aruco_tag_19.material
[31.765s] -- Up-to-date: /home/ubuntu/rj_training_container/training_ws/install/traini_gazebo/share/traini_gazebo/models/aruco_tag_19/materials/textures
[31.808s] -- Up-to-date: /home/ubuntu/rj_training_container/training_ws/install/traini_gazebo/share/traini_gazebo/models/aruco_tag_19/materials/textures/ArUcoTag19.jpg
[31.833s] -- Up-to-date: /home/ubuntu/rj_training_container/training_ws/install/traini_gazebo/share/traini_gazebo/models/aruco_tag_19/model.config
[31.855s] -- Up-to-date: /home/ubuntu/rj_training_container/training_ws/install/traini_gazebo/share/traini_gazebo/models/aruco_tag_19/model.sdf
[31.871s] -- Up-to-date: /home/ubuntu/rj_training_container/training_ws/install/traini_gazebo/share/traini_gazebo/models/aruco_tag_2
[31.896s] -- Up-to-date: /home/ubuntu/rj_training_container/training_ws/install/traini_gazebo/share/traini_gazebo/models/aruco_tag_2/materials
[31.926s] -- Up-to-date: /home/ubuntu/rj_training_container/training_ws/install/traini_gazebo/share/traini_gazebo/models/aruco_tag_2/materials/scripts
[31.971s] -- Up-to-date: /home/ubuntu/rj_training_container/training_ws/install/traini_gazebo/share/traini_gazebo/models/aruco_tag_2/materials/scripts/aruco_tag_2.material
[31.993s] -- Up-to-date: /home/ubuntu/rj_training_container/training_ws/install/traini_gazebo/share/traini_gazebo/models/aruco_tag_2/materials/textures
[32.036s] -- Up-to-date: /home/ubuntu/rj_training_container/training_ws/install/traini_gazebo/share/traini_gazebo/models/aruco_tag_2/materials/textures/ArUcoTag2.jpg
[32.062s] -- Up-to-date: /home/ubuntu/rj_training_container/training_ws/install/traini_gazebo/share/traini_gazebo/models/aruco_tag_2/model.config
[32.088s] -- Up-to-date: /home/ubuntu/rj_training_container/training_ws/install/traini_gazebo/share/traini_gazebo/models/aruco_tag_2/model.sdf
[32.105s] -- Up-to-date: /home/ubuntu/rj_training_container/training_ws/install/traini_gazebo/share/traini_gazebo/models/aruco_tag_20
[32.133s] -- Up-to-date: /home/ubuntu/rj_training_container/training_ws/install/traini_gazebo/share/traini_gazebo/models/aruco_tag_20/materials
[32.167s] -- Up-to-date: /home/ubuntu/rj_training_container/training_ws/install/traini_gazebo/share/traini_gazebo/models/aruco_tag_20/materials/scripts
[32.211s] -- Up-to-date: /home/ubuntu/rj_training_container/training_ws/install/traini_gazebo/share/traini_gazebo/models/aruco_tag_20/materials/scripts/aruco_tag_20.material
[32.234s] -- Up-to-date: /home/ubuntu/rj_training_container/training_ws/install/traini_gazebo/share/traini_gazebo/models/aruco_tag_20/materials/textures
[32.278s] -- Up-to-date: /home/ubuntu/rj_training_container/training_ws/install/traini_gazebo/share/traini_gazebo/models/aruco_tag_20/materials/textures/ArUcoTag20.jpg
[32.303s] -- Up-to-date: /home/ubuntu/rj_training_container/training_ws/install/traini_gazebo/share/traini_gazebo/models/aruco_tag_20/model.config
[32.325s] -- Up-to-date: /home/ubuntu/rj_training_container/training_ws/install/traini_gazebo/share/traini_gazebo/models/aruco_tag_20/model.sdf
[32.341s] -- Up-to-date: /home/ubuntu/rj_training_container/training_ws/install/traini_gazebo/share/traini_gazebo/models/aruco_tag_21
[32.365s] -- Up-to-date: /home/ubuntu/rj_training_container/training_ws/install/traini_gazebo/share/traini_gazebo/models/aruco_tag_21/materials
[32.397s] -- Up-to-date: /home/ubuntu/rj_training_container/training_ws/install/traini_gazebo/share/traini_gazebo/models/aruco_tag_21/materials/scripts
[32.436s] -- Up-to-date: /home/ubuntu/rj_training_container/training_ws/install/traini_gazebo/share/traini_gazebo/models/aruco_tag_21/materials/scripts/aruco_tag_21.material
[32.459s] -- Up-to-date: /home/ubuntu/rj_training_container/training_ws/install/traini_gazebo/share/traini_gazebo/models/aruco_tag_21/materials/textures
[32.496s] -- Up-to-date: /home/ubuntu/rj_training_container/training_ws/install/traini_gazebo/share/traini_gazebo/models/aruco_tag_21/materials/textures/ArUcoTag21.jpg
[32.519s] -- Up-to-date: /home/ubuntu/rj_training_container/training_ws/install/traini_gazebo/share/traini_gazebo/models/aruco_tag_21/model.config
[32.541s] -- Up-to-date: /home/ubuntu/rj_training_container/training_ws/install/traini_gazebo/share/traini_gazebo/models/aruco_tag_21/model.sdf
[32.556s] -- Up-to-date: /home/ubuntu/rj_training_container/training_ws/install/traini_gazebo/share/traini_gazebo/models/aruco_tag_22
[32.581s] -- Up-to-date: /home/ubuntu/rj_training_container/training_ws/install/traini_gazebo/share/traini_gazebo/models/aruco_tag_22/materials
[32.611s] -- Up-to-date: /home/ubuntu/rj_training_container/training_ws/install/traini_gazebo/share/traini_gazebo/models/aruco_tag_22/materials/scripts
[32.657s] -- Up-to-date: /home/ubuntu/rj_training_container/training_ws/install/traini_gazebo/share/traini_gazebo/models/aruco_tag_22/materials/scripts/aruco_tag_22.material
[32.682s] -- Up-to-date: /home/ubuntu/rj_training_container/training_ws/install/traini_gazebo/share/traini_gazebo/models/aruco_tag_22/materials/textures
[32.744s] -- Up-to-date: /home/ubuntu/rj_training_container/training_ws/install/traini_gazebo/share/traini_gazebo/models/aruco_tag_22/materials/textures/ArUcoTag22.jpg
[32.846s] -- Up-to-date: /home/ubuntu/rj_training_container/training_ws/install/traini_gazebo/share/traini_gazebo/models/aruco_tag_22/model.config
[32.873s] -- Up-to-date: /home/ubuntu/rj_training_container/training_ws/install/traini_gazebo/share/traini_gazebo/models/aruco_tag_22/model.sdf
[32.893s] -- Up-to-date: /home/ubuntu/rj_training_container/training_ws/install/traini_gazebo/share/traini_gazebo/models/aruco_tag_23
[32.921s] -- Up-to-date: /home/ubuntu/rj_training_container/training_ws/install/traini_gazebo/share/traini_gazebo/models/aruco_tag_23/materials
[32.956s] -- Up-to-date: /home/ubuntu/rj_training_container/training_ws/install/traini_gazebo/share/traini_gazebo/models/aruco_tag_23/materials/scripts
[33.000s] -- Up-to-date: /home/ubuntu/rj_training_container/training_ws/install/traini_gazebo/share/traini_gazebo/models/aruco_tag_23/materials/scripts/aruco_tag_23.material
[33.024s] -- Up-to-date: /home/ubuntu/rj_training_container/training_ws/install/traini_gazebo/share/traini_gazebo/models/aruco_tag_23/materials/textures
[33.066s] -- Up-to-date: /home/ubuntu/rj_training_container/training_ws/install/traini_gazebo/share/traini_gazebo/models/aruco_tag_23/materials/textures/ArUcoTag23.jpg
[33.090s] -- Up-to-date: /home/ubuntu/rj_training_container/training_ws/install/traini_gazebo/share/traini_gazebo/models/aruco_tag_23/model.config
[33.114s] -- Up-to-date: /home/ubuntu/rj_training_container/training_ws/install/traini_gazebo/share/traini_gazebo/models/aruco_tag_23/model.sdf
[33.132s] -- Up-to-date: /home/ubuntu/rj_training_container/training_ws/install/traini_gazebo/share/traini_gazebo/models/aruco_tag_24
[33.158s] -- Up-to-date: /home/ubuntu/rj_training_container/training_ws/install/traini_gazebo/share/traini_gazebo/models/aruco_tag_24/materials
[33.188s] -- Up-to-date: /home/ubuntu/rj_training_container/training_ws/install/traini_gazebo/share/traini_gazebo/models/aruco_tag_24/materials/scripts
[33.229s] -- Up-to-date: /home/ubuntu/rj_training_container/training_ws/install/traini_gazebo/share/traini_gazebo/models/aruco_tag_24/materials/scripts/aruco_tag_24.material
[33.252s] -- Up-to-date: /home/ubuntu/rj_training_container/training_ws/install/traini_gazebo/share/traini_gazebo/models/aruco_tag_24/materials/textures
[33.292s] -- Up-to-date: /home/ubuntu/rj_training_container/training_ws/install/traini_gazebo/share/traini_gazebo/models/aruco_tag_24/materials/textures/ArUcoTag24.jpg
[33.316s] -- Up-to-date: /home/ubuntu/rj_training_container/training_ws/install/traini_gazebo/share/traini_gazebo/models/aruco_tag_24/model.config
[33.340s] -- Up-to-date: /home/ubuntu/rj_training_container/training_ws/install/traini_gazebo/share/traini_gazebo/models/aruco_tag_24/model.sdf
[33.356s] -- Up-to-date: /home/ubuntu/rj_training_container/training_ws/install/traini_gazebo/share/traini_gazebo/models/aruco_tag_25
[33.382s] -- Up-to-date: /home/ubuntu/rj_training_container/training_ws/install/traini_gazebo/share/traini_gazebo/models/aruco_tag_25/materials
[33.412s] -- Up-to-date: /home/ubuntu/rj_training_container/training_ws/install/traini_gazebo/share/traini_gazebo/models/aruco_tag_25/materials/scripts
[33.454s] -- Up-to-date: /home/ubuntu/rj_training_container/training_ws/install/traini_gazebo/share/traini_gazebo/models/aruco_tag_25/materials/scripts/aruco_tag_25.material
[33.477s] -- Up-to-date: /home/ubuntu/rj_training_container/training_ws/install/traini_gazebo/share/traini_gazebo/models/aruco_tag_25/materials/textures
[33.519s] -- Up-to-date: /home/ubuntu/rj_training_container/training_ws/install/traini_gazebo/share/traini_gazebo/models/aruco_tag_25/materials/textures/ArUcoTag25.jpg
[33.542s] -- Up-to-date: /home/ubuntu/rj_training_container/training_ws/install/traini_gazebo/share/traini_gazebo/models/aruco_tag_25/model.config
[33.564s] -- Up-to-date: /home/ubuntu/rj_training_container/training_ws/install/traini_gazebo/share/traini_gazebo/models/aruco_tag_25/model.sdf
[33.580s] -- Up-to-date: /home/ubuntu/rj_training_container/training_ws/install/traini_gazebo/share/traini_gazebo/models/aruco_tag_26
[33.605s] -- Up-to-date: /home/ubuntu/rj_training_container/training_ws/install/traini_gazebo/share/traini_gazebo/models/aruco_tag_26/materials
[33.635s] -- Up-to-date: /home/ubuntu/rj_training_container/training_ws/install/traini_gazebo/share/traini_gazebo/models/aruco_tag_26/materials/scripts
[33.675s] -- Up-to-date: /home/ubuntu/rj_training_container/training_ws/install/traini_gazebo/share/traini_gazebo/models/aruco_tag_26/materials/scripts/aruco_tag_26.material
[33.697s] -- Up-to-date: /home/ubuntu/rj_training_container/training_ws/install/traini_gazebo/share/traini_gazebo/models/aruco_tag_26/materials/textures
[33.737s] -- Up-to-date: /home/ubuntu/rj_training_container/training_ws/install/traini_gazebo/share/traini_gazebo/models/aruco_tag_26/materials/textures/ArUcoTag26.jpg
[33.760s] -- Up-to-date: /home/ubuntu/rj_training_container/training_ws/install/traini_gazebo/share/traini_gazebo/models/aruco_tag_26/model.config
[33.781s] -- Up-to-date: /home/ubuntu/rj_training_container/training_ws/install/traini_gazebo/share/traini_gazebo/models/aruco_tag_26/model.sdf
[33.795s] -- Up-to-date: /home/ubuntu/rj_training_container/training_ws/install/traini_gazebo/share/traini_gazebo/models/aruco_tag_27
[33.819s] -- Up-to-date: /home/ubuntu/rj_training_container/training_ws/install/traini_gazebo/share/traini_gazebo/models/aruco_tag_27/materials
[33.847s] -- Up-to-date: /home/ubuntu/rj_training_container/training_ws/install/traini_gazebo/share/traini_gazebo/models/aruco_tag_27/materials/scripts
[33.887s] -- Up-to-date: /home/ubuntu/rj_training_container/training_ws/install/traini_gazebo/share/traini_gazebo/models/aruco_tag_27/materials/scripts/aruco_tag_27.material
[33.912s] -- Up-to-date: /home/ubuntu/rj_training_container/training_ws/install/traini_gazebo/share/traini_gazebo/models/aruco_tag_27/materials/textures
[33.951s] -- Up-to-date: /home/ubuntu/rj_training_container/training_ws/install/traini_gazebo/share/traini_gazebo/models/aruco_tag_27/materials/textures/ArUcoTag27.jpg
[33.974s] -- Up-to-date: /home/ubuntu/rj_training_container/training_ws/install/traini_gazebo/share/traini_gazebo/models/aruco_tag_27/model.config
[33.994s] -- Up-to-date: /home/ubuntu/rj_training_container/training_ws/install/traini_gazebo/share/traini_gazebo/models/aruco_tag_27/model.sdf
[34.009s] -- Up-to-date: /home/ubuntu/rj_training_container/training_ws/install/traini_gazebo/share/traini_gazebo/models/aruco_tag_28
[34.035s] -- Up-to-date: /home/ubuntu/rj_training_container/training_ws/install/traini_gazebo/share/traini_gazebo/models/aruco_tag_28/materials
[34.064s] -- Up-to-date: /home/ubuntu/rj_training_container/training_ws/install/traini_gazebo/share/traini_gazebo/models/aruco_tag_28/materials/scripts
[34.104s] -- Up-to-date: /home/ubuntu/rj_training_container/training_ws/install/traini_gazebo/share/traini_gazebo/models/aruco_tag_28/materials/scripts/aruco_tag_28.material
[34.125s] -- Up-to-date: /home/ubuntu/rj_training_container/training_ws/install/traini_gazebo/share/traini_gazebo/models/aruco_tag_28/materials/textures
[34.165s] -- Up-to-date: /home/ubuntu/rj_training_container/training_ws/install/traini_gazebo/share/traini_gazebo/models/aruco_tag_28/materials/textures/ArUcoTag28.jpg
[34.189s] -- Up-to-date: /home/ubuntu/rj_training_container/training_ws/install/traini_gazebo/share/traini_gazebo/models/aruco_tag_28/model.config
[34.209s] -- Up-to-date: /home/ubuntu/rj_training_container/training_ws/install/traini_gazebo/share/traini_gazebo/models/aruco_tag_28/model.sdf
[34.225s] -- Up-to-date: /home/ubuntu/rj_training_container/training_ws/install/traini_gazebo/share/traini_gazebo/models/aruco_tag_29
[34.249s] -- Up-to-date: /home/ubuntu/rj_training_container/training_ws/install/traini_gazebo/share/traini_gazebo/models/aruco_tag_29/materials
[34.280s] -- Up-to-date: /home/ubuntu/rj_training_container/training_ws/install/traini_gazebo/share/traini_gazebo/models/aruco_tag_29/materials/scripts
[34.322s] -- Up-to-date: /home/ubuntu/rj_training_container/training_ws/install/traini_gazebo/share/traini_gazebo/models/aruco_tag_29/materials/scripts/aruco_tag_29.material
[34.344s] -- Up-to-date: /home/ubuntu/rj_training_container/training_ws/install/traini_gazebo/share/traini_gazebo/models/aruco_tag_29/materials/textures
[34.384s] -- Up-to-date: /home/ubuntu/rj_training_container/training_ws/install/traini_gazebo/share/traini_gazebo/models/aruco_tag_29/materials/textures/ArUcoTag29.jpg
[34.407s] -- Up-to-date: /home/ubuntu/rj_training_container/training_ws/install/traini_gazebo/share/traini_gazebo/models/aruco_tag_29/model.config
[34.429s] -- Up-to-date: /home/ubuntu/rj_training_container/training_ws/install/traini_gazebo/share/traini_gazebo/models/aruco_tag_29/model.sdf
[34.444s] -- Up-to-date: /home/ubuntu/rj_training_container/training_ws/install/traini_gazebo/share/traini_gazebo/models/aruco_tag_3
[34.469s] -- Up-to-date: /home/ubuntu/rj_training_container/training_ws/install/traini_gazebo/share/traini_gazebo/models/aruco_tag_3/materials
[34.498s] -- Up-to-date: /home/ubuntu/rj_training_container/training_ws/install/traini_gazebo/share/traini_gazebo/models/aruco_tag_3/materials/scripts
[34.537s] -- Up-to-date: /home/ubuntu/rj_training_container/training_ws/install/traini_gazebo/share/traini_gazebo/models/aruco_tag_3/materials/scripts/aruco_tag_3.material
[34.561s] -- Up-to-date: /home/ubuntu/rj_training_container/training_ws/install/traini_gazebo/share/traini_gazebo/models/aruco_tag_3/materials/textures
[34.602s] -- Up-to-date: /home/ubuntu/rj_training_container/training_ws/install/traini_gazebo/share/traini_gazebo/models/aruco_tag_3/materials/textures/ArUcoTag3.jpg
[34.624s] -- Up-to-date: /home/ubuntu/rj_training_container/training_ws/install/traini_gazebo/share/traini_gazebo/models/aruco_tag_3/model.config
[34.645s] -- Up-to-date: /home/ubuntu/rj_training_container/training_ws/install/traini_gazebo/share/traini_gazebo/models/aruco_tag_3/model.sdf
[34.660s] -- Up-to-date: /home/ubuntu/rj_training_container/training_ws/install/traini_gazebo/share/traini_gazebo/models/aruco_tag_30
[34.684s] -- Up-to-date: /home/ubuntu/rj_training_container/training_ws/install/traini_gazebo/share/traini_gazebo/models/aruco_tag_30/materials
[34.712s] -- Up-to-date: /home/ubuntu/rj_training_container/training_ws/install/traini_gazebo/share/traini_gazebo/models/aruco_tag_30/materials/scripts
[34.756s] -- Up-to-date: /home/ubuntu/rj_training_container/training_ws/install/traini_gazebo/share/traini_gazebo/models/aruco_tag_30/materials/scripts/aruco_tag_30.material
[34.779s] -- Up-to-date: /home/ubuntu/rj_training_container/training_ws/install/traini_gazebo/share/traini_gazebo/models/aruco_tag_30/materials/textures
[34.819s] -- Up-to-date: /home/ubuntu/rj_training_container/training_ws/install/traini_gazebo/share/traini_gazebo/models/aruco_tag_30/materials/textures/ArUcoTag30.jpg
[34.844s] -- Up-to-date: /home/ubuntu/rj_training_container/training_ws/install/traini_gazebo/share/traini_gazebo/models/aruco_tag_30/model.config
[34.866s] -- Up-to-date: /home/ubuntu/rj_training_container/training_ws/install/traini_gazebo/share/traini_gazebo/models/aruco_tag_30/model.sdf
[34.883s] -- Up-to-date: /home/ubuntu/rj_training_container/training_ws/install/traini_gazebo/share/traini_gazebo/models/aruco_tag_31
[34.907s] -- Up-to-date: /home/ubuntu/rj_training_container/training_ws/install/traini_gazebo/share/traini_gazebo/models/aruco_tag_31/materials
[34.936s] -- Up-to-date: /home/ubuntu/rj_training_container/training_ws/install/traini_gazebo/share/traini_gazebo/models/aruco_tag_31/materials/scripts
[34.974s] -- Up-to-date: /home/ubuntu/rj_training_container/training_ws/install/traini_gazebo/share/traini_gazebo/models/aruco_tag_31/materials/scripts/aruco_tag_31.material
[34.997s] -- Up-to-date: /home/ubuntu/rj_training_container/training_ws/install/traini_gazebo/share/traini_gazebo/models/aruco_tag_31/materials/textures
[35.035s] -- Up-to-date: /home/ubuntu/rj_training_container/training_ws/install/traini_gazebo/share/traini_gazebo/models/aruco_tag_31/materials/textures/ArUcoTag31.jpg
[35.059s] -- Up-to-date: /home/ubuntu/rj_training_container/training_ws/install/traini_gazebo/share/traini_gazebo/models/aruco_tag_31/model.config
[35.080s] -- Up-to-date: /home/ubuntu/rj_training_container/training_ws/install/traini_gazebo/share/traini_gazebo/models/aruco_tag_31/model.sdf
[35.095s] -- Up-to-date: /home/ubuntu/rj_training_container/training_ws/install/traini_gazebo/share/traini_gazebo/models/aruco_tag_32
[35.119s] -- Up-to-date: /home/ubuntu/rj_training_container/training_ws/install/traini_gazebo/share/traini_gazebo/models/aruco_tag_32/materials
[35.149s] -- Up-to-date: /home/ubuntu/rj_training_container/training_ws/install/traini_gazebo/share/traini_gazebo/models/aruco_tag_32/materials/scripts
[35.187s] -- Up-to-date: /home/ubuntu/rj_training_container/training_ws/install/traini_gazebo/share/traini_gazebo/models/aruco_tag_32/materials/scripts/aruco_tag_32.material
[35.209s] -- Up-to-date: /home/ubuntu/rj_training_container/training_ws/install/traini_gazebo/share/traini_gazebo/models/aruco_tag_32/materials/textures
[35.249s] -- Up-to-date: /home/ubuntu/rj_training_container/training_ws/install/traini_gazebo/share/traini_gazebo/models/aruco_tag_32/materials/textures/ArUcoTag32.jpg
[35.273s] -- Up-to-date: /home/ubuntu/rj_training_container/training_ws/install/traini_gazebo/share/traini_gazebo/models/aruco_tag_32/model.config
[35.294s] -- Up-to-date: /home/ubuntu/rj_training_container/training_ws/install/traini_gazebo/share/traini_gazebo/models/aruco_tag_32/model.sdf
[35.311s] -- Up-to-date: /home/ubuntu/rj_training_container/training_ws/install/traini_gazebo/share/traini_gazebo/models/aruco_tag_33
[35.337s] -- Up-to-date: /home/ubuntu/rj_training_container/training_ws/install/traini_gazebo/share/traini_gazebo/models/aruco_tag_33/materials
[35.369s] -- Up-to-date: /home/ubuntu/rj_training_container/training_ws/install/traini_gazebo/share/traini_gazebo/models/aruco_tag_33/materials/scripts
[35.409s] -- Up-to-date: /home/ubuntu/rj_training_container/training_ws/install/traini_gazebo/share/traini_gazebo/models/aruco_tag_33/materials/scripts/aruco_tag_33.material
[35.433s] -- Up-to-date: /home/ubuntu/rj_training_container/training_ws/install/traini_gazebo/share/traini_gazebo/models/aruco_tag_33/materials/textures
[35.473s] -- Up-to-date: /home/ubuntu/rj_training_container/training_ws/install/traini_gazebo/share/traini_gazebo/models/aruco_tag_33/materials/textures/ArUcoTag33.jpg
[35.497s] -- Up-to-date: /home/ubuntu/rj_training_container/training_ws/install/traini_gazebo/share/traini_gazebo/models/aruco_tag_33/model.config
[35.518s] -- Up-to-date: /home/ubuntu/rj_training_container/training_ws/install/traini_gazebo/share/traini_gazebo/models/aruco_tag_33/model.sdf
[35.535s] -- Up-to-date: /home/ubuntu/rj_training_container/training_ws/install/traini_gazebo/share/traini_gazebo/models/aruco_tag_34
[35.562s] -- Up-to-date: /home/ubuntu/rj_training_container/training_ws/install/traini_gazebo/share/traini_gazebo/models/aruco_tag_34/materials
[35.591s] -- Up-to-date: /home/ubuntu/rj_training_container/training_ws/install/traini_gazebo/share/traini_gazebo/models/aruco_tag_34/materials/scripts
[35.629s] -- Up-to-date: /home/ubuntu/rj_training_container/training_ws/install/traini_gazebo/share/traini_gazebo/models/aruco_tag_34/materials/scripts/aruco_tag_34.material
[35.653s] -- Up-to-date: /home/ubuntu/rj_training_container/training_ws/install/traini_gazebo/share/traini_gazebo/models/aruco_tag_34/materials/textures
[35.693s] -- Up-to-date: /home/ubuntu/rj_training_container/training_ws/install/traini_gazebo/share/traini_gazebo/models/aruco_tag_34/materials/textures/ArUcoTag34.jpg
[35.722s] -- Up-to-date: /home/ubuntu/rj_training_container/training_ws/install/traini_gazebo/share/traini_gazebo/models/aruco_tag_34/model.config
[35.743s] -- Up-to-date: /home/ubuntu/rj_training_container/training_ws/install/traini_gazebo/share/traini_gazebo/models/aruco_tag_34/model.sdf
[35.758s] -- Up-to-date: /home/ubuntu/rj_training_container/training_ws/install/traini_gazebo/share/traini_gazebo/models/aruco_tag_35
[35.783s] -- Up-to-date: /home/ubuntu/rj_training_container/training_ws/install/traini_gazebo/share/traini_gazebo/models/aruco_tag_35/materials
[35.813s] -- Up-to-date: /home/ubuntu/rj_training_container/training_ws/install/traini_gazebo/share/traini_gazebo/models/aruco_tag_35/materials/scripts
[35.852s] -- Up-to-date: /home/ubuntu/rj_training_container/training_ws/install/traini_gazebo/share/traini_gazebo/models/aruco_tag_35/materials/scripts/aruco_tag_35.material
[35.875s] -- Up-to-date: /home/ubuntu/rj_training_container/training_ws/install/traini_gazebo/share/traini_gazebo/models/aruco_tag_35/materials/textures
[35.913s] -- Up-to-date: /home/ubuntu/rj_training_container/training_ws/install/traini_gazebo/share/traini_gazebo/models/aruco_tag_35/materials/textures/ArUcoTag35.jpg
[35.936s] -- Up-to-date: /home/ubuntu/rj_training_container/training_ws/install/traini_gazebo/share/traini_gazebo/models/aruco_tag_35/model.config
[35.957s] -- Up-to-date: /home/ubuntu/rj_training_container/training_ws/install/traini_gazebo/share/traini_gazebo/models/aruco_tag_35/model.sdf
[35.973s] -- Up-to-date: /home/ubuntu/rj_training_container/training_ws/install/traini_gazebo/share/traini_gazebo/models/aruco_tag_36
[35.998s] -- Up-to-date: /home/ubuntu/rj_training_container/training_ws/install/traini_gazebo/share/traini_gazebo/models/aruco_tag_36/materials
[36.028s] -- Up-to-date: /home/ubuntu/rj_training_container/training_ws/install/traini_gazebo/share/traini_gazebo/models/aruco_tag_36/materials/scripts
[36.069s] -- Up-to-date: /home/ubuntu/rj_training_container/training_ws/install/traini_gazebo/share/traini_gazebo/models/aruco_tag_36/materials/scripts/aruco_tag_36.material
[36.093s] -- Up-to-date: /home/ubuntu/rj_training_container/training_ws/install/traini_gazebo/share/traini_gazebo/models/aruco_tag_36/materials/textures
[36.132s] -- Up-to-date: /home/ubuntu/rj_training_container/training_ws/install/traini_gazebo/share/traini_gazebo/models/aruco_tag_36/materials/textures/ArUcoTag36.jpg
[36.157s] -- Up-to-date: /home/ubuntu/rj_training_container/training_ws/install/traini_gazebo/share/traini_gazebo/models/aruco_tag_36/model.config
[36.180s] -- Up-to-date: /home/ubuntu/rj_training_container/training_ws/install/traini_gazebo/share/traini_gazebo/models/aruco_tag_36/model.sdf
[36.196s] -- Up-to-date: /home/ubuntu/rj_training_container/training_ws/install/traini_gazebo/share/traini_gazebo/models/aruco_tag_37
[36.221s] -- Up-to-date: /home/ubuntu/rj_training_container/training_ws/install/traini_gazebo/share/traini_gazebo/models/aruco_tag_37/materials
[36.249s] -- Up-to-date: /home/ubuntu/rj_training_container/training_ws/install/traini_gazebo/share/traini_gazebo/models/aruco_tag_37/materials/scripts
[36.290s] -- Up-to-date: /home/ubuntu/rj_training_container/training_ws/install/traini_gazebo/share/traini_gazebo/models/aruco_tag_37/materials/scripts/aruco_tag_37.material
[36.312s] -- Up-to-date: /home/ubuntu/rj_training_container/training_ws/install/traini_gazebo/share/traini_gazebo/models/aruco_tag_37/materials/textures
[36.355s] -- Up-to-date: /home/ubuntu/rj_training_container/training_ws/install/traini_gazebo/share/traini_gazebo/models/aruco_tag_37/materials/textures/ArUcoTag37.jpg
[36.377s] -- Up-to-date: /home/ubuntu/rj_training_container/training_ws/install/traini_gazebo/share/traini_gazebo/models/aruco_tag_37/model.config
[36.398s] -- Up-to-date: /home/ubuntu/rj_training_container/training_ws/install/traini_gazebo/share/traini_gazebo/models/aruco_tag_37/model.sdf
[36.413s] -- Up-to-date: /home/ubuntu/rj_training_container/training_ws/install/traini_gazebo/share/traini_gazebo/models/aruco_tag_38
[36.438s] -- Up-to-date: /home/ubuntu/rj_training_container/training_ws/install/traini_gazebo/share/traini_gazebo/models/aruco_tag_38/materials
[36.469s] -- Up-to-date: /home/ubuntu/rj_training_container/training_ws/install/traini_gazebo/share/traini_gazebo/models/aruco_tag_38/materials/scripts
[36.509s] -- Up-to-date: /home/ubuntu/rj_training_container/training_ws/install/traini_gazebo/share/traini_gazebo/models/aruco_tag_38/materials/scripts/aruco_tag_38.material
[36.531s] -- Up-to-date: /home/ubuntu/rj_training_container/training_ws/install/traini_gazebo/share/traini_gazebo/models/aruco_tag_38/materials/textures
[36.569s] -- Up-to-date: /home/ubuntu/rj_training_container/training_ws/install/traini_gazebo/share/traini_gazebo/models/aruco_tag_38/materials/textures/ArUcoTag38.jpg
[36.592s] -- Up-to-date: /home/ubuntu/rj_training_container/training_ws/install/traini_gazebo/share/traini_gazebo/models/aruco_tag_38/model.config
[36.611s] -- Up-to-date: /home/ubuntu/rj_training_container/training_ws/install/traini_gazebo/share/traini_gazebo/models/aruco_tag_38/model.sdf
[36.626s] -- Up-to-date: /home/ubuntu/rj_training_container/training_ws/install/traini_gazebo/share/traini_gazebo/models/aruco_tag_39
[36.651s] -- Up-to-date: /home/ubuntu/rj_training_container/training_ws/install/traini_gazebo/share/traini_gazebo/models/aruco_tag_39/materials
[36.680s] -- Up-to-date: /home/ubuntu/rj_training_container/training_ws/install/traini_gazebo/share/traini_gazebo/models/aruco_tag_39/materials/scripts
[36.720s] -- Up-to-date: /home/ubuntu/rj_training_container/training_ws/install/traini_gazebo/share/traini_gazebo/models/aruco_tag_39/materials/scripts/aruco_tag_39.material
[36.743s] -- Up-to-date: /home/ubuntu/rj_training_container/training_ws/install/traini_gazebo/share/traini_gazebo/models/aruco_tag_39/materials/textures
[36.787s] -- Up-to-date: /home/ubuntu/rj_training_container/training_ws/install/traini_gazebo/share/traini_gazebo/models/aruco_tag_39/materials/textures/ArUcoTag39.jpg
[36.809s] -- Up-to-date: /home/ubuntu/rj_training_container/training_ws/install/traini_gazebo/share/traini_gazebo/models/aruco_tag_39/model.config
[36.830s] -- Up-to-date: /home/ubuntu/rj_training_container/training_ws/install/traini_gazebo/share/traini_gazebo/models/aruco_tag_39/model.sdf
[36.845s] -- Up-to-date: /home/ubuntu/rj_training_container/training_ws/install/traini_gazebo/share/traini_gazebo/models/aruco_tag_4
[36.873s] -- Up-to-date: /home/ubuntu/rj_training_container/training_ws/install/traini_gazebo/share/traini_gazebo/models/aruco_tag_4/materials
[36.905s] -- Up-to-date: /home/ubuntu/rj_training_container/training_ws/install/traini_gazebo/share/traini_gazebo/models/aruco_tag_4/materials/scripts
[36.943s] -- Up-to-date: /home/ubuntu/rj_training_container/training_ws/install/traini_gazebo/share/traini_gazebo/models/aruco_tag_4/materials/scripts/aruco_tag_4.material
[36.966s] -- Up-to-date: /home/ubuntu/rj_training_container/training_ws/install/traini_gazebo/share/traini_gazebo/models/aruco_tag_4/materials/textures
[37.005s] -- Up-to-date: /home/ubuntu/rj_training_container/training_ws/install/traini_gazebo/share/traini_gazebo/models/aruco_tag_4/materials/textures/ArUcoTag4.jpg
[37.027s] -- Up-to-date: /home/ubuntu/rj_training_container/training_ws/install/traini_gazebo/share/traini_gazebo/models/aruco_tag_4/model.config
[37.047s] -- Up-to-date: /home/ubuntu/rj_training_container/training_ws/install/traini_gazebo/share/traini_gazebo/models/aruco_tag_4/model.sdf
[37.063s] -- Up-to-date: /home/ubuntu/rj_training_container/training_ws/install/traini_gazebo/share/traini_gazebo/models/aruco_tag_40
[37.089s] -- Up-to-date: /home/ubuntu/rj_training_container/training_ws/install/traini_gazebo/share/traini_gazebo/models/aruco_tag_40/materials
[37.118s] -- Up-to-date: /home/ubuntu/rj_training_container/training_ws/install/traini_gazebo/share/traini_gazebo/models/aruco_tag_40/materials/scripts
[37.159s] -- Up-to-date: /home/ubuntu/rj_training_container/training_ws/install/traini_gazebo/share/traini_gazebo/models/aruco_tag_40/materials/scripts/aruco_tag_40.material
[37.181s] -- Up-to-date: /home/ubuntu/rj_training_container/training_ws/install/traini_gazebo/share/traini_gazebo/models/aruco_tag_40/materials/textures
[37.221s] -- Up-to-date: /home/ubuntu/rj_training_container/training_ws/install/traini_gazebo/share/traini_gazebo/models/aruco_tag_40/materials/textures/ArUcoTag40.jpg
[37.243s] -- Up-to-date: /home/ubuntu/rj_training_container/training_ws/install/traini_gazebo/share/traini_gazebo/models/aruco_tag_40/model.config
[37.264s] -- Up-to-date: /home/ubuntu/rj_training_container/training_ws/install/traini_gazebo/share/traini_gazebo/models/aruco_tag_40/model.sdf
[37.279s] -- Up-to-date: /home/ubuntu/rj_training_container/training_ws/install/traini_gazebo/share/traini_gazebo/models/aruco_tag_5
[37.304s] -- Up-to-date: /home/ubuntu/rj_training_container/training_ws/install/traini_gazebo/share/traini_gazebo/models/aruco_tag_5/materials
[37.334s] -- Up-to-date: /home/ubuntu/rj_training_container/training_ws/install/traini_gazebo/share/traini_gazebo/models/aruco_tag_5/materials/scripts
[37.374s] -- Up-to-date: /home/ubuntu/rj_training_container/training_ws/install/traini_gazebo/share/traini_gazebo/models/aruco_tag_5/materials/scripts/aruco_tag_5.material
[37.396s] -- Up-to-date: /home/ubuntu/rj_training_container/training_ws/install/traini_gazebo/share/traini_gazebo/models/aruco_tag_5/materials/textures
[37.436s] -- Up-to-date: /home/ubuntu/rj_training_container/training_ws/install/traini_gazebo/share/traini_gazebo/models/aruco_tag_5/materials/textures/ArUcoTag5.jpg
[37.459s] -- Up-to-date: /home/ubuntu/rj_training_container/training_ws/install/traini_gazebo/share/traini_gazebo/models/aruco_tag_5/model.config
[37.481s] -- Up-to-date: /home/ubuntu/rj_training_container/training_ws/install/traini_gazebo/share/traini_gazebo/models/aruco_tag_5/model.sdf
[37.498s] -- Up-to-date: /home/ubuntu/rj_training_container/training_ws/install/traini_gazebo/share/traini_gazebo/models/aruco_tag_6
[37.523s] -- Up-to-date: /home/ubuntu/rj_training_container/training_ws/install/traini_gazebo/share/traini_gazebo/models/aruco_tag_6/materials
[37.554s] -- Up-to-date: /home/ubuntu/rj_training_container/training_ws/install/traini_gazebo/share/traini_gazebo/models/aruco_tag_6/materials/scripts
[37.595s] -- Up-to-date: /home/ubuntu/rj_training_container/training_ws/install/traini_gazebo/share/traini_gazebo/models/aruco_tag_6/materials/scripts/aruco_tag_6.material
[37.617s] -- Up-to-date: /home/ubuntu/rj_training_container/training_ws/install/traini_gazebo/share/traini_gazebo/models/aruco_tag_6/materials/textures
[37.657s] -- Up-to-date: /home/ubuntu/rj_training_container/training_ws/install/traini_gazebo/share/traini_gazebo/models/aruco_tag_6/materials/textures/ArUcoTag6.jpg
[37.679s] -- Up-to-date: /home/ubuntu/rj_training_container/training_ws/install/traini_gazebo/share/traini_gazebo/models/aruco_tag_6/model.config
[37.701s] -- Up-to-date: /home/ubuntu/rj_training_container/training_ws/install/traini_gazebo/share/traini_gazebo/models/aruco_tag_6/model.sdf
[37.717s] -- Up-to-date: /home/ubuntu/rj_training_container/training_ws/install/traini_gazebo/share/traini_gazebo/models/aruco_tag_7
[37.741s] -- Up-to-date: /home/ubuntu/rj_training_container/training_ws/install/traini_gazebo/share/traini_gazebo/models/aruco_tag_7/materials
[37.772s] -- Up-to-date: /home/ubuntu/rj_training_container/training_ws/install/traini_gazebo/share/traini_gazebo/models/aruco_tag_7/materials/scripts
[37.813s] -- Up-to-date: /home/ubuntu/rj_training_container/training_ws/install/traini_gazebo/share/traini_gazebo/models/aruco_tag_7/materials/scripts/aruco_tag_7.material
[37.836s] -- Up-to-date: /home/ubuntu/rj_training_container/training_ws/install/traini_gazebo/share/traini_gazebo/models/aruco_tag_7/materials/textures
[37.876s] -- Up-to-date: /home/ubuntu/rj_training_container/training_ws/install/traini_gazebo/share/traini_gazebo/models/aruco_tag_7/materials/textures/ArUcoTag7.jpg
[37.899s] -- Up-to-date: /home/ubuntu/rj_training_container/training_ws/install/traini_gazebo/share/traini_gazebo/models/aruco_tag_7/model.config
[37.921s] -- Up-to-date: /home/ubuntu/rj_training_container/training_ws/install/traini_gazebo/share/traini_gazebo/models/aruco_tag_7/model.sdf
[37.936s] -- Up-to-date: /home/ubuntu/rj_training_container/training_ws/install/traini_gazebo/share/traini_gazebo/models/aruco_tag_8
[37.965s] -- Up-to-date: /home/ubuntu/rj_training_container/training_ws/install/traini_gazebo/share/traini_gazebo/models/aruco_tag_8/materials
[37.997s] -- Up-to-date: /home/ubuntu/rj_training_container/training_ws/install/traini_gazebo/share/traini_gazebo/models/aruco_tag_8/materials/scripts
[38.036s] -- Up-to-date: /home/ubuntu/rj_training_container/training_ws/install/traini_gazebo/share/traini_gazebo/models/aruco_tag_8/materials/scripts/aruco_tag_8.material
[38.059s] -- Up-to-date: /home/ubuntu/rj_training_container/training_ws/install/traini_gazebo/share/traini_gazebo/models/aruco_tag_8/materials/textures
[38.101s] -- Up-to-date: /home/ubuntu/rj_training_container/training_ws/install/traini_gazebo/share/traini_gazebo/models/aruco_tag_8/materials/textures/ArUcoTag8.jpg
[38.123s] -- Up-to-date: /home/ubuntu/rj_training_container/training_ws/install/traini_gazebo/share/traini_gazebo/models/aruco_tag_8/model.config
[38.145s] -- Up-to-date: /home/ubuntu/rj_training_container/training_ws/install/traini_gazebo/share/traini_gazebo/models/aruco_tag_8/model.sdf
[38.162s] -- Up-to-date: /home/ubuntu/rj_training_container/training_ws/install/traini_gazebo/share/traini_gazebo/models/aruco_tag_9
[38.187s] -- Up-to-date: /home/ubuntu/rj_training_container/training_ws/install/traini_gazebo/share/traini_gazebo/models/aruco_tag_9/materials
[38.216s] -- Up-to-date: /home/ubuntu/rj_training_container/training_ws/install/traini_gazebo/share/traini_gazebo/models/aruco_tag_9/materials/scripts
[38.277s] -- Up-to-date: /home/ubuntu/rj_training_container/training_ws/install/traini_gazebo/share/traini_gazebo/models/aruco_tag_9/materials/scripts/aruco_tag_9.material
[38.302s] -- Up-to-date: /home/ubuntu/rj_training_container/training_ws/install/traini_gazebo/share/traini_gazebo/models/aruco_tag_9/materials/textures
[38.341s] -- Up-to-date: /home/ubuntu/rj_training_container/training_ws/install/traini_gazebo/share/traini_gazebo/models/aruco_tag_9/materials/textures/ArUcoTag9.jpg
[38.364s] -- Up-to-date: /home/ubuntu/rj_training_container/training_ws/install/traini_gazebo/share/traini_gazebo/models/aruco_tag_9/model.config
[38.385s] -- Up-to-date: /home/ubuntu/rj_training_container/training_ws/install/traini_gazebo/share/traini_gazebo/models/aruco_tag_9/model.sdf
[38.422s] -- Up-to-date: /home/ubuntu/rj_training_container/training_ws/install/traini_gazebo/share/ament_index/resource_index/package_run_dependencies/traini_gazebo
[38.458s] -- Up-to-date: /home/ubuntu/rj_training_container/training_ws/install/traini_gazebo/share/ament_index/resource_index/parent_prefix_path/traini_gazebo
[38.474s] -- Up-to-date: /home/ubuntu/rj_training_container/training_ws/install/traini_gazebo/share/traini_gazebo/environment/ament_prefix_path.sh
[38.497s] -- Up-to-date: /home/ubuntu/rj_training_container/training_ws/install/traini_gazebo/share/traini_gazebo/environment/ament_prefix_path.dsv
[38.514s] -- Up-to-date: /home/ubuntu/rj_training_container/training_ws/install/traini_gazebo/share/traini_gazebo/environment/path.sh
[38.536s] -- Up-to-date: /home/ubuntu/rj_training_container/training_ws/install/traini_gazebo/share/traini_gazebo/environment/path.dsv
[38.556s] -- Up-to-date: /home/ubuntu/rj_training_container/training_ws/install/traini_gazebo/share/traini_gazebo/local_setup.bash
[38.575s] -- Up-to-date: /home/ubuntu/rj_training_container/training_ws/install/traini_gazebo/share/traini_gazebo/local_setup.sh
[38.595s] -- Up-to-date: /home/ubuntu/rj_training_container/training_ws/install/traini_gazebo/share/traini_gazebo/local_setup.zsh
[38.613s] -- Up-to-date: /home/ubuntu/rj_training_container/training_ws/install/traini_gazebo/share/traini_gazebo/local_setup.dsv
[38.633s] -- Installing: /home/ubuntu/rj_training_container/training_ws/install/traini_gazebo/share/traini_gazebo/package.dsv
[38.714s] -- Up-to-date: /home/ubuntu/rj_training_container/training_ws/install/traini_gazebo/share/ament_index/resource_index/packages/traini_gazebo
[38.737s] -- Up-to-date: /home/ubuntu/rj_training_container/training_ws/install/traini_gazebo/share/traini_gazebo/cmake/traini_gazeboConfig.cmake
[38.755s] -- Up-to-date: /home/ubuntu/rj_training_container/training_ws/install/traini_gazebo/share/traini_gazebo/cmake/traini_gazeboConfig-version.cmake
[38.780s] -- Up-to-date: /home/ubuntu/rj_training_container/training_ws/install/traini_gazebo/share/traini_gazebo/package.xml
[38.792s] Invoked command in '/home/ubuntu/rj_training_container/training_ws/build/traini_gazebo' returned '0': CMAKE_PREFIX_PATH=/home/ubuntu/rj_training_container/training_ws/install/stsl_aruco_tags:/home/ubuntu/rj_training_container/training_ws/install/stsl_interfaces:/home/ubuntu/rj_training_container/training_ws/install/stsl_gazebo_plugins:/home/ubuntu/rj_training_container/training_ws/install/stsl_desktop:/home/ubuntu/rj_training_container/training_ws/install/traini_bringup:/home/ubuntu/rj_training_container/training_ws/install/traini_gazebo:/home/ubuntu/rj_training_container/training_ws/install/traini_description:/home/ubuntu/rj_training_container/training_ws/install/teleop:/home/ubuntu/rj_training_container/training_ws/install/stsl_utils:/home/ubuntu/rj_training_container/training_ws/install/stsl_rviz_plugins:/home/ubuntu/rj_training_container/training_ws/install/stsl_nav_plugins:/home/ubuntu/rj_training_container/training_ws/install/mission_orchestration:/home/ubuntu/rj_training_container/training_ws/install/stsl_bt_nodes:/home/ubuntu/rj_training_container/training_ws/install/peak_finder:/home/ubuntu/rj_training_container/training_ws/install/mineral_deposit_tracking:/home/ubuntu/rj_training_container/training_ws/install/mineral_deposit_detection:/home/ubuntu/rj_training_container/training_ws/install/localization:/home/ubuntu/rj_training_container/training_ws/install/elevation_server:/home/ubuntu/rj_training_container/training_ws/install/coordinate_transform:/home/ubuntu/rj_training_container/training_ws/install/rj_training_bringup:/home/ubuntu/rj_training_container/training_ws/install/obstacle_detector:/home/ubuntu/rj_training_container/training_ws/install/mapping:/home/ubuntu/rj_training_container/training_ws/install/joystick_package:/home/ubuntu/rj_training_container/training_ws/install/joystick_msgs:/home/ubuntu/rj_training_container/training_ws/install/controllers:/home/ubuntu/rj_training_container/training_ws/install/astar_path_planner:/home/ubuntu/rj_training_container/training_ws/install/keyboard:/opt/ros/humble LD_LIBRARY_PATH=/home/ubuntu/rj_training_container/training_ws/install/stsl_aruco_tags/lib:/home/ubuntu/rj_training_container/training_ws/install/stsl_interfaces/lib:/home/ubuntu/rj_training_container/training_ws/install/stsl_gazebo_plugins/lib:/home/ubuntu/rj_training_container/training_ws/install/teleop/lib:/home/ubuntu/rj_training_container/training_ws/install/stsl_utils/lib:/home/ubuntu/rj_training_container/training_ws/install/stsl_rviz_plugins/lib:/home/ubuntu/rj_training_container/training_ws/install/stsl_nav_plugins/lib:/home/ubuntu/rj_training_container/training_ws/install/mission_orchestration/lib:/home/ubuntu/rj_training_container/training_ws/install/stsl_bt_nodes/lib:/home/ubuntu/rj_training_container/training_ws/install/peak_finder/lib:/home/ubuntu/rj_training_container/training_ws/install/mineral_deposit_tracking/lib:/home/ubuntu/rj_training_container/training_ws/install/mineral_deposit_detection/lib:/home/ubuntu/rj_training_container/training_ws/install/localization/lib:/home/ubuntu/rj_training_container/training_ws/install/elevation_server/lib:/home/ubuntu/rj_training_container/training_ws/install/coordinate_transform/lib:/home/ubuntu/rj_training_container/training_ws/install/obstacle_detector/lib:/home/ubuntu/rj_training_container/training_ws/install/mapping/lib:/home/ubuntu/rj_training_container/training_ws/install/joystick_package/lib:/home/ubuntu/rj_training_container/training_ws/install/joystick_msgs/lib:/home/ubuntu/rj_training_container/training_ws/install/controllers/lib:/home/ubuntu/rj_training_container/training_ws/install/astar_path_planner/lib:/usr/lib/x86_64-linux-gnu/gazebo-11/plugins:/opt/ros/humble/opt/rviz_ogre_vendor/lib:/opt/ros/humble/lib/x86_64-linux-gnu:/opt/ros/humble/lib /usr/bin/cmake --install /home/ubuntu/rj_training_container/training_ws/build/traini_gazebo
