[0.505s] Invoking command in '/home/ubuntu/rj_training_container/training_ws/build/peak_finder': AMENT_PREFIX_PATH=/home/ubuntu/rj_training_container/training_ws/install/stsl_interfaces:${AMENT_PREFIX_PATH} CMAKE_PREFIX_PATH=/home/ubuntu/rj_training_container/training_ws/install/stsl_interfaces:/opt/ros/humble LD_LIBRARY_PATH=/home/ubuntu/rj_training_container/training_ws/install/stsl_interfaces/lib:${LD_LIBRARY_PATH} PYTHONPATH=/home/ubuntu/rj_training_container/training_ws/install/stsl_interfaces/local/lib/python3.10/dist-packages:${PYTHONPATH} /usr/bin/cmake --build /home/ubuntu/rj_training_container/training_ws/build/peak_finder -- -j16 -l16
[1.797s] [ 40%] Built target peak_finder_node
[1.969s] [100%] Built target peak_finder_components
[2.194s] Invoked command in '/home/ubuntu/rj_training_container/training_ws/build/peak_finder' returned '0': AMENT_PREFIX_PATH=/home/ubuntu/rj_training_container/training_ws/install/stsl_interfaces:${AMENT_PREFIX_PATH} CMAKE_PREFIX_PATH=/home/ubuntu/rj_training_container/training_ws/install/stsl_interfaces:/opt/ros/humble LD_LIBRARY_PATH=/home/ubuntu/rj_training_container/training_ws/install/stsl_interfaces/lib:${LD_LIBRARY_PATH} PYTHONPATH=/home/ubuntu/rj_training_container/training_ws/install/stsl_interfaces/local/lib/python3.10/dist-packages:${PYTHONPATH} /usr/bin/cmake --build /home/ubuntu/rj_training_container/training_ws/build/peak_finder -- -j16 -l16
[2.319s] Invoking command in '/home/ubuntu/rj_training_container/training_ws/build/peak_finder': AMENT_PREFIX_PATH=/home/ubuntu/rj_training_container/training_ws/install/stsl_interfaces:${AMENT_PREFIX_PATH} CMAKE_PREFIX_PATH=/home/ubuntu/rj_training_container/training_ws/install/stsl_interfaces:/opt/ros/humble LD_LIBRARY_PATH=/home/ubuntu/rj_training_container/training_ws/install/stsl_interfaces/lib:${LD_LIBRARY_PATH} PYTHONPATH=/home/ubuntu/rj_training_container/training_ws/install/stsl_interfaces/local/lib/python3.10/dist-packages:${PYTHONPATH} /usr/bin/cmake --install /home/ubuntu/rj_training_container/training_ws/build/peak_finder
[2.464s] -- Install configuration: ""
[2.593s] -- Up-to-date: /home/ubuntu/rj_training_container/training_ws/install/peak_finder/lib/peak_finder/peak_finder_node
[2.865s] -- Up-to-date: /home/ubuntu/rj_training_container/training_ws/install/peak_finder/lib/libpeak_finder_components.so
[3.060s] -- Up-to-date: /home/ubuntu/rj_training_container/training_ws/install/peak_finder/share/ament_index/resource_index/package_run_dependencies/peak_finder
[3.180s] -- Up-to-date: /home/ubuntu/rj_training_container/training_ws/install/peak_finder/share/ament_index/resource_index/parent_prefix_path/peak_finder
[3.229s] -- Up-to-date: /home/ubuntu/rj_training_container/training_ws/install/peak_finder/share/peak_finder/environment/ament_prefix_path.sh
[3.304s] -- Up-to-date: /home/ubuntu/rj_training_container/training_ws/install/peak_finder/share/peak_finder/environment/ament_prefix_path.dsv
[3.355s] -- Up-to-date: /home/ubuntu/rj_training_container/training_ws/install/peak_finder/share/peak_finder/environment/path.sh
[3.425s] -- Up-to-date: /home/ubuntu/rj_training_container/training_ws/install/peak_finder/share/peak_finder/environment/path.dsv
[3.487s] -- Up-to-date: /home/ubuntu/rj_training_container/training_ws/install/peak_finder/share/peak_finder/local_setup.bash
[3.545s] -- Up-to-date: /home/ubuntu/rj_training_container/training_ws/install/peak_finder/share/peak_finder/local_setup.sh
[3.605s] -- Up-to-date: /home/ubuntu/rj_training_container/training_ws/install/peak_finder/share/peak_finder/local_setup.zsh
[3.670s] -- Up-to-date: /home/ubuntu/rj_training_container/training_ws/install/peak_finder/share/peak_finder/local_setup.dsv
[3.733s] -- Installing: /home/ubuntu/rj_training_container/training_ws/install/peak_finder/share/peak_finder/package.dsv
[3.955s] -- Up-to-date: /home/ubuntu/rj_training_container/training_ws/install/peak_finder/share/ament_index/resource_index/packages/peak_finder
[4.026s] -- Up-to-date: /home/ubuntu/rj_training_container/training_ws/install/peak_finder/share/ament_index/resource_index/rclcpp_components/peak_finder
[4.071s] -- Up-to-date: /home/ubuntu/rj_training_container/training_ws/install/peak_finder/share/peak_finder/cmake/peak_finderConfig.cmake
[4.104s] -- Up-to-date: /home/ubuntu/rj_training_container/training_ws/install/peak_finder/share/peak_finder/cmake/peak_finderConfig-version.cmake
[4.148s] -- Up-to-date: /home/ubuntu/rj_training_container/training_ws/install/peak_finder/share/peak_finder/package.xml
[6.067s] Invoked command in '/home/ubuntu/rj_training_container/training_ws/build/peak_finder' returned '0': AMENT_PREFIX_PATH=/home/ubuntu/rj_training_container/training_ws/install/stsl_interfaces:${AMENT_PREFIX_PATH} CMAKE_PREFIX_PATH=/home/ubuntu/rj_training_container/training_ws/install/stsl_interfaces:/opt/ros/humble LD_LIBRARY_PATH=/home/ubuntu/rj_training_container/training_ws/install/stsl_interfaces/lib:${LD_LIBRARY_PATH} PYTHONPATH=/home/ubuntu/rj_training_container/training_ws/install/stsl_interfaces/local/lib/python3.10/dist-packages:${PYTHONPATH} /usr/bin/cmake --install /home/ubuntu/rj_training_container/training_ws/build/peak_finder
