[0.383s] Invoking command in '/home/ubuntu/rj_training_container/training_ws/build/joystick_msgs': CMAKE_PREFIX_PATH=/opt/ros/humble /usr/bin/cmake --build /home/ubuntu/rj_training_container/training_ws/build/joystick_msgs -- -j16 -l16
[1.528s] [  3%] Built target joystick_msgs__cpp
[1.532s] [ 12%] Built target joystick_msgs__rosidl_generator_c
[1.535s] [ 22%] Built target joystick_msgs__rosidl_typesupport_cpp
[1.538s] [ 35%] Built target joystick_msgs__rosidl_typesupport_introspection_cpp
[1.542s] [ 41%] Built target joystick_msgs__rosidl_typesupport_fastrtps_cpp
[1.673s] [ 51%] Built target joystick_msgs__rosidl_typesupport_c
[1.707s] [ 67%] Built target joystick_msgs__rosidl_typesupport_introspection_c
[1.722s] [ 70%] Built target joystick_msgs__rosidl_typesupport_fastrtps_c
[1.932s] [ 70%] Built target joystick_msgs
[2.342s] [ 74%] Built target joystick_msgs__py
[2.856s] [ 74%] Built target ament_cmake_python_copy_joystick_msgs
[2.952s] [ 80%] Built target joystick_msgs__rosidl_generator_py
[3.443s] [100%] Built target joystick_msgs__rosidl_typesupport_fastrtps_c__pyext
[3.447s] [100%] Built target joystick_msgs__rosidl_typesupport_c__pyext
[3.451s] [100%] Built target joystick_msgs__rosidl_typesupport_introspection_c__pyext
[3.632s] running egg_info
[3.644s] writing joystick_msgs.egg-info/PKG-INFO
[3.657s] writing dependency_links to joystick_msgs.egg-info/dependency_links.txt
[3.685s] writing top-level names to joystick_msgs.egg-info/top_level.txt
[3.820s] reading manifest file 'joystick_msgs.egg-info/SOURCES.txt'
[3.989s] writing manifest file 'joystick_msgs.egg-info/SOURCES.txt'
[4.065s] [100%] Built target ament_cmake_python_build_joystick_msgs_egg
[5.774s] Invoked command in '/home/ubuntu/rj_training_container/training_ws/build/joystick_msgs' returned '0': CMAKE_PREFIX_PATH=/opt/ros/humble /usr/bin/cmake --build /home/ubuntu/rj_training_container/training_ws/build/joystick_msgs -- -j16 -l16
[9.350s] Invoking command in '/home/ubuntu/rj_training_container/training_ws/build/joystick_msgs': CMAKE_PREFIX_PATH=/opt/ros/humble /usr/bin/cmake --install /home/ubuntu/rj_training_container/training_ws/build/joystick_msgs
[10.992s] -- Install configuration: ""
[10.993s] -- Up-to-date: /home/ubuntu/rj_training_container/training_ws/install/joystick_msgs/share/ament_index/resource_index/rosidl_interfaces/joystick_msgs
[10.994s] -- Up-to-date: /home/ubuntu/rj_training_container/training_ws/install/joystick_msgs/include/joystick_msgs/joystick_msgs
[10.995s] -- Up-to-date: /home/ubuntu/rj_training_container/training_ws/install/joystick_msgs/include/joystick_msgs/joystick_msgs/msg
[10.996s] -- Up-to-date: /home/ubuntu/rj_training_container/training_ws/install/joystick_msgs/include/joystick_msgs/joystick_msgs/msg/detail
[10.997s] -- Up-to-date: /home/ubuntu/rj_training_container/training_ws/install/joystick_msgs/include/joystick_msgs/joystick_msgs/msg/detail/velocity_pair__functions.c
[10.998s] -- Up-to-date: /home/ubuntu/rj_training_container/training_ws/install/joystick_msgs/include/joystick_msgs/joystick_msgs/msg/detail/velocity_pair__functions.h
[10.999s] -- Up-to-date: /home/ubuntu/rj_training_container/training_ws/install/joystick_msgs/include/joystick_msgs/joystick_msgs/msg/detail/velocity_pair__struct.h
[11.000s] -- Up-to-date: /home/ubuntu/rj_training_container/training_ws/install/joystick_msgs/include/joystick_msgs/joystick_msgs/msg/detail/velocity_pair__type_support.h
[11.001s] -- Up-to-date: /home/ubuntu/rj_training_container/training_ws/install/joystick_msgs/include/joystick_msgs/joystick_msgs/msg/rosidl_generator_c__visibility_control.h
[11.002s] -- Up-to-date: /home/ubuntu/rj_training_container/training_ws/install/joystick_msgs/include/joystick_msgs/joystick_msgs/msg/velocity_pair.h
[11.002s] -- Up-to-date: /home/ubuntu/rj_training_container/training_ws/install/joystick_msgs/share/joystick_msgs/environment/library_path.sh
[11.003s] -- Up-to-date: /home/ubuntu/rj_training_container/training_ws/install/joystick_msgs/share/joystick_msgs/environment/library_path.dsv
[11.004s] -- Up-to-date: /home/ubuntu/rj_training_container/training_ws/install/joystick_msgs/lib/libjoystick_msgs__rosidl_generator_c.so
[11.005s] -- Up-to-date: /home/ubuntu/rj_training_container/training_ws/install/joystick_msgs/include/joystick_msgs/joystick_msgs
[11.006s] -- Up-to-date: /home/ubuntu/rj_training_container/training_ws/install/joystick_msgs/include/joystick_msgs/joystick_msgs/msg
[11.006s] -- Up-to-date: /home/ubuntu/rj_training_container/training_ws/install/joystick_msgs/include/joystick_msgs/joystick_msgs/msg/detail
[11.007s] -- Up-to-date: /home/ubuntu/rj_training_container/training_ws/install/joystick_msgs/include/joystick_msgs/joystick_msgs/msg/detail/velocity_pair__rosidl_typesupport_fastrtps_c.h
[11.008s] -- Up-to-date: /home/ubuntu/rj_training_container/training_ws/install/joystick_msgs/include/joystick_msgs/joystick_msgs/msg/rosidl_typesupport_fastrtps_c__visibility_control.h
[11.009s] -- Up-to-date: /home/ubuntu/rj_training_container/training_ws/install/joystick_msgs/lib/libjoystick_msgs__rosidl_typesupport_fastrtps_c.so
[11.010s] -- Up-to-date: /home/ubuntu/rj_training_container/training_ws/install/joystick_msgs/include/joystick_msgs/joystick_msgs
[11.011s] -- Up-to-date: /home/ubuntu/rj_training_container/training_ws/install/joystick_msgs/include/joystick_msgs/joystick_msgs/msg
[11.012s] -- Up-to-date: /home/ubuntu/rj_training_container/training_ws/install/joystick_msgs/include/joystick_msgs/joystick_msgs/msg/detail
[11.013s] -- Up-to-date: /home/ubuntu/rj_training_container/training_ws/install/joystick_msgs/include/joystick_msgs/joystick_msgs/msg/detail/velocity_pair__builder.hpp
[11.014s] -- Up-to-date: /home/ubuntu/rj_training_container/training_ws/install/joystick_msgs/include/joystick_msgs/joystick_msgs/msg/detail/velocity_pair__struct.hpp
[11.017s] -- Up-to-date: /home/ubuntu/rj_training_container/training_ws/install/joystick_msgs/include/joystick_msgs/joystick_msgs/msg/detail/velocity_pair__traits.hpp
[11.018s] -- Up-to-date: /home/ubuntu/rj_training_container/training_ws/install/joystick_msgs/include/joystick_msgs/joystick_msgs/msg/velocity_pair.hpp
[11.019s] -- Up-to-date: /home/ubuntu/rj_training_container/training_ws/install/joystick_msgs/include/joystick_msgs/joystick_msgs
[11.019s] -- Up-to-date: /home/ubuntu/rj_training_container/training_ws/install/joystick_msgs/include/joystick_msgs/joystick_msgs/msg
[11.021s] -- Up-to-date: /home/ubuntu/rj_training_container/training_ws/install/joystick_msgs/include/joystick_msgs/joystick_msgs/msg/detail
[11.022s] -- Up-to-date: /home/ubuntu/rj_training_container/training_ws/install/joystick_msgs/include/joystick_msgs/joystick_msgs/msg/detail/dds_fastrtps
[11.025s] -- Up-to-date: /home/ubuntu/rj_training_container/training_ws/install/joystick_msgs/include/joystick_msgs/joystick_msgs/msg/detail/velocity_pair__rosidl_typesupport_fastrtps_cpp.hpp
[11.026s] -- Up-to-date: /home/ubuntu/rj_training_container/training_ws/install/joystick_msgs/include/joystick_msgs/joystick_msgs/msg/rosidl_typesupport_fastrtps_cpp__visibility_control.h
[11.027s] -- Up-to-date: /home/ubuntu/rj_training_container/training_ws/install/joystick_msgs/lib/libjoystick_msgs__rosidl_typesupport_fastrtps_cpp.so
[11.028s] -- Up-to-date: /home/ubuntu/rj_training_container/training_ws/install/joystick_msgs/include/joystick_msgs/joystick_msgs
[11.029s] -- Up-to-date: /home/ubuntu/rj_training_container/training_ws/install/joystick_msgs/include/joystick_msgs/joystick_msgs/msg
[11.030s] -- Up-to-date: /home/ubuntu/rj_training_container/training_ws/install/joystick_msgs/include/joystick_msgs/joystick_msgs/msg/detail
[11.031s] -- Up-to-date: /home/ubuntu/rj_training_container/training_ws/install/joystick_msgs/include/joystick_msgs/joystick_msgs/msg/detail/velocity_pair__rosidl_typesupport_introspection_c.h
[11.032s] -- Up-to-date: /home/ubuntu/rj_training_container/training_ws/install/joystick_msgs/include/joystick_msgs/joystick_msgs/msg/detail/velocity_pair__type_support.c
[11.033s] -- Up-to-date: /home/ubuntu/rj_training_container/training_ws/install/joystick_msgs/include/joystick_msgs/joystick_msgs/msg/rosidl_typesupport_introspection_c__visibility_control.h
[11.033s] -- Up-to-date: /home/ubuntu/rj_training_container/training_ws/install/joystick_msgs/lib/libjoystick_msgs__rosidl_typesupport_introspection_c.so
[11.034s] -- Up-to-date: /home/ubuntu/rj_training_container/training_ws/install/joystick_msgs/lib/libjoystick_msgs__rosidl_typesupport_c.so
[11.035s] -- Up-to-date: /home/ubuntu/rj_training_container/training_ws/install/joystick_msgs/include/joystick_msgs/joystick_msgs
[11.036s] -- Up-to-date: /home/ubuntu/rj_training_container/training_ws/install/joystick_msgs/include/joystick_msgs/joystick_msgs/msg
[11.037s] -- Up-to-date: /home/ubuntu/rj_training_container/training_ws/install/joystick_msgs/include/joystick_msgs/joystick_msgs/msg/detail
[11.038s] -- Up-to-date: /home/ubuntu/rj_training_container/training_ws/install/joystick_msgs/include/joystick_msgs/joystick_msgs/msg/detail/velocity_pair__rosidl_typesupport_introspection_cpp.hpp
[11.038s] -- Up-to-date: /home/ubuntu/rj_training_container/training_ws/install/joystick_msgs/include/joystick_msgs/joystick_msgs/msg/detail/velocity_pair__type_support.cpp
[11.039s] -- Up-to-date: /home/ubuntu/rj_training_container/training_ws/install/joystick_msgs/lib/libjoystick_msgs__rosidl_typesupport_introspection_cpp.so
[11.062s] -- Up-to-date: /home/ubuntu/rj_training_container/training_ws/install/joystick_msgs/lib/libjoystick_msgs__rosidl_typesupport_cpp.so
[11.115s] -- Up-to-date: /home/ubuntu/rj_training_container/training_ws/install/joystick_msgs/share/joystick_msgs/environment/pythonpath.sh
[11.136s] -- Up-to-date: /home/ubuntu/rj_training_container/training_ws/install/joystick_msgs/share/joystick_msgs/environment/pythonpath.dsv
[11.155s] -- Up-to-date: /home/ubuntu/rj_training_container/training_ws/install/joystick_msgs/local/lib/python3.10/dist-packages/joystick_msgs-0.0.0-py3.10.egg-info
[11.190s] -- Installing: /home/ubuntu/rj_training_container/training_ws/install/joystick_msgs/local/lib/python3.10/dist-packages/joystick_msgs-0.0.0-py3.10.egg-info/dependency_links.txt
[11.283s] -- Installing: /home/ubuntu/rj_training_container/training_ws/install/joystick_msgs/local/lib/python3.10/dist-packages/joystick_msgs-0.0.0-py3.10.egg-info/PKG-INFO
[11.381s] -- Installing: /home/ubuntu/rj_training_container/training_ws/install/joystick_msgs/local/lib/python3.10/dist-packages/joystick_msgs-0.0.0-py3.10.egg-info/SOURCES.txt
[11.477s] -- Installing: /home/ubuntu/rj_training_container/training_ws/install/joystick_msgs/local/lib/python3.10/dist-packages/joystick_msgs-0.0.0-py3.10.egg-info/top_level.txt
[11.564s] -- Up-to-date: /home/ubuntu/rj_training_container/training_ws/install/joystick_msgs/local/lib/python3.10/dist-packages/joystick_msgs
[11.596s] -- Up-to-date: /home/ubuntu/rj_training_container/training_ws/install/joystick_msgs/local/lib/python3.10/dist-packages/joystick_msgs/joystick_msgs_s__rosidl_typesupport_c.cpython-310-x86_64-linux-gnu.so
[11.621s] -- Up-to-date: /home/ubuntu/rj_training_container/training_ws/install/joystick_msgs/local/lib/python3.10/dist-packages/joystick_msgs/joystick_msgs_s__rosidl_typesupport_fastrtps_c.cpython-310-x86_64-linux-gnu.so
[11.644s] -- Up-to-date: /home/ubuntu/rj_training_container/training_ws/install/joystick_msgs/local/lib/python3.10/dist-packages/joystick_msgs/joystick_msgs_s__rosidl_typesupport_introspection_c.cpython-310-x86_64-linux-gnu.so
[11.671s] -- Up-to-date: /home/ubuntu/rj_training_container/training_ws/install/joystick_msgs/local/lib/python3.10/dist-packages/joystick_msgs/libjoystick_msgs__rosidl_generator_py.so
[11.694s] -- Up-to-date: /home/ubuntu/rj_training_container/training_ws/install/joystick_msgs/local/lib/python3.10/dist-packages/joystick_msgs/msg
[11.734s] -- Up-to-date: /home/ubuntu/rj_training_container/training_ws/install/joystick_msgs/local/lib/python3.10/dist-packages/joystick_msgs/msg/_velocity_pair.py
[11.764s] -- Up-to-date: /home/ubuntu/rj_training_container/training_ws/install/joystick_msgs/local/lib/python3.10/dist-packages/joystick_msgs/msg/_velocity_pair_s.c
[11.794s] -- Up-to-date: /home/ubuntu/rj_training_container/training_ws/install/joystick_msgs/local/lib/python3.10/dist-packages/joystick_msgs/msg/__init__.py
[11.821s] -- Up-to-date: /home/ubuntu/rj_training_container/training_ws/install/joystick_msgs/local/lib/python3.10/dist-packages/joystick_msgs/_joystick_msgs_s.ep.rosidl_typesupport_c.c
[11.845s] -- Up-to-date: /home/ubuntu/rj_training_container/training_ws/install/joystick_msgs/local/lib/python3.10/dist-packages/joystick_msgs/_joystick_msgs_s.ep.rosidl_typesupport_fastrtps_c.c
[11.870s] -- Up-to-date: /home/ubuntu/rj_training_container/training_ws/install/joystick_msgs/local/lib/python3.10/dist-packages/joystick_msgs/_joystick_msgs_s.ep.rosidl_typesupport_introspection_c.c
[11.894s] -- Up-to-date: /home/ubuntu/rj_training_container/training_ws/install/joystick_msgs/local/lib/python3.10/dist-packages/joystick_msgs/__init__.py
[12.114s] Listing '/home/ubuntu/rj_training_container/training_ws/install/joystick_msgs/local/lib/python3.10/dist-packages/joystick_msgs'...
[12.115s] Listing '/home/ubuntu/rj_training_container/training_ws/install/joystick_msgs/local/lib/python3.10/dist-packages/joystick_msgs/msg'...
[12.198s] -- Up-to-date: /home/ubuntu/rj_training_container/training_ws/install/joystick_msgs/local/lib/python3.10/dist-packages/joystick_msgs/joystick_msgs_s__rosidl_typesupport_fastrtps_c.cpython-310-x86_64-linux-gnu.so
[12.335s] -- Up-to-date: /home/ubuntu/rj_training_container/training_ws/install/joystick_msgs/local/lib/python3.10/dist-packages/joystick_msgs/joystick_msgs_s__rosidl_typesupport_introspection_c.cpython-310-x86_64-linux-gnu.so
[12.464s] -- Up-to-date: /home/ubuntu/rj_training_container/training_ws/install/joystick_msgs/local/lib/python3.10/dist-packages/joystick_msgs/joystick_msgs_s__rosidl_typesupport_c.cpython-310-x86_64-linux-gnu.so
[12.584s] -- Up-to-date: /home/ubuntu/rj_training_container/training_ws/install/joystick_msgs/lib/libjoystick_msgs__rosidl_generator_py.so
[12.643s] -- Up-to-date: /home/ubuntu/rj_training_container/training_ws/install/joystick_msgs/share/joystick_msgs/msg/VelocityPair.idl
[12.675s] -- Up-to-date: /home/ubuntu/rj_training_container/training_ws/install/joystick_msgs/share/joystick_msgs/msg/VelocityPair.msg
[12.707s] -- Up-to-date: /home/ubuntu/rj_training_container/training_ws/install/joystick_msgs/share/ament_index/resource_index/package_run_dependencies/joystick_msgs
[12.743s] -- Up-to-date: /home/ubuntu/rj_training_container/training_ws/install/joystick_msgs/share/ament_index/resource_index/parent_prefix_path/joystick_msgs
[12.759s] -- Up-to-date: /home/ubuntu/rj_training_container/training_ws/install/joystick_msgs/share/joystick_msgs/environment/ament_prefix_path.sh
[12.780s] -- Up-to-date: /home/ubuntu/rj_training_container/training_ws/install/joystick_msgs/share/joystick_msgs/environment/ament_prefix_path.dsv
[12.796s] -- Up-to-date: /home/ubuntu/rj_training_container/training_ws/install/joystick_msgs/share/joystick_msgs/environment/path.sh
[12.816s] -- Up-to-date: /home/ubuntu/rj_training_container/training_ws/install/joystick_msgs/share/joystick_msgs/environment/path.dsv
[12.836s] -- Up-to-date: /home/ubuntu/rj_training_container/training_ws/install/joystick_msgs/share/joystick_msgs/local_setup.bash
[12.854s] -- Up-to-date: /home/ubuntu/rj_training_container/training_ws/install/joystick_msgs/share/joystick_msgs/local_setup.sh
[12.875s] -- Up-to-date: /home/ubuntu/rj_training_container/training_ws/install/joystick_msgs/share/joystick_msgs/local_setup.zsh
[12.895s] -- Up-to-date: /home/ubuntu/rj_training_container/training_ws/install/joystick_msgs/share/joystick_msgs/local_setup.dsv
[12.914s] -- Installing: /home/ubuntu/rj_training_container/training_ws/install/joystick_msgs/share/joystick_msgs/package.dsv
[13.001s] -- Up-to-date: /home/ubuntu/rj_training_container/training_ws/install/joystick_msgs/share/ament_index/resource_index/packages/joystick_msgs
[13.061s] -- Up-to-date: /home/ubuntu/rj_training_container/training_ws/install/joystick_msgs/share/joystick_msgs/cmake/export_joystick_msgs__rosidl_generator_cExport.cmake
[13.094s] -- Up-to-date: /home/ubuntu/rj_training_container/training_ws/install/joystick_msgs/share/joystick_msgs/cmake/export_joystick_msgs__rosidl_generator_cExport-noconfig.cmake
[13.158s] -- Up-to-date: /home/ubuntu/rj_training_container/training_ws/install/joystick_msgs/share/joystick_msgs/cmake/export_joystick_msgs__rosidl_typesupport_fastrtps_cExport.cmake
[13.192s] -- Up-to-date: /home/ubuntu/rj_training_container/training_ws/install/joystick_msgs/share/joystick_msgs/cmake/export_joystick_msgs__rosidl_typesupport_fastrtps_cExport-noconfig.cmake
[13.255s] -- Up-to-date: /home/ubuntu/rj_training_container/training_ws/install/joystick_msgs/share/joystick_msgs/cmake/export_joystick_msgs__rosidl_generator_cppExport.cmake
[13.317s] -- Up-to-date: /home/ubuntu/rj_training_container/training_ws/install/joystick_msgs/share/joystick_msgs/cmake/export_joystick_msgs__rosidl_typesupport_fastrtps_cppExport.cmake
[13.349s] -- Up-to-date: /home/ubuntu/rj_training_container/training_ws/install/joystick_msgs/share/joystick_msgs/cmake/export_joystick_msgs__rosidl_typesupport_fastrtps_cppExport-noconfig.cmake
[13.415s] -- Up-to-date: /home/ubuntu/rj_training_container/training_ws/install/joystick_msgs/share/joystick_msgs/cmake/joystick_msgs__rosidl_typesupport_introspection_cExport.cmake
[13.448s] -- Up-to-date: /home/ubuntu/rj_training_container/training_ws/install/joystick_msgs/share/joystick_msgs/cmake/joystick_msgs__rosidl_typesupport_introspection_cExport-noconfig.cmake
[13.507s] -- Up-to-date: /home/ubuntu/rj_training_container/training_ws/install/joystick_msgs/share/joystick_msgs/cmake/joystick_msgs__rosidl_typesupport_cExport.cmake
[13.539s] -- Up-to-date: /home/ubuntu/rj_training_container/training_ws/install/joystick_msgs/share/joystick_msgs/cmake/joystick_msgs__rosidl_typesupport_cExport-noconfig.cmake
[13.601s] -- Up-to-date: /home/ubuntu/rj_training_container/training_ws/install/joystick_msgs/share/joystick_msgs/cmake/joystick_msgs__rosidl_typesupport_introspection_cppExport.cmake
[13.633s] -- Up-to-date: /home/ubuntu/rj_training_container/training_ws/install/joystick_msgs/share/joystick_msgs/cmake/joystick_msgs__rosidl_typesupport_introspection_cppExport-noconfig.cmake
[13.694s] -- Up-to-date: /home/ubuntu/rj_training_container/training_ws/install/joystick_msgs/share/joystick_msgs/cmake/joystick_msgs__rosidl_typesupport_cppExport.cmake
[13.725s] -- Up-to-date: /home/ubuntu/rj_training_container/training_ws/install/joystick_msgs/share/joystick_msgs/cmake/joystick_msgs__rosidl_typesupport_cppExport-noconfig.cmake
[13.784s] -- Up-to-date: /home/ubuntu/rj_training_container/training_ws/install/joystick_msgs/share/joystick_msgs/cmake/export_joystick_msgs__rosidl_generator_pyExport.cmake
[13.815s] -- Up-to-date: /home/ubuntu/rj_training_container/training_ws/install/joystick_msgs/share/joystick_msgs/cmake/export_joystick_msgs__rosidl_generator_pyExport-noconfig.cmake
[13.834s] -- Up-to-date: /home/ubuntu/rj_training_container/training_ws/install/joystick_msgs/share/joystick_msgs/cmake/rosidl_cmake-extras.cmake
[13.854s] -- Up-to-date: /home/ubuntu/rj_training_container/training_ws/install/joystick_msgs/share/joystick_msgs/cmake/ament_cmake_export_dependencies-extras.cmake
[13.876s] -- Up-to-date: /home/ubuntu/rj_training_container/training_ws/install/joystick_msgs/share/joystick_msgs/cmake/ament_cmake_export_include_directories-extras.cmake
[13.895s] -- Up-to-date: /home/ubuntu/rj_training_container/training_ws/install/joystick_msgs/share/joystick_msgs/cmake/ament_cmake_export_libraries-extras.cmake
[13.917s] -- Up-to-date: /home/ubuntu/rj_training_container/training_ws/install/joystick_msgs/share/joystick_msgs/cmake/ament_cmake_export_targets-extras.cmake
[13.937s] -- Up-to-date: /home/ubuntu/rj_training_container/training_ws/install/joystick_msgs/share/joystick_msgs/cmake/rosidl_cmake_export_typesupport_targets-extras.cmake
[13.960s] -- Up-to-date: /home/ubuntu/rj_training_container/training_ws/install/joystick_msgs/share/joystick_msgs/cmake/rosidl_cmake_export_typesupport_libraries-extras.cmake
[13.981s] -- Up-to-date: /home/ubuntu/rj_training_container/training_ws/install/joystick_msgs/share/joystick_msgs/cmake/joystick_msgsConfig.cmake
[14.002s] -- Up-to-date: /home/ubuntu/rj_training_container/training_ws/install/joystick_msgs/share/joystick_msgs/cmake/joystick_msgsConfig-version.cmake
[14.029s] -- Up-to-date: /home/ubuntu/rj_training_container/training_ws/install/joystick_msgs/share/joystick_msgs/package.xml
[14.059s] Invoked command in '/home/ubuntu/rj_training_container/training_ws/build/joystick_msgs' returned '0': CMAKE_PREFIX_PATH=/opt/ros/humble /usr/bin/cmake --install /home/ubuntu/rj_training_container/training_ws/build/joystick_msgs
