[0.787s] Invoking command in '/home/ubuntu/rj_training_container/build/teleop': CMAKE_PREFIX_PATH=/opt/ros/humble /usr/bin/cmake /home/ubuntu/rj_training_container/training_ws/src/trainingv2/turtlesim_project/src/teleop -DCMAKE_INSTALL_PREFIX=/home/ubuntu/rj_training_container/install/teleop
[13.163s] -- The C compiler identification is GNU 11.4.0
[13.166s] -- The CXX compiler identification is GNU 11.4.0
[13.168s] -- Detecting C compiler ABI info
[13.171s] -- Detecting C compiler ABI info - done
[13.173s] -- Check for working C compiler: /usr/bin/cc - skipped
[13.175s] -- Detecting C compile features
[13.179s] -- Detecting C compile features - done
[13.182s] -- Detecting CXX compiler ABI info
[13.184s] -- Detecting CXX compiler ABI info - done
[13.187s] -- Check for working CXX compiler: /usr/bin/c++ - skipped
[13.189s] -- Detecting CXX compile features
[13.192s] -- Detecting CXX compile features - done
[13.194s] -- Found ament_cmake: 1.3.10 (/opt/ros/humble/share/ament_cmake/cmake)
[13.197s] -- Found Python3: /usr/bin/python3 (found version "3.10.12") found components: Interpreter 
[13.200s] -- Found rclcpp: 16.0.10 (/opt/ros/humble/share/rclcpp/cmake)
[13.202s] -- Found rosidl_generator_c: 3.1.5 (/opt/ros/humble/share/rosidl_generator_c/cmake)
[13.205s] -- Found rosidl_adapter: 3.1.5 (/opt/ros/humble/share/rosidl_adapter/cmake)
[13.207s] -- Found rosidl_generator_cpp: 3.1.5 (/opt/ros/humble/share/rosidl_generator_cpp/cmake)
[13.210s] -- Using all available rosidl_typesupport_c: rosidl_typesupport_fastrtps_c;rosidl_typesupport_introspection_c
[13.212s] -- Using all available rosidl_typesupport_cpp: rosidl_typesupport_fastrtps_cpp;rosidl_typesupport_introspection_cpp
[13.216s] -- Found rmw_implementation_cmake: 6.1.2 (/opt/ros/humble/share/rmw_implementation_cmake/cmake)
[13.218s] -- Found rmw_fastrtps_cpp: 6.2.7 (/opt/ros/humble/share/rmw_fastrtps_cpp/cmake)
[13.220s] -- Found OpenSSL: /usr/lib/x86_64-linux-gnu/libcrypto.so (found version "3.0.2")  
[13.222s] -- Found FastRTPS: /opt/ros/humble/include  
[13.225s] -- Using RMW implementation 'rmw_fastrtps_cpp' as default
[13.229s] -- Looking for pthread.h
[13.231s] -- Looking for pthread.h - found
[13.234s] -- Performing Test CMAKE_HAVE_LIBC_PTHREAD
[13.236s] -- Performing Test CMAKE_HAVE_LIBC_PTHREAD - Success
[13.238s] -- Found Threads: TRUE  
[13.241s] -- Found rclcpp_components: 16.0.10 (/opt/ros/humble/share/rclcpp_components/cmake)
[13.244s] -- Found geometry_msgs: 4.2.4 (/opt/ros/humble/share/geometry_msgs/cmake)
[13.247s] -- Found ament_lint_auto: 0.12.11 (/opt/ros/humble/share/ament_lint_auto/cmake)
[13.250s] -- Added test 'cppcheck' to perform static code analysis on C / C++ code
[13.252s] -- Configured cppcheck include dirs: /home/ubuntu/rj_training_container/training_ws/src/trainingv2/turtlesim_project/src/teleop/include
[13.258s] -- Configured cppcheck exclude dirs and/or files: 
[13.260s] -- Added test 'lint_cmake' to check CMake code style
[14.244s] -- Added test 'uncrustify' to check C / C++ code style
[14.247s] -- Configured uncrustify additional arguments: 
[14.393s] -- Added test 'xmllint' to check XML markup files
[15.238s] -- Configuring done
[16.309s] -- Generating done
[16.473s] -- Build files have been written to: /home/ubuntu/rj_training_container/build/teleop
