[0.265s] Invoking command in '/home/ubuntu/rj_training_container/training_ws/build/elevation_server': AMENT_PREFIX_PATH=/home/ubuntu/rj_training_container/training_ws/install/stsl_interfaces:${AMENT_PREFIX_PATH} CMAKE_PREFIX_PATH=/home/ubuntu/rj_training_container/training_ws/install/stsl_interfaces:/opt/ros/humble LD_LIBRARY_PATH=/home/ubuntu/rj_training_container/training_ws/install/stsl_interfaces/lib:${LD_LIBRARY_PATH} PYTHONPATH=/home/ubuntu/rj_training_container/training_ws/install/stsl_interfaces/local/lib/python3.10/dist-packages:${PYTHONPATH} /usr/bin/cmake --build /home/ubuntu/rj_training_container/training_ws/build/elevation_server -- -j16 -l16
[1.361s] [ 50%] Built target elevation_server_node
[1.442s] [100%] Built target elevation_server_component
[1.630s] Invoked command in '/home/ubuntu/rj_training_container/training_ws/build/elevation_server' returned '0': AMENT_PREFIX_PATH=/home/ubuntu/rj_training_container/training_ws/install/stsl_interfaces:${AMENT_PREFIX_PATH} CMAKE_PREFIX_PATH=/home/ubuntu/rj_training_container/training_ws/install/stsl_interfaces:/opt/ros/humble LD_LIBRARY_PATH=/home/ubuntu/rj_training_container/training_ws/install/stsl_interfaces/lib:${LD_LIBRARY_PATH} PYTHONPATH=/home/ubuntu/rj_training_container/training_ws/install/stsl_interfaces/local/lib/python3.10/dist-packages:${PYTHONPATH} /usr/bin/cmake --build /home/ubuntu/rj_training_container/training_ws/build/elevation_server -- -j16 -l16
[1.770s] Invoking command in '/home/ubuntu/rj_training_container/training_ws/build/elevation_server': AMENT_PREFIX_PATH=/home/ubuntu/rj_training_container/training_ws/install/stsl_interfaces:${AMENT_PREFIX_PATH} CMAKE_PREFIX_PATH=/home/ubuntu/rj_training_container/training_ws/install/stsl_interfaces:/opt/ros/humble LD_LIBRARY_PATH=/home/ubuntu/rj_training_container/training_ws/install/stsl_interfaces/lib:${LD_LIBRARY_PATH} PYTHONPATH=/home/ubuntu/rj_training_container/training_ws/install/stsl_interfaces/local/lib/python3.10/dist-packages:${PYTHONPATH} /usr/bin/cmake --install /home/ubuntu/rj_training_container/training_ws/build/elevation_server
[1.847s] -- Install configuration: ""
[1.979s] -- Up-to-date: /home/ubuntu/rj_training_container/training_ws/install/elevation_server/lib/elevation_server/elevation_server_node
[2.213s] -- Up-to-date: /home/ubuntu/rj_training_container/training_ws/install/elevation_server/lib/libelevation_server_component.so
[2.352s] -- Up-to-date: /home/ubuntu/rj_training_container/training_ws/install/elevation_server/share/elevation_server/launch
[2.442s] -- Up-to-date: /home/ubuntu/rj_training_container/training_ws/install/elevation_server/share/elevation_server/launch/elevation_server.launch.py
[2.492s] -- Up-to-date: /home/ubuntu/rj_training_container/training_ws/install/elevation_server/share/elevation_server/config
[2.585s] -- Up-to-date: /home/ubuntu/rj_training_container/training_ws/install/elevation_server/share/elevation_server/config/elevation_server_params.yaml
[2.661s] -- Up-to-date: /home/ubuntu/rj_training_container/training_ws/install/elevation_server/share/elevation_server/config/map.png
[2.765s] -- Up-to-date: /home/ubuntu/rj_training_container/training_ws/install/elevation_server/share/ament_index/resource_index/package_run_dependencies/elevation_server
[2.894s] -- Up-to-date: /home/ubuntu/rj_training_container/training_ws/install/elevation_server/share/ament_index/resource_index/parent_prefix_path/elevation_server
[2.946s] -- Up-to-date: /home/ubuntu/rj_training_container/training_ws/install/elevation_server/share/elevation_server/environment/ament_prefix_path.sh
[3.014s] -- Up-to-date: /home/ubuntu/rj_training_container/training_ws/install/elevation_server/share/elevation_server/environment/ament_prefix_path.dsv
[3.062s] -- Up-to-date: /home/ubuntu/rj_training_container/training_ws/install/elevation_server/share/elevation_server/environment/path.sh
[3.130s] -- Up-to-date: /home/ubuntu/rj_training_container/training_ws/install/elevation_server/share/elevation_server/environment/path.dsv
[3.193s] -- Up-to-date: /home/ubuntu/rj_training_container/training_ws/install/elevation_server/share/elevation_server/local_setup.bash
[3.253s] -- Up-to-date: /home/ubuntu/rj_training_container/training_ws/install/elevation_server/share/elevation_server/local_setup.sh
[3.315s] -- Up-to-date: /home/ubuntu/rj_training_container/training_ws/install/elevation_server/share/elevation_server/local_setup.zsh
[3.372s] -- Up-to-date: /home/ubuntu/rj_training_container/training_ws/install/elevation_server/share/elevation_server/local_setup.dsv
[3.436s] -- Installing: /home/ubuntu/rj_training_container/training_ws/install/elevation_server/share/elevation_server/package.dsv
[3.674s] -- Up-to-date: /home/ubuntu/rj_training_container/training_ws/install/elevation_server/share/ament_index/resource_index/packages/elevation_server
[3.792s] -- Up-to-date: /home/ubuntu/rj_training_container/training_ws/install/elevation_server/share/ament_index/resource_index/rclcpp_components/elevation_server
[3.866s] -- Up-to-date: /home/ubuntu/rj_training_container/training_ws/install/elevation_server/share/elevation_server/cmake/elevation_serverConfig.cmake
[3.922s] -- Up-to-date: /home/ubuntu/rj_training_container/training_ws/install/elevation_server/share/elevation_server/cmake/elevation_serverConfig-version.cmake
[3.998s] -- Up-to-date: /home/ubuntu/rj_training_container/training_ws/install/elevation_server/share/elevation_server/package.xml
[5.282s] Invoked command in '/home/ubuntu/rj_training_container/training_ws/build/elevation_server' returned '0': AMENT_PREFIX_PATH=/home/ubuntu/rj_training_container/training_ws/install/stsl_interfaces:${AMENT_PREFIX_PATH} CMAKE_PREFIX_PATH=/home/ubuntu/rj_training_container/training_ws/install/stsl_interfaces:/opt/ros/humble LD_LIBRARY_PATH=/home/ubuntu/rj_training_container/training_ws/install/stsl_interfaces/lib:${LD_LIBRARY_PATH} PYTHONPATH=/home/ubuntu/rj_training_container/training_ws/install/stsl_interfaces/local/lib/python3.10/dist-packages:${PYTHONPATH} /usr/bin/cmake --install /home/ubuntu/rj_training_container/training_ws/build/elevation_server
