[10.590s] Invoking command in '/home/ubuntu/rj_training_container/training_ws/src/trainingv2/turtlesim_project/src/keyboard': PYTHONPATH=/home/ubuntu/rj_training_container/training_ws/build/keyboard/prefix_override:/usr/lib/python3/dist-packages/colcon_core/task/python/colcon_distutils_commands:/home/ubuntu/rj_training_container/training_ws/install/keyboard/lib/python3.10/site-packages:${PYTHONPATH} /usr/bin/python3 -W ignore:setup.py install is deprecated setup.py egg_info --egg-base ../../../../../build/keyboard build --build-base /home/ubuntu/rj_training_container/training_ws/build/keyboard/build install --record /home/ubuntu/rj_training_container/training_ws/build/keyboard/install.log --single-version-externally-managed install_data
[11.690s] running egg_info
[11.696s] writing ../../../../../build/keyboard/keyboard.egg-info/PKG-INFO
[11.705s] writing dependency_links to ../../../../../build/keyboard/keyboard.egg-info/dependency_links.txt
[11.714s] writing entry points to ../../../../../build/keyboard/keyboard.egg-info/entry_points.txt
[11.721s] writing requirements to ../../../../../build/keyboard/keyboard.egg-info/requires.txt
[11.726s] writing top-level names to ../../../../../build/keyboard/keyboard.egg-info/top_level.txt
[11.788s] reading manifest file '../../../../../build/keyboard/keyboard.egg-info/SOURCES.txt'
[11.904s] writing manifest file '../../../../../build/keyboard/keyboard.egg-info/SOURCES.txt'
[11.909s] running build
[11.913s] running build_py
[11.962s] running install
[11.964s] running install_lib
[12.099s] running install_data
[12.141s] running install_egg_info
[12.160s] removing '/home/ubuntu/rj_training_container/training_ws/install/keyboard/lib/python3.10/site-packages/keyboard-0.0.0-py3.10.egg-info' (and everything under it)
[12.248s] Copying ../../../../../build/keyboard/keyboard.egg-info to /home/ubuntu/rj_training_container/training_ws/install/keyboard/lib/python3.10/site-packages/keyboard-0.0.0-py3.10.egg-info
[12.698s] running install_scripts
[12.818s] Installing keystroke_listen script to /home/ubuntu/rj_training_container/training_ws/install/keyboard/lib/keyboard
[12.837s] writing list of installed files to '/home/ubuntu/rj_training_container/training_ws/build/keyboard/install.log'
[14.422s] Invoked command in '/home/ubuntu/rj_training_container/training_ws/src/trainingv2/turtlesim_project/src/keyboard' returned '0': PYTHONPATH=/home/ubuntu/rj_training_container/training_ws/build/keyboard/prefix_override:/usr/lib/python3/dist-packages/colcon_core/task/python/colcon_distutils_commands:/home/ubuntu/rj_training_container/training_ws/install/keyboard/lib/python3.10/site-packages:${PYTHONPATH} /usr/bin/python3 -W ignore:setup.py install is deprecated setup.py egg_info --egg-base ../../../../../build/keyboard build --build-base /home/ubuntu/rj_training_container/training_ws/build/keyboard/build install --record /home/ubuntu/rj_training_container/training_ws/build/keyboard/install.log --single-version-externally-managed install_data
