[0.336s] Invoking command in '/home/ubuntu/rj_training_container/training_ws/build/coordinate_transform': CMAKE_PREFIX_PATH=/opt/ros/humble /usr/bin/cmake /home/ubuntu/rj_training_container/training_ws/src/software-training-old/coordinate_transform -DCMAKE_INSTALL_PREFIX=/home/ubuntu/rj_training_container/training_ws/install/coordinate_transform
[1.071s] -- The C compiler identification is GNU 11.4.0
[1.435s] -- The CXX compiler identification is GNU 11.4.0
[1.641s] -- Detecting C compiler ABI info
[3.627s] -- Detecting C compiler ABI info - done
[3.723s] -- Check for working C compiler: /usr/bin/cc - skipped
[3.727s] -- Detecting C compile features
[3.730s] -- Detecting C compile features - done
[3.956s] -- Detecting CXX compiler ABI info
[5.930s] -- Detecting CXX compiler ABI info - done
[6.018s] -- Check for working CXX compiler: /usr/bin/c++ - skipped
[6.021s] -- Detecting CXX compile features
[6.031s] -- Detecting CXX compile features - done
[6.270s] -- Found ament_cmake: 1.3.10 (/opt/ros/humble/share/ament_cmake/cmake)
[6.567s] -- Found Python3: /usr/bin/python3 (found version "3.10.12") found components: Interpreter 
[7.096s] -- Found rclcpp: 16.0.10 (/opt/ros/humble/share/rclcpp/cmake)
[7.252s] -- Found rosidl_generator_c: 3.1.5 (/opt/ros/humble/share/rosidl_generator_c/cmake)
[7.264s] -- Found rosidl_adapter: 3.1.5 (/opt/ros/humble/share/rosidl_adapter/cmake)
[7.295s] -- Found rosidl_generator_cpp: 3.1.5 (/opt/ros/humble/share/rosidl_generator_cpp/cmake)
[7.331s] -- Using all available rosidl_typesupport_c: rosidl_typesupport_fastrtps_c;rosidl_typesupport_introspection_c
[7.380s] -- Using all available rosidl_typesupport_cpp: rosidl_typesupport_fastrtps_cpp;rosidl_typesupport_introspection_cpp
[7.516s] -- Found rmw_implementation_cmake: 6.1.2 (/opt/ros/humble/share/rmw_implementation_cmake/cmake)
[7.520s] -- Found rmw_fastrtps_cpp: 6.2.7 (/opt/ros/humble/share/rmw_fastrtps_cpp/cmake)
[7.755s] -- Found OpenSSL: /usr/lib/x86_64-linux-gnu/libcrypto.so (found version "3.0.2")  
[7.842s] -- Found FastRTPS: /opt/ros/humble/include  
[7.953s] -- Using RMW implementation 'rmw_fastrtps_cpp' as default
[8.066s] -- Looking for pthread.h
[9.726s] -- Looking for pthread.h - found
[9.771s] -- Performing Test CMAKE_HAVE_LIBC_PTHREAD
[11.522s] -- Performing Test CMAKE_HAVE_LIBC_PTHREAD - Success
[11.545s] -- Found Threads: TRUE  
[11.670s] -- Found rclcpp_components: 16.0.10 (/opt/ros/humble/share/rclcpp_components/cmake)
[11.752s] -- Found image_transport: 3.1.9 (/opt/ros/humble/share/image_transport/cmake)
[11.883s] -- Found cv_bridge: 3.2.1 (/opt/ros/humble/share/cv_bridge/cmake)
[11.911s] -- Found nav_msgs: 4.2.4 (/opt/ros/humble/share/nav_msgs/cmake)
[11.952s] -- Found tf2_ros: 0.25.8 (/opt/ros/humble/share/tf2_ros/cmake)
[12.137s] -- Found tf2_eigen: 0.25.8 (/opt/ros/humble/share/tf2_eigen/cmake)
[12.252s] [31mCMake Error at CMakeLists.txt:12 (find_package):
[12.254s]   By not providing "Findstsl_interfaces.cmake" in CMAKE_MODULE_PATH this
[12.255s]   project has asked CMake to find a package configuration file provided by
[12.259s]   "stsl_interfaces", but CMake did not find one.
[12.260s] 
[12.262s]   Could not find a package configuration file provided by "stsl_interfaces"
[12.265s]   with any of the following names:
[12.266s] 
[12.268s]     stsl_interfacesConfig.cmake
[12.270s]     stsl_interfaces-config.cmake
[12.272s] 
[12.274s]   Add the installation prefix of "stsl_interfaces" to CMAKE_PREFIX_PATH or
[12.276s]   set "stsl_interfaces_DIR" to a directory containing one of the above files.
[12.278s]   If "stsl_interfaces" provides a separate development package or SDK, be
[12.281s]   sure it has been installed.
[12.283s] 
[12.284s] [0m
[12.286s] -- Configuring incomplete, errors occurred!
[12.288s] See also "/home/ubuntu/rj_training_container/training_ws/build/coordinate_transform/CMakeFiles/CMakeOutput.log".
