[35m[1mConsolidate compiler generated dependencies of target coordinate_transform_components[0m
[ 50%] Built target coordinate_transform_node
[100%] Built target coordinate_transform_components
-- Install configuration: ""
-- Up-to-date: /home/ubuntu/rj_training_container/training_ws/install/coordinate_transform/lib/coordinate_transform/coordinate_transform_node
-- Up-to-date: /home/ubuntu/rj_training_container/training_ws/install/coordinate_transform/lib/libcoordinate_transform_components.so
-- Up-to-date: /home/ubuntu/rj_training_container/training_ws/install/coordinate_transform/share/ament_index/resource_index/package_run_dependencies/coordinate_transform
-- Up-to-date: /home/ubuntu/rj_training_container/training_ws/install/coordinate_transform/share/ament_index/resource_index/parent_prefix_path/coordinate_transform
-- Up-to-date: /home/ubuntu/rj_training_container/training_ws/install/coordinate_transform/share/coordinate_transform/environment/ament_prefix_path.sh
-- Up-to-date: /home/ubuntu/rj_training_container/training_ws/install/coordinate_transform/share/coordinate_transform/environment/ament_prefix_path.dsv
-- Up-to-date: /home/ubuntu/rj_training_container/training_ws/install/coordinate_transform/share/coordinate_transform/environment/path.sh
-- Up-to-date: /home/ubuntu/rj_training_container/training_ws/install/coordinate_transform/share/coordinate_transform/environment/path.dsv
-- Up-to-date: /home/ubuntu/rj_training_container/training_ws/install/coordinate_transform/share/coordinate_transform/local_setup.bash
-- Up-to-date: /home/ubuntu/rj_training_container/training_ws/install/coordinate_transform/share/coordinate_transform/local_setup.sh
-- Up-to-date: /home/ubuntu/rj_training_container/training_ws/install/coordinate_transform/share/coordinate_transform/local_setup.zsh
-- Up-to-date: /home/ubuntu/rj_training_container/training_ws/install/coordinate_transform/share/coordinate_transform/local_setup.dsv
-- Installing: /home/ubuntu/rj_training_container/training_ws/install/coordinate_transform/share/coordinate_transform/package.dsv
-- Up-to-date: /home/ubuntu/rj_training_container/training_ws/install/coordinate_transform/share/ament_index/resource_index/packages/coordinate_transform
-- Up-to-date: /home/ubuntu/rj_training_container/training_ws/install/coordinate_transform/share/ament_index/resource_index/rclcpp_components/coordinate_transform
-- Up-to-date: /home/ubuntu/rj_training_container/training_ws/install/coordinate_transform/share/coordinate_transform/cmake/coordinate_transformConfig.cmake
-- Up-to-date: /home/ubuntu/rj_training_container/training_ws/install/coordinate_transform/share/coordinate_transform/cmake/coordinate_transformConfig-version.cmake
-- Up-to-date: /home/ubuntu/rj_training_container/training_ws/install/coordinate_transform/share/coordinate_transform/package.xml
