[0.333s] Invoking command in '/home/ubuntu/rj_training_container/training_ws/build/coordinate_transform': AMENT_PREFIX_PATH=/home/ubuntu/rj_training_container/training_ws/install/stsl_interfaces:${AMENT_PREFIX_PATH} CMAKE_PREFIX_PATH=/home/ubuntu/rj_training_container/training_ws/install/stsl_interfaces:/opt/ros/humble LD_LIBRARY_PATH=/home/ubuntu/rj_training_container/training_ws/install/stsl_interfaces/lib:${LD_LIBRARY_PATH} PYTHONPATH=/home/ubuntu/rj_training_container/training_ws/install/stsl_interfaces/local/lib/python3.10/dist-packages:${PYTHONPATH} /usr/bin/cmake --build /home/ubuntu/rj_training_container/training_ws/build/coordinate_transform -- -j16 -l16
[1.111s] [35m[1mConsolidate compiler generated dependencies of target coordinate_transform_components[0m
[1.260s] [ 50%] Built target coordinate_transform_node
[3.002s] [100%] Built target coordinate_transform_components
[4.162s] Invoked command in '/home/ubuntu/rj_training_container/training_ws/build/coordinate_transform' returned '0': AMENT_PREFIX_PATH=/home/ubuntu/rj_training_container/training_ws/install/stsl_interfaces:${AMENT_PREFIX_PATH} CMAKE_PREFIX_PATH=/home/ubuntu/rj_training_container/training_ws/install/stsl_interfaces:/opt/ros/humble LD_LIBRARY_PATH=/home/ubuntu/rj_training_container/training_ws/install/stsl_interfaces/lib:${LD_LIBRARY_PATH} PYTHONPATH=/home/ubuntu/rj_training_container/training_ws/install/stsl_interfaces/local/lib/python3.10/dist-packages:${PYTHONPATH} /usr/bin/cmake --build /home/ubuntu/rj_training_container/training_ws/build/coordinate_transform -- -j16 -l16
[7.131s] Invoking command in '/home/ubuntu/rj_training_container/training_ws/build/coordinate_transform': AMENT_PREFIX_PATH=/home/ubuntu/rj_training_container/training_ws/install/stsl_interfaces:${AMENT_PREFIX_PATH} CMAKE_PREFIX_PATH=/home/ubuntu/rj_training_container/training_ws/install/stsl_interfaces:/opt/ros/humble LD_LIBRARY_PATH=/home/ubuntu/rj_training_container/training_ws/install/stsl_interfaces/lib:${LD_LIBRARY_PATH} PYTHONPATH=/home/ubuntu/rj_training_container/training_ws/install/stsl_interfaces/local/lib/python3.10/dist-packages:${PYTHONPATH} /usr/bin/cmake --install /home/ubuntu/rj_training_container/training_ws/build/coordinate_transform
[8.229s] -- Install configuration: ""
[8.230s] -- Up-to-date: /home/ubuntu/rj_training_container/training_ws/install/coordinate_transform/lib/coordinate_transform/coordinate_transform_node
[8.232s] -- Up-to-date: /home/ubuntu/rj_training_container/training_ws/install/coordinate_transform/lib/libcoordinate_transform_components.so
[8.234s] -- Up-to-date: /home/ubuntu/rj_training_container/training_ws/install/coordinate_transform/share/ament_index/resource_index/package_run_dependencies/coordinate_transform
[8.235s] -- Up-to-date: /home/ubuntu/rj_training_container/training_ws/install/coordinate_transform/share/ament_index/resource_index/parent_prefix_path/coordinate_transform
[8.236s] -- Up-to-date: /home/ubuntu/rj_training_container/training_ws/install/coordinate_transform/share/coordinate_transform/environment/ament_prefix_path.sh
[8.237s] -- Up-to-date: /home/ubuntu/rj_training_container/training_ws/install/coordinate_transform/share/coordinate_transform/environment/ament_prefix_path.dsv
[8.238s] -- Up-to-date: /home/ubuntu/rj_training_container/training_ws/install/coordinate_transform/share/coordinate_transform/environment/path.sh
[8.239s] -- Up-to-date: /home/ubuntu/rj_training_container/training_ws/install/coordinate_transform/share/coordinate_transform/environment/path.dsv
[8.240s] -- Up-to-date: /home/ubuntu/rj_training_container/training_ws/install/coordinate_transform/share/coordinate_transform/local_setup.bash
[8.241s] -- Up-to-date: /home/ubuntu/rj_training_container/training_ws/install/coordinate_transform/share/coordinate_transform/local_setup.sh
[8.242s] -- Up-to-date: /home/ubuntu/rj_training_container/training_ws/install/coordinate_transform/share/coordinate_transform/local_setup.zsh
[8.243s] -- Up-to-date: /home/ubuntu/rj_training_container/training_ws/install/coordinate_transform/share/coordinate_transform/local_setup.dsv
[8.244s] -- Installing: /home/ubuntu/rj_training_container/training_ws/install/coordinate_transform/share/coordinate_transform/package.dsv
[8.245s] -- Up-to-date: /home/ubuntu/rj_training_container/training_ws/install/coordinate_transform/share/ament_index/resource_index/packages/coordinate_transform
[8.246s] -- Up-to-date: /home/ubuntu/rj_training_container/training_ws/install/coordinate_transform/share/ament_index/resource_index/rclcpp_components/coordinate_transform
[8.247s] -- Up-to-date: /home/ubuntu/rj_training_container/training_ws/install/coordinate_transform/share/coordinate_transform/cmake/coordinate_transformConfig.cmake
[8.248s] -- Up-to-date: /home/ubuntu/rj_training_container/training_ws/install/coordinate_transform/share/coordinate_transform/cmake/coordinate_transformConfig-version.cmake
[8.250s] -- Up-to-date: /home/ubuntu/rj_training_container/training_ws/install/coordinate_transform/share/coordinate_transform/package.xml
[8.972s] Invoked command in '/home/ubuntu/rj_training_container/training_ws/build/coordinate_transform' returned '0': AMENT_PREFIX_PATH=/home/ubuntu/rj_training_container/training_ws/install/stsl_interfaces:${AMENT_PREFIX_PATH} CMAKE_PREFIX_PATH=/home/ubuntu/rj_training_container/training_ws/install/stsl_interfaces:/opt/ros/humble LD_LIBRARY_PATH=/home/ubuntu/rj_training_container/training_ws/install/stsl_interfaces/lib:${LD_LIBRARY_PATH} PYTHONPATH=/home/ubuntu/rj_training_container/training_ws/install/stsl_interfaces/local/lib/python3.10/dist-packages:${PYTHONPATH} /usr/bin/cmake --install /home/ubuntu/rj_training_container/training_ws/build/coordinate_transform
