[0.284s] Invoking command in '/home/ubuntu/rj_training_container/training_ws/build/coordinate_transform': AMENT_PREFIX_PATH=/home/ubuntu/rj_training_container/training_ws/install/stsl_interfaces:${AMENT_PREFIX_PATH} CMAKE_PREFIX_PATH=/home/ubuntu/rj_training_container/training_ws/install/stsl_interfaces:/opt/ros/humble LD_LIBRARY_PATH=/home/ubuntu/rj_training_container/training_ws/install/stsl_interfaces/lib:${LD_LIBRARY_PATH} PYTHONPATH=/home/ubuntu/rj_training_container/training_ws/install/stsl_interfaces/local/lib/python3.10/dist-packages:${PYTHONPATH} /usr/bin/cmake /home/ubuntu/rj_training_container/training_ws/src/software-training-old/coordinate_transform -DCMAKE_INSTALL_PREFIX=/home/ubuntu/rj_training_container/training_ws/install/coordinate_transform
[0.538s] -- Found ament_cmake: 1.3.10 (/opt/ros/humble/share/ament_cmake/cmake)
[1.425s] -- Found rclcpp: 16.0.10 (/opt/ros/humble/share/rclcpp/cmake)
[1.499s] -- Found rosidl_generator_c: 3.1.5 (/opt/ros/humble/share/rosidl_generator_c/cmake)
[1.503s] -- Found rosidl_adapter: 3.1.5 (/opt/ros/humble/share/rosidl_adapter/cmake)
[1.511s] -- Found rosidl_generator_cpp: 3.1.5 (/opt/ros/humble/share/rosidl_generator_cpp/cmake)
[1.534s] -- Using all available rosidl_typesupport_c: rosidl_typesupport_fastrtps_c;rosidl_typesupport_introspection_c
[1.567s] -- Using all available rosidl_typesupport_cpp: rosidl_typesupport_fastrtps_cpp;rosidl_typesupport_introspection_cpp
[1.636s] -- Found rmw_implementation_cmake: 6.1.2 (/opt/ros/humble/share/rmw_implementation_cmake/cmake)
[1.644s] -- Found rmw_fastrtps_cpp: 6.2.7 (/opt/ros/humble/share/rmw_fastrtps_cpp/cmake)
[2.433s] -- Using RMW implementation 'rmw_fastrtps_cpp' as default
[2.518s] -- Found rclcpp_components: 16.0.10 (/opt/ros/humble/share/rclcpp_components/cmake)
[2.548s] -- Found image_transport: 3.1.9 (/opt/ros/humble/share/image_transport/cmake)
[2.725s] -- Found cv_bridge: 3.2.1 (/opt/ros/humble/share/cv_bridge/cmake)
[2.741s] -- Found nav_msgs: 4.2.4 (/opt/ros/humble/share/nav_msgs/cmake)
[2.771s] -- Found tf2_ros: 0.25.8 (/opt/ros/humble/share/tf2_ros/cmake)
[2.876s] -- Found tf2_eigen: 0.25.8 (/opt/ros/humble/share/tf2_eigen/cmake)
[2.944s] -- Found stsl_interfaces: 0.1.0 (/home/ubuntu/rj_training_container/training_ws/install/stsl_interfaces/share/stsl_interfaces/cmake)
[3.781s] -- Found ament_lint_auto: 0.12.11 (/opt/ros/humble/share/ament_lint_auto/cmake)
[6.013s] -- Added test 'copyright' to check source files copyright and LICENSE
[6.694s] -- Added test 'cppcheck' to perform static code analysis on C / C++ code
[6.697s] -- Configured cppcheck include dirs: 
[6.700s] -- Configured cppcheck exclude dirs and/or files: 
[7.107s] -- Added test 'cpplint' to check C / C++ code against the Google style
[7.109s] -- Configured cpplint exclude dirs and/or files: 
[7.240s] -- Added test 'lint_cmake' to check CMake code style
[7.642s] -- Added test 'uncrustify' to check C / C++ code style
[7.644s] -- Configured uncrustify additional arguments: 
[7.703s] -- Added test 'xmllint' to check XML markup files
[8.065s] -- Configuring done
[9.644s] -- Generating done
[9.890s] -- Build files have been written to: /home/ubuntu/rj_training_container/training_ws/build/coordinate_transform
[9.909s] Invoked command in '/home/ubuntu/rj_training_container/training_ws/build/coordinate_transform' returned '0': AMENT_PREFIX_PATH=/home/ubuntu/rj_training_container/training_ws/install/stsl_interfaces:${AMENT_PREFIX_PATH} CMAKE_PREFIX_PATH=/home/ubuntu/rj_training_container/training_ws/install/stsl_interfaces:/opt/ros/humble LD_LIBRARY_PATH=/home/ubuntu/rj_training_container/training_ws/install/stsl_interfaces/lib:${LD_LIBRARY_PATH} PYTHONPATH=/home/ubuntu/rj_training_container/training_ws/install/stsl_interfaces/local/lib/python3.10/dist-packages:${PYTHONPATH} /usr/bin/cmake /home/ubuntu/rj_training_container/training_ws/src/software-training-old/coordinate_transform -DCMAKE_INSTALL_PREFIX=/home/ubuntu/rj_training_container/training_ws/install/coordinate_transform
[9.933s] Invoking command in '/home/ubuntu/rj_training_container/training_ws/build/coordinate_transform': AMENT_PREFIX_PATH=/home/ubuntu/rj_training_container/training_ws/install/stsl_interfaces:${AMENT_PREFIX_PATH} CMAKE_PREFIX_PATH=/home/ubuntu/rj_training_container/training_ws/install/stsl_interfaces:/opt/ros/humble LD_LIBRARY_PATH=/home/ubuntu/rj_training_container/training_ws/install/stsl_interfaces/lib:${LD_LIBRARY_PATH} PYTHONPATH=/home/ubuntu/rj_training_container/training_ws/install/stsl_interfaces/local/lib/python3.10/dist-packages:${PYTHONPATH} /usr/bin/cmake --build /home/ubuntu/rj_training_container/training_ws/build/coordinate_transform -- -j16 -l16
[10.957s] [ 50%] [32mBuilding CXX object CMakeFiles/coordinate_transform_node.dir/rclcpp_components/node_main_coordinate_transform_node.cpp.o[0m
[10.969s] [ 50%] [32mBuilding CXX object CMakeFiles/coordinate_transform_components.dir/src/coordinate_transform_component.cpp.o[0m
[17.192s] [ 75%] [32m[1mLinking CXX executable coordinate_transform_node[0m
[18.724s] [ 75%] Built target coordinate_transform_node
[39.207s] [100%] [32m[1mLinking CXX shared library libcoordinate_transform_components.so[0m
[47.688s] [100%] Built target coordinate_transform_components
[47.823s] Invoked command in '/home/ubuntu/rj_training_container/training_ws/build/coordinate_transform' returned '0': AMENT_PREFIX_PATH=/home/ubuntu/rj_training_container/training_ws/install/stsl_interfaces:${AMENT_PREFIX_PATH} CMAKE_PREFIX_PATH=/home/ubuntu/rj_training_container/training_ws/install/stsl_interfaces:/opt/ros/humble LD_LIBRARY_PATH=/home/ubuntu/rj_training_container/training_ws/install/stsl_interfaces/lib:${LD_LIBRARY_PATH} PYTHONPATH=/home/ubuntu/rj_training_container/training_ws/install/stsl_interfaces/local/lib/python3.10/dist-packages:${PYTHONPATH} /usr/bin/cmake --build /home/ubuntu/rj_training_container/training_ws/build/coordinate_transform -- -j16 -l16
[47.941s] Invoking command in '/home/ubuntu/rj_training_container/training_ws/build/coordinate_transform': AMENT_PREFIX_PATH=/home/ubuntu/rj_training_container/training_ws/install/stsl_interfaces:${AMENT_PREFIX_PATH} CMAKE_PREFIX_PATH=/home/ubuntu/rj_training_container/training_ws/install/stsl_interfaces:/opt/ros/humble LD_LIBRARY_PATH=/home/ubuntu/rj_training_container/training_ws/install/stsl_interfaces/lib:${LD_LIBRARY_PATH} PYTHONPATH=/home/ubuntu/rj_training_container/training_ws/install/stsl_interfaces/local/lib/python3.10/dist-packages:${PYTHONPATH} /usr/bin/cmake --install /home/ubuntu/rj_training_container/training_ws/build/coordinate_transform
[48.006s] -- Install configuration: ""
[48.055s] -- Installing: /home/ubuntu/rj_training_container/training_ws/install/coordinate_transform/lib/coordinate_transform/coordinate_transform_node
[48.400s] -- Set runtime path of "/home/ubuntu/rj_training_container/training_ws/install/coordinate_transform/lib/coordinate_transform/coordinate_transform_node" to ""
[48.441s] -- Installing: /home/ubuntu/rj_training_container/training_ws/install/coordinate_transform/lib/libcoordinate_transform_components.so
[49.854s] -- Set runtime path of "/home/ubuntu/rj_training_container/training_ws/install/coordinate_transform/lib/libcoordinate_transform_components.so" to ""
[49.979s] -- Installing: /home/ubuntu/rj_training_container/training_ws/install/coordinate_transform/share/ament_index/resource_index/package_run_dependencies/coordinate_transform
[50.330s] -- Installing: /home/ubuntu/rj_training_container/training_ws/install/coordinate_transform/share/ament_index/resource_index/parent_prefix_path/coordinate_transform
[50.611s] -- Installing: /home/ubuntu/rj_training_container/training_ws/install/coordinate_transform/share/coordinate_transform/environment/ament_prefix_path.sh
[50.797s] -- Installing: /home/ubuntu/rj_training_container/training_ws/install/coordinate_transform/share/coordinate_transform/environment/ament_prefix_path.dsv
[50.998s] -- Installing: /home/ubuntu/rj_training_container/training_ws/install/coordinate_transform/share/coordinate_transform/environment/path.sh
[51.180s] -- Installing: /home/ubuntu/rj_training_container/training_ws/install/coordinate_transform/share/coordinate_transform/environment/path.dsv
[51.386s] -- Installing: /home/ubuntu/rj_training_container/training_ws/install/coordinate_transform/share/coordinate_transform/local_setup.bash
[51.554s] -- Installing: /home/ubuntu/rj_training_container/training_ws/install/coordinate_transform/share/coordinate_transform/local_setup.sh
[51.728s] -- Installing: /home/ubuntu/rj_training_container/training_ws/install/coordinate_transform/share/coordinate_transform/local_setup.zsh
[51.896s] -- Installing: /home/ubuntu/rj_training_container/training_ws/install/coordinate_transform/share/coordinate_transform/local_setup.dsv
[52.071s] -- Installing: /home/ubuntu/rj_training_container/training_ws/install/coordinate_transform/share/coordinate_transform/package.dsv
[52.328s] -- Installing: /home/ubuntu/rj_training_container/training_ws/install/coordinate_transform/share/ament_index/resource_index/packages/coordinate_transform
[52.677s] -- Installing: /home/ubuntu/rj_training_container/training_ws/install/coordinate_transform/share/ament_index/resource_index/rclcpp_components/coordinate_transform
[52.986s] -- Installing: /home/ubuntu/rj_training_container/training_ws/install/coordinate_transform/share/coordinate_transform/cmake/coordinate_transformConfig.cmake
[53.169s] -- Installing: /home/ubuntu/rj_training_container/training_ws/install/coordinate_transform/share/coordinate_transform/cmake/coordinate_transformConfig-version.cmake
[53.368s] -- Installing: /home/ubuntu/rj_training_container/training_ws/install/coordinate_transform/share/coordinate_transform/package.xml
[53.972s] Invoked command in '/home/ubuntu/rj_training_container/training_ws/build/coordinate_transform' returned '0': AMENT_PREFIX_PATH=/home/ubuntu/rj_training_container/training_ws/install/stsl_interfaces:${AMENT_PREFIX_PATH} CMAKE_PREFIX_PATH=/home/ubuntu/rj_training_container/training_ws/install/stsl_interfaces:/opt/ros/humble LD_LIBRARY_PATH=/home/ubuntu/rj_training_container/training_ws/install/stsl_interfaces/lib:${LD_LIBRARY_PATH} PYTHONPATH=/home/ubuntu/rj_training_container/training_ws/install/stsl_interfaces/local/lib/python3.10/dist-packages:${PYTHONPATH} /usr/bin/cmake --install /home/ubuntu/rj_training_container/training_ws/build/coordinate_transform
