[5.013s] Invoking command in '/home/ubuntu/rj_training_container/training_ws/build/joystick_msgs': CMAKE_PREFIX_PATH=${CMAKE_PREFIX_PATH}:/home/ubuntu/rj_training_container/training_ws/install/keyboard:/opt/ros/humble /usr/bin/cmake --build /home/ubuntu/rj_training_container/training_ws/build/joystick_msgs -- -j16 -l16
[35.842s] [  3%] Built target joystick_msgs__cpp
[36.455s] [ 12%] Built target joystick_msgs__rosidl_generator_c
[41.750s] [ 12%] Built target ament_cmake_python_copy_joystick_msgs
[53.469s] [ 22%] Built target joystick_msgs__rosidl_typesupport_fastrtps_cpp
[53.865s] [ 32%] Built target joystick_msgs__rosidl_typesupport_introspection_cpp
[53.952s] [ 41%] Built target joystick_msgs__rosidl_typesupport_cpp
[54.230s] [ 51%] Built target joystick_msgs__rosidl_typesupport_c
[54.884s] [ 61%] Built target joystick_msgs__rosidl_typesupport_fastrtps_c
[55.080s] [ 70%] Built target joystick_msgs__rosidl_typesupport_introspection_c
[59.273s] running egg_info
[59.281s] writing joystick_msgs.egg-info/PKG-INFO
[59.302s] writing dependency_links to joystick_msgs.egg-info/dependency_links.txt
[59.317s] writing top-level names to joystick_msgs.egg-info/top_level.txt
[59.421s] reading manifest file 'joystick_msgs.egg-info/SOURCES.txt'
[59.600s] writing manifest file 'joystick_msgs.egg-info/SOURCES.txt'
[65.062s] [ 70%] Built target ament_cmake_python_build_joystick_msgs_egg
[68.020s] [ 70%] Built target joystick_msgs
[79.696s] [ 74%] Built target joystick_msgs__py
[92.942s] [ 80%] Built target joystick_msgs__rosidl_generator_py
[105.620s] [ 87%] Built target joystick_msgs__rosidl_typesupport_fastrtps_c__pyext
[105.722s] [ 93%] Built target joystick_msgs__rosidl_typesupport_introspection_c__pyext
[106.172s] [100%] Built target joystick_msgs__rosidl_typesupport_c__pyext
[109.610s] Invoked command in '/home/ubuntu/rj_training_container/training_ws/build/joystick_msgs' returned '0': CMAKE_PREFIX_PATH=${CMAKE_PREFIX_PATH}:/home/ubuntu/rj_training_container/training_ws/install/keyboard:/opt/ros/humble /usr/bin/cmake --build /home/ubuntu/rj_training_container/training_ws/build/joystick_msgs -- -j16 -l16
[150.384s] Invoking command in '/home/ubuntu/rj_training_container/training_ws/build/joystick_msgs': CMAKE_PREFIX_PATH=${CMAKE_PREFIX_PATH}:/home/ubuntu/rj_training_container/training_ws/install/keyboard:/opt/ros/humble /usr/bin/cmake --install /home/ubuntu/rj_training_container/training_ws/build/joystick_msgs
[152.162s] -- Install configuration: ""
[152.190s] -- Up-to-date: /home/ubuntu/rj_training_container/training_ws/install/joystick_msgs/share/ament_index/resource_index/rosidl_interfaces/joystick_msgs
[152.207s] -- Up-to-date: /home/ubuntu/rj_training_container/training_ws/install/joystick_msgs/include/joystick_msgs/joystick_msgs
[152.228s] -- Up-to-date: /home/ubuntu/rj_training_container/training_ws/install/joystick_msgs/include/joystick_msgs/joystick_msgs/msg
[152.254s] -- Up-to-date: /home/ubuntu/rj_training_container/training_ws/install/joystick_msgs/include/joystick_msgs/joystick_msgs/msg/detail
[152.290s] -- Up-to-date: /home/ubuntu/rj_training_container/training_ws/install/joystick_msgs/include/joystick_msgs/joystick_msgs/msg/detail/velocity_pair__functions.c
[152.318s] -- Up-to-date: /home/ubuntu/rj_training_container/training_ws/install/joystick_msgs/include/joystick_msgs/joystick_msgs/msg/detail/velocity_pair__functions.h
[152.344s] -- Up-to-date: /home/ubuntu/rj_training_container/training_ws/install/joystick_msgs/include/joystick_msgs/joystick_msgs/msg/detail/velocity_pair__struct.h
[152.370s] -- Up-to-date: /home/ubuntu/rj_training_container/training_ws/install/joystick_msgs/include/joystick_msgs/joystick_msgs/msg/detail/velocity_pair__type_support.h
[152.395s] -- Up-to-date: /home/ubuntu/rj_training_container/training_ws/install/joystick_msgs/include/joystick_msgs/joystick_msgs/msg/rosidl_generator_c__visibility_control.h
[152.419s] -- Up-to-date: /home/ubuntu/rj_training_container/training_ws/install/joystick_msgs/include/joystick_msgs/joystick_msgs/msg/velocity_pair.h
[152.434s] -- Up-to-date: /home/ubuntu/rj_training_container/training_ws/install/joystick_msgs/share/joystick_msgs/environment/library_path.sh
[152.455s] -- Up-to-date: /home/ubuntu/rj_training_container/training_ws/install/joystick_msgs/share/joystick_msgs/environment/library_path.dsv
[152.514s] -- Up-to-date: /home/ubuntu/rj_training_container/training_ws/install/joystick_msgs/lib/libjoystick_msgs__rosidl_generator_c.so
[152.560s] -- Up-to-date: /home/ubuntu/rj_training_container/training_ws/install/joystick_msgs/include/joystick_msgs/joystick_msgs
[152.582s] -- Up-to-date: /home/ubuntu/rj_training_container/training_ws/install/joystick_msgs/include/joystick_msgs/joystick_msgs/msg
[152.607s] -- Up-to-date: /home/ubuntu/rj_training_container/training_ws/install/joystick_msgs/include/joystick_msgs/joystick_msgs/msg/detail
[152.643s] -- Up-to-date: /home/ubuntu/rj_training_container/training_ws/install/joystick_msgs/include/joystick_msgs/joystick_msgs/msg/detail/velocity_pair__rosidl_typesupport_fastrtps_c.h
[152.666s] -- Up-to-date: /home/ubuntu/rj_training_container/training_ws/install/joystick_msgs/include/joystick_msgs/joystick_msgs/msg/rosidl_typesupport_fastrtps_c__visibility_control.h
[152.728s] -- Up-to-date: /home/ubuntu/rj_training_container/training_ws/install/joystick_msgs/lib/libjoystick_msgs__rosidl_typesupport_fastrtps_c.so
[152.773s] -- Up-to-date: /home/ubuntu/rj_training_container/training_ws/install/joystick_msgs/include/joystick_msgs/joystick_msgs
[152.793s] -- Up-to-date: /home/ubuntu/rj_training_container/training_ws/install/joystick_msgs/include/joystick_msgs/joystick_msgs/msg
[152.819s] -- Up-to-date: /home/ubuntu/rj_training_container/training_ws/install/joystick_msgs/include/joystick_msgs/joystick_msgs/msg/detail
[152.854s] -- Up-to-date: /home/ubuntu/rj_training_container/training_ws/install/joystick_msgs/include/joystick_msgs/joystick_msgs/msg/detail/velocity_pair__builder.hpp
[152.880s] -- Up-to-date: /home/ubuntu/rj_training_container/training_ws/install/joystick_msgs/include/joystick_msgs/joystick_msgs/msg/detail/velocity_pair__struct.hpp
[152.909s] -- Up-to-date: /home/ubuntu/rj_training_container/training_ws/install/joystick_msgs/include/joystick_msgs/joystick_msgs/msg/detail/velocity_pair__traits.hpp
[152.934s] -- Up-to-date: /home/ubuntu/rj_training_container/training_ws/install/joystick_msgs/include/joystick_msgs/joystick_msgs/msg/velocity_pair.hpp
[152.948s] -- Up-to-date: /home/ubuntu/rj_training_container/training_ws/install/joystick_msgs/include/joystick_msgs/joystick_msgs
[152.969s] -- Up-to-date: /home/ubuntu/rj_training_container/training_ws/install/joystick_msgs/include/joystick_msgs/joystick_msgs/msg
[152.995s] -- Up-to-date: /home/ubuntu/rj_training_container/training_ws/install/joystick_msgs/include/joystick_msgs/joystick_msgs/msg/detail
[153.025s] -- Up-to-date: /home/ubuntu/rj_training_container/training_ws/install/joystick_msgs/include/joystick_msgs/joystick_msgs/msg/detail/dds_fastrtps
[153.063s] -- Up-to-date: /home/ubuntu/rj_training_container/training_ws/install/joystick_msgs/include/joystick_msgs/joystick_msgs/msg/detail/velocity_pair__rosidl_typesupport_fastrtps_cpp.hpp
[153.087s] -- Up-to-date: /home/ubuntu/rj_training_container/training_ws/install/joystick_msgs/include/joystick_msgs/joystick_msgs/msg/rosidl_typesupport_fastrtps_cpp__visibility_control.h
[153.148s] -- Up-to-date: /home/ubuntu/rj_training_container/training_ws/install/joystick_msgs/lib/libjoystick_msgs__rosidl_typesupport_fastrtps_cpp.so
[153.193s] -- Up-to-date: /home/ubuntu/rj_training_container/training_ws/install/joystick_msgs/include/joystick_msgs/joystick_msgs
[153.215s] -- Up-to-date: /home/ubuntu/rj_training_container/training_ws/install/joystick_msgs/include/joystick_msgs/joystick_msgs/msg
[153.242s] -- Up-to-date: /home/ubuntu/rj_training_container/training_ws/install/joystick_msgs/include/joystick_msgs/joystick_msgs/msg/detail
[153.279s] -- Up-to-date: /home/ubuntu/rj_training_container/training_ws/install/joystick_msgs/include/joystick_msgs/joystick_msgs/msg/detail/velocity_pair__rosidl_typesupport_introspection_c.h
[153.309s] -- Up-to-date: /home/ubuntu/rj_training_container/training_ws/install/joystick_msgs/include/joystick_msgs/joystick_msgs/msg/detail/velocity_pair__type_support.c
[153.334s] -- Up-to-date: /home/ubuntu/rj_training_container/training_ws/install/joystick_msgs/include/joystick_msgs/joystick_msgs/msg/rosidl_typesupport_introspection_c__visibility_control.h
[153.397s] -- Up-to-date: /home/ubuntu/rj_training_container/training_ws/install/joystick_msgs/lib/libjoystick_msgs__rosidl_typesupport_introspection_c.so
[153.477s] -- Up-to-date: /home/ubuntu/rj_training_container/training_ws/install/joystick_msgs/lib/libjoystick_msgs__rosidl_typesupport_c.so
[153.519s] -- Up-to-date: /home/ubuntu/rj_training_container/training_ws/install/joystick_msgs/include/joystick_msgs/joystick_msgs
[153.539s] -- Up-to-date: /home/ubuntu/rj_training_container/training_ws/install/joystick_msgs/include/joystick_msgs/joystick_msgs/msg
[153.565s] -- Up-to-date: /home/ubuntu/rj_training_container/training_ws/install/joystick_msgs/include/joystick_msgs/joystick_msgs/msg/detail
[153.602s] -- Up-to-date: /home/ubuntu/rj_training_container/training_ws/install/joystick_msgs/include/joystick_msgs/joystick_msgs/msg/detail/velocity_pair__rosidl_typesupport_introspection_cpp.hpp
[153.630s] -- Up-to-date: /home/ubuntu/rj_training_container/training_ws/install/joystick_msgs/include/joystick_msgs/joystick_msgs/msg/detail/velocity_pair__type_support.cpp
[153.690s] -- Up-to-date: /home/ubuntu/rj_training_container/training_ws/install/joystick_msgs/lib/libjoystick_msgs__rosidl_typesupport_introspection_cpp.so
[153.767s] -- Up-to-date: /home/ubuntu/rj_training_container/training_ws/install/joystick_msgs/lib/libjoystick_msgs__rosidl_typesupport_cpp.so
[153.818s] -- Up-to-date: /home/ubuntu/rj_training_container/training_ws/install/joystick_msgs/share/joystick_msgs/environment/pythonpath.sh
[153.840s] -- Up-to-date: /home/ubuntu/rj_training_container/training_ws/install/joystick_msgs/share/joystick_msgs/environment/pythonpath.dsv
[153.859s] -- Up-to-date: /home/ubuntu/rj_training_container/training_ws/install/joystick_msgs/local/lib/python3.10/dist-packages/joystick_msgs-0.0.0-py3.10.egg-info
[153.899s] -- Installing: /home/ubuntu/rj_training_container/training_ws/install/joystick_msgs/local/lib/python3.10/dist-packages/joystick_msgs-0.0.0-py3.10.egg-info/dependency_links.txt
[154.000s] -- Installing: /home/ubuntu/rj_training_container/training_ws/install/joystick_msgs/local/lib/python3.10/dist-packages/joystick_msgs-0.0.0-py3.10.egg-info/PKG-INFO
[154.094s] -- Installing: /home/ubuntu/rj_training_container/training_ws/install/joystick_msgs/local/lib/python3.10/dist-packages/joystick_msgs-0.0.0-py3.10.egg-info/SOURCES.txt
[154.185s] -- Installing: /home/ubuntu/rj_training_container/training_ws/install/joystick_msgs/local/lib/python3.10/dist-packages/joystick_msgs-0.0.0-py3.10.egg-info/top_level.txt
[154.270s] -- Up-to-date: /home/ubuntu/rj_training_container/training_ws/install/joystick_msgs/local/lib/python3.10/dist-packages/joystick_msgs
[154.301s] -- Up-to-date: /home/ubuntu/rj_training_container/training_ws/install/joystick_msgs/local/lib/python3.10/dist-packages/joystick_msgs/joystick_msgs_s__rosidl_typesupport_c.cpython-310-x86_64-linux-gnu.so
[154.325s] -- Up-to-date: /home/ubuntu/rj_training_container/training_ws/install/joystick_msgs/local/lib/python3.10/dist-packages/joystick_msgs/joystick_msgs_s__rosidl_typesupport_fastrtps_c.cpython-310-x86_64-linux-gnu.so
[154.347s] -- Up-to-date: /home/ubuntu/rj_training_container/training_ws/install/joystick_msgs/local/lib/python3.10/dist-packages/joystick_msgs/joystick_msgs_s__rosidl_typesupport_introspection_c.cpython-310-x86_64-linux-gnu.so
[154.369s] -- Up-to-date: /home/ubuntu/rj_training_container/training_ws/install/joystick_msgs/local/lib/python3.10/dist-packages/joystick_msgs/libjoystick_msgs__rosidl_generator_py.so
[154.389s] -- Up-to-date: /home/ubuntu/rj_training_container/training_ws/install/joystick_msgs/local/lib/python3.10/dist-packages/joystick_msgs/msg
[154.427s] -- Up-to-date: /home/ubuntu/rj_training_container/training_ws/install/joystick_msgs/local/lib/python3.10/dist-packages/joystick_msgs/msg/_velocity_pair.py
[154.455s] -- Up-to-date: /home/ubuntu/rj_training_container/training_ws/install/joystick_msgs/local/lib/python3.10/dist-packages/joystick_msgs/msg/_velocity_pair_s.c
[154.481s] -- Up-to-date: /home/ubuntu/rj_training_container/training_ws/install/joystick_msgs/local/lib/python3.10/dist-packages/joystick_msgs/msg/__init__.py
[154.507s] -- Up-to-date: /home/ubuntu/rj_training_container/training_ws/install/joystick_msgs/local/lib/python3.10/dist-packages/joystick_msgs/_joystick_msgs_s.ep.rosidl_typesupport_c.c
[154.530s] -- Up-to-date: /home/ubuntu/rj_training_container/training_ws/install/joystick_msgs/local/lib/python3.10/dist-packages/joystick_msgs/_joystick_msgs_s.ep.rosidl_typesupport_fastrtps_c.c
[154.554s] -- Up-to-date: /home/ubuntu/rj_training_container/training_ws/install/joystick_msgs/local/lib/python3.10/dist-packages/joystick_msgs/_joystick_msgs_s.ep.rosidl_typesupport_introspection_c.c
[154.577s] -- Up-to-date: /home/ubuntu/rj_training_container/training_ws/install/joystick_msgs/local/lib/python3.10/dist-packages/joystick_msgs/__init__.py
[155.983s] Listing '/home/ubuntu/rj_training_container/training_ws/install/joystick_msgs/local/lib/python3.10/dist-packages/joystick_msgs'...
[155.984s] Listing '/home/ubuntu/rj_training_container/training_ws/install/joystick_msgs/local/lib/python3.10/dist-packages/joystick_msgs/msg'...
[156.061s] -- Up-to-date: /home/ubuntu/rj_training_container/training_ws/install/joystick_msgs/local/lib/python3.10/dist-packages/joystick_msgs/joystick_msgs_s__rosidl_typesupport_fastrtps_c.cpython-310-x86_64-linux-gnu.so
[156.196s] -- Up-to-date: /home/ubuntu/rj_training_container/training_ws/install/joystick_msgs/local/lib/python3.10/dist-packages/joystick_msgs/joystick_msgs_s__rosidl_typesupport_introspection_c.cpython-310-x86_64-linux-gnu.so
[156.321s] -- Up-to-date: /home/ubuntu/rj_training_container/training_ws/install/joystick_msgs/local/lib/python3.10/dist-packages/joystick_msgs/joystick_msgs_s__rosidl_typesupport_c.cpython-310-x86_64-linux-gnu.so
[156.427s] -- Up-to-date: /home/ubuntu/rj_training_container/training_ws/install/joystick_msgs/lib/libjoystick_msgs__rosidl_generator_py.so
[156.485s] -- Up-to-date: /home/ubuntu/rj_training_container/training_ws/install/joystick_msgs/share/joystick_msgs/msg/VelocityPair.idl
[156.516s] -- Up-to-date: /home/ubuntu/rj_training_container/training_ws/install/joystick_msgs/share/joystick_msgs/msg/VelocityPair.msg
[156.549s] -- Up-to-date: /home/ubuntu/rj_training_container/training_ws/install/joystick_msgs/share/ament_index/resource_index/package_run_dependencies/joystick_msgs
[156.581s] -- Up-to-date: /home/ubuntu/rj_training_container/training_ws/install/joystick_msgs/share/ament_index/resource_index/parent_prefix_path/joystick_msgs
[156.597s] -- Up-to-date: /home/ubuntu/rj_training_container/training_ws/install/joystick_msgs/share/joystick_msgs/environment/ament_prefix_path.sh
[156.618s] -- Up-to-date: /home/ubuntu/rj_training_container/training_ws/install/joystick_msgs/share/joystick_msgs/environment/ament_prefix_path.dsv
[156.634s] -- Up-to-date: /home/ubuntu/rj_training_container/training_ws/install/joystick_msgs/share/joystick_msgs/environment/path.sh
[156.656s] -- Up-to-date: /home/ubuntu/rj_training_container/training_ws/install/joystick_msgs/share/joystick_msgs/environment/path.dsv
[156.675s] -- Up-to-date: /home/ubuntu/rj_training_container/training_ws/install/joystick_msgs/share/joystick_msgs/local_setup.bash
[156.695s] -- Up-to-date: /home/ubuntu/rj_training_container/training_ws/install/joystick_msgs/share/joystick_msgs/local_setup.sh
[156.712s] -- Up-to-date: /home/ubuntu/rj_training_container/training_ws/install/joystick_msgs/share/joystick_msgs/local_setup.zsh
[156.730s] -- Up-to-date: /home/ubuntu/rj_training_container/training_ws/install/joystick_msgs/share/joystick_msgs/local_setup.dsv
[156.748s] -- Installing: /home/ubuntu/rj_training_container/training_ws/install/joystick_msgs/share/joystick_msgs/package.dsv
[156.828s] -- Up-to-date: /home/ubuntu/rj_training_container/training_ws/install/joystick_msgs/share/ament_index/resource_index/packages/joystick_msgs
[156.895s] -- Up-to-date: /home/ubuntu/rj_training_container/training_ws/install/joystick_msgs/share/joystick_msgs/cmake/export_joystick_msgs__rosidl_generator_cExport.cmake
[156.927s] -- Up-to-date: /home/ubuntu/rj_training_container/training_ws/install/joystick_msgs/share/joystick_msgs/cmake/export_joystick_msgs__rosidl_generator_cExport-noconfig.cmake
[156.987s] -- Up-to-date: /home/ubuntu/rj_training_container/training_ws/install/joystick_msgs/share/joystick_msgs/cmake/export_joystick_msgs__rosidl_typesupport_fastrtps_cExport.cmake
[157.017s] -- Up-to-date: /home/ubuntu/rj_training_container/training_ws/install/joystick_msgs/share/joystick_msgs/cmake/export_joystick_msgs__rosidl_typesupport_fastrtps_cExport-noconfig.cmake
[157.076s] -- Up-to-date: /home/ubuntu/rj_training_container/training_ws/install/joystick_msgs/share/joystick_msgs/cmake/export_joystick_msgs__rosidl_generator_cppExport.cmake
[157.136s] -- Up-to-date: /home/ubuntu/rj_training_container/training_ws/install/joystick_msgs/share/joystick_msgs/cmake/export_joystick_msgs__rosidl_typesupport_fastrtps_cppExport.cmake
[157.167s] -- Up-to-date: /home/ubuntu/rj_training_container/training_ws/install/joystick_msgs/share/joystick_msgs/cmake/export_joystick_msgs__rosidl_typesupport_fastrtps_cppExport-noconfig.cmake
[157.225s] -- Up-to-date: /home/ubuntu/rj_training_container/training_ws/install/joystick_msgs/share/joystick_msgs/cmake/joystick_msgs__rosidl_typesupport_introspection_cExport.cmake
[157.254s] -- Up-to-date: /home/ubuntu/rj_training_container/training_ws/install/joystick_msgs/share/joystick_msgs/cmake/joystick_msgs__rosidl_typesupport_introspection_cExport-noconfig.cmake
[157.312s] -- Up-to-date: /home/ubuntu/rj_training_container/training_ws/install/joystick_msgs/share/joystick_msgs/cmake/joystick_msgs__rosidl_typesupport_cExport.cmake
[157.344s] -- Up-to-date: /home/ubuntu/rj_training_container/training_ws/install/joystick_msgs/share/joystick_msgs/cmake/joystick_msgs__rosidl_typesupport_cExport-noconfig.cmake
[157.404s] -- Up-to-date: /home/ubuntu/rj_training_container/training_ws/install/joystick_msgs/share/joystick_msgs/cmake/joystick_msgs__rosidl_typesupport_introspection_cppExport.cmake
[157.434s] -- Up-to-date: /home/ubuntu/rj_training_container/training_ws/install/joystick_msgs/share/joystick_msgs/cmake/joystick_msgs__rosidl_typesupport_introspection_cppExport-noconfig.cmake
[157.492s] -- Up-to-date: /home/ubuntu/rj_training_container/training_ws/install/joystick_msgs/share/joystick_msgs/cmake/joystick_msgs__rosidl_typesupport_cppExport.cmake
[157.523s] -- Up-to-date: /home/ubuntu/rj_training_container/training_ws/install/joystick_msgs/share/joystick_msgs/cmake/joystick_msgs__rosidl_typesupport_cppExport-noconfig.cmake
[157.583s] -- Up-to-date: /home/ubuntu/rj_training_container/training_ws/install/joystick_msgs/share/joystick_msgs/cmake/export_joystick_msgs__rosidl_generator_pyExport.cmake
[157.613s] -- Up-to-date: /home/ubuntu/rj_training_container/training_ws/install/joystick_msgs/share/joystick_msgs/cmake/export_joystick_msgs__rosidl_generator_pyExport-noconfig.cmake
[157.633s] -- Up-to-date: /home/ubuntu/rj_training_container/training_ws/install/joystick_msgs/share/joystick_msgs/cmake/rosidl_cmake-extras.cmake
[157.654s] -- Up-to-date: /home/ubuntu/rj_training_container/training_ws/install/joystick_msgs/share/joystick_msgs/cmake/ament_cmake_export_dependencies-extras.cmake
[157.675s] -- Up-to-date: /home/ubuntu/rj_training_container/training_ws/install/joystick_msgs/share/joystick_msgs/cmake/ament_cmake_export_include_directories-extras.cmake
[157.697s] -- Up-to-date: /home/ubuntu/rj_training_container/training_ws/install/joystick_msgs/share/joystick_msgs/cmake/ament_cmake_export_libraries-extras.cmake
[157.718s] -- Up-to-date: /home/ubuntu/rj_training_container/training_ws/install/joystick_msgs/share/joystick_msgs/cmake/ament_cmake_export_targets-extras.cmake
[157.737s] -- Up-to-date: /home/ubuntu/rj_training_container/training_ws/install/joystick_msgs/share/joystick_msgs/cmake/rosidl_cmake_export_typesupport_targets-extras.cmake
[157.758s] -- Up-to-date: /home/ubuntu/rj_training_container/training_ws/install/joystick_msgs/share/joystick_msgs/cmake/rosidl_cmake_export_typesupport_libraries-extras.cmake
[157.778s] -- Up-to-date: /home/ubuntu/rj_training_container/training_ws/install/joystick_msgs/share/joystick_msgs/cmake/joystick_msgsConfig.cmake
[157.795s] -- Up-to-date: /home/ubuntu/rj_training_container/training_ws/install/joystick_msgs/share/joystick_msgs/cmake/joystick_msgsConfig-version.cmake
[157.821s] -- Up-to-date: /home/ubuntu/rj_training_container/training_ws/install/joystick_msgs/share/joystick_msgs/package.xml
[157.856s] Invoked command in '/home/ubuntu/rj_training_container/training_ws/build/joystick_msgs' returned '0': CMAKE_PREFIX_PATH=${CMAKE_PREFIX_PATH}:/home/ubuntu/rj_training_container/training_ws/install/keyboard:/opt/ros/humble /usr/bin/cmake --install /home/ubuntu/rj_training_container/training_ws/build/joystick_msgs
