[2.034s] Invoking command in '/home/ubuntu/rj_training_container/training_ws/build/teleop': CMAKE_PREFIX_PATH=/opt/ros/humble /usr/bin/cmake --build /home/ubuntu/rj_training_container/training_ws/build/teleop -- -j16 -l16
[3.498s] [100%] Built target key_to_twist
[3.509s] [100%] Built target teleop
[3.715s] Invoked command in '/home/ubuntu/rj_training_container/training_ws/build/teleop' returned '0': CMAKE_PREFIX_PATH=/opt/ros/humble /usr/bin/cmake --build /home/ubuntu/rj_training_container/training_ws/build/teleop -- -j16 -l16
[3.946s] Invoking command in '/home/ubuntu/rj_training_container/training_ws/build/teleop': CMAKE_PREFIX_PATH=/opt/ros/humble /usr/bin/cmake --install /home/ubuntu/rj_training_container/training_ws/build/teleop
[6.148s] -- Install configuration: ""
[6.154s] -- Up-to-date: /home/ubuntu/rj_training_container/training_ws/install/teleop/lib/teleop/key_to_twist
[6.161s] -- Up-to-date: /home/ubuntu/rj_training_container/training_ws/install/teleop/share/teleop/
[6.166s] -- Up-to-date: /home/ubuntu/rj_training_container/training_ws/install/teleop/lib/libteleop.so
[6.171s] -- Up-to-date: /home/ubuntu/rj_training_container/training_ws/install/teleop/share/teleop/environment/library_path.sh
[6.178s] -- Up-to-date: /home/ubuntu/rj_training_container/training_ws/install/teleop/share/teleop/environment/library_path.dsv
[6.183s] -- Up-to-date: /home/ubuntu/rj_training_container/training_ws/install/teleop/share/ament_index/resource_index/package_run_dependencies/teleop
[6.188s] -- Up-to-date: /home/ubuntu/rj_training_container/training_ws/install/teleop/share/ament_index/resource_index/parent_prefix_path/teleop
[6.193s] -- Up-to-date: /home/ubuntu/rj_training_container/training_ws/install/teleop/share/teleop/environment/ament_prefix_path.sh
[6.199s] -- Up-to-date: /home/ubuntu/rj_training_container/training_ws/install/teleop/share/teleop/environment/ament_prefix_path.dsv
[6.214s] -- Up-to-date: /home/ubuntu/rj_training_container/training_ws/install/teleop/share/teleop/environment/path.sh
[6.322s] -- Up-to-date: /home/ubuntu/rj_training_container/training_ws/install/teleop/share/teleop/environment/path.dsv
[6.448s] -- Up-to-date: /home/ubuntu/rj_training_container/training_ws/install/teleop/share/teleop/local_setup.bash
[6.568s] -- Up-to-date: /home/ubuntu/rj_training_container/training_ws/install/teleop/share/teleop/local_setup.sh
[6.684s] -- Up-to-date: /home/ubuntu/rj_training_container/training_ws/install/teleop/share/teleop/local_setup.zsh
[6.800s] -- Up-to-date: /home/ubuntu/rj_training_container/training_ws/install/teleop/share/teleop/local_setup.dsv
[6.912s] -- Installing: /home/ubuntu/rj_training_container/training_ws/install/teleop/share/teleop/package.dsv
[7.371s] -- Up-to-date: /home/ubuntu/rj_training_container/training_ws/install/teleop/share/ament_index/resource_index/packages/teleop
[7.570s] -- Up-to-date: /home/ubuntu/rj_training_container/training_ws/install/teleop/share/ament_index/resource_index/rclcpp_components/teleop
[7.680s] -- Up-to-date: /home/ubuntu/rj_training_container/training_ws/install/teleop/share/teleop/cmake/ament_cmake_export_include_directories-extras.cmake
[7.787s] -- Up-to-date: /home/ubuntu/rj_training_container/training_ws/install/teleop/share/teleop/cmake/ament_cmake_export_libraries-extras.cmake
[7.890s] -- Up-to-date: /home/ubuntu/rj_training_container/training_ws/install/teleop/share/teleop/cmake/ament_cmake_export_dependencies-extras.cmake
[8.004s] -- Up-to-date: /home/ubuntu/rj_training_container/training_ws/install/teleop/share/teleop/cmake/teleopConfig.cmake
[8.085s] -- Up-to-date: /home/ubuntu/rj_training_container/training_ws/install/teleop/share/teleop/cmake/teleopConfig-version.cmake
[8.207s] -- Up-to-date: /home/ubuntu/rj_training_container/training_ws/install/teleop/share/teleop/package.xml
[11.439s] Invoked command in '/home/ubuntu/rj_training_container/training_ws/build/teleop' returned '0': CMAKE_PREFIX_PATH=/opt/ros/humble /usr/bin/cmake --install /home/ubuntu/rj_training_container/training_ws/build/teleop
