[0.390s] Invoking command in '/home/ubuntu/rj_training_container/training_ws/build/stsl_gazebo_plugins': CMAKE_PREFIX_PATH=/opt/ros/humble /usr/bin/cmake /home/ubuntu/rj_training_container/training_ws/src/stsl/stsl_gazebo_plugins -DCMAKE_INSTALL_PREFIX=/home/ubuntu/rj_training_container/training_ws/install/stsl_gazebo_plugins
[1.682s] -- The C compiler identification is GNU 11.4.0
[1.748s] -- The CXX compiler identification is GNU 11.4.0
[2.021s] -- Detecting C compiler ABI info
[4.608s] -- Detecting C compiler ABI info - done
[4.717s] -- Check for working C compiler: /usr/bin/cc - skipped
[4.726s] -- Detecting C compile features
[4.736s] -- Detecting C compile features - done
[4.983s] -- Detecting CXX compiler ABI info
[7.267s] -- Detecting CXX compiler ABI info - done
[7.368s] -- Check for working CXX compiler: /usr/bin/c++ - skipped
[7.372s] -- Detecting CXX compile features
[7.376s] -- Detecting CXX compile features - done
[7.608s] -- Found ament_cmake: 1.3.10 (/opt/ros/humble/share/ament_cmake/cmake)
[7.903s] -- Found Python3: /usr/bin/python3 (found version "3.10.12") found components: Interpreter 
[8.431s] -- Found rclcpp: 16.0.10 (/opt/ros/humble/share/rclcpp/cmake)
[8.523s] -- Found rosidl_generator_c: 3.1.5 (/opt/ros/humble/share/rosidl_generator_c/cmake)
[8.534s] -- Found rosidl_adapter: 3.1.5 (/opt/ros/humble/share/rosidl_adapter/cmake)
[8.555s] -- Found rosidl_generator_cpp: 3.1.5 (/opt/ros/humble/share/rosidl_generator_cpp/cmake)
[8.582s] -- Using all available rosidl_typesupport_c: rosidl_typesupport_fastrtps_c;rosidl_typesupport_introspection_c
[8.622s] -- Using all available rosidl_typesupport_cpp: rosidl_typesupport_fastrtps_cpp;rosidl_typesupport_introspection_cpp
[8.712s] -- Found rmw_implementation_cmake: 6.1.2 (/opt/ros/humble/share/rmw_implementation_cmake/cmake)
[8.721s] -- Found rmw_fastrtps_cpp: 6.2.7 (/opt/ros/humble/share/rmw_fastrtps_cpp/cmake)
[8.876s] -- Found OpenSSL: /usr/lib/x86_64-linux-gnu/libcrypto.so (found version "3.0.2")  
[8.957s] -- Found FastRTPS: /opt/ros/humble/include  
[9.065s] -- Using RMW implementation 'rmw_fastrtps_cpp' as default
[9.246s] -- Looking for pthread.h
[11.336s] -- Looking for pthread.h - found
[11.385s] -- Performing Test CMAKE_HAVE_LIBC_PTHREAD
[13.282s] -- Performing Test CMAKE_HAVE_LIBC_PTHREAD - Success
[13.299s] -- Found Threads: TRUE  
[13.409s] -- Found gazebo_dev: 3.7.0 (/opt/ros/humble/share/gazebo_dev/cmake)
[13.427s] -- Found PkgConfig: /usr/bin/pkg-config (found version "0.29.2") 
[13.430s] -- Checking for module 'bullet>=2.82'
[13.452s] --   Found bullet, version 3.05
[13.670s] -- Found fcl: /usr/include (found suitable version "0.7.0", minimum required is "0.5.0") 
[13.754s] -- Found assimp: /usr/include (found version "5.2.0") 
[13.813s] -- Found DART: /usr/include (Required is at least version "6.6") found components: dart 
[13.883s] -- Found Boost: /usr/lib/x86_64-linux-gnu/cmake/Boost-1.74.0/BoostConfig.cmake (found suitable version "1.74.0", minimum required is "1.40.0") found components: thread system filesystem program_options regex iostreams date_time 
[13.914s] -- Found Protobuf: /usr/lib/x86_64-linux-gnu/libprotobuf.so (found version "3.12.4") 
[13.929s] -- Looking for ignition-math6 -- found version 6.15.1
[13.947s] -- Searching for dependencies of ignition-math6
[13.951s] -- Looking for OGRE...
[13.955s] -- OGRE_PREFIX_WATCH changed.
[13.965s] -- Checking for module 'OGRE'
[13.981s] --   Found OGRE, version 1.9.0
[14.038s] -- Found Ogre Ghadamon (1.9.0)
[14.072s] -- Found OGRE: optimized;/usr/lib/x86_64-linux-gnu/libOgreMain.so;debug;/usr/lib/x86_64-linux-gnu/libOgreMain.so
[14.089s] -- Looking for OGRE_Paging...
[14.117s] -- Found OGRE_Paging: optimized;/usr/lib/x86_64-linux-gnu/libOgrePaging.so;debug;/usr/lib/x86_64-linux-gnu/libOgrePaging.so
[14.121s] -- Looking for OGRE_Terrain...
[14.144s] -- Found OGRE_Terrain: optimized;/usr/lib/x86_64-linux-gnu/libOgreTerrain.so;debug;/usr/lib/x86_64-linux-gnu/libOgreTerrain.so
[14.146s] -- Looking for OGRE_Property...
[14.169s] -- Found OGRE_Property: optimized;/usr/lib/x86_64-linux-gnu/libOgreProperty.so;debug;/usr/lib/x86_64-linux-gnu/libOgreProperty.so
[14.171s] -- Looking for OGRE_RTShaderSystem...
[14.193s] -- Found OGRE_RTShaderSystem: optimized;/usr/lib/x86_64-linux-gnu/libOgreRTShaderSystem.so;debug;/usr/lib/x86_64-linux-gnu/libOgreRTShaderSystem.so
[14.194s] -- Looking for OGRE_Volume...
[14.217s] -- Found OGRE_Volume: optimized;/usr/lib/x86_64-linux-gnu/libOgreVolume.so;debug;/usr/lib/x86_64-linux-gnu/libOgreVolume.so
[14.221s] -- Looking for OGRE_Overlay...
[14.242s] -- Found OGRE_Overlay: optimized;/usr/lib/x86_64-linux-gnu/libOgreOverlay.so;debug;/usr/lib/x86_64-linux-gnu/libOgreOverlay.so
[15.343s] -- Looking for ignition-math6 -- found version 6.15.1
[15.349s] -- Looking for ignition-transport8 -- found version 8.2.1
[15.352s] -- Searching for dependencies of ignition-transport8
[15.402s] -- Found Protobuf: /usr/lib/x86_64-linux-gnu/libprotobuf.so (found suitable version "3.12.4", minimum required is "3") 
[15.442s] -- Config-file not installed for ZeroMQ -- checking for pkg-config
[15.450s] -- Checking for module 'libzmq >= 4'
[15.475s] --   Found libzmq , version 4.3.4
[15.531s] -- Found ZeroMQ: TRUE (Required is at least version "4") 
[15.542s] -- Checking for module 'uuid'
[15.563s] --   Found uuid, version 2.37.2
[15.615s] -- Found UUID: TRUE  
[15.623s] -- Looking for ignition-msgs5 -- found version 5.8.1
[15.625s] -- Searching for dependencies of ignition-msgs5
[15.678s] -- Looking for ignition-math6 -- found version 6.15.1
[15.689s] -- Checking for module 'tinyxml2'
[15.710s] --   Found tinyxml2, version 9.0.0
[15.771s] -- Looking for ignition-msgs5 -- found version 5.8.1
[15.776s] -- Looking for ignition-common3 -- found version 3.14.0
[15.778s] -- Searching for dependencies of ignition-common3
[15.780s] -- Looking for dlfcn.h - found
[15.782s] -- Looking for libdl - found
[15.785s] -- Found DL: TRUE  
[15.804s] -- Found tinyobjloader: /usr/lib/x86_64-linux-gnu/cmake/tinyobjloader/tinyobjloader-config.cmake (found version "2.0.0") 
[15.806s] -- Searching for <ignition-common3> component [graphics]
[15.811s] -- Looking for ignition-common3-graphics -- found version 3.14.0
[15.813s] -- Searching for dependencies of ignition-common3-graphics
[15.815s] -- Looking for ignition-math6 -- found version 6.15.1
[15.820s] -- Looking for ignition-fuel_tools4 -- found version 4.4.0
[15.822s] -- Searching for dependencies of ignition-fuel_tools4
[15.966s] -- Found CURL: /usr/lib/x86_64-linux-gnu/libcurl.so (found version "7.81.0")  
[15.987s] -- Checking for module 'jsoncpp'
[16.010s] --   Found jsoncpp, version 1.9.5
[16.068s] -- Found JSONCPP: TRUE  
[16.076s] -- Checking for module 'libzip'
[16.099s] --   Found libzip, version 1.7.3
[16.153s] -- Found ZIP: TRUE  
[16.156s] -- Looking for ignition-common3 -- found version 3.14.0
[16.158s] -- Looking for ignition-math6 -- found version 6.15.1
[16.160s] -- Looking for ignition-msgs5 -- found version 5.8.1
[16.166s] -- Gazebo version: 11.10
[16.170s] -- Checking for module 'tbb'
[16.192s] --   Found tbb, version 2021.5.0
[16.249s] -- Found gazebo_ros: 3.7.0 (/opt/ros/humble/share/gazebo_ros/cmake)
[16.259s] -- Found geometry_msgs: 4.2.4 (/opt/ros/humble/share/geometry_msgs/cmake)
[16.288s] -- Found nav_msgs: 4.2.4 (/opt/ros/humble/share/nav_msgs/cmake)
[16.321s] -- Found tf2_ros: 0.25.8 (/opt/ros/humble/share/tf2_ros/cmake)
[16.627s] -- Found ament_lint_auto: 0.12.11 (/opt/ros/humble/share/ament_lint_auto/cmake)
[17.384s] -- Added test 'copyright' to check source files copyright and LICENSE
[18.065s] -- Added test 'cppcheck' to perform static code analysis on C / C++ code
[18.067s] -- Configured cppcheck include dirs: 
[18.070s] -- Configured cppcheck exclude dirs and/or files: 
[18.740s] -- Added test 'cpplint' to check C / C++ code against the Google style
[18.741s] -- Configured cpplint exclude dirs and/or files: 
[18.826s] -- Added test 'flake8' to check Python code syntax and style conventions
[18.997s] -- Added test 'lint_cmake' to check CMake code style
[19.098s] -- Added test 'pep257' to check Python code against some of the docstring style conventions in PEP 257
[19.791s] -- Added test 'uncrustify' to check C / C++ code style
[19.794s] -- Configured uncrustify additional arguments: 
[19.893s] -- Added test 'xmllint' to check XML markup files
[20.201s] -- Configuring done
[21.293s] -- Generating done
[21.545s] -- Build files have been written to: /home/ubuntu/rj_training_container/training_ws/build/stsl_gazebo_plugins
[21.573s] Invoked command in '/home/ubuntu/rj_training_container/training_ws/build/stsl_gazebo_plugins' returned '0': CMAKE_PREFIX_PATH=/opt/ros/humble /usr/bin/cmake /home/ubuntu/rj_training_container/training_ws/src/stsl/stsl_gazebo_plugins -DCMAKE_INSTALL_PREFIX=/home/ubuntu/rj_training_container/training_ws/install/stsl_gazebo_plugins
[21.596s] Invoking command in '/home/ubuntu/rj_training_container/training_ws/build/stsl_gazebo_plugins': CMAKE_PREFIX_PATH=/opt/ros/humble /usr/bin/cmake --build /home/ubuntu/rj_training_container/training_ws/build/stsl_gazebo_plugins -- -j16 -l16
[22.026s] [ 50%] [32mBuilding CXX object CMakeFiles/RosNoisyPlanarOdomPlugin.dir/src/RosNoisyPlanarOdomPlugin.cpp.o[0m
[22.030s] [ 50%] [32mBuilding CXX object CMakeFiles/RosLightControlPlugin.dir/src/RosLightControlPlugin.cpp.o[0m
[22.032s] [ 50%] [32mBuilding CXX object CMakeFiles/HideLightVisualsPlugin.dir/src/HideLightVisualsPlugin.cpp.o[0m
[52.717s] [ 66%] [32m[1mLinking CXX shared library libRosNoisyPlanarOdomPlugin.so[0m
[53.640s] [ 83%] [32m[1mLinking CXX shared library libHideLightVisualsPlugin.so[0m
[56.175s] [ 83%] Built target HideLightVisualsPlugin
[57.500s] [ 83%] Built target RosNoisyPlanarOdomPlugin
[59.384s] [100%] [32m[1mLinking CXX shared library libRosLightControlPlugin.so[0m
[66.117s] [100%] Built target RosLightControlPlugin
[66.181s] Invoked command in '/home/ubuntu/rj_training_container/training_ws/build/stsl_gazebo_plugins' returned '0': CMAKE_PREFIX_PATH=/opt/ros/humble /usr/bin/cmake --build /home/ubuntu/rj_training_container/training_ws/build/stsl_gazebo_plugins -- -j16 -l16
[66.278s] Invoking command in '/home/ubuntu/rj_training_container/training_ws/build/stsl_gazebo_plugins': CMAKE_PREFIX_PATH=/opt/ros/humble /usr/bin/cmake --install /home/ubuntu/rj_training_container/training_ws/build/stsl_gazebo_plugins
[66.297s] -- Install configuration: ""
[66.311s] -- Installing: /home/ubuntu/rj_training_container/training_ws/install/stsl_gazebo_plugins/lib/libRosLightControlPlugin.so
[67.184s] -- Set runtime path of "/home/ubuntu/rj_training_container/training_ws/install/stsl_gazebo_plugins/lib/libRosLightControlPlugin.so" to ""
[67.201s] -- Installing: /home/ubuntu/rj_training_container/training_ws/install/stsl_gazebo_plugins/lib/libRosNoisyPlanarOdomPlugin.so
[67.657s] -- Set runtime path of "/home/ubuntu/rj_training_container/training_ws/install/stsl_gazebo_plugins/lib/libRosNoisyPlanarOdomPlugin.so" to ""
[67.675s] -- Installing: /home/ubuntu/rj_training_container/training_ws/install/stsl_gazebo_plugins/lib/libHideLightVisualsPlugin.so
[67.894s] -- Installing: /home/ubuntu/rj_training_container/training_ws/install/stsl_gazebo_plugins/share/stsl_gazebo_plugins//worlds
[67.961s] -- Installing: /home/ubuntu/rj_training_container/training_ws/install/stsl_gazebo_plugins/share/stsl_gazebo_plugins//worlds/ros_light_control_demo_world.sdf
[68.078s] -- Installing: /home/ubuntu/rj_training_container/training_ws/install/stsl_gazebo_plugins/share/stsl_gazebo_plugins//launch
[68.125s] -- Installing: /home/ubuntu/rj_training_container/training_ws/install/stsl_gazebo_plugins/share/stsl_gazebo_plugins//launch/ros_light_control_demo.launch.py
[68.275s] -- Installing: /home/ubuntu/rj_training_container/training_ws/install/stsl_gazebo_plugins/share/ament_index/resource_index/package_run_dependencies/stsl_gazebo_plugins
[68.456s] -- Installing: /home/ubuntu/rj_training_container/training_ws/install/stsl_gazebo_plugins/share/ament_index/resource_index/parent_prefix_path/stsl_gazebo_plugins
[68.603s] -- Installing: /home/ubuntu/rj_training_container/training_ws/install/stsl_gazebo_plugins/share/stsl_gazebo_plugins/environment/ament_prefix_path.sh
[68.695s] -- Installing: /home/ubuntu/rj_training_container/training_ws/install/stsl_gazebo_plugins/share/stsl_gazebo_plugins/environment/ament_prefix_path.dsv
[68.790s] -- Installing: /home/ubuntu/rj_training_container/training_ws/install/stsl_gazebo_plugins/share/stsl_gazebo_plugins/environment/path.sh
[68.882s] -- Installing: /home/ubuntu/rj_training_container/training_ws/install/stsl_gazebo_plugins/share/stsl_gazebo_plugins/environment/path.dsv
[68.984s] -- Installing: /home/ubuntu/rj_training_container/training_ws/install/stsl_gazebo_plugins/share/stsl_gazebo_plugins/local_setup.bash
[69.074s] -- Installing: /home/ubuntu/rj_training_container/training_ws/install/stsl_gazebo_plugins/share/stsl_gazebo_plugins/local_setup.sh
[69.159s] -- Installing: /home/ubuntu/rj_training_container/training_ws/install/stsl_gazebo_plugins/share/stsl_gazebo_plugins/local_setup.zsh
[69.247s] -- Installing: /home/ubuntu/rj_training_container/training_ws/install/stsl_gazebo_plugins/share/stsl_gazebo_plugins/local_setup.dsv
[69.341s] -- Installing: /home/ubuntu/rj_training_container/training_ws/install/stsl_gazebo_plugins/share/stsl_gazebo_plugins/package.dsv
[69.483s] -- Installing: /home/ubuntu/rj_training_container/training_ws/install/stsl_gazebo_plugins/share/ament_index/resource_index/packages/stsl_gazebo_plugins
[69.641s] -- Installing: /home/ubuntu/rj_training_container/training_ws/install/stsl_gazebo_plugins/share/stsl_gazebo_plugins/cmake/stsl_gazebo_pluginsConfig.cmake
[69.739s] -- Installing: /home/ubuntu/rj_training_container/training_ws/install/stsl_gazebo_plugins/share/stsl_gazebo_plugins/cmake/stsl_gazebo_pluginsConfig-version.cmake
[69.844s] -- Installing: /home/ubuntu/rj_training_container/training_ws/install/stsl_gazebo_plugins/share/stsl_gazebo_plugins/package.xml
[69.932s] Invoked command in '/home/ubuntu/rj_training_container/training_ws/build/stsl_gazebo_plugins' returned '0': CMAKE_PREFIX_PATH=/opt/ros/humble /usr/bin/cmake --install /home/ubuntu/rj_training_container/training_ws/build/stsl_gazebo_plugins
