[4.601s] Invoking command in '/home/ubuntu/rj_training_container/training_ws/build/joystick_msgs': CMAKE_PREFIX_PATH=${CMAKE_PREFIX_PATH}:/home/ubuntu/rj_training_container/training_ws/install/keyboard:/opt/ros/humble /usr/bin/cmake --build /home/ubuntu/rj_training_container/training_ws/build/joystick_msgs -- -j16 -l16
[33.770s] [  3%] Built target joystick_msgs__cpp
[34.178s] [ 12%] Built target joystick_msgs__rosidl_generator_c
[39.634s] [ 12%] Built target ament_cmake_python_copy_joystick_msgs
[50.683s] [ 22%] Built target joystick_msgs__rosidl_typesupport_cpp
[50.920s] [ 32%] Built target joystick_msgs__rosidl_typesupport_introspection_cpp
[50.987s] [ 41%] Built target joystick_msgs__rosidl_typesupport_fastrtps_cpp
[51.473s] [ 51%] Built target joystick_msgs__rosidl_typesupport_fastrtps_c
[51.806s] [ 61%] Built target joystick_msgs__rosidl_typesupport_introspection_c
[52.219s] [ 70%] Built target joystick_msgs__rosidl_typesupport_c
[57.393s] running egg_info
[57.400s] writing joystick_msgs.egg-info/PKG-INFO
[57.421s] writing dependency_links to joystick_msgs.egg-info/dependency_links.txt
[57.437s] writing top-level names to joystick_msgs.egg-info/top_level.txt
[57.533s] reading manifest file 'joystick_msgs.egg-info/SOURCES.txt'
[57.663s] writing manifest file 'joystick_msgs.egg-info/SOURCES.txt'
[62.759s] [ 70%] Built target ament_cmake_python_build_joystick_msgs_egg
[64.227s] [ 70%] Built target joystick_msgs
[75.824s] [ 74%] Built target joystick_msgs__py
[86.665s] [ 80%] Built target joystick_msgs__rosidl_generator_py
[98.559s] [ 87%] Built target joystick_msgs__rosidl_typesupport_c__pyext
[98.746s] [ 93%] Built target joystick_msgs__rosidl_typesupport_fastrtps_c__pyext
[98.773s] [100%] Built target joystick_msgs__rosidl_typesupport_introspection_c__pyext
[102.623s] Invoked command in '/home/ubuntu/rj_training_container/training_ws/build/joystick_msgs' returned '0': CMAKE_PREFIX_PATH=${CMAKE_PREFIX_PATH}:/home/ubuntu/rj_training_container/training_ws/install/keyboard:/opt/ros/humble /usr/bin/cmake --build /home/ubuntu/rj_training_container/training_ws/build/joystick_msgs -- -j16 -l16
[140.509s] Invoking command in '/home/ubuntu/rj_training_container/training_ws/build/joystick_msgs': CMAKE_PREFIX_PATH=${CMAKE_PREFIX_PATH}:/home/ubuntu/rj_training_container/training_ws/install/keyboard:/opt/ros/humble /usr/bin/cmake --install /home/ubuntu/rj_training_container/training_ws/build/joystick_msgs
[142.059s] -- Install configuration: ""
[142.092s] -- Up-to-date: /home/ubuntu/rj_training_container/training_ws/install/joystick_msgs/share/ament_index/resource_index/rosidl_interfaces/joystick_msgs
[142.106s] -- Up-to-date: /home/ubuntu/rj_training_container/training_ws/install/joystick_msgs/include/joystick_msgs/joystick_msgs
[142.126s] -- Up-to-date: /home/ubuntu/rj_training_container/training_ws/install/joystick_msgs/include/joystick_msgs/joystick_msgs/msg
[142.151s] -- Up-to-date: /home/ubuntu/rj_training_container/training_ws/install/joystick_msgs/include/joystick_msgs/joystick_msgs/msg/detail
[142.187s] -- Up-to-date: /home/ubuntu/rj_training_container/training_ws/install/joystick_msgs/include/joystick_msgs/joystick_msgs/msg/detail/velocity_pair__functions.c
[142.214s] -- Up-to-date: /home/ubuntu/rj_training_container/training_ws/install/joystick_msgs/include/joystick_msgs/joystick_msgs/msg/detail/velocity_pair__functions.h
[142.241s] -- Up-to-date: /home/ubuntu/rj_training_container/training_ws/install/joystick_msgs/include/joystick_msgs/joystick_msgs/msg/detail/velocity_pair__struct.h
[142.268s] -- Up-to-date: /home/ubuntu/rj_training_container/training_ws/install/joystick_msgs/include/joystick_msgs/joystick_msgs/msg/detail/velocity_pair__type_support.h
[142.292s] -- Up-to-date: /home/ubuntu/rj_training_container/training_ws/install/joystick_msgs/include/joystick_msgs/joystick_msgs/msg/rosidl_generator_c__visibility_control.h
[142.313s] -- Up-to-date: /home/ubuntu/rj_training_container/training_ws/install/joystick_msgs/include/joystick_msgs/joystick_msgs/msg/velocity_pair.h
[142.328s] -- Up-to-date: /home/ubuntu/rj_training_container/training_ws/install/joystick_msgs/share/joystick_msgs/environment/library_path.sh
[142.346s] -- Up-to-date: /home/ubuntu/rj_training_container/training_ws/install/joystick_msgs/share/joystick_msgs/environment/library_path.dsv
[142.405s] -- Up-to-date: /home/ubuntu/rj_training_container/training_ws/install/joystick_msgs/lib/libjoystick_msgs__rosidl_generator_c.so
[142.451s] -- Up-to-date: /home/ubuntu/rj_training_container/training_ws/install/joystick_msgs/include/joystick_msgs/joystick_msgs
[142.470s] -- Up-to-date: /home/ubuntu/rj_training_container/training_ws/install/joystick_msgs/include/joystick_msgs/joystick_msgs/msg
[142.495s] -- Up-to-date: /home/ubuntu/rj_training_container/training_ws/install/joystick_msgs/include/joystick_msgs/joystick_msgs/msg/detail
[142.535s] -- Up-to-date: /home/ubuntu/rj_training_container/training_ws/install/joystick_msgs/include/joystick_msgs/joystick_msgs/msg/detail/velocity_pair__rosidl_typesupport_fastrtps_c.h
[142.559s] -- Up-to-date: /home/ubuntu/rj_training_container/training_ws/install/joystick_msgs/include/joystick_msgs/joystick_msgs/msg/rosidl_typesupport_fastrtps_c__visibility_control.h
[142.612s] -- Up-to-date: /home/ubuntu/rj_training_container/training_ws/install/joystick_msgs/lib/libjoystick_msgs__rosidl_typesupport_fastrtps_c.so
[142.660s] -- Up-to-date: /home/ubuntu/rj_training_container/training_ws/install/joystick_msgs/include/joystick_msgs/joystick_msgs
[142.681s] -- Up-to-date: /home/ubuntu/rj_training_container/training_ws/install/joystick_msgs/include/joystick_msgs/joystick_msgs/msg
[142.708s] -- Up-to-date: /home/ubuntu/rj_training_container/training_ws/install/joystick_msgs/include/joystick_msgs/joystick_msgs/msg/detail
[142.743s] -- Up-to-date: /home/ubuntu/rj_training_container/training_ws/install/joystick_msgs/include/joystick_msgs/joystick_msgs/msg/detail/velocity_pair__builder.hpp
[142.769s] -- Up-to-date: /home/ubuntu/rj_training_container/training_ws/install/joystick_msgs/include/joystick_msgs/joystick_msgs/msg/detail/velocity_pair__struct.hpp
[142.798s] -- Up-to-date: /home/ubuntu/rj_training_container/training_ws/install/joystick_msgs/include/joystick_msgs/joystick_msgs/msg/detail/velocity_pair__traits.hpp
[142.822s] -- Up-to-date: /home/ubuntu/rj_training_container/training_ws/install/joystick_msgs/include/joystick_msgs/joystick_msgs/msg/velocity_pair.hpp
[142.835s] -- Up-to-date: /home/ubuntu/rj_training_container/training_ws/install/joystick_msgs/include/joystick_msgs/joystick_msgs
[142.856s] -- Up-to-date: /home/ubuntu/rj_training_container/training_ws/install/joystick_msgs/include/joystick_msgs/joystick_msgs/msg
[142.883s] -- Up-to-date: /home/ubuntu/rj_training_container/training_ws/install/joystick_msgs/include/joystick_msgs/joystick_msgs/msg/detail
[142.913s] -- Up-to-date: /home/ubuntu/rj_training_container/training_ws/install/joystick_msgs/include/joystick_msgs/joystick_msgs/msg/detail/dds_fastrtps
[142.948s] -- Up-to-date: /home/ubuntu/rj_training_container/training_ws/install/joystick_msgs/include/joystick_msgs/joystick_msgs/msg/detail/velocity_pair__rosidl_typesupport_fastrtps_cpp.hpp
[142.972s] -- Up-to-date: /home/ubuntu/rj_training_container/training_ws/install/joystick_msgs/include/joystick_msgs/joystick_msgs/msg/rosidl_typesupport_fastrtps_cpp__visibility_control.h
[143.027s] -- Up-to-date: /home/ubuntu/rj_training_container/training_ws/install/joystick_msgs/lib/libjoystick_msgs__rosidl_typesupport_fastrtps_cpp.so
[143.076s] -- Up-to-date: /home/ubuntu/rj_training_container/training_ws/install/joystick_msgs/include/joystick_msgs/joystick_msgs
[143.098s] -- Up-to-date: /home/ubuntu/rj_training_container/training_ws/install/joystick_msgs/include/joystick_msgs/joystick_msgs/msg
[143.124s] -- Up-to-date: /home/ubuntu/rj_training_container/training_ws/install/joystick_msgs/include/joystick_msgs/joystick_msgs/msg/detail
[143.161s] -- Up-to-date: /home/ubuntu/rj_training_container/training_ws/install/joystick_msgs/include/joystick_msgs/joystick_msgs/msg/detail/velocity_pair__rosidl_typesupport_introspection_c.h
[143.193s] -- Up-to-date: /home/ubuntu/rj_training_container/training_ws/install/joystick_msgs/include/joystick_msgs/joystick_msgs/msg/detail/velocity_pair__type_support.c
[143.216s] -- Up-to-date: /home/ubuntu/rj_training_container/training_ws/install/joystick_msgs/include/joystick_msgs/joystick_msgs/msg/rosidl_typesupport_introspection_c__visibility_control.h
[143.265s] -- Up-to-date: /home/ubuntu/rj_training_container/training_ws/install/joystick_msgs/lib/libjoystick_msgs__rosidl_typesupport_introspection_c.so
[143.342s] -- Up-to-date: /home/ubuntu/rj_training_container/training_ws/install/joystick_msgs/lib/libjoystick_msgs__rosidl_typesupport_c.so
[143.381s] -- Up-to-date: /home/ubuntu/rj_training_container/training_ws/install/joystick_msgs/include/joystick_msgs/joystick_msgs
[143.400s] -- Up-to-date: /home/ubuntu/rj_training_container/training_ws/install/joystick_msgs/include/joystick_msgs/joystick_msgs/msg
[143.429s] -- Up-to-date: /home/ubuntu/rj_training_container/training_ws/install/joystick_msgs/include/joystick_msgs/joystick_msgs/msg/detail
[143.461s] -- Up-to-date: /home/ubuntu/rj_training_container/training_ws/install/joystick_msgs/include/joystick_msgs/joystick_msgs/msg/detail/velocity_pair__rosidl_typesupport_introspection_cpp.hpp
[143.488s] -- Up-to-date: /home/ubuntu/rj_training_container/training_ws/install/joystick_msgs/include/joystick_msgs/joystick_msgs/msg/detail/velocity_pair__type_support.cpp
[143.540s] -- Up-to-date: /home/ubuntu/rj_training_container/training_ws/install/joystick_msgs/lib/libjoystick_msgs__rosidl_typesupport_introspection_cpp.so
[143.613s] -- Up-to-date: /home/ubuntu/rj_training_container/training_ws/install/joystick_msgs/lib/libjoystick_msgs__rosidl_typesupport_cpp.so
[143.664s] -- Up-to-date: /home/ubuntu/rj_training_container/training_ws/install/joystick_msgs/share/joystick_msgs/environment/pythonpath.sh
[143.684s] -- Up-to-date: /home/ubuntu/rj_training_container/training_ws/install/joystick_msgs/share/joystick_msgs/environment/pythonpath.dsv
[143.699s] -- Up-to-date: /home/ubuntu/rj_training_container/training_ws/install/joystick_msgs/local/lib/python3.10/dist-packages/joystick_msgs-0.0.0-py3.10.egg-info
[143.733s] -- Installing: /home/ubuntu/rj_training_container/training_ws/install/joystick_msgs/local/lib/python3.10/dist-packages/joystick_msgs-0.0.0-py3.10.egg-info/dependency_links.txt
[143.824s] -- Installing: /home/ubuntu/rj_training_container/training_ws/install/joystick_msgs/local/lib/python3.10/dist-packages/joystick_msgs-0.0.0-py3.10.egg-info/PKG-INFO
[143.915s] -- Installing: /home/ubuntu/rj_training_container/training_ws/install/joystick_msgs/local/lib/python3.10/dist-packages/joystick_msgs-0.0.0-py3.10.egg-info/SOURCES.txt
[144.003s] -- Installing: /home/ubuntu/rj_training_container/training_ws/install/joystick_msgs/local/lib/python3.10/dist-packages/joystick_msgs-0.0.0-py3.10.egg-info/top_level.txt
[144.083s] -- Up-to-date: /home/ubuntu/rj_training_container/training_ws/install/joystick_msgs/local/lib/python3.10/dist-packages/joystick_msgs
[144.114s] -- Up-to-date: /home/ubuntu/rj_training_container/training_ws/install/joystick_msgs/local/lib/python3.10/dist-packages/joystick_msgs/joystick_msgs_s__rosidl_typesupport_c.cpython-310-x86_64-linux-gnu.so
[144.136s] -- Up-to-date: /home/ubuntu/rj_training_container/training_ws/install/joystick_msgs/local/lib/python3.10/dist-packages/joystick_msgs/joystick_msgs_s__rosidl_typesupport_fastrtps_c.cpython-310-x86_64-linux-gnu.so
[144.159s] -- Up-to-date: /home/ubuntu/rj_training_container/training_ws/install/joystick_msgs/local/lib/python3.10/dist-packages/joystick_msgs/joystick_msgs_s__rosidl_typesupport_introspection_c.cpython-310-x86_64-linux-gnu.so
[144.183s] -- Up-to-date: /home/ubuntu/rj_training_container/training_ws/install/joystick_msgs/local/lib/python3.10/dist-packages/joystick_msgs/libjoystick_msgs__rosidl_generator_py.so
[144.202s] -- Up-to-date: /home/ubuntu/rj_training_container/training_ws/install/joystick_msgs/local/lib/python3.10/dist-packages/joystick_msgs/msg
[144.237s] -- Up-to-date: /home/ubuntu/rj_training_container/training_ws/install/joystick_msgs/local/lib/python3.10/dist-packages/joystick_msgs/msg/_velocity_pair.py
[144.263s] -- Up-to-date: /home/ubuntu/rj_training_container/training_ws/install/joystick_msgs/local/lib/python3.10/dist-packages/joystick_msgs/msg/_velocity_pair_s.c
[144.292s] -- Up-to-date: /home/ubuntu/rj_training_container/training_ws/install/joystick_msgs/local/lib/python3.10/dist-packages/joystick_msgs/msg/__init__.py
[144.314s] -- Up-to-date: /home/ubuntu/rj_training_container/training_ws/install/joystick_msgs/local/lib/python3.10/dist-packages/joystick_msgs/_joystick_msgs_s.ep.rosidl_typesupport_c.c
[144.336s] -- Up-to-date: /home/ubuntu/rj_training_container/training_ws/install/joystick_msgs/local/lib/python3.10/dist-packages/joystick_msgs/_joystick_msgs_s.ep.rosidl_typesupport_fastrtps_c.c
[144.356s] -- Up-to-date: /home/ubuntu/rj_training_container/training_ws/install/joystick_msgs/local/lib/python3.10/dist-packages/joystick_msgs/_joystick_msgs_s.ep.rosidl_typesupport_introspection_c.c
[144.377s] -- Up-to-date: /home/ubuntu/rj_training_container/training_ws/install/joystick_msgs/local/lib/python3.10/dist-packages/joystick_msgs/__init__.py
[145.690s] Listing '/home/ubuntu/rj_training_container/training_ws/install/joystick_msgs/local/lib/python3.10/dist-packages/joystick_msgs'...
[145.692s] Listing '/home/ubuntu/rj_training_container/training_ws/install/joystick_msgs/local/lib/python3.10/dist-packages/joystick_msgs/msg'...
[145.763s] -- Up-to-date: /home/ubuntu/rj_training_container/training_ws/install/joystick_msgs/local/lib/python3.10/dist-packages/joystick_msgs/joystick_msgs_s__rosidl_typesupport_fastrtps_c.cpython-310-x86_64-linux-gnu.so
[145.886s] -- Up-to-date: /home/ubuntu/rj_training_container/training_ws/install/joystick_msgs/local/lib/python3.10/dist-packages/joystick_msgs/joystick_msgs_s__rosidl_typesupport_introspection_c.cpython-310-x86_64-linux-gnu.so
[146.004s] -- Up-to-date: /home/ubuntu/rj_training_container/training_ws/install/joystick_msgs/local/lib/python3.10/dist-packages/joystick_msgs/joystick_msgs_s__rosidl_typesupport_c.cpython-310-x86_64-linux-gnu.so
[146.101s] -- Up-to-date: /home/ubuntu/rj_training_container/training_ws/install/joystick_msgs/lib/libjoystick_msgs__rosidl_generator_py.so
[146.157s] -- Up-to-date: /home/ubuntu/rj_training_container/training_ws/install/joystick_msgs/share/joystick_msgs/msg/VelocityPair.idl
[146.183s] -- Up-to-date: /home/ubuntu/rj_training_container/training_ws/install/joystick_msgs/share/joystick_msgs/msg/VelocityPair.msg
[146.214s] -- Up-to-date: /home/ubuntu/rj_training_container/training_ws/install/joystick_msgs/share/ament_index/resource_index/package_run_dependencies/joystick_msgs
[146.246s] -- Up-to-date: /home/ubuntu/rj_training_container/training_ws/install/joystick_msgs/share/ament_index/resource_index/parent_prefix_path/joystick_msgs
[146.262s] -- Up-to-date: /home/ubuntu/rj_training_container/training_ws/install/joystick_msgs/share/joystick_msgs/environment/ament_prefix_path.sh
[146.281s] -- Up-to-date: /home/ubuntu/rj_training_container/training_ws/install/joystick_msgs/share/joystick_msgs/environment/ament_prefix_path.dsv
[146.297s] -- Up-to-date: /home/ubuntu/rj_training_container/training_ws/install/joystick_msgs/share/joystick_msgs/environment/path.sh
[146.316s] -- Up-to-date: /home/ubuntu/rj_training_container/training_ws/install/joystick_msgs/share/joystick_msgs/environment/path.dsv
[146.334s] -- Up-to-date: /home/ubuntu/rj_training_container/training_ws/install/joystick_msgs/share/joystick_msgs/local_setup.bash
[146.351s] -- Up-to-date: /home/ubuntu/rj_training_container/training_ws/install/joystick_msgs/share/joystick_msgs/local_setup.sh
[146.368s] -- Up-to-date: /home/ubuntu/rj_training_container/training_ws/install/joystick_msgs/share/joystick_msgs/local_setup.zsh
[146.384s] -- Up-to-date: /home/ubuntu/rj_training_container/training_ws/install/joystick_msgs/share/joystick_msgs/local_setup.dsv
[146.402s] -- Installing: /home/ubuntu/rj_training_container/training_ws/install/joystick_msgs/share/joystick_msgs/package.dsv
[146.478s] -- Up-to-date: /home/ubuntu/rj_training_container/training_ws/install/joystick_msgs/share/ament_index/resource_index/packages/joystick_msgs
[146.543s] -- Up-to-date: /home/ubuntu/rj_training_container/training_ws/install/joystick_msgs/share/joystick_msgs/cmake/export_joystick_msgs__rosidl_generator_cExport.cmake
[146.575s] -- Up-to-date: /home/ubuntu/rj_training_container/training_ws/install/joystick_msgs/share/joystick_msgs/cmake/export_joystick_msgs__rosidl_generator_cExport-noconfig.cmake
[146.628s] -- Up-to-date: /home/ubuntu/rj_training_container/training_ws/install/joystick_msgs/share/joystick_msgs/cmake/export_joystick_msgs__rosidl_typesupport_fastrtps_cExport.cmake
[146.655s] -- Up-to-date: /home/ubuntu/rj_training_container/training_ws/install/joystick_msgs/share/joystick_msgs/cmake/export_joystick_msgs__rosidl_typesupport_fastrtps_cExport-noconfig.cmake
[146.713s] -- Up-to-date: /home/ubuntu/rj_training_container/training_ws/install/joystick_msgs/share/joystick_msgs/cmake/export_joystick_msgs__rosidl_generator_cppExport.cmake
[146.768s] -- Up-to-date: /home/ubuntu/rj_training_container/training_ws/install/joystick_msgs/share/joystick_msgs/cmake/export_joystick_msgs__rosidl_typesupport_fastrtps_cppExport.cmake
[146.794s] -- Up-to-date: /home/ubuntu/rj_training_container/training_ws/install/joystick_msgs/share/joystick_msgs/cmake/export_joystick_msgs__rosidl_typesupport_fastrtps_cppExport-noconfig.cmake
[146.848s] -- Up-to-date: /home/ubuntu/rj_training_container/training_ws/install/joystick_msgs/share/joystick_msgs/cmake/joystick_msgs__rosidl_typesupport_introspection_cExport.cmake
[146.876s] -- Up-to-date: /home/ubuntu/rj_training_container/training_ws/install/joystick_msgs/share/joystick_msgs/cmake/joystick_msgs__rosidl_typesupport_introspection_cExport-noconfig.cmake
[146.928s] -- Up-to-date: /home/ubuntu/rj_training_container/training_ws/install/joystick_msgs/share/joystick_msgs/cmake/joystick_msgs__rosidl_typesupport_cExport.cmake
[146.959s] -- Up-to-date: /home/ubuntu/rj_training_container/training_ws/install/joystick_msgs/share/joystick_msgs/cmake/joystick_msgs__rosidl_typesupport_cExport-noconfig.cmake
[147.013s] -- Up-to-date: /home/ubuntu/rj_training_container/training_ws/install/joystick_msgs/share/joystick_msgs/cmake/joystick_msgs__rosidl_typesupport_introspection_cppExport.cmake
[147.044s] -- Up-to-date: /home/ubuntu/rj_training_container/training_ws/install/joystick_msgs/share/joystick_msgs/cmake/joystick_msgs__rosidl_typesupport_introspection_cppExport-noconfig.cmake
[147.098s] -- Up-to-date: /home/ubuntu/rj_training_container/training_ws/install/joystick_msgs/share/joystick_msgs/cmake/joystick_msgs__rosidl_typesupport_cppExport.cmake
[147.127s] -- Up-to-date: /home/ubuntu/rj_training_container/training_ws/install/joystick_msgs/share/joystick_msgs/cmake/joystick_msgs__rosidl_typesupport_cppExport-noconfig.cmake
[147.184s] -- Up-to-date: /home/ubuntu/rj_training_container/training_ws/install/joystick_msgs/share/joystick_msgs/cmake/export_joystick_msgs__rosidl_generator_pyExport.cmake
[147.214s] -- Up-to-date: /home/ubuntu/rj_training_container/training_ws/install/joystick_msgs/share/joystick_msgs/cmake/export_joystick_msgs__rosidl_generator_pyExport-noconfig.cmake
[147.233s] -- Up-to-date: /home/ubuntu/rj_training_container/training_ws/install/joystick_msgs/share/joystick_msgs/cmake/rosidl_cmake-extras.cmake
[147.254s] -- Up-to-date: /home/ubuntu/rj_training_container/training_ws/install/joystick_msgs/share/joystick_msgs/cmake/ament_cmake_export_dependencies-extras.cmake
[147.273s] -- Up-to-date: /home/ubuntu/rj_training_container/training_ws/install/joystick_msgs/share/joystick_msgs/cmake/ament_cmake_export_include_directories-extras.cmake
[147.294s] -- Up-to-date: /home/ubuntu/rj_training_container/training_ws/install/joystick_msgs/share/joystick_msgs/cmake/ament_cmake_export_libraries-extras.cmake
[147.310s] -- Up-to-date: /home/ubuntu/rj_training_container/training_ws/install/joystick_msgs/share/joystick_msgs/cmake/ament_cmake_export_targets-extras.cmake
[147.330s] -- Up-to-date: /home/ubuntu/rj_training_container/training_ws/install/joystick_msgs/share/joystick_msgs/cmake/rosidl_cmake_export_typesupport_targets-extras.cmake
[147.349s] -- Up-to-date: /home/ubuntu/rj_training_container/training_ws/install/joystick_msgs/share/joystick_msgs/cmake/rosidl_cmake_export_typesupport_libraries-extras.cmake
[147.369s] -- Up-to-date: /home/ubuntu/rj_training_container/training_ws/install/joystick_msgs/share/joystick_msgs/cmake/joystick_msgsConfig.cmake
[147.384s] -- Up-to-date: /home/ubuntu/rj_training_container/training_ws/install/joystick_msgs/share/joystick_msgs/cmake/joystick_msgsConfig-version.cmake
[147.409s] -- Up-to-date: /home/ubuntu/rj_training_container/training_ws/install/joystick_msgs/share/joystick_msgs/package.xml
[147.440s] Invoked command in '/home/ubuntu/rj_training_container/training_ws/build/joystick_msgs' returned '0': CMAKE_PREFIX_PATH=${CMAKE_PREFIX_PATH}:/home/ubuntu/rj_training_container/training_ws/install/keyboard:/opt/ros/humble /usr/bin/cmake --install /home/ubuntu/rj_training_container/training_ws/build/joystick_msgs
