[0.403s] Invoking command in '/home/ubuntu/rj_training_container/training_ws/build/stsl_rviz_plugins': AMENT_PREFIX_PATH=/home/ubuntu/rj_training_container/training_ws/install/stsl_interfaces:${AMENT_PREFIX_PATH} CMAKE_PREFIX_PATH=/home/ubuntu/rj_training_container/training_ws/install/stsl_interfaces:/opt/ros/humble LD_LIBRARY_PATH=/home/ubuntu/rj_training_container/training_ws/install/stsl_interfaces/lib:${LD_LIBRARY_PATH} PYTHONPATH=/home/ubuntu/rj_training_container/training_ws/install/stsl_interfaces/local/lib/python3.10/dist-packages:${PYTHONPATH} /usr/bin/cmake --build /home/ubuntu/rj_training_container/training_ws/build/stsl_rviz_plugins -- -j16 -l16
[1.617s] [ 16%] [34m[1mAutomatic MOC for target stsl_rviz_plugins[0m
[2.429s] [ 16%] Built target stsl_rviz_plugins_autogen
[3.408s] [35m[1mConsolidate compiler generated dependencies of target stsl_rviz_plugins[0m
[6.860s] [100%] Built target stsl_rviz_plugins
[8.250s] Invoked command in '/home/ubuntu/rj_training_container/training_ws/build/stsl_rviz_plugins' returned '0': AMENT_PREFIX_PATH=/home/ubuntu/rj_training_container/training_ws/install/stsl_interfaces:${AMENT_PREFIX_PATH} CMAKE_PREFIX_PATH=/home/ubuntu/rj_training_container/training_ws/install/stsl_interfaces:/opt/ros/humble LD_LIBRARY_PATH=/home/ubuntu/rj_training_container/training_ws/install/stsl_interfaces/lib:${LD_LIBRARY_PATH} PYTHONPATH=/home/ubuntu/rj_training_container/training_ws/install/stsl_interfaces/local/lib/python3.10/dist-packages:${PYTHONPATH} /usr/bin/cmake --build /home/ubuntu/rj_training_container/training_ws/build/stsl_rviz_plugins -- -j16 -l16
[11.532s] Invoking command in '/home/ubuntu/rj_training_container/training_ws/build/stsl_rviz_plugins': AMENT_PREFIX_PATH=/home/ubuntu/rj_training_container/training_ws/install/stsl_interfaces:${AMENT_PREFIX_PATH} CMAKE_PREFIX_PATH=/home/ubuntu/rj_training_container/training_ws/install/stsl_interfaces:/opt/ros/humble LD_LIBRARY_PATH=/home/ubuntu/rj_training_container/training_ws/install/stsl_interfaces/lib:${LD_LIBRARY_PATH} PYTHONPATH=/home/ubuntu/rj_training_container/training_ws/install/stsl_interfaces/local/lib/python3.10/dist-packages:${PYTHONPATH} /usr/bin/cmake --install /home/ubuntu/rj_training_container/training_ws/build/stsl_rviz_plugins
[11.670s] -- Install configuration: ""
[11.740s] -- Up-to-date: /home/ubuntu/rj_training_container/training_ws/install/stsl_rviz_plugins/lib/libstsl_rviz_plugins.so
[11.811s] -- Up-to-date: /home/ubuntu/rj_training_container/training_ws/install/stsl_rviz_plugins/share/stsl_rviz_plugins/plugin_description.xml
[11.844s] -- Up-to-date: /home/ubuntu/rj_training_container/training_ws/install/stsl_rviz_plugins/share/ament_index/resource_index/package_run_dependencies/stsl_rviz_plugins
[11.894s] -- Up-to-date: /home/ubuntu/rj_training_container/training_ws/install/stsl_rviz_plugins/share/ament_index/resource_index/parent_prefix_path/stsl_rviz_plugins
[11.914s] -- Up-to-date: /home/ubuntu/rj_training_container/training_ws/install/stsl_rviz_plugins/share/stsl_rviz_plugins/environment/ament_prefix_path.sh
[11.940s] -- Up-to-date: /home/ubuntu/rj_training_container/training_ws/install/stsl_rviz_plugins/share/stsl_rviz_plugins/environment/ament_prefix_path.dsv
[11.965s] -- Up-to-date: /home/ubuntu/rj_training_container/training_ws/install/stsl_rviz_plugins/share/stsl_rviz_plugins/environment/path.sh
[11.994s] -- Up-to-date: /home/ubuntu/rj_training_container/training_ws/install/stsl_rviz_plugins/share/stsl_rviz_plugins/environment/path.dsv
[12.021s] -- Up-to-date: /home/ubuntu/rj_training_container/training_ws/install/stsl_rviz_plugins/share/stsl_rviz_plugins/local_setup.bash
[12.053s] -- Up-to-date: /home/ubuntu/rj_training_container/training_ws/install/stsl_rviz_plugins/share/stsl_rviz_plugins/local_setup.sh
[12.080s] -- Up-to-date: /home/ubuntu/rj_training_container/training_ws/install/stsl_rviz_plugins/share/stsl_rviz_plugins/local_setup.zsh
[12.105s] -- Up-to-date: /home/ubuntu/rj_training_container/training_ws/install/stsl_rviz_plugins/share/stsl_rviz_plugins/local_setup.dsv
[12.129s] -- Installing: /home/ubuntu/rj_training_container/training_ws/install/stsl_rviz_plugins/share/stsl_rviz_plugins/package.dsv
[12.233s] -- Up-to-date: /home/ubuntu/rj_training_container/training_ws/install/stsl_rviz_plugins/share/ament_index/resource_index/packages/stsl_rviz_plugins
[12.273s] -- Up-to-date: /home/ubuntu/rj_training_container/training_ws/install/stsl_rviz_plugins/share/ament_index/resource_index/rviz_common__pluginlib__plugin/stsl_rviz_plugins
[12.305s] -- Up-to-date: /home/ubuntu/rj_training_container/training_ws/install/stsl_rviz_plugins/share/stsl_rviz_plugins/cmake/stsl_rviz_pluginsConfig.cmake
[12.327s] -- Up-to-date: /home/ubuntu/rj_training_container/training_ws/install/stsl_rviz_plugins/share/stsl_rviz_plugins/cmake/stsl_rviz_pluginsConfig-version.cmake
[12.358s] -- Up-to-date: /home/ubuntu/rj_training_container/training_ws/install/stsl_rviz_plugins/share/stsl_rviz_plugins/package.xml
[13.812s] Invoked command in '/home/ubuntu/rj_training_container/training_ws/build/stsl_rviz_plugins' returned '0': AMENT_PREFIX_PATH=/home/ubuntu/rj_training_container/training_ws/install/stsl_interfaces:${AMENT_PREFIX_PATH} CMAKE_PREFIX_PATH=/home/ubuntu/rj_training_container/training_ws/install/stsl_interfaces:/opt/ros/humble LD_LIBRARY_PATH=/home/ubuntu/rj_training_container/training_ws/install/stsl_interfaces/lib:${LD_LIBRARY_PATH} PYTHONPATH=/home/ubuntu/rj_training_container/training_ws/install/stsl_interfaces/local/lib/python3.10/dist-packages:${PYTHONPATH} /usr/bin/cmake --install /home/ubuntu/rj_training_container/training_ws/build/stsl_rviz_plugins
