[9.198s] Invoking command in '/home/ubuntu/rj_training_container/training_ws/build/teleop': CMAKE_PREFIX_PATH=${CMAKE_PREFIX_PATH}:/home/ubuntu/rj_training_container/training_ws/install/keyboard:/opt/ros/humble /usr/bin/cmake --build /home/ubuntu/rj_training_container/training_ws/build/teleop -- -j16 -l16
[53.137s] -- Found ament_cmake: 1.3.11 (/opt/ros/humble/share/ament_cmake/cmake)
[53.141s] -- Found rclcpp: 16.0.11 (/opt/ros/humble/share/rclcpp/cmake)
[53.145s] -- Found rosidl_generator_c: 3.1.6 (/opt/ros/humble/share/rosidl_generator_c/cmake)
[53.150s] -- Found rosidl_adapter: 3.1.6 (/opt/ros/humble/share/rosidl_adapter/cmake)
[53.154s] -- Found rosidl_generator_cpp: 3.1.6 (/opt/ros/humble/share/rosidl_generator_cpp/cmake)
[53.165s] -- Using all available rosidl_typesupport_c: rosidl_typesupport_fastrtps_c;rosidl_typesupport_introspection_c
[53.169s] -- Using all available rosidl_typesupport_cpp: rosidl_typesupport_fastrtps_cpp;rosidl_typesupport_introspection_cpp
[53.174s] -- Found rmw_implementation_cmake: 6.1.2 (/opt/ros/humble/share/rmw_implementation_cmake/cmake)
[53.178s] -- Found rmw_fastrtps_cpp: 6.2.7 (/opt/ros/humble/share/rmw_fastrtps_cpp/cmake)
[60.860s] -- Using RMW implementation 'rmw_fastrtps_cpp' as default
[60.962s] -- Found rclcpp_components: 16.0.11 (/opt/ros/humble/share/rclcpp_components/cmake)
[61.006s] -- Found geometry_msgs: 4.2.4 (/opt/ros/humble/share/geometry_msgs/cmake)
[61.130s] -- Found ament_lint_auto: 0.12.11 (/opt/ros/humble/share/ament_lint_auto/cmake)
[69.266s] -- Added test 'cppcheck' to perform static code analysis on C / C++ code
[69.270s] -- Configured cppcheck include dirs: /home/ubuntu/rj_training_container/training_ws/src/trainingv2/turtlesim_project/src/teleop/include
[69.274s] -- Configured cppcheck exclude dirs and/or files: 
[69.928s] -- Added test 'lint_cmake' to check CMake code style
[71.902s] -- Added test 'uncrustify' to check C / C++ code style
[71.905s] -- Configured uncrustify additional arguments: 
[72.119s] -- Added test 'xmllint' to check XML markup files
[73.078s] -- Configuring done
[75.765s] -- Generating done
[76.222s] -- Build files have been written to: /home/ubuntu/rj_training_container/training_ws/build/teleop
[95.465s] [35m[1mConsolidate compiler generated dependencies of target teleop[0m
[95.702s] [35m[1mConsolidate compiler generated dependencies of target key_to_twist[0m
[108.446s] [ 25%] [32mBuilding CXX object CMakeFiles/teleop.dir/src/key_to_twist.cpp.o[0m
[109.474s] [ 50%] [32mBuilding CXX object CMakeFiles/key_to_twist.dir/rclcpp_components/node_main_key_to_twist.cpp.o[0m
[120.841s] [01m[K/home/ubuntu/rj_training_container/training_ws/src/trainingv2/turtlesim_project/src/teleop/src/key_to_twist.cpp:[m[K In member function ‘[01m[Kvoid key_to_twist::KeyToTwist::keyPressCallback(const String&)[m[K’:
[120.844s] [01m[K/home/ubuntu/rj_training_container/training_ws/src/trainingv2/turtlesim_project/src/teleop/src/key_to_twist.cpp:18:65:[m[K [01;35m[Kwarning: [m[Kunused parameter ‘[01m[Kmsg[m[K’ [[01;35m[K]8;;https://gcc.gnu.org/onlinedocs/gcc/Warning-Options.html#index-Wunused-parameter-Wunused-parameter]8;;[m[K]
[120.847s]    18 | void KeyToTwist::keyPressCallback([01;35m[Kconst std_msgs::msg::String & msg[m[K)
[120.849s]       |                                   [01;35m[K~~~~~~~~~~~~~~~~~~~~~~~~~~~~~~^~~[m[K
[129.880s] [ 75%] [32m[1mLinking CXX executable key_to_twist[0m
[141.649s] [100%] [32m[1mLinking CXX shared library libteleop.so[0m
[145.705s] [100%] Built target key_to_twist
[166.053s] [100%] Built target teleop
