[0.824s] Invoking command in '/home/ubuntu/rj_training_container/training_ws/build/obstacle_detector': CMAKE_PREFIX_PATH=/opt/ros/humble /usr/bin/cmake /home/ubuntu/rj_training_container/training_ws/src/software-training-old/obstacle_detector -DCMAKE_INSTALL_PREFIX=/home/ubuntu/rj_training_container/training_ws/install/obstacle_detector
[1.549s] -- The C compiler identification is GNU 11.4.0
[2.277s] -- The CXX compiler identification is GNU 11.4.0
[2.481s] -- Detecting C compiler ABI info
[4.522s] -- Detecting C compiler ABI info - done
[4.567s] -- Check for working C compiler: /usr/bin/cc - skipped
[4.570s] -- Detecting C compile features
[4.574s] -- Detecting C compile features - done
[4.783s] -- Detecting CXX compiler ABI info
[6.662s] -- Detecting CXX compiler ABI info - done
[6.748s] -- Check for working CXX compiler: /usr/bin/c++ - skipped
[6.753s] -- Detecting CXX compile features
[6.758s] -- Detecting CXX compile features - done
[6.924s] -- Found ament_cmake: 1.3.10 (/opt/ros/humble/share/ament_cmake/cmake)
[7.214s] -- Found Python3: /usr/bin/python3 (found version "3.10.12") found components: Interpreter 
[7.565s] -- Found rclcpp: 16.0.10 (/opt/ros/humble/share/rclcpp/cmake)
[7.658s] -- Found rosidl_generator_c: 3.1.5 (/opt/ros/humble/share/rosidl_generator_c/cmake)
[7.670s] -- Found rosidl_adapter: 3.1.5 (/opt/ros/humble/share/rosidl_adapter/cmake)
[7.685s] -- Found rosidl_generator_cpp: 3.1.5 (/opt/ros/humble/share/rosidl_generator_cpp/cmake)
[7.708s] -- Using all available rosidl_typesupport_c: rosidl_typesupport_fastrtps_c;rosidl_typesupport_introspection_c
[7.739s] -- Using all available rosidl_typesupport_cpp: rosidl_typesupport_fastrtps_cpp;rosidl_typesupport_introspection_cpp
[7.824s] -- Found rmw_implementation_cmake: 6.1.2 (/opt/ros/humble/share/rmw_implementation_cmake/cmake)
[7.833s] -- Found rmw_fastrtps_cpp: 6.2.7 (/opt/ros/humble/share/rmw_fastrtps_cpp/cmake)
[7.997s] -- Found OpenSSL: /usr/lib/x86_64-linux-gnu/libcrypto.so (found version "3.0.2")  
[8.086s] -- Found FastRTPS: /opt/ros/humble/include  
[8.208s] -- Using RMW implementation 'rmw_fastrtps_cpp' as default
[8.380s] -- Looking for pthread.h
[10.140s] -- Looking for pthread.h - found
[10.188s] -- Performing Test CMAKE_HAVE_LIBC_PTHREAD
[11.785s] -- Performing Test CMAKE_HAVE_LIBC_PTHREAD - Success
[11.808s] -- Found Threads: TRUE  
[11.910s] -- Found rclcpp_components: 16.0.10 (/opt/ros/humble/share/rclcpp_components/cmake)
[11.975s] -- Found image_transport: 3.1.9 (/opt/ros/humble/share/image_transport/cmake)
[12.250s] -- Found cv_bridge: 3.2.1 (/opt/ros/humble/share/cv_bridge/cmake)
[12.253s] -- Found nav_msgs: 4.2.4 (/opt/ros/humble/share/nav_msgs/cmake)
[12.255s] -- Found tf2_ros: 0.25.8 (/opt/ros/humble/share/tf2_ros/cmake)
[12.264s] -- Found tf2_eigen: 0.25.8 (/opt/ros/humble/share/tf2_eigen/cmake)
[12.290s] -- Found OpenCV: /usr (found suitable version "4.5.4", minimum required is "4") 
[12.361s] -- Found ament_lint_auto: 0.12.11 (/opt/ros/humble/share/ament_lint_auto/cmake)
[13.259s] -- Added test 'copyright' to check source files copyright and LICENSE
[13.902s] -- Added test 'cppcheck' to perform static code analysis on C / C++ code
[13.905s] -- Configured cppcheck include dirs: 
[13.908s] -- Configured cppcheck exclude dirs and/or files: 
[14.564s] -- Added test 'cpplint' to check C / C++ code against the Google style
[14.566s] -- Configured cpplint exclude dirs and/or files: 
[14.649s] -- Added test 'flake8' to check Python code syntax and style conventions
[14.815s] -- Added test 'lint_cmake' to check CMake code style
[14.887s] -- Added test 'pep257' to check Python code against some of the docstring style conventions in PEP 257
[15.535s] -- Added test 'uncrustify' to check C / C++ code style
[15.538s] -- Configured uncrustify additional arguments: 
[15.619s] -- Added test 'xmllint' to check XML markup files
[15.903s] -- Configuring done
[16.864s] -- Generating done
[17.041s] -- Build files have been written to: /home/ubuntu/rj_training_container/training_ws/build/obstacle_detector
