[0.781s] Invoking command in '/home/ubuntu/rj_training_container/training_ws/build/localization': CMAKE_PREFIX_PATH=/opt/ros/humble /usr/bin/cmake /home/ubuntu/rj_training_container/training_ws/src/software-training-old/localization -DCMAKE_INSTALL_PREFIX=/home/ubuntu/rj_training_container/training_ws/install/localization
[1.503s] -- The C compiler identification is GNU 11.4.0
[2.238s] -- The CXX compiler identification is GNU 11.4.0
[2.452s] -- Detecting C compiler ABI info
[4.419s] -- Detecting C compiler ABI info - done
[4.562s] -- Check for working C compiler: /usr/bin/cc - skipped
[4.566s] -- Detecting C compile features
[4.570s] -- Detecting C compile features - done
[4.753s] -- Detecting CXX compiler ABI info
[6.622s] -- Detecting CXX compiler ABI info - done
[6.701s] -- Check for working CXX compiler: /usr/bin/c++ - skipped
[6.706s] -- Detecting CXX compile features
[6.710s] -- Detecting CXX compile features - done
[6.896s] -- Found ament_cmake: 1.3.10 (/opt/ros/humble/share/ament_cmake/cmake)
[7.169s] -- Found Python3: /usr/bin/python3 (found version "3.10.12") found components: Interpreter 
[7.494s] -- Found rclcpp: 16.0.10 (/opt/ros/humble/share/rclcpp/cmake)
[7.578s] -- Found rosidl_generator_c: 3.1.5 (/opt/ros/humble/share/rosidl_generator_c/cmake)
[7.593s] -- Found rosidl_adapter: 3.1.5 (/opt/ros/humble/share/rosidl_adapter/cmake)
[7.611s] -- Found rosidl_generator_cpp: 3.1.5 (/opt/ros/humble/share/rosidl_generator_cpp/cmake)
[7.637s] -- Using all available rosidl_typesupport_c: rosidl_typesupport_fastrtps_c;rosidl_typesupport_introspection_c
[7.670s] -- Using all available rosidl_typesupport_cpp: rosidl_typesupport_fastrtps_cpp;rosidl_typesupport_introspection_cpp
[7.758s] -- Found rmw_implementation_cmake: 6.1.2 (/opt/ros/humble/share/rmw_implementation_cmake/cmake)
[7.763s] -- Found rmw_fastrtps_cpp: 6.2.7 (/opt/ros/humble/share/rmw_fastrtps_cpp/cmake)
[7.937s] -- Found OpenSSL: /usr/lib/x86_64-linux-gnu/libcrypto.so (found version "3.0.2")  
[8.025s] -- Found FastRTPS: /opt/ros/humble/include  
[8.147s] -- Using RMW implementation 'rmw_fastrtps_cpp' as default
[8.307s] -- Looking for pthread.h
[10.065s] -- Looking for pthread.h - found
[10.112s] -- Performing Test CMAKE_HAVE_LIBC_PTHREAD
[11.755s] -- Performing Test CMAKE_HAVE_LIBC_PTHREAD - Success
[11.774s] -- Found Threads: TRUE  
[11.891s] -- Found rclcpp_components: 16.0.10 (/opt/ros/humble/share/rclcpp_components/cmake)
[11.993s] [31mCMake Error at CMakeLists.txt:7 (find_package):
[11.994s]   By not providing "Findstsl_interfaces.cmake" in CMAKE_MODULE_PATH this
[11.996s]   project has asked CMake to find a package configuration file provided by
[11.998s]   "stsl_interfaces", but CMake did not find one.
[11.999s] 
[12.001s]   Could not find a package configuration file provided by "stsl_interfaces"
[12.002s]   with any of the following names:
[12.004s] 
[12.005s]     stsl_interfacesConfig.cmake
[12.007s]     stsl_interfaces-config.cmake
[12.009s] 
[12.010s]   Add the installation prefix of "stsl_interfaces" to CMAKE_PREFIX_PATH or
[12.012s]   set "stsl_interfaces_DIR" to a directory containing one of the above files.
[12.014s]   If "stsl_interfaces" provides a separate development package or SDK, be
[12.015s]   sure it has been installed.
[12.017s] 
[12.019s] [0m
[12.022s] -- Configuring incomplete, errors occurred!
[12.023s] See also "/home/ubuntu/rj_training_container/training_ws/build/localization/CMakeFiles/CMakeOutput.log".
[12.133s] Invoked command in '/home/ubuntu/rj_training_container/training_ws/build/localization' returned '1': CMAKE_PREFIX_PATH=/opt/ros/humble /usr/bin/cmake /home/ubuntu/rj_training_container/training_ws/src/software-training-old/localization -DCMAKE_INSTALL_PREFIX=/home/ubuntu/rj_training_container/training_ws/install/localization
