[35m[1mConsolidate compiler generated dependencies of target mapping_node[0m
[35m[1mConsolidate compiler generated dependencies of target mapping[0m
[ 50%] Built target mapping_node
[100%] Built target mapping
-- Install configuration: ""
-- Installing: /home/ubuntu/rj_training_container/training_ws/install/mapping/lib/mapping/mapping_node
-- Set runtime path of "/home/ubuntu/rj_training_container/training_ws/install/mapping/lib/mapping/mapping_node" to ""
-- Installing: /home/ubuntu/rj_training_container/training_ws/install/mapping/lib/libmapping.so
-- Set runtime path of "/home/ubuntu/rj_training_container/training_ws/install/mapping/lib/libmapping.so" to ""
-- Installing: /home/ubuntu/rj_training_container/training_ws/install/mapping/share/mapping/launch
-- Installing: /home/ubuntu/rj_training_container/training_ws/install/mapping/share/mapping/launch/mapping.launch.xml
-- Installing: /home/ubuntu/rj_training_container/training_ws/install/mapping/share/ament_index/resource_index/package_run_dependencies/mapping
-- Installing: /home/ubuntu/rj_training_container/training_ws/install/mapping/share/ament_index/resource_index/parent_prefix_path/mapping
-- Installing: /home/ubuntu/rj_training_container/training_ws/install/mapping/share/mapping/environment/ament_prefix_path.sh
-- Installing: /home/ubuntu/rj_training_container/training_ws/install/mapping/share/mapping/environment/ament_prefix_path.dsv
-- Installing: /home/ubuntu/rj_training_container/training_ws/install/mapping/share/mapping/environment/path.sh
-- Installing: /home/ubuntu/rj_training_container/training_ws/install/mapping/share/mapping/environment/path.dsv
-- Installing: /home/ubuntu/rj_training_container/training_ws/install/mapping/share/mapping/local_setup.bash
-- Installing: /home/ubuntu/rj_training_container/training_ws/install/mapping/share/mapping/local_setup.sh
-- Installing: /home/ubuntu/rj_training_container/training_ws/install/mapping/share/mapping/local_setup.zsh
-- Installing: /home/ubuntu/rj_training_container/training_ws/install/mapping/share/mapping/local_setup.dsv
-- Installing: /home/ubuntu/rj_training_container/training_ws/install/mapping/share/mapping/package.dsv
-- Installing: /home/ubuntu/rj_training_container/training_ws/install/mapping/share/ament_index/resource_index/packages/mapping
-- Installing: /home/ubuntu/rj_training_container/training_ws/install/mapping/share/ament_index/resource_index/rclcpp_components/mapping
-- Installing: /home/ubuntu/rj_training_container/training_ws/install/mapping/share/mapping/cmake/mappingConfig.cmake
-- Installing: /home/ubuntu/rj_training_container/training_ws/install/mapping/share/mapping/cmake/mappingConfig-version.cmake
-- Installing: /home/ubuntu/rj_training_container/training_ws/install/mapping/share/mapping/package.xml
