[35m[1mConsolidate compiler generated dependencies of target HideLightVisualsPlugin[0m
[35m[1mConsolidate compiler generated dependencies of target RosNoisyPlanarOdomPlugin[0m
[35m[1mConsolidate compiler generated dependencies of target RosLightControlPlugin[0m
[ 33%] Built target HideLightVisualsPlugin
[ 66%] Built target RosNoisyPlanarOdomPlugin
[100%] Built target RosLightControlPlugin
-- Install configuration: ""
-- Installing: /home/ubuntu/rj_training_container/training_ws/install/stsl_gazebo_plugins/lib/libRosLightControlPlugin.so
-- Set runtime path of "/home/ubuntu/rj_training_container/training_ws/install/stsl_gazebo_plugins/lib/libRosLightControlPlugin.so" to ""
-- Installing: /home/ubuntu/rj_training_container/training_ws/install/stsl_gazebo_plugins/lib/libRosNoisyPlanarOdomPlugin.so
-- Set runtime path of "/home/ubuntu/rj_training_container/training_ws/install/stsl_gazebo_plugins/lib/libRosNoisyPlanarOdomPlugin.so" to ""
-- Installing: /home/ubuntu/rj_training_container/training_ws/install/stsl_gazebo_plugins/lib/libHideLightVisualsPlugin.so
-- Up-to-date: /home/ubuntu/rj_training_container/training_ws/install/stsl_gazebo_plugins/share/stsl_gazebo_plugins//worlds
-- Up-to-date: /home/ubuntu/rj_training_container/training_ws/install/stsl_gazebo_plugins/share/stsl_gazebo_plugins//worlds/ros_light_control_demo_world.sdf
-- Up-to-date: /home/ubuntu/rj_training_container/training_ws/install/stsl_gazebo_plugins/share/stsl_gazebo_plugins//launch
-- Up-to-date: /home/ubuntu/rj_training_container/training_ws/install/stsl_gazebo_plugins/share/stsl_gazebo_plugins//launch/ros_light_control_demo.launch.py
-- Up-to-date: /home/ubuntu/rj_training_container/training_ws/install/stsl_gazebo_plugins/share/ament_index/resource_index/package_run_dependencies/stsl_gazebo_plugins
-- Installing: /home/ubuntu/rj_training_container/training_ws/install/stsl_gazebo_plugins/share/ament_index/resource_index/parent_prefix_path/stsl_gazebo_plugins
-- Installing: /home/ubuntu/rj_training_container/training_ws/install/stsl_gazebo_plugins/share/stsl_gazebo_plugins/environment/ament_prefix_path.sh
-- Installing: /home/ubuntu/rj_training_container/training_ws/install/stsl_gazebo_plugins/share/stsl_gazebo_plugins/environment/ament_prefix_path.dsv
-- Installing: /home/ubuntu/rj_training_container/training_ws/install/stsl_gazebo_plugins/share/stsl_gazebo_plugins/environment/path.sh
-- Installing: /home/ubuntu/rj_training_container/training_ws/install/stsl_gazebo_plugins/share/stsl_gazebo_plugins/environment/path.dsv
-- Up-to-date: /home/ubuntu/rj_training_container/training_ws/install/stsl_gazebo_plugins/share/stsl_gazebo_plugins/local_setup.bash
-- Up-to-date: /home/ubuntu/rj_training_container/training_ws/install/stsl_gazebo_plugins/share/stsl_gazebo_plugins/local_setup.sh
-- Up-to-date: /home/ubuntu/rj_training_container/training_ws/install/stsl_gazebo_plugins/share/stsl_gazebo_plugins/local_setup.zsh
-- Installing: /home/ubuntu/rj_training_container/training_ws/install/stsl_gazebo_plugins/share/stsl_gazebo_plugins/local_setup.dsv
-- Installing: /home/ubuntu/rj_training_container/training_ws/install/stsl_gazebo_plugins/share/stsl_gazebo_plugins/package.dsv
-- Up-to-date: /home/ubuntu/rj_training_container/training_ws/install/stsl_gazebo_plugins/share/ament_index/resource_index/packages/stsl_gazebo_plugins
-- Up-to-date: /home/ubuntu/rj_training_container/training_ws/install/stsl_gazebo_plugins/share/stsl_gazebo_plugins/cmake/stsl_gazebo_pluginsConfig.cmake
-- Up-to-date: /home/ubuntu/rj_training_container/training_ws/install/stsl_gazebo_plugins/share/stsl_gazebo_plugins/cmake/stsl_gazebo_pluginsConfig-version.cmake
-- Up-to-date: /home/ubuntu/rj_training_container/training_ws/install/stsl_gazebo_plugins/share/stsl_gazebo_plugins/package.xml
