[0.299s] Invoking command in '/home/ubuntu/rj_training_container/training_ws/build/stsl_rviz_plugins': AMENT_PREFIX_PATH=/home/ubuntu/rj_training_container/training_ws/install/stsl_interfaces:${AMENT_PREFIX_PATH} CMAKE_PREFIX_PATH=/home/ubuntu/rj_training_container/training_ws/install/stsl_interfaces:/opt/ros/humble LD_LIBRARY_PATH=/home/ubuntu/rj_training_container/training_ws/install/stsl_interfaces/lib:${LD_LIBRARY_PATH} PYTHONPATH=/home/ubuntu/rj_training_container/training_ws/install/stsl_interfaces/local/lib/python3.10/dist-packages:${PYTHONPATH} /usr/bin/cmake --build /home/ubuntu/rj_training_container/training_ws/build/stsl_rviz_plugins -- -j16 -l16
[1.113s] [ 16%] [34m[1mAutomatic MOC for target stsl_rviz_plugins[0m
[1.491s] [ 16%] Built target stsl_rviz_plugins_autogen
[2.226s] [100%] Built target stsl_rviz_plugins
[2.513s] Invoked command in '/home/ubuntu/rj_training_container/training_ws/build/stsl_rviz_plugins' returned '0': AMENT_PREFIX_PATH=/home/ubuntu/rj_training_container/training_ws/install/stsl_interfaces:${AMENT_PREFIX_PATH} CMAKE_PREFIX_PATH=/home/ubuntu/rj_training_container/training_ws/install/stsl_interfaces:/opt/ros/humble LD_LIBRARY_PATH=/home/ubuntu/rj_training_container/training_ws/install/stsl_interfaces/lib:${LD_LIBRARY_PATH} PYTHONPATH=/home/ubuntu/rj_training_container/training_ws/install/stsl_interfaces/local/lib/python3.10/dist-packages:${PYTHONPATH} /usr/bin/cmake --build /home/ubuntu/rj_training_container/training_ws/build/stsl_rviz_plugins -- -j16 -l16
[2.620s] Invoking command in '/home/ubuntu/rj_training_container/training_ws/build/stsl_rviz_plugins': AMENT_PREFIX_PATH=/home/ubuntu/rj_training_container/training_ws/install/stsl_interfaces:${AMENT_PREFIX_PATH} CMAKE_PREFIX_PATH=/home/ubuntu/rj_training_container/training_ws/install/stsl_interfaces:/opt/ros/humble LD_LIBRARY_PATH=/home/ubuntu/rj_training_container/training_ws/install/stsl_interfaces/lib:${LD_LIBRARY_PATH} PYTHONPATH=/home/ubuntu/rj_training_container/training_ws/install/stsl_interfaces/local/lib/python3.10/dist-packages:${PYTHONPATH} /usr/bin/cmake --install /home/ubuntu/rj_training_container/training_ws/build/stsl_rviz_plugins
[2.754s] -- Install configuration: ""
[2.864s] -- Up-to-date: /home/ubuntu/rj_training_container/training_ws/install/stsl_rviz_plugins/lib/libstsl_rviz_plugins.so
[3.004s] -- Up-to-date: /home/ubuntu/rj_training_container/training_ws/install/stsl_rviz_plugins/share/stsl_rviz_plugins/plugin_description.xml
[3.092s] -- Up-to-date: /home/ubuntu/rj_training_container/training_ws/install/stsl_rviz_plugins/share/ament_index/resource_index/package_run_dependencies/stsl_rviz_plugins
[3.156s] -- Up-to-date: /home/ubuntu/rj_training_container/training_ws/install/stsl_rviz_plugins/share/ament_index/resource_index/parent_prefix_path/stsl_rviz_plugins
[3.189s] -- Up-to-date: /home/ubuntu/rj_training_container/training_ws/install/stsl_rviz_plugins/share/stsl_rviz_plugins/environment/ament_prefix_path.sh
[3.229s] -- Up-to-date: /home/ubuntu/rj_training_container/training_ws/install/stsl_rviz_plugins/share/stsl_rviz_plugins/environment/ament_prefix_path.dsv
[3.255s] -- Up-to-date: /home/ubuntu/rj_training_container/training_ws/install/stsl_rviz_plugins/share/stsl_rviz_plugins/environment/path.sh
[3.287s] -- Up-to-date: /home/ubuntu/rj_training_container/training_ws/install/stsl_rviz_plugins/share/stsl_rviz_plugins/environment/path.dsv
[3.314s] -- Up-to-date: /home/ubuntu/rj_training_container/training_ws/install/stsl_rviz_plugins/share/stsl_rviz_plugins/local_setup.bash
[3.338s] -- Up-to-date: /home/ubuntu/rj_training_container/training_ws/install/stsl_rviz_plugins/share/stsl_rviz_plugins/local_setup.sh
[3.361s] -- Up-to-date: /home/ubuntu/rj_training_container/training_ws/install/stsl_rviz_plugins/share/stsl_rviz_plugins/local_setup.zsh
[3.386s] -- Up-to-date: /home/ubuntu/rj_training_container/training_ws/install/stsl_rviz_plugins/share/stsl_rviz_plugins/local_setup.dsv
[3.409s] -- Installing: /home/ubuntu/rj_training_container/training_ws/install/stsl_rviz_plugins/share/stsl_rviz_plugins/package.dsv
[3.488s] -- Up-to-date: /home/ubuntu/rj_training_container/training_ws/install/stsl_rviz_plugins/share/ament_index/resource_index/packages/stsl_rviz_plugins
[3.525s] -- Up-to-date: /home/ubuntu/rj_training_container/training_ws/install/stsl_rviz_plugins/share/ament_index/resource_index/rviz_common__pluginlib__plugin/stsl_rviz_plugins
[3.545s] -- Up-to-date: /home/ubuntu/rj_training_container/training_ws/install/stsl_rviz_plugins/share/stsl_rviz_plugins/cmake/stsl_rviz_pluginsConfig.cmake
[3.562s] -- Up-to-date: /home/ubuntu/rj_training_container/training_ws/install/stsl_rviz_plugins/share/stsl_rviz_plugins/cmake/stsl_rviz_pluginsConfig-version.cmake
[3.587s] -- Up-to-date: /home/ubuntu/rj_training_container/training_ws/install/stsl_rviz_plugins/share/stsl_rviz_plugins/package.xml
[5.674s] Invoked command in '/home/ubuntu/rj_training_container/training_ws/build/stsl_rviz_plugins' returned '0': AMENT_PREFIX_PATH=/home/ubuntu/rj_training_container/training_ws/install/stsl_interfaces:${AMENT_PREFIX_PATH} CMAKE_PREFIX_PATH=/home/ubuntu/rj_training_container/training_ws/install/stsl_interfaces:/opt/ros/humble LD_LIBRARY_PATH=/home/ubuntu/rj_training_container/training_ws/install/stsl_interfaces/lib:${LD_LIBRARY_PATH} PYTHONPATH=/home/ubuntu/rj_training_container/training_ws/install/stsl_interfaces/local/lib/python3.10/dist-packages:${PYTHONPATH} /usr/bin/cmake --install /home/ubuntu/rj_training_container/training_ws/build/stsl_rviz_plugins
