[0.511s] Invoking command in '/home/ubuntu/rj_training_container/training_ws/build/mission_orchestration': AMENT_PREFIX_PATH=/home/ubuntu/rj_training_container/training_ws/install/stsl_bt_nodes:/home/ubuntu/rj_training_container/training_ws/install/stsl_interfaces:${AMENT_PREFIX_PATH} CMAKE_PREFIX_PATH=/home/ubuntu/rj_training_container/training_ws/install/stsl_bt_nodes:/home/ubuntu/rj_training_container/training_ws/install/stsl_interfaces:/opt/ros/humble LD_LIBRARY_PATH=/home/ubuntu/rj_training_container/training_ws/install/stsl_bt_nodes/lib:/home/ubuntu/rj_training_container/training_ws/install/stsl_interfaces/lib:${LD_LIBRARY_PATH} PYTHONPATH=/home/ubuntu/rj_training_container/training_ws/install/stsl_interfaces/local/lib/python3.10/dist-packages:${PYTHONPATH} /usr/bin/cmake --build /home/ubuntu/rj_training_container/training_ws/build/mission_orchestration -- -j16 -l16
[1.817s] [35m[1mConsolidate compiler generated dependencies of target mission_orchestrator_node[0m
[1.821s] [35m[1mConsolidate compiler generated dependencies of target mission_orchestration_components[0m
[2.927s] [ 40%] Built target mission_orchestrator_node
[3.196s] [100%] Built target mission_orchestration_components
[3.458s] Invoked command in '/home/ubuntu/rj_training_container/training_ws/build/mission_orchestration' returned '0': AMENT_PREFIX_PATH=/home/ubuntu/rj_training_container/training_ws/install/stsl_bt_nodes:/home/ubuntu/rj_training_container/training_ws/install/stsl_interfaces:${AMENT_PREFIX_PATH} CMAKE_PREFIX_PATH=/home/ubuntu/rj_training_container/training_ws/install/stsl_bt_nodes:/home/ubuntu/rj_training_container/training_ws/install/stsl_interfaces:/opt/ros/humble LD_LIBRARY_PATH=/home/ubuntu/rj_training_container/training_ws/install/stsl_bt_nodes/lib:/home/ubuntu/rj_training_container/training_ws/install/stsl_interfaces/lib:${LD_LIBRARY_PATH} PYTHONPATH=/home/ubuntu/rj_training_container/training_ws/install/stsl_interfaces/local/lib/python3.10/dist-packages:${PYTHONPATH} /usr/bin/cmake --build /home/ubuntu/rj_training_container/training_ws/build/mission_orchestration -- -j16 -l16
[3.535s] Invoking command in '/home/ubuntu/rj_training_container/training_ws/build/mission_orchestration': AMENT_PREFIX_PATH=/home/ubuntu/rj_training_container/training_ws/install/stsl_bt_nodes:/home/ubuntu/rj_training_container/training_ws/install/stsl_interfaces:${AMENT_PREFIX_PATH} CMAKE_PREFIX_PATH=/home/ubuntu/rj_training_container/training_ws/install/stsl_bt_nodes:/home/ubuntu/rj_training_container/training_ws/install/stsl_interfaces:/opt/ros/humble LD_LIBRARY_PATH=/home/ubuntu/rj_training_container/training_ws/install/stsl_bt_nodes/lib:/home/ubuntu/rj_training_container/training_ws/install/stsl_interfaces/lib:${LD_LIBRARY_PATH} PYTHONPATH=/home/ubuntu/rj_training_container/training_ws/install/stsl_interfaces/local/lib/python3.10/dist-packages:${PYTHONPATH} /usr/bin/cmake --install /home/ubuntu/rj_training_container/training_ws/build/mission_orchestration
[3.760s] -- Install configuration: ""
[3.832s] -- Up-to-date: /home/ubuntu/rj_training_container/training_ws/install/mission_orchestration/lib/mission_orchestration/mission_orchestrator_node
[3.968s] -- Up-to-date: /home/ubuntu/rj_training_container/training_ws/install/mission_orchestration/lib/libmission_orchestration_components.so
[4.030s] -- Up-to-date: /home/ubuntu/rj_training_container/training_ws/install/mission_orchestration/share/mission_orchestration/behavior_trees
[4.074s] -- Up-to-date: /home/ubuntu/rj_training_container/training_ws/install/mission_orchestration/share/mission_orchestration/behavior_trees/default_mission_tree.xml
[4.105s] -- Up-to-date: /home/ubuntu/rj_training_container/training_ws/install/mission_orchestration/share/mission_orchestration/behavior_trees/mineral_tracking_test_tree.xml
[4.127s] -- Up-to-date: /home/ubuntu/rj_training_container/training_ws/install/mission_orchestration/share/mission_orchestration/launch
[4.168s] -- Up-to-date: /home/ubuntu/rj_training_container/training_ws/install/mission_orchestration/share/mission_orchestration/launch/mission_orchestrator.launch.py
[4.211s] -- Up-to-date: /home/ubuntu/rj_training_container/training_ws/install/mission_orchestration/share/ament_index/resource_index/package_run_dependencies/mission_orchestration
[4.254s] -- Up-to-date: /home/ubuntu/rj_training_container/training_ws/install/mission_orchestration/share/ament_index/resource_index/parent_prefix_path/mission_orchestration
[4.276s] -- Up-to-date: /home/ubuntu/rj_training_container/training_ws/install/mission_orchestration/share/mission_orchestration/environment/ament_prefix_path.sh
[4.315s] -- Up-to-date: /home/ubuntu/rj_training_container/training_ws/install/mission_orchestration/share/mission_orchestration/environment/ament_prefix_path.dsv
[4.348s] -- Up-to-date: /home/ubuntu/rj_training_container/training_ws/install/mission_orchestration/share/mission_orchestration/environment/path.sh
[4.377s] -- Up-to-date: /home/ubuntu/rj_training_container/training_ws/install/mission_orchestration/share/mission_orchestration/environment/path.dsv
[4.403s] -- Up-to-date: /home/ubuntu/rj_training_container/training_ws/install/mission_orchestration/share/mission_orchestration/local_setup.bash
[4.424s] -- Up-to-date: /home/ubuntu/rj_training_container/training_ws/install/mission_orchestration/share/mission_orchestration/local_setup.sh
[4.447s] -- Up-to-date: /home/ubuntu/rj_training_container/training_ws/install/mission_orchestration/share/mission_orchestration/local_setup.zsh
[4.474s] -- Up-to-date: /home/ubuntu/rj_training_container/training_ws/install/mission_orchestration/share/mission_orchestration/local_setup.dsv
[4.499s] -- Installing: /home/ubuntu/rj_training_container/training_ws/install/mission_orchestration/share/mission_orchestration/package.dsv
[4.611s] -- Up-to-date: /home/ubuntu/rj_training_container/training_ws/install/mission_orchestration/share/ament_index/resource_index/packages/mission_orchestration
[4.658s] -- Up-to-date: /home/ubuntu/rj_training_container/training_ws/install/mission_orchestration/share/ament_index/resource_index/rclcpp_components/mission_orchestration
[4.693s] -- Up-to-date: /home/ubuntu/rj_training_container/training_ws/install/mission_orchestration/share/mission_orchestration/cmake/mission_orchestrationConfig.cmake
[4.720s] -- Up-to-date: /home/ubuntu/rj_training_container/training_ws/install/mission_orchestration/share/mission_orchestration/cmake/mission_orchestrationConfig-version.cmake
[4.751s] -- Up-to-date: /home/ubuntu/rj_training_container/training_ws/install/mission_orchestration/share/mission_orchestration/package.xml
[4.766s] Invoked command in '/home/ubuntu/rj_training_container/training_ws/build/mission_orchestration' returned '0': AMENT_PREFIX_PATH=/home/ubuntu/rj_training_container/training_ws/install/stsl_bt_nodes:/home/ubuntu/rj_training_container/training_ws/install/stsl_interfaces:${AMENT_PREFIX_PATH} CMAKE_PREFIX_PATH=/home/ubuntu/rj_training_container/training_ws/install/stsl_bt_nodes:/home/ubuntu/rj_training_container/training_ws/install/stsl_interfaces:/opt/ros/humble LD_LIBRARY_PATH=/home/ubuntu/rj_training_container/training_ws/install/stsl_bt_nodes/lib:/home/ubuntu/rj_training_container/training_ws/install/stsl_interfaces/lib:${LD_LIBRARY_PATH} PYTHONPATH=/home/ubuntu/rj_training_container/training_ws/install/stsl_interfaces/local/lib/python3.10/dist-packages:${PYTHONPATH} /usr/bin/cmake --install /home/ubuntu/rj_training_container/training_ws/build/mission_orchestration
