[7.047s] Invoking command in '/home/ubuntu/rj_training_container/training_ws/build/mapping': CMAKE_PREFIX_PATH=${CMAKE_PREFIX_PATH}:/home/ubuntu/rj_training_container/training_ws/install/keyboard:/opt/ros/humble /usr/bin/cmake --build /home/ubuntu/rj_training_container/training_ws/build/mapping -- -j16 -l16
[41.699s] [ 50%] Built target mapping_node
[42.218s] [100%] Built target mapping
[47.497s] Invoked command in '/home/ubuntu/rj_training_container/training_ws/build/mapping' returned '0': CMAKE_PREFIX_PATH=${CMAKE_PREFIX_PATH}:/home/ubuntu/rj_training_container/training_ws/install/keyboard:/opt/ros/humble /usr/bin/cmake --build /home/ubuntu/rj_training_container/training_ws/build/mapping -- -j16 -l16
[78.242s] Invoking command in '/home/ubuntu/rj_training_container/training_ws/build/mapping': CMAKE_PREFIX_PATH=${CMAKE_PREFIX_PATH}:/home/ubuntu/rj_training_container/training_ws/install/keyboard:/opt/ros/humble /usr/bin/cmake --install /home/ubuntu/rj_training_container/training_ws/build/mapping
[81.379s] -- Install configuration: ""
[81.510s] -- Up-to-date: /home/ubuntu/rj_training_container/training_ws/install/mapping/lib/mapping/mapping_node
[81.757s] -- Up-to-date: /home/ubuntu/rj_training_container/training_ws/install/mapping/lib/libmapping.so
[81.900s] -- Up-to-date: /home/ubuntu/rj_training_container/training_ws/install/mapping/share/mapping/launch
[81.996s] -- Up-to-date: /home/ubuntu/rj_training_container/training_ws/install/mapping/share/mapping/launch/mapping.launch.xml
[82.097s] -- Up-to-date: /home/ubuntu/rj_training_container/training_ws/install/mapping/share/ament_index/resource_index/package_run_dependencies/mapping
[82.205s] -- Up-to-date: /home/ubuntu/rj_training_container/training_ws/install/mapping/share/ament_index/resource_index/parent_prefix_path/mapping
[82.256s] -- Up-to-date: /home/ubuntu/rj_training_container/training_ws/install/mapping/share/mapping/environment/ament_prefix_path.sh
[82.323s] -- Up-to-date: /home/ubuntu/rj_training_container/training_ws/install/mapping/share/mapping/environment/ament_prefix_path.dsv
[82.377s] -- Up-to-date: /home/ubuntu/rj_training_container/training_ws/install/mapping/share/mapping/environment/path.sh
[82.431s] -- Up-to-date: /home/ubuntu/rj_training_container/training_ws/install/mapping/share/mapping/environment/path.dsv
[82.481s] -- Up-to-date: /home/ubuntu/rj_training_container/training_ws/install/mapping/share/mapping/local_setup.bash
[82.532s] -- Up-to-date: /home/ubuntu/rj_training_container/training_ws/install/mapping/share/mapping/local_setup.sh
[82.586s] -- Up-to-date: /home/ubuntu/rj_training_container/training_ws/install/mapping/share/mapping/local_setup.zsh
[82.636s] -- Up-to-date: /home/ubuntu/rj_training_container/training_ws/install/mapping/share/mapping/local_setup.dsv
[82.694s] -- Installing: /home/ubuntu/rj_training_container/training_ws/install/mapping/share/mapping/package.dsv
[82.915s] -- Up-to-date: /home/ubuntu/rj_training_container/training_ws/install/mapping/share/ament_index/resource_index/packages/mapping
[83.009s] -- Up-to-date: /home/ubuntu/rj_training_container/training_ws/install/mapping/share/ament_index/resource_index/rclcpp_components/mapping
[83.070s] -- Up-to-date: /home/ubuntu/rj_training_container/training_ws/install/mapping/share/mapping/cmake/mappingConfig.cmake
[83.116s] -- Up-to-date: /home/ubuntu/rj_training_container/training_ws/install/mapping/share/mapping/cmake/mappingConfig-version.cmake
[83.183s] -- Up-to-date: /home/ubuntu/rj_training_container/training_ws/install/mapping/share/mapping/package.xml
[84.187s] Invoked command in '/home/ubuntu/rj_training_container/training_ws/build/mapping' returned '0': CMAKE_PREFIX_PATH=${CMAKE_PREFIX_PATH}:/home/ubuntu/rj_training_container/training_ws/install/keyboard:/opt/ros/humble /usr/bin/cmake --install /home/ubuntu/rj_training_container/training_ws/build/mapping
