[0.358s] Invoking command in '/home/ubuntu/rj_training_container/training_ws/build/mineral_deposit_detection': AMENT_PREFIX_PATH=/home/ubuntu/rj_training_container/training_ws/install/stsl_interfaces:${AMENT_PREFIX_PATH} CMAKE_PREFIX_PATH=/home/ubuntu/rj_training_container/training_ws/install/stsl_interfaces:/opt/ros/humble LD_LIBRARY_PATH=/home/ubuntu/rj_training_container/training_ws/install/stsl_interfaces/lib:${LD_LIBRARY_PATH} PYTHONPATH=/home/ubuntu/rj_training_container/training_ws/install/stsl_interfaces/local/lib/python3.10/dist-packages:${PYTHONPATH} /usr/bin/cmake --build /home/ubuntu/rj_training_container/training_ws/build/mineral_deposit_detection -- -j16 -l16
[1.243s] [35m[1mConsolidate compiler generated dependencies of target mineral_deposit_detector[0m
[1.248s] [35m[1mConsolidate compiler generated dependencies of target mineral_deposit_detection[0m
[3.756s] [ 50%] Built target mineral_deposit_detector
[4.255s] [100%] Built target mineral_deposit_detection
[4.476s] Invoked command in '/home/ubuntu/rj_training_container/training_ws/build/mineral_deposit_detection' returned '0': AMENT_PREFIX_PATH=/home/ubuntu/rj_training_container/training_ws/install/stsl_interfaces:${AMENT_PREFIX_PATH} CMAKE_PREFIX_PATH=/home/ubuntu/rj_training_container/training_ws/install/stsl_interfaces:/opt/ros/humble LD_LIBRARY_PATH=/home/ubuntu/rj_training_container/training_ws/install/stsl_interfaces/lib:${LD_LIBRARY_PATH} PYTHONPATH=/home/ubuntu/rj_training_container/training_ws/install/stsl_interfaces/local/lib/python3.10/dist-packages:${PYTHONPATH} /usr/bin/cmake --build /home/ubuntu/rj_training_container/training_ws/build/mineral_deposit_detection -- -j16 -l16
[4.632s] Invoking command in '/home/ubuntu/rj_training_container/training_ws/build/mineral_deposit_detection': AMENT_PREFIX_PATH=/home/ubuntu/rj_training_container/training_ws/install/stsl_interfaces:${AMENT_PREFIX_PATH} CMAKE_PREFIX_PATH=/home/ubuntu/rj_training_container/training_ws/install/stsl_interfaces:/opt/ros/humble LD_LIBRARY_PATH=/home/ubuntu/rj_training_container/training_ws/install/stsl_interfaces/lib:${LD_LIBRARY_PATH} PYTHONPATH=/home/ubuntu/rj_training_container/training_ws/install/stsl_interfaces/local/lib/python3.10/dist-packages:${PYTHONPATH} /usr/bin/cmake --install /home/ubuntu/rj_training_container/training_ws/build/mineral_deposit_detection
[4.726s] -- Install configuration: ""
[4.892s] -- Up-to-date: /home/ubuntu/rj_training_container/training_ws/install/mineral_deposit_detection/lib/mineral_deposit_detection/mineral_deposit_detector
[5.198s] -- Up-to-date: /home/ubuntu/rj_training_container/training_ws/install/mineral_deposit_detection/lib/libmineral_deposit_detection.so
[5.396s] -- Up-to-date: /home/ubuntu/rj_training_container/training_ws/install/mineral_deposit_detection/share/ament_index/resource_index/package_run_dependencies/mineral_deposit_detection
[5.500s] -- Up-to-date: /home/ubuntu/rj_training_container/training_ws/install/mineral_deposit_detection/share/ament_index/resource_index/parent_prefix_path/mineral_deposit_detection
[5.550s] -- Up-to-date: /home/ubuntu/rj_training_container/training_ws/install/mineral_deposit_detection/share/mineral_deposit_detection/environment/ament_prefix_path.sh
[5.612s] -- Up-to-date: /home/ubuntu/rj_training_container/training_ws/install/mineral_deposit_detection/share/mineral_deposit_detection/environment/ament_prefix_path.dsv
[5.658s] -- Up-to-date: /home/ubuntu/rj_training_container/training_ws/install/mineral_deposit_detection/share/mineral_deposit_detection/environment/path.sh
[5.726s] -- Up-to-date: /home/ubuntu/rj_training_container/training_ws/install/mineral_deposit_detection/share/mineral_deposit_detection/environment/path.dsv
[5.786s] -- Up-to-date: /home/ubuntu/rj_training_container/training_ws/install/mineral_deposit_detection/share/mineral_deposit_detection/local_setup.bash
[5.841s] -- Up-to-date: /home/ubuntu/rj_training_container/training_ws/install/mineral_deposit_detection/share/mineral_deposit_detection/local_setup.sh
[5.905s] -- Up-to-date: /home/ubuntu/rj_training_container/training_ws/install/mineral_deposit_detection/share/mineral_deposit_detection/local_setup.zsh
[5.960s] -- Up-to-date: /home/ubuntu/rj_training_container/training_ws/install/mineral_deposit_detection/share/mineral_deposit_detection/local_setup.dsv
[6.016s] -- Installing: /home/ubuntu/rj_training_container/training_ws/install/mineral_deposit_detection/share/mineral_deposit_detection/package.dsv
[6.266s] -- Up-to-date: /home/ubuntu/rj_training_container/training_ws/install/mineral_deposit_detection/share/ament_index/resource_index/packages/mineral_deposit_detection
[6.386s] -- Up-to-date: /home/ubuntu/rj_training_container/training_ws/install/mineral_deposit_detection/share/ament_index/resource_index/rclcpp_components/mineral_deposit_detection
[6.465s] -- Up-to-date: /home/ubuntu/rj_training_container/training_ws/install/mineral_deposit_detection/share/mineral_deposit_detection/cmake/mineral_deposit_detectionConfig.cmake
[6.524s] -- Up-to-date: /home/ubuntu/rj_training_container/training_ws/install/mineral_deposit_detection/share/mineral_deposit_detection/cmake/mineral_deposit_detectionConfig-version.cmake
[6.601s] -- Up-to-date: /home/ubuntu/rj_training_container/training_ws/install/mineral_deposit_detection/share/mineral_deposit_detection/package.xml
[6.627s] Invoked command in '/home/ubuntu/rj_training_container/training_ws/build/mineral_deposit_detection' returned '0': AMENT_PREFIX_PATH=/home/ubuntu/rj_training_container/training_ws/install/stsl_interfaces:${AMENT_PREFIX_PATH} CMAKE_PREFIX_PATH=/home/ubuntu/rj_training_container/training_ws/install/stsl_interfaces:/opt/ros/humble LD_LIBRARY_PATH=/home/ubuntu/rj_training_container/training_ws/install/stsl_interfaces/lib:${LD_LIBRARY_PATH} PYTHONPATH=/home/ubuntu/rj_training_container/training_ws/install/stsl_interfaces/local/lib/python3.10/dist-packages:${PYTHONPATH} /usr/bin/cmake --install /home/ubuntu/rj_training_container/training_ws/build/mineral_deposit_detection
