[9.610s] Invoking command in '/home/ubuntu/rj_training_container/training_ws/build/rj_training_bringup': CMAKE_PREFIX_PATH=${CMAKE_PREFIX_PATH}:/home/ubuntu/rj_training_container/training_ws/install/keyboard:/opt/ros/humble /usr/bin/cmake --build /home/ubuntu/rj_training_container/training_ws/build/rj_training_bringup -- -j16 -l16
[50.775s] Invoked command in '/home/ubuntu/rj_training_container/training_ws/build/rj_training_bringup' returned '0': CMAKE_PREFIX_PATH=${CMAKE_PREFIX_PATH}:/home/ubuntu/rj_training_container/training_ws/install/keyboard:/opt/ros/humble /usr/bin/cmake --build /home/ubuntu/rj_training_container/training_ws/build/rj_training_bringup -- -j16 -l16
[95.406s] Invoking command in '/home/ubuntu/rj_training_container/training_ws/build/rj_training_bringup': CMAKE_PREFIX_PATH=${CMAKE_PREFIX_PATH}:/home/ubuntu/rj_training_container/training_ws/install/keyboard:/opt/ros/humble /usr/bin/cmake --install /home/ubuntu/rj_training_container/training_ws/build/rj_training_bringup
[101.380s] -- Install configuration: ""
[101.448s] -- Up-to-date: /home/ubuntu/rj_training_container/training_ws/install/rj_training_bringup/share/rj_training_bringup/behavior_trees
[101.627s] -- Up-to-date: /home/ubuntu/rj_training_container/training_ws/install/rj_training_bringup/share/rj_training_bringup/behavior_trees/navigate.xml
[101.761s] -- Up-to-date: /home/ubuntu/rj_training_container/training_ws/install/rj_training_bringup/share/rj_training_bringup/behavior_trees/navigate_w_replanning.xml
[101.851s] -- Up-to-date: /home/ubuntu/rj_training_container/training_ws/install/rj_training_bringup/share/rj_training_bringup/config
[102.020s] -- Up-to-date: /home/ubuntu/rj_training_container/training_ws/install/rj_training_bringup/share/rj_training_bringup/config/aruco_tag_visualization_params.yaml
[102.154s] -- Up-to-date: /home/ubuntu/rj_training_container/training_ws/install/rj_training_bringup/share/rj_training_bringup/config/nav_params.yaml
[102.296s] -- Up-to-date: /home/ubuntu/rj_training_container/training_ws/install/rj_training_bringup/share/rj_training_bringup/config/nav_params_final_challenge.yaml
[102.431s] -- Up-to-date: /home/ubuntu/rj_training_container/training_ws/install/rj_training_bringup/share/rj_training_bringup/config/nav_params_week_7.yaml
[102.566s] -- Up-to-date: /home/ubuntu/rj_training_container/training_ws/install/rj_training_bringup/share/rj_training_bringup/config/nav_params_week_8.yaml
[102.656s] -- Up-to-date: /home/ubuntu/rj_training_container/training_ws/install/rj_training_bringup/share/rj_training_bringup/launch
[102.832s] -- Up-to-date: /home/ubuntu/rj_training_container/training_ws/install/rj_training_bringup/share/rj_training_bringup/launch/empty_map_server.launch.py
[102.967s] -- Up-to-date: /home/ubuntu/rj_training_container/training_ws/install/rj_training_bringup/share/rj_training_bringup/launch/fake_localizer.launch.py
[103.101s] -- Up-to-date: /home/ubuntu/rj_training_container/training_ws/install/rj_training_bringup/share/rj_training_bringup/launch/full_game_stack.launch.xml
[103.239s] -- Up-to-date: /home/ubuntu/rj_training_container/training_ws/install/rj_training_bringup/share/rj_training_bringup/launch/mineral_deposit_tracker.launch.py
[103.373s] -- Up-to-date: /home/ubuntu/rj_training_container/training_ws/install/rj_training_bringup/share/rj_training_bringup/launch/navigation.launch.py
[103.480s] -- Up-to-date: /home/ubuntu/rj_training_container/training_ws/install/rj_training_bringup/share/rj_training_bringup/launch/projects
[103.685s] -- Up-to-date: /home/ubuntu/rj_training_container/training_ws/install/rj_training_bringup/share/rj_training_bringup/launch/projects/week_1.launch.xml
[103.851s] -- Up-to-date: /home/ubuntu/rj_training_container/training_ws/install/rj_training_bringup/share/rj_training_bringup/launch/projects/week_2.launch.xml
[104.010s] -- Up-to-date: /home/ubuntu/rj_training_container/training_ws/install/rj_training_bringup/share/rj_training_bringup/launch/projects/week_3.launch.xml
[104.168s] -- Up-to-date: /home/ubuntu/rj_training_container/training_ws/install/rj_training_bringup/share/rj_training_bringup/launch/projects/week_4.launch.xml
[104.329s] -- Up-to-date: /home/ubuntu/rj_training_container/training_ws/install/rj_training_bringup/share/rj_training_bringup/launch/projects/week_5.launch.xml
[104.492s] -- Up-to-date: /home/ubuntu/rj_training_container/training_ws/install/rj_training_bringup/share/rj_training_bringup/launch/projects/week_6.launch.xml
[104.650s] -- Up-to-date: /home/ubuntu/rj_training_container/training_ws/install/rj_training_bringup/share/rj_training_bringup/launch/projects/week_7.launch.xml
[104.807s] -- Up-to-date: /home/ubuntu/rj_training_container/training_ws/install/rj_training_bringup/share/rj_training_bringup/launch/projects/week_8.launch.xml
[104.901s] -- Up-to-date: /home/ubuntu/rj_training_container/training_ws/install/rj_training_bringup/share/rj_training_bringup/maps
[105.079s] -- Up-to-date: /home/ubuntu/rj_training_container/training_ws/install/rj_training_bringup/share/rj_training_bringup/maps/empty_map.png
[105.218s] -- Up-to-date: /home/ubuntu/rj_training_container/training_ws/install/rj_training_bringup/share/rj_training_bringup/maps/empty_map.yaml
[105.310s] -- Up-to-date: /home/ubuntu/rj_training_container/training_ws/install/rj_training_bringup/share/rj_training_bringup/mineral_sample_sets
[105.488s] -- Up-to-date: /home/ubuntu/rj_training_container/training_ws/install/rj_training_bringup/share/rj_training_bringup/mineral_sample_sets/default.yaml
[105.584s] -- Up-to-date: /home/ubuntu/rj_training_container/training_ws/install/rj_training_bringup/share/rj_training_bringup/rviz_config
[105.763s] -- Up-to-date: /home/ubuntu/rj_training_container/training_ws/install/rj_training_bringup/share/rj_training_bringup/rviz_config/color_detection.rviz
[105.905s] -- Up-to-date: /home/ubuntu/rj_training_container/training_ws/install/rj_training_bringup/share/rj_training_bringup/rviz_config/final_challenge.rviz
[106.036s] -- Up-to-date: /home/ubuntu/rj_training_container/training_ws/install/rj_training_bringup/share/rj_training_bringup/rviz_config/week_1.rviz
[106.166s] -- Up-to-date: /home/ubuntu/rj_training_container/training_ws/install/rj_training_bringup/share/rj_training_bringup/rviz_config/week_3.rviz
[106.291s] -- Up-to-date: /home/ubuntu/rj_training_container/training_ws/install/rj_training_bringup/share/rj_training_bringup/rviz_config/week_4.rviz
[106.423s] -- Up-to-date: /home/ubuntu/rj_training_container/training_ws/install/rj_training_bringup/share/rj_training_bringup/rviz_config/week_5.rviz
[106.558s] -- Up-to-date: /home/ubuntu/rj_training_container/training_ws/install/rj_training_bringup/share/rj_training_bringup/rviz_config/week_6.rviz
[106.697s] -- Up-to-date: /home/ubuntu/rj_training_container/training_ws/install/rj_training_bringup/share/rj_training_bringup/rviz_config/week_7.rviz
[106.834s] -- Up-to-date: /home/ubuntu/rj_training_container/training_ws/install/rj_training_bringup/share/rj_training_bringup/rviz_config/week_8.rviz
[107.022s] -- Up-to-date: /home/ubuntu/rj_training_container/training_ws/install/rj_training_bringup/share/ament_index/resource_index/package_run_dependencies/rj_training_bringup
[107.217s] -- Up-to-date: /home/ubuntu/rj_training_container/training_ws/install/rj_training_bringup/share/ament_index/resource_index/parent_prefix_path/rj_training_bringup
[107.315s] -- Up-to-date: /home/ubuntu/rj_training_container/training_ws/install/rj_training_bringup/share/rj_training_bringup/environment/ament_prefix_path.sh
[107.434s] -- Up-to-date: /home/ubuntu/rj_training_container/training_ws/install/rj_training_bringup/share/rj_training_bringup/environment/ament_prefix_path.dsv
[107.519s] -- Up-to-date: /home/ubuntu/rj_training_container/training_ws/install/rj_training_bringup/share/rj_training_bringup/environment/path.sh
[107.639s] -- Up-to-date: /home/ubuntu/rj_training_container/training_ws/install/rj_training_bringup/share/rj_training_bringup/environment/path.dsv
[107.747s] -- Up-to-date: /home/ubuntu/rj_training_container/training_ws/install/rj_training_bringup/share/rj_training_bringup/local_setup.bash
[107.846s] -- Up-to-date: /home/ubuntu/rj_training_container/training_ws/install/rj_training_bringup/share/rj_training_bringup/local_setup.sh
[107.945s] -- Up-to-date: /home/ubuntu/rj_training_container/training_ws/install/rj_training_bringup/share/rj_training_bringup/local_setup.zsh
[108.047s] -- Up-to-date: /home/ubuntu/rj_training_container/training_ws/install/rj_training_bringup/share/rj_training_bringup/local_setup.dsv
[108.152s] -- Installing: /home/ubuntu/rj_training_container/training_ws/install/rj_training_bringup/share/rj_training_bringup/package.dsv
[108.552s] -- Up-to-date: /home/ubuntu/rj_training_container/training_ws/install/rj_training_bringup/share/ament_index/resource_index/packages/rj_training_bringup
[108.668s] -- Up-to-date: /home/ubuntu/rj_training_container/training_ws/install/rj_training_bringup/share/rj_training_bringup/cmake/rj_training_bringupConfig.cmake
[108.758s] -- Up-to-date: /home/ubuntu/rj_training_container/training_ws/install/rj_training_bringup/share/rj_training_bringup/cmake/rj_training_bringupConfig-version.cmake
[108.886s] -- Up-to-date: /home/ubuntu/rj_training_container/training_ws/install/rj_training_bringup/share/rj_training_bringup/package.xml
[108.930s] Invoked command in '/home/ubuntu/rj_training_container/training_ws/build/rj_training_bringup' returned '0': CMAKE_PREFIX_PATH=${CMAKE_PREFIX_PATH}:/home/ubuntu/rj_training_container/training_ws/install/keyboard:/opt/ros/humble /usr/bin/cmake --install /home/ubuntu/rj_training_container/training_ws/build/rj_training_bringup
