[4.835s] Invoking command in '/home/ubuntu/rj_training_container/training_ws/build/traini_description': CMAKE_PREFIX_PATH=${CMAKE_PREFIX_PATH}:/home/ubuntu/rj_training_container/training_ws/install/keyboard:/opt/ros/humble /usr/bin/cmake --build /home/ubuntu/rj_training_container/training_ws/build/traini_description -- -j16 -l16
[32.976s] [100%] Built target traini_description_urdf_generation
[37.696s] Invoked command in '/home/ubuntu/rj_training_container/training_ws/build/traini_description' returned '0': CMAKE_PREFIX_PATH=${CMAKE_PREFIX_PATH}:/home/ubuntu/rj_training_container/training_ws/install/keyboard:/opt/ros/humble /usr/bin/cmake --build /home/ubuntu/rj_training_container/training_ws/build/traini_description -- -j16 -l16
[65.174s] Invoking command in '/home/ubuntu/rj_training_container/training_ws/build/traini_description': CMAKE_PREFIX_PATH=${CMAKE_PREFIX_PATH}:/home/ubuntu/rj_training_container/training_ws/install/keyboard:/opt/ros/humble /usr/bin/cmake --install /home/ubuntu/rj_training_container/training_ws/build/traini_description
[68.934s] -- Install configuration: ""
[68.982s] -- Up-to-date: /home/ubuntu/rj_training_container/training_ws/install/traini_description/share/traini_description/urdf/traini.urdf
[69.032s] -- Up-to-date: /home/ubuntu/rj_training_container/training_ws/install/traini_description/share/traini_description/launch
[69.131s] -- Up-to-date: /home/ubuntu/rj_training_container/training_ws/install/traini_description/share/traini_description/launch/display.launch.py
[69.201s] -- Up-to-date: /home/ubuntu/rj_training_container/training_ws/install/traini_description/share/traini_description/launch/robot_state_publisher.launch.py
[69.248s] -- Up-to-date: /home/ubuntu/rj_training_container/training_ws/install/traini_description/share/traini_description/urdf
[69.341s] -- Up-to-date: /home/ubuntu/rj_training_container/training_ws/install/traini_description/share/traini_description/urdf/traini.urdf.xacro
[69.388s] -- Up-to-date: /home/ubuntu/rj_training_container/training_ws/install/traini_description/share/traini_description/rviz
[69.489s] -- Up-to-date: /home/ubuntu/rj_training_container/training_ws/install/traini_description/share/traini_description/rviz/urdf.rviz
[69.540s] -- Up-to-date: /home/ubuntu/rj_training_container/training_ws/install/traini_description/share/traini_description/meshes
[69.635s] -- Up-to-date: /home/ubuntu/rj_training_container/training_ws/install/traini_description/share/traini_description/meshes/Trainiii.dae
[69.742s] -- Up-to-date: /home/ubuntu/rj_training_container/training_ws/install/traini_description/share/ament_index/resource_index/package_run_dependencies/traini_description
[69.856s] -- Up-to-date: /home/ubuntu/rj_training_container/training_ws/install/traini_description/share/ament_index/resource_index/parent_prefix_path/traini_description
[69.905s] -- Up-to-date: /home/ubuntu/rj_training_container/training_ws/install/traini_description/share/traini_description/environment/ament_prefix_path.sh
[69.975s] -- Up-to-date: /home/ubuntu/rj_training_container/training_ws/install/traini_description/share/traini_description/environment/ament_prefix_path.dsv
[70.022s] -- Up-to-date: /home/ubuntu/rj_training_container/training_ws/install/traini_description/share/traini_description/environment/path.sh
[70.088s] -- Up-to-date: /home/ubuntu/rj_training_container/training_ws/install/traini_description/share/traini_description/environment/path.dsv
[70.149s] -- Up-to-date: /home/ubuntu/rj_training_container/training_ws/install/traini_description/share/traini_description/local_setup.bash
[70.207s] -- Up-to-date: /home/ubuntu/rj_training_container/training_ws/install/traini_description/share/traini_description/local_setup.sh
[70.264s] -- Up-to-date: /home/ubuntu/rj_training_container/training_ws/install/traini_description/share/traini_description/local_setup.zsh
[70.323s] -- Up-to-date: /home/ubuntu/rj_training_container/training_ws/install/traini_description/share/traini_description/local_setup.dsv
[70.383s] -- Installing: /home/ubuntu/rj_training_container/training_ws/install/traini_description/share/traini_description/package.dsv
[70.626s] -- Up-to-date: /home/ubuntu/rj_training_container/training_ws/install/traini_description/share/ament_index/resource_index/packages/traini_description
[70.699s] -- Up-to-date: /home/ubuntu/rj_training_container/training_ws/install/traini_description/share/traini_description/cmake/traini_descriptionConfig.cmake
[70.758s] -- Up-to-date: /home/ubuntu/rj_training_container/training_ws/install/traini_description/share/traini_description/cmake/traini_descriptionConfig-version.cmake
[70.834s] -- Up-to-date: /home/ubuntu/rj_training_container/training_ws/install/traini_description/share/traini_description/package.xml
[70.869s] Invoked command in '/home/ubuntu/rj_training_container/training_ws/build/traini_description' returned '0': CMAKE_PREFIX_PATH=${CMAKE_PREFIX_PATH}:/home/ubuntu/rj_training_container/training_ws/install/keyboard:/opt/ros/humble /usr/bin/cmake --install /home/ubuntu/rj_training_container/training_ws/build/traini_description
