[0.722s] Invoking command in '/home/ubuntu/rj_training_container/build/obstacle_detector': CMAKE_PREFIX_PATH=/opt/ros/humble /usr/bin/cmake /home/ubuntu/rj_training_container/training_ws/src/software-training-old/obstacle_detector -DCMAKE_INSTALL_PREFIX=/home/ubuntu/rj_training_container/install/obstacle_detector
[1.383s] -- The C compiler identification is GNU 11.4.0
[2.014s] -- The CXX compiler identification is GNU 11.4.0
[2.184s] -- Detecting C compiler ABI info
[3.858s] -- Detecting C compiler ABI info - done
[3.933s] -- Check for working C compiler: /usr/bin/cc - skipped
[3.936s] -- Detecting C compile features
[3.939s] -- Detecting C compile features - done
[4.102s] -- Detecting CXX compiler ABI info
[5.579s] -- Detecting CXX compiler ABI info - done
[5.649s] -- Check for working CXX compiler: /usr/bin/c++ - skipped
[5.651s] -- Detecting CXX compile features
[5.655s] -- Detecting CXX compile features - done
[5.806s] -- Found ament_cmake: 1.3.10 (/opt/ros/humble/share/ament_cmake/cmake)
[6.082s] -- Found Python3: /usr/bin/python3 (found version "3.10.12") found components: Interpreter 
[6.435s] -- Found rclcpp: 16.0.10 (/opt/ros/humble/share/rclcpp/cmake)
[6.490s] -- Found rosidl_generator_c: 3.1.5 (/opt/ros/humble/share/rosidl_generator_c/cmake)
[6.497s] -- Found rosidl_adapter: 3.1.5 (/opt/ros/humble/share/rosidl_adapter/cmake)
[6.508s] -- Found rosidl_generator_cpp: 3.1.5 (/opt/ros/humble/share/rosidl_generator_cpp/cmake)
[6.524s] -- Using all available rosidl_typesupport_c: rosidl_typesupport_fastrtps_c;rosidl_typesupport_introspection_c
[6.548s] -- Using all available rosidl_typesupport_cpp: rosidl_typesupport_fastrtps_cpp;rosidl_typesupport_introspection_cpp
[6.618s] -- Found rmw_implementation_cmake: 6.1.2 (/opt/ros/humble/share/rmw_implementation_cmake/cmake)
[6.623s] -- Found rmw_fastrtps_cpp: 6.2.7 (/opt/ros/humble/share/rmw_fastrtps_cpp/cmake)
[6.762s] -- Found OpenSSL: /usr/lib/x86_64-linux-gnu/libcrypto.so (found version "3.0.2")  
[6.840s] -- Found FastRTPS: /opt/ros/humble/include  
[6.940s] -- Using RMW implementation 'rmw_fastrtps_cpp' as default
[7.090s] -- Looking for pthread.h
[8.653s] -- Looking for pthread.h - found
[8.689s] -- Performing Test CMAKE_HAVE_LIBC_PTHREAD
[10.083s] -- Performing Test CMAKE_HAVE_LIBC_PTHREAD - Success
[10.100s] -- Found Threads: TRUE  
[10.192s] -- Found rclcpp_components: 16.0.10 (/opt/ros/humble/share/rclcpp_components/cmake)
[10.249s] -- Found image_transport: 3.1.9 (/opt/ros/humble/share/image_transport/cmake)
[10.358s] -- Found cv_bridge: 3.2.1 (/opt/ros/humble/share/cv_bridge/cmake)
[10.379s] -- Found nav_msgs: 4.2.4 (/opt/ros/humble/share/nav_msgs/cmake)
[10.407s] -- Found tf2_ros: 0.25.8 (/opt/ros/humble/share/tf2_ros/cmake)
[10.503s] -- Found tf2_eigen: 0.25.8 (/opt/ros/humble/share/tf2_eigen/cmake)
[10.525s] -- Found OpenCV: /usr (found suitable version "4.5.4", minimum required is "4") 
[10.631s] -- Found ament_lint_auto: 0.12.11 (/opt/ros/humble/share/ament_lint_auto/cmake)
[11.516s] -- Added test 'copyright' to check source files copyright and LICENSE
[12.281s] -- Added test 'cppcheck' to perform static code analysis on C / C++ code
[12.283s] -- Configured cppcheck include dirs: 
[12.285s] -- Configured cppcheck exclude dirs and/or files: 
[13.093s] -- Added test 'cpplint' to check C / C++ code against the Google style
[13.095s] -- Configured cpplint exclude dirs and/or files: 
[13.306s] -- Added test 'flake8' to check Python code syntax and style conventions
[13.400s] -- Added test 'lint_cmake' to check CMake code style
[13.486s] -- Added test 'pep257' to check Python code against some of the docstring style conventions in PEP 257
[14.232s] -- Added test 'uncrustify' to check C / C++ code style
[14.235s] -- Configured uncrustify additional arguments: 
[14.331s] -- Added test 'xmllint' to check XML markup files
[14.666s] -- Configuring done
[15.774s] -- Generating done
[15.976s] -- Build files have been written to: /home/ubuntu/rj_training_container/build/obstacle_detector
