[18.157s] Invoking command in '/home/ubuntu/rj_training_container/training_ws/src/trainingv2/turtlesim_project/src/keyboard': PYTHONPATH=/home/ubuntu/rj_training_container/training_ws/build/keyboard/prefix_override:/usr/lib/python3/dist-packages/colcon_core/task/python/colcon_distutils_commands:/home/ubuntu/rj_training_container/training_ws/install/keyboard/lib/python3.10/site-packages:${PYTHONPATH} /usr/bin/python3 -W ignore:setup.py install is deprecated setup.py egg_info --egg-base ../../../../../build/keyboard build --build-base /home/ubuntu/rj_training_container/training_ws/build/keyboard/build install --record /home/ubuntu/rj_training_container/training_ws/build/keyboard/install.log --single-version-externally-managed install_data
[33.335s] running egg_info
[33.340s] writing ../../../../../build/keyboard/keyboard.egg-info/PKG-INFO
[33.344s] writing dependency_links to ../../../../../build/keyboard/keyboard.egg-info/dependency_links.txt
[33.349s] writing entry points to ../../../../../build/keyboard/keyboard.egg-info/entry_points.txt
[33.357s] writing requirements to ../../../../../build/keyboard/keyboard.egg-info/requires.txt
[33.362s] writing top-level names to ../../../../../build/keyboard/keyboard.egg-info/top_level.txt
[33.367s] reading manifest file '../../../../../build/keyboard/keyboard.egg-info/SOURCES.txt'
[33.372s] writing manifest file '../../../../../build/keyboard/keyboard.egg-info/SOURCES.txt'
[33.376s] running build
[33.382s] running build_py
[33.386s] running install
[33.391s] running install_lib
[33.396s] running install_data
[33.401s] running install_egg_info
[33.406s] removing '/home/ubuntu/rj_training_container/training_ws/install/keyboard/lib/python3.10/site-packages/keyboard-0.0.0-py3.10.egg-info' (and everything under it)
[33.410s] Copying ../../../../../build/keyboard/keyboard.egg-info to /home/ubuntu/rj_training_container/training_ws/install/keyboard/lib/python3.10/site-packages/keyboard-0.0.0-py3.10.egg-info
[33.415s] running install_scripts
[33.420s] Installing keystroke_listen script to /home/ubuntu/rj_training_container/training_ws/install/keyboard/lib/keyboard
[33.426s] writing list of installed files to '/home/ubuntu/rj_training_container/training_ws/build/keyboard/install.log'
[33.429s] Invoked command in '/home/ubuntu/rj_training_container/training_ws/src/trainingv2/turtlesim_project/src/keyboard' returned '0': PYTHONPATH=/home/ubuntu/rj_training_container/training_ws/build/keyboard/prefix_override:/usr/lib/python3/dist-packages/colcon_core/task/python/colcon_distutils_commands:/home/ubuntu/rj_training_container/training_ws/install/keyboard/lib/python3.10/site-packages:${PYTHONPATH} /usr/bin/python3 -W ignore:setup.py install is deprecated setup.py egg_info --egg-base ../../../../../build/keyboard build --build-base /home/ubuntu/rj_training_container/training_ws/build/keyboard/build install --record /home/ubuntu/rj_training_container/training_ws/build/keyboard/install.log --single-version-externally-managed install_data
