[4.657s] Invoking command in '/home/ubuntu/rj_training_container/training_ws/build/joystick_msgs': CMAKE_PREFIX_PATH=${CMAKE_PREFIX_PATH}:/home/ubuntu/rj_training_container/training_ws/install/keyboard:/opt/ros/humble /usr/bin/cmake --build /home/ubuntu/rj_training_container/training_ws/build/joystick_msgs -- -j16 -l16
[31.962s] [  3%] Built target joystick_msgs__cpp
[32.385s] [ 12%] Built target joystick_msgs__rosidl_generator_c
[37.346s] [ 12%] Built target ament_cmake_python_copy_joystick_msgs
[48.628s] [ 22%] Built target joystick_msgs__rosidl_typesupport_cpp
[48.694s] [ 32%] Built target joystick_msgs__rosidl_typesupport_introspection_cpp
[49.911s] [ 41%] Built target joystick_msgs__rosidl_typesupport_fastrtps_cpp
[50.365s] [ 54%] Built target joystick_msgs__rosidl_typesupport_fastrtps_c
[50.401s] [ 61%] Built target joystick_msgs__rosidl_typesupport_introspection_c
[50.572s] [ 70%] Built target joystick_msgs__rosidl_typesupport_c
[54.780s] running egg_info
[54.786s] writing joystick_msgs.egg-info/PKG-INFO
[54.802s] writing dependency_links to joystick_msgs.egg-info/dependency_links.txt
[54.814s] writing top-level names to joystick_msgs.egg-info/top_level.txt
[54.901s] reading manifest file 'joystick_msgs.egg-info/SOURCES.txt'
[55.008s] writing manifest file 'joystick_msgs.egg-info/SOURCES.txt'
[59.975s] [ 70%] Built target ament_cmake_python_build_joystick_msgs_egg
[72.263s] [ 70%] Built target joystick_msgs
[83.613s] [ 74%] Built target joystick_msgs__py
[93.798s] [ 80%] Built target joystick_msgs__rosidl_generator_py
[105.587s] [ 87%] Built target joystick_msgs__rosidl_typesupport_c__pyext
[105.731s] [ 93%] Built target joystick_msgs__rosidl_typesupport_fastrtps_c__pyext
[105.902s] [100%] Built target joystick_msgs__rosidl_typesupport_introspection_c__pyext
[109.264s] Invoked command in '/home/ubuntu/rj_training_container/training_ws/build/joystick_msgs' returned '0': CMAKE_PREFIX_PATH=${CMAKE_PREFIX_PATH}:/home/ubuntu/rj_training_container/training_ws/install/keyboard:/opt/ros/humble /usr/bin/cmake --build /home/ubuntu/rj_training_container/training_ws/build/joystick_msgs -- -j16 -l16
[139.983s] Invoking command in '/home/ubuntu/rj_training_container/training_ws/build/joystick_msgs': CMAKE_PREFIX_PATH=${CMAKE_PREFIX_PATH}:/home/ubuntu/rj_training_container/training_ws/install/keyboard:/opt/ros/humble /usr/bin/cmake --install /home/ubuntu/rj_training_container/training_ws/build/joystick_msgs
[141.472s] -- Install configuration: ""
[141.504s] -- Up-to-date: /home/ubuntu/rj_training_container/training_ws/install/joystick_msgs/share/ament_index/resource_index/rosidl_interfaces/joystick_msgs
[141.522s] -- Up-to-date: /home/ubuntu/rj_training_container/training_ws/install/joystick_msgs/include/joystick_msgs/joystick_msgs
[141.544s] -- Up-to-date: /home/ubuntu/rj_training_container/training_ws/install/joystick_msgs/include/joystick_msgs/joystick_msgs/msg
[141.573s] -- Up-to-date: /home/ubuntu/rj_training_container/training_ws/install/joystick_msgs/include/joystick_msgs/joystick_msgs/msg/detail
[141.616s] -- Up-to-date: /home/ubuntu/rj_training_container/training_ws/install/joystick_msgs/include/joystick_msgs/joystick_msgs/msg/detail/velocity_pair__functions.c
[141.648s] -- Up-to-date: /home/ubuntu/rj_training_container/training_ws/install/joystick_msgs/include/joystick_msgs/joystick_msgs/msg/detail/velocity_pair__functions.h
[141.679s] -- Up-to-date: /home/ubuntu/rj_training_container/training_ws/install/joystick_msgs/include/joystick_msgs/joystick_msgs/msg/detail/velocity_pair__struct.h
[141.711s] -- Up-to-date: /home/ubuntu/rj_training_container/training_ws/install/joystick_msgs/include/joystick_msgs/joystick_msgs/msg/detail/velocity_pair__type_support.h
[141.742s] -- Up-to-date: /home/ubuntu/rj_training_container/training_ws/install/joystick_msgs/include/joystick_msgs/joystick_msgs/msg/rosidl_generator_c__visibility_control.h
[141.771s] -- Up-to-date: /home/ubuntu/rj_training_container/training_ws/install/joystick_msgs/include/joystick_msgs/joystick_msgs/msg/velocity_pair.h
[141.794s] -- Up-to-date: /home/ubuntu/rj_training_container/training_ws/install/joystick_msgs/share/joystick_msgs/environment/library_path.sh
[141.820s] -- Up-to-date: /home/ubuntu/rj_training_container/training_ws/install/joystick_msgs/share/joystick_msgs/environment/library_path.dsv
[141.876s] -- Up-to-date: /home/ubuntu/rj_training_container/training_ws/install/joystick_msgs/lib/libjoystick_msgs__rosidl_generator_c.so
[141.928s] -- Up-to-date: /home/ubuntu/rj_training_container/training_ws/install/joystick_msgs/include/joystick_msgs/joystick_msgs
[141.949s] -- Up-to-date: /home/ubuntu/rj_training_container/training_ws/install/joystick_msgs/include/joystick_msgs/joystick_msgs/msg
[141.975s] -- Up-to-date: /home/ubuntu/rj_training_container/training_ws/install/joystick_msgs/include/joystick_msgs/joystick_msgs/msg/detail
[142.010s] -- Up-to-date: /home/ubuntu/rj_training_container/training_ws/install/joystick_msgs/include/joystick_msgs/joystick_msgs/msg/detail/velocity_pair__rosidl_typesupport_fastrtps_c.h
[142.035s] -- Up-to-date: /home/ubuntu/rj_training_container/training_ws/install/joystick_msgs/include/joystick_msgs/joystick_msgs/msg/rosidl_typesupport_fastrtps_c__visibility_control.h
[142.079s] -- Up-to-date: /home/ubuntu/rj_training_container/training_ws/install/joystick_msgs/lib/libjoystick_msgs__rosidl_typesupport_fastrtps_c.so
[142.124s] -- Up-to-date: /home/ubuntu/rj_training_container/training_ws/install/joystick_msgs/include/joystick_msgs/joystick_msgs
[142.146s] -- Up-to-date: /home/ubuntu/rj_training_container/training_ws/install/joystick_msgs/include/joystick_msgs/joystick_msgs/msg
[142.172s] -- Up-to-date: /home/ubuntu/rj_training_container/training_ws/install/joystick_msgs/include/joystick_msgs/joystick_msgs/msg/detail
[142.207s] -- Up-to-date: /home/ubuntu/rj_training_container/training_ws/install/joystick_msgs/include/joystick_msgs/joystick_msgs/msg/detail/velocity_pair__builder.hpp
[142.234s] -- Up-to-date: /home/ubuntu/rj_training_container/training_ws/install/joystick_msgs/include/joystick_msgs/joystick_msgs/msg/detail/velocity_pair__struct.hpp
[142.263s] -- Up-to-date: /home/ubuntu/rj_training_container/training_ws/install/joystick_msgs/include/joystick_msgs/joystick_msgs/msg/detail/velocity_pair__traits.hpp
[142.287s] -- Up-to-date: /home/ubuntu/rj_training_container/training_ws/install/joystick_msgs/include/joystick_msgs/joystick_msgs/msg/velocity_pair.hpp
[142.301s] -- Up-to-date: /home/ubuntu/rj_training_container/training_ws/install/joystick_msgs/include/joystick_msgs/joystick_msgs
[142.330s] -- Up-to-date: /home/ubuntu/rj_training_container/training_ws/install/joystick_msgs/include/joystick_msgs/joystick_msgs/msg
[142.358s] -- Up-to-date: /home/ubuntu/rj_training_container/training_ws/install/joystick_msgs/include/joystick_msgs/joystick_msgs/msg/detail
[142.389s] -- Up-to-date: /home/ubuntu/rj_training_container/training_ws/install/joystick_msgs/include/joystick_msgs/joystick_msgs/msg/detail/dds_fastrtps
[142.428s] -- Up-to-date: /home/ubuntu/rj_training_container/training_ws/install/joystick_msgs/include/joystick_msgs/joystick_msgs/msg/detail/velocity_pair__rosidl_typesupport_fastrtps_cpp.hpp
[142.454s] -- Up-to-date: /home/ubuntu/rj_training_container/training_ws/install/joystick_msgs/include/joystick_msgs/joystick_msgs/msg/rosidl_typesupport_fastrtps_cpp__visibility_control.h
[142.508s] -- Up-to-date: /home/ubuntu/rj_training_container/training_ws/install/joystick_msgs/lib/libjoystick_msgs__rosidl_typesupport_fastrtps_cpp.so
[142.556s] -- Up-to-date: /home/ubuntu/rj_training_container/training_ws/install/joystick_msgs/include/joystick_msgs/joystick_msgs
[142.587s] -- Up-to-date: /home/ubuntu/rj_training_container/training_ws/install/joystick_msgs/include/joystick_msgs/joystick_msgs/msg
[142.617s] -- Up-to-date: /home/ubuntu/rj_training_container/training_ws/install/joystick_msgs/include/joystick_msgs/joystick_msgs/msg/detail
[142.663s] -- Up-to-date: /home/ubuntu/rj_training_container/training_ws/install/joystick_msgs/include/joystick_msgs/joystick_msgs/msg/detail/velocity_pair__rosidl_typesupport_introspection_c.h
[142.697s] -- Up-to-date: /home/ubuntu/rj_training_container/training_ws/install/joystick_msgs/include/joystick_msgs/joystick_msgs/msg/detail/velocity_pair__type_support.c
[142.723s] -- Up-to-date: /home/ubuntu/rj_training_container/training_ws/install/joystick_msgs/include/joystick_msgs/joystick_msgs/msg/rosidl_typesupport_introspection_c__visibility_control.h
[142.775s] -- Up-to-date: /home/ubuntu/rj_training_container/training_ws/install/joystick_msgs/lib/libjoystick_msgs__rosidl_typesupport_introspection_c.so
[142.861s] -- Up-to-date: /home/ubuntu/rj_training_container/training_ws/install/joystick_msgs/lib/libjoystick_msgs__rosidl_typesupport_c.so
[142.914s] -- Up-to-date: /home/ubuntu/rj_training_container/training_ws/install/joystick_msgs/include/joystick_msgs/joystick_msgs
[142.940s] -- Up-to-date: /home/ubuntu/rj_training_container/training_ws/install/joystick_msgs/include/joystick_msgs/joystick_msgs/msg
[142.972s] -- Up-to-date: /home/ubuntu/rj_training_container/training_ws/install/joystick_msgs/include/joystick_msgs/joystick_msgs/msg/detail
[143.013s] -- Up-to-date: /home/ubuntu/rj_training_container/training_ws/install/joystick_msgs/include/joystick_msgs/joystick_msgs/msg/detail/velocity_pair__rosidl_typesupport_introspection_cpp.hpp
[143.047s] -- Up-to-date: /home/ubuntu/rj_training_container/training_ws/install/joystick_msgs/include/joystick_msgs/joystick_msgs/msg/detail/velocity_pair__type_support.cpp
[143.089s] -- Up-to-date: /home/ubuntu/rj_training_container/training_ws/install/joystick_msgs/lib/libjoystick_msgs__rosidl_typesupport_introspection_cpp.so
[143.157s] -- Up-to-date: /home/ubuntu/rj_training_container/training_ws/install/joystick_msgs/lib/libjoystick_msgs__rosidl_typesupport_cpp.so
[143.207s] -- Up-to-date: /home/ubuntu/rj_training_container/training_ws/install/joystick_msgs/share/joystick_msgs/environment/pythonpath.sh
[143.226s] -- Up-to-date: /home/ubuntu/rj_training_container/training_ws/install/joystick_msgs/share/joystick_msgs/environment/pythonpath.dsv
[143.244s] -- Up-to-date: /home/ubuntu/rj_training_container/training_ws/install/joystick_msgs/local/lib/python3.10/dist-packages/joystick_msgs-0.0.0-py3.10.egg-info
[143.275s] -- Installing: /home/ubuntu/rj_training_container/training_ws/install/joystick_msgs/local/lib/python3.10/dist-packages/joystick_msgs-0.0.0-py3.10.egg-info/dependency_links.txt
[143.365s] -- Installing: /home/ubuntu/rj_training_container/training_ws/install/joystick_msgs/local/lib/python3.10/dist-packages/joystick_msgs-0.0.0-py3.10.egg-info/PKG-INFO
[143.462s] -- Installing: /home/ubuntu/rj_training_container/training_ws/install/joystick_msgs/local/lib/python3.10/dist-packages/joystick_msgs-0.0.0-py3.10.egg-info/SOURCES.txt
[143.555s] -- Installing: /home/ubuntu/rj_training_container/training_ws/install/joystick_msgs/local/lib/python3.10/dist-packages/joystick_msgs-0.0.0-py3.10.egg-info/top_level.txt
[143.643s] -- Up-to-date: /home/ubuntu/rj_training_container/training_ws/install/joystick_msgs/local/lib/python3.10/dist-packages/joystick_msgs
[143.676s] -- Up-to-date: /home/ubuntu/rj_training_container/training_ws/install/joystick_msgs/local/lib/python3.10/dist-packages/joystick_msgs/joystick_msgs_s__rosidl_typesupport_c.cpython-310-x86_64-linux-gnu.so
[143.699s] -- Up-to-date: /home/ubuntu/rj_training_container/training_ws/install/joystick_msgs/local/lib/python3.10/dist-packages/joystick_msgs/joystick_msgs_s__rosidl_typesupport_fastrtps_c.cpython-310-x86_64-linux-gnu.so
[143.720s] -- Up-to-date: /home/ubuntu/rj_training_container/training_ws/install/joystick_msgs/local/lib/python3.10/dist-packages/joystick_msgs/joystick_msgs_s__rosidl_typesupport_introspection_c.cpython-310-x86_64-linux-gnu.so
[143.742s] -- Up-to-date: /home/ubuntu/rj_training_container/training_ws/install/joystick_msgs/local/lib/python3.10/dist-packages/joystick_msgs/libjoystick_msgs__rosidl_generator_py.so
[143.760s] -- Up-to-date: /home/ubuntu/rj_training_container/training_ws/install/joystick_msgs/local/lib/python3.10/dist-packages/joystick_msgs/msg
[143.795s] -- Up-to-date: /home/ubuntu/rj_training_container/training_ws/install/joystick_msgs/local/lib/python3.10/dist-packages/joystick_msgs/msg/_velocity_pair.py
[143.820s] -- Up-to-date: /home/ubuntu/rj_training_container/training_ws/install/joystick_msgs/local/lib/python3.10/dist-packages/joystick_msgs/msg/_velocity_pair_s.c
[143.845s] -- Up-to-date: /home/ubuntu/rj_training_container/training_ws/install/joystick_msgs/local/lib/python3.10/dist-packages/joystick_msgs/msg/__init__.py
[143.866s] -- Up-to-date: /home/ubuntu/rj_training_container/training_ws/install/joystick_msgs/local/lib/python3.10/dist-packages/joystick_msgs/_joystick_msgs_s.ep.rosidl_typesupport_c.c
[143.887s] -- Up-to-date: /home/ubuntu/rj_training_container/training_ws/install/joystick_msgs/local/lib/python3.10/dist-packages/joystick_msgs/_joystick_msgs_s.ep.rosidl_typesupport_fastrtps_c.c
[143.918s] -- Up-to-date: /home/ubuntu/rj_training_container/training_ws/install/joystick_msgs/local/lib/python3.10/dist-packages/joystick_msgs/_joystick_msgs_s.ep.rosidl_typesupport_introspection_c.c
[143.941s] -- Up-to-date: /home/ubuntu/rj_training_container/training_ws/install/joystick_msgs/local/lib/python3.10/dist-packages/joystick_msgs/__init__.py
[145.191s] Listing '/home/ubuntu/rj_training_container/training_ws/install/joystick_msgs/local/lib/python3.10/dist-packages/joystick_msgs'...
[145.192s] Listing '/home/ubuntu/rj_training_container/training_ws/install/joystick_msgs/local/lib/python3.10/dist-packages/joystick_msgs/msg'...
[145.283s] -- Up-to-date: /home/ubuntu/rj_training_container/training_ws/install/joystick_msgs/local/lib/python3.10/dist-packages/joystick_msgs/joystick_msgs_s__rosidl_typesupport_fastrtps_c.cpython-310-x86_64-linux-gnu.so
[145.400s] -- Up-to-date: /home/ubuntu/rj_training_container/training_ws/install/joystick_msgs/local/lib/python3.10/dist-packages/joystick_msgs/joystick_msgs_s__rosidl_typesupport_introspection_c.cpython-310-x86_64-linux-gnu.so
[145.518s] -- Up-to-date: /home/ubuntu/rj_training_container/training_ws/install/joystick_msgs/local/lib/python3.10/dist-packages/joystick_msgs/joystick_msgs_s__rosidl_typesupport_c.cpython-310-x86_64-linux-gnu.so
[145.624s] -- Up-to-date: /home/ubuntu/rj_training_container/training_ws/install/joystick_msgs/lib/libjoystick_msgs__rosidl_generator_py.so
[145.692s] -- Up-to-date: /home/ubuntu/rj_training_container/training_ws/install/joystick_msgs/share/joystick_msgs/msg/VelocityPair.idl
[145.723s] -- Up-to-date: /home/ubuntu/rj_training_container/training_ws/install/joystick_msgs/share/joystick_msgs/msg/VelocityPair.msg
[145.757s] -- Up-to-date: /home/ubuntu/rj_training_container/training_ws/install/joystick_msgs/share/ament_index/resource_index/package_run_dependencies/joystick_msgs
[145.793s] -- Up-to-date: /home/ubuntu/rj_training_container/training_ws/install/joystick_msgs/share/ament_index/resource_index/parent_prefix_path/joystick_msgs
[145.810s] -- Up-to-date: /home/ubuntu/rj_training_container/training_ws/install/joystick_msgs/share/joystick_msgs/environment/ament_prefix_path.sh
[145.832s] -- Up-to-date: /home/ubuntu/rj_training_container/training_ws/install/joystick_msgs/share/joystick_msgs/environment/ament_prefix_path.dsv
[145.849s] -- Up-to-date: /home/ubuntu/rj_training_container/training_ws/install/joystick_msgs/share/joystick_msgs/environment/path.sh
[145.872s] -- Up-to-date: /home/ubuntu/rj_training_container/training_ws/install/joystick_msgs/share/joystick_msgs/environment/path.dsv
[145.891s] -- Up-to-date: /home/ubuntu/rj_training_container/training_ws/install/joystick_msgs/share/joystick_msgs/local_setup.bash
[145.912s] -- Up-to-date: /home/ubuntu/rj_training_container/training_ws/install/joystick_msgs/share/joystick_msgs/local_setup.sh
[145.932s] -- Up-to-date: /home/ubuntu/rj_training_container/training_ws/install/joystick_msgs/share/joystick_msgs/local_setup.zsh
[145.951s] -- Up-to-date: /home/ubuntu/rj_training_container/training_ws/install/joystick_msgs/share/joystick_msgs/local_setup.dsv
[145.969s] -- Installing: /home/ubuntu/rj_training_container/training_ws/install/joystick_msgs/share/joystick_msgs/package.dsv
[146.052s] -- Up-to-date: /home/ubuntu/rj_training_container/training_ws/install/joystick_msgs/share/ament_index/resource_index/packages/joystick_msgs
[146.106s] -- Up-to-date: /home/ubuntu/rj_training_container/training_ws/install/joystick_msgs/share/joystick_msgs/cmake/export_joystick_msgs__rosidl_generator_cExport.cmake
[146.141s] -- Up-to-date: /home/ubuntu/rj_training_container/training_ws/install/joystick_msgs/share/joystick_msgs/cmake/export_joystick_msgs__rosidl_generator_cExport-noconfig.cmake
[146.195s] -- Up-to-date: /home/ubuntu/rj_training_container/training_ws/install/joystick_msgs/share/joystick_msgs/cmake/export_joystick_msgs__rosidl_typesupport_fastrtps_cExport.cmake
[146.232s] -- Up-to-date: /home/ubuntu/rj_training_container/training_ws/install/joystick_msgs/share/joystick_msgs/cmake/export_joystick_msgs__rosidl_typesupport_fastrtps_cExport-noconfig.cmake
[146.285s] -- Up-to-date: /home/ubuntu/rj_training_container/training_ws/install/joystick_msgs/share/joystick_msgs/cmake/export_joystick_msgs__rosidl_generator_cppExport.cmake
[146.335s] -- Up-to-date: /home/ubuntu/rj_training_container/training_ws/install/joystick_msgs/share/joystick_msgs/cmake/export_joystick_msgs__rosidl_typesupport_fastrtps_cppExport.cmake
[146.366s] -- Up-to-date: /home/ubuntu/rj_training_container/training_ws/install/joystick_msgs/share/joystick_msgs/cmake/export_joystick_msgs__rosidl_typesupport_fastrtps_cppExport-noconfig.cmake
[146.415s] -- Up-to-date: /home/ubuntu/rj_training_container/training_ws/install/joystick_msgs/share/joystick_msgs/cmake/joystick_msgs__rosidl_typesupport_introspection_cExport.cmake
[146.447s] -- Up-to-date: /home/ubuntu/rj_training_container/training_ws/install/joystick_msgs/share/joystick_msgs/cmake/joystick_msgs__rosidl_typesupport_introspection_cExport-noconfig.cmake
[146.500s] -- Up-to-date: /home/ubuntu/rj_training_container/training_ws/install/joystick_msgs/share/joystick_msgs/cmake/joystick_msgs__rosidl_typesupport_cExport.cmake
[146.533s] -- Up-to-date: /home/ubuntu/rj_training_container/training_ws/install/joystick_msgs/share/joystick_msgs/cmake/joystick_msgs__rosidl_typesupport_cExport-noconfig.cmake
[146.584s] -- Up-to-date: /home/ubuntu/rj_training_container/training_ws/install/joystick_msgs/share/joystick_msgs/cmake/joystick_msgs__rosidl_typesupport_introspection_cppExport.cmake
[146.618s] -- Up-to-date: /home/ubuntu/rj_training_container/training_ws/install/joystick_msgs/share/joystick_msgs/cmake/joystick_msgs__rosidl_typesupport_introspection_cppExport-noconfig.cmake
[146.668s] -- Up-to-date: /home/ubuntu/rj_training_container/training_ws/install/joystick_msgs/share/joystick_msgs/cmake/joystick_msgs__rosidl_typesupport_cppExport.cmake
[146.700s] -- Up-to-date: /home/ubuntu/rj_training_container/training_ws/install/joystick_msgs/share/joystick_msgs/cmake/joystick_msgs__rosidl_typesupport_cppExport-noconfig.cmake
[146.750s] -- Up-to-date: /home/ubuntu/rj_training_container/training_ws/install/joystick_msgs/share/joystick_msgs/cmake/export_joystick_msgs__rosidl_generator_pyExport.cmake
[146.783s] -- Up-to-date: /home/ubuntu/rj_training_container/training_ws/install/joystick_msgs/share/joystick_msgs/cmake/export_joystick_msgs__rosidl_generator_pyExport-noconfig.cmake
[146.805s] -- Up-to-date: /home/ubuntu/rj_training_container/training_ws/install/joystick_msgs/share/joystick_msgs/cmake/rosidl_cmake-extras.cmake
[146.825s] -- Up-to-date: /home/ubuntu/rj_training_container/training_ws/install/joystick_msgs/share/joystick_msgs/cmake/ament_cmake_export_dependencies-extras.cmake
[146.845s] -- Up-to-date: /home/ubuntu/rj_training_container/training_ws/install/joystick_msgs/share/joystick_msgs/cmake/ament_cmake_export_include_directories-extras.cmake
[146.867s] -- Up-to-date: /home/ubuntu/rj_training_container/training_ws/install/joystick_msgs/share/joystick_msgs/cmake/ament_cmake_export_libraries-extras.cmake
[146.887s] -- Up-to-date: /home/ubuntu/rj_training_container/training_ws/install/joystick_msgs/share/joystick_msgs/cmake/ament_cmake_export_targets-extras.cmake
[146.907s] -- Up-to-date: /home/ubuntu/rj_training_container/training_ws/install/joystick_msgs/share/joystick_msgs/cmake/rosidl_cmake_export_typesupport_targets-extras.cmake
[146.928s] -- Up-to-date: /home/ubuntu/rj_training_container/training_ws/install/joystick_msgs/share/joystick_msgs/cmake/rosidl_cmake_export_typesupport_libraries-extras.cmake
[146.950s] -- Up-to-date: /home/ubuntu/rj_training_container/training_ws/install/joystick_msgs/share/joystick_msgs/cmake/joystick_msgsConfig.cmake
[146.966s] -- Up-to-date: /home/ubuntu/rj_training_container/training_ws/install/joystick_msgs/share/joystick_msgs/cmake/joystick_msgsConfig-version.cmake
[146.992s] -- Up-to-date: /home/ubuntu/rj_training_container/training_ws/install/joystick_msgs/share/joystick_msgs/package.xml
[147.015s] Invoked command in '/home/ubuntu/rj_training_container/training_ws/build/joystick_msgs' returned '0': CMAKE_PREFIX_PATH=${CMAKE_PREFIX_PATH}:/home/ubuntu/rj_training_container/training_ws/install/keyboard:/opt/ros/humble /usr/bin/cmake --install /home/ubuntu/rj_training_container/training_ws/build/joystick_msgs
