[4.283s] Invoking command in '/home/ubuntu/rj_training_container/training_ws/build/stsl_nav_plugins': CMAKE_PREFIX_PATH=${CMAKE_PREFIX_PATH}:/home/ubuntu/rj_training_container/training_ws/install/keyboard:/opt/ros/humble /usr/bin/cmake --build /home/ubuntu/rj_training_container/training_ws/build/stsl_nav_plugins -- -j16 -l16
[33.008s] [100%] Built target stsl_nav_plugins
[39.451s] Invoked command in '/home/ubuntu/rj_training_container/training_ws/build/stsl_nav_plugins' returned '0': CMAKE_PREFIX_PATH=${CMAKE_PREFIX_PATH}:/home/ubuntu/rj_training_container/training_ws/install/keyboard:/opt/ros/humble /usr/bin/cmake --build /home/ubuntu/rj_training_container/training_ws/build/stsl_nav_plugins -- -j16 -l16
[79.553s] Invoking command in '/home/ubuntu/rj_training_container/training_ws/build/stsl_nav_plugins': CMAKE_PREFIX_PATH=${CMAKE_PREFIX_PATH}:/home/ubuntu/rj_training_container/training_ws/install/keyboard:/opt/ros/humble /usr/bin/cmake --install /home/ubuntu/rj_training_container/training_ws/build/stsl_nav_plugins
[83.048s] -- Install configuration: ""
[83.173s] -- Up-to-date: /home/ubuntu/rj_training_container/training_ws/install/stsl_nav_plugins/lib/libstsl_nav_plugins.so
[83.296s] -- Up-to-date: /home/ubuntu/rj_training_container/training_ws/install/stsl_nav_plugins/include/
[83.344s] -- Up-to-date: /home/ubuntu/rj_training_container/training_ws/install/stsl_nav_plugins/include//stsl_nav_plugins
[83.442s] -- Up-to-date: /home/ubuntu/rj_training_container/training_ws/install/stsl_nav_plugins/include//stsl_nav_plugins/pd_controller.hpp
[83.501s] -- Up-to-date: /home/ubuntu/rj_training_container/training_ws/install/stsl_nav_plugins/share/stsl_nav_plugins/stsl_nav_plugins_libraries.xml
[83.598s] -- Up-to-date: /home/ubuntu/rj_training_container/training_ws/install/stsl_nav_plugins/share/ament_index/resource_index/package_run_dependencies/stsl_nav_plugins
[83.692s] -- Up-to-date: /home/ubuntu/rj_training_container/training_ws/install/stsl_nav_plugins/share/ament_index/resource_index/parent_prefix_path/stsl_nav_plugins
[83.730s] -- Up-to-date: /home/ubuntu/rj_training_container/training_ws/install/stsl_nav_plugins/share/stsl_nav_plugins/environment/ament_prefix_path.sh
[83.784s] -- Up-to-date: /home/ubuntu/rj_training_container/training_ws/install/stsl_nav_plugins/share/stsl_nav_plugins/environment/ament_prefix_path.dsv
[83.837s] -- Up-to-date: /home/ubuntu/rj_training_container/training_ws/install/stsl_nav_plugins/share/stsl_nav_plugins/environment/path.sh
[83.902s] -- Up-to-date: /home/ubuntu/rj_training_container/training_ws/install/stsl_nav_plugins/share/stsl_nav_plugins/environment/path.dsv
[83.961s] -- Up-to-date: /home/ubuntu/rj_training_container/training_ws/install/stsl_nav_plugins/share/stsl_nav_plugins/local_setup.bash
[84.018s] -- Up-to-date: /home/ubuntu/rj_training_container/training_ws/install/stsl_nav_plugins/share/stsl_nav_plugins/local_setup.sh
[84.066s] -- Up-to-date: /home/ubuntu/rj_training_container/training_ws/install/stsl_nav_plugins/share/stsl_nav_plugins/local_setup.zsh
[84.113s] -- Up-to-date: /home/ubuntu/rj_training_container/training_ws/install/stsl_nav_plugins/share/stsl_nav_plugins/local_setup.dsv
[84.169s] -- Installing: /home/ubuntu/rj_training_container/training_ws/install/stsl_nav_plugins/share/stsl_nav_plugins/package.dsv
[84.389s] -- Up-to-date: /home/ubuntu/rj_training_container/training_ws/install/stsl_nav_plugins/share/ament_index/resource_index/packages/stsl_nav_plugins
[84.507s] -- Up-to-date: /home/ubuntu/rj_training_container/training_ws/install/stsl_nav_plugins/share/ament_index/resource_index/nav2_core__pluginlib__plugin/stsl_nav_plugins
[84.572s] -- Up-to-date: /home/ubuntu/rj_training_container/training_ws/install/stsl_nav_plugins/share/stsl_nav_plugins/cmake/ament_cmake_export_include_directories-extras.cmake
[84.627s] -- Up-to-date: /home/ubuntu/rj_training_container/training_ws/install/stsl_nav_plugins/share/stsl_nav_plugins/cmake/ament_cmake_export_dependencies-extras.cmake
[84.692s] -- Up-to-date: /home/ubuntu/rj_training_container/training_ws/install/stsl_nav_plugins/share/stsl_nav_plugins/cmake/stsl_nav_pluginsConfig.cmake
[84.744s] -- Up-to-date: /home/ubuntu/rj_training_container/training_ws/install/stsl_nav_plugins/share/stsl_nav_plugins/cmake/stsl_nav_pluginsConfig-version.cmake
[84.818s] -- Up-to-date: /home/ubuntu/rj_training_container/training_ws/install/stsl_nav_plugins/share/stsl_nav_plugins/package.xml
[85.562s] Invoked command in '/home/ubuntu/rj_training_container/training_ws/build/stsl_nav_plugins' returned '0': CMAKE_PREFIX_PATH=${CMAKE_PREFIX_PATH}:/home/ubuntu/rj_training_container/training_ws/install/keyboard:/opt/ros/humble /usr/bin/cmake --install /home/ubuntu/rj_training_container/training_ws/build/stsl_nav_plugins
