[ 50%] Built target elevation_server_component
[100%] Built target elevation_server_node
-- Install configuration: ""
-- Up-to-date: /home/ubuntu/rj_training_container/training_ws/install/elevation_server/lib/elevation_server/elevation_server_node
-- Up-to-date: /home/ubuntu/rj_training_container/training_ws/install/elevation_server/lib/libelevation_server_component.so
-- Up-to-date: /home/ubuntu/rj_training_container/training_ws/install/elevation_server/share/elevation_server/launch
-- Up-to-date: /home/ubuntu/rj_training_container/training_ws/install/elevation_server/share/elevation_server/launch/elevation_server.launch.py
-- Up-to-date: /home/ubuntu/rj_training_container/training_ws/install/elevation_server/share/elevation_server/config
-- Up-to-date: /home/ubuntu/rj_training_container/training_ws/install/elevation_server/share/elevation_server/config/elevation_server_params.yaml
-- Up-to-date: /home/ubuntu/rj_training_container/training_ws/install/elevation_server/share/elevation_server/config/map.png
-- Up-to-date: /home/ubuntu/rj_training_container/training_ws/install/elevation_server/share/ament_index/resource_index/package_run_dependencies/elevation_server
-- Up-to-date: /home/ubuntu/rj_training_container/training_ws/install/elevation_server/share/ament_index/resource_index/parent_prefix_path/elevation_server
-- Up-to-date: /home/ubuntu/rj_training_container/training_ws/install/elevation_server/share/elevation_server/environment/ament_prefix_path.sh
-- Up-to-date: /home/ubuntu/rj_training_container/training_ws/install/elevation_server/share/elevation_server/environment/ament_prefix_path.dsv
-- Up-to-date: /home/ubuntu/rj_training_container/training_ws/install/elevation_server/share/elevation_server/environment/path.sh
-- Up-to-date: /home/ubuntu/rj_training_container/training_ws/install/elevation_server/share/elevation_server/environment/path.dsv
-- Up-to-date: /home/ubuntu/rj_training_container/training_ws/install/elevation_server/share/elevation_server/local_setup.bash
-- Up-to-date: /home/ubuntu/rj_training_container/training_ws/install/elevation_server/share/elevation_server/local_setup.sh
-- Up-to-date: /home/ubuntu/rj_training_container/training_ws/install/elevation_server/share/elevation_server/local_setup.zsh
-- Up-to-date: /home/ubuntu/rj_training_container/training_ws/install/elevation_server/share/elevation_server/local_setup.dsv
-- Installing: /home/ubuntu/rj_training_container/training_ws/install/elevation_server/share/elevation_server/package.dsv
-- Up-to-date: /home/ubuntu/rj_training_container/training_ws/install/elevation_server/share/ament_index/resource_index/packages/elevation_server
-- Up-to-date: /home/ubuntu/rj_training_container/training_ws/install/elevation_server/share/ament_index/resource_index/rclcpp_components/elevation_server
-- Up-to-date: /home/ubuntu/rj_training_container/training_ws/install/elevation_server/share/elevation_server/cmake/elevation_serverConfig.cmake
-- Up-to-date: /home/ubuntu/rj_training_container/training_ws/install/elevation_server/share/elevation_server/cmake/elevation_serverConfig-version.cmake
-- Up-to-date: /home/ubuntu/rj_training_container/training_ws/install/elevation_server/share/elevation_server/package.xml
