[0.287s] Invoking command in '/home/ubuntu/rj_training_container/training_ws/build/stsl_bt_nodes': AMENT_PREFIX_PATH=/home/ubuntu/rj_training_container/training_ws/install/stsl_interfaces:${AMENT_PREFIX_PATH} CMAKE_PREFIX_PATH=/home/ubuntu/rj_training_container/training_ws/install/stsl_interfaces:/opt/ros/humble LD_LIBRARY_PATH=/home/ubuntu/rj_training_container/training_ws/install/stsl_interfaces/lib:${LD_LIBRARY_PATH} PYTHONPATH=/home/ubuntu/rj_training_container/training_ws/install/stsl_interfaces/local/lib/python3.10/dist-packages:${PYTHONPATH} /usr/bin/cmake --build /home/ubuntu/rj_training_container/training_ws/build/stsl_bt_nodes -- -j16 -l16
[1.299s] [35m[1mConsolidate compiler generated dependencies of target stsl_bt_nodes[0m
[6.564s] [100%] Built target stsl_bt_nodes
[7.377s] Invoked command in '/home/ubuntu/rj_training_container/training_ws/build/stsl_bt_nodes' returned '0': AMENT_PREFIX_PATH=/home/ubuntu/rj_training_container/training_ws/install/stsl_interfaces:${AMENT_PREFIX_PATH} CMAKE_PREFIX_PATH=/home/ubuntu/rj_training_container/training_ws/install/stsl_interfaces:/opt/ros/humble LD_LIBRARY_PATH=/home/ubuntu/rj_training_container/training_ws/install/stsl_interfaces/lib:${LD_LIBRARY_PATH} PYTHONPATH=/home/ubuntu/rj_training_container/training_ws/install/stsl_interfaces/local/lib/python3.10/dist-packages:${PYTHONPATH} /usr/bin/cmake --build /home/ubuntu/rj_training_container/training_ws/build/stsl_bt_nodes -- -j16 -l16
[10.673s] Invoking command in '/home/ubuntu/rj_training_container/training_ws/build/stsl_bt_nodes': AMENT_PREFIX_PATH=/home/ubuntu/rj_training_container/training_ws/install/stsl_interfaces:${AMENT_PREFIX_PATH} CMAKE_PREFIX_PATH=/home/ubuntu/rj_training_container/training_ws/install/stsl_interfaces:/opt/ros/humble LD_LIBRARY_PATH=/home/ubuntu/rj_training_container/training_ws/install/stsl_interfaces/lib:${LD_LIBRARY_PATH} PYTHONPATH=/home/ubuntu/rj_training_container/training_ws/install/stsl_interfaces/local/lib/python3.10/dist-packages:${PYTHONPATH} /usr/bin/cmake --install /home/ubuntu/rj_training_container/training_ws/build/stsl_bt_nodes
[11.584s] -- Install configuration: ""
[11.585s] -- Up-to-date: /home/ubuntu/rj_training_container/training_ws/install/stsl_bt_nodes/lib/libstsl_bt_nodes.so
[11.587s] -- Up-to-date: /home/ubuntu/rj_training_container/training_ws/install/stsl_bt_nodes/share/stsl_bt_nodes/environment/library_path.sh
[11.594s] -- Up-to-date: /home/ubuntu/rj_training_container/training_ws/install/stsl_bt_nodes/share/stsl_bt_nodes/environment/library_path.dsv
[11.595s] -- Up-to-date: /home/ubuntu/rj_training_container/training_ws/install/stsl_bt_nodes/share/ament_index/resource_index/package_run_dependencies/stsl_bt_nodes
[11.597s] -- Up-to-date: /home/ubuntu/rj_training_container/training_ws/install/stsl_bt_nodes/share/ament_index/resource_index/parent_prefix_path/stsl_bt_nodes
[11.598s] -- Up-to-date: /home/ubuntu/rj_training_container/training_ws/install/stsl_bt_nodes/share/stsl_bt_nodes/environment/ament_prefix_path.sh
[11.599s] -- Up-to-date: /home/ubuntu/rj_training_container/training_ws/install/stsl_bt_nodes/share/stsl_bt_nodes/environment/ament_prefix_path.dsv
[11.600s] -- Up-to-date: /home/ubuntu/rj_training_container/training_ws/install/stsl_bt_nodes/share/stsl_bt_nodes/environment/path.sh
[11.601s] -- Up-to-date: /home/ubuntu/rj_training_container/training_ws/install/stsl_bt_nodes/share/stsl_bt_nodes/environment/path.dsv
[11.603s] -- Up-to-date: /home/ubuntu/rj_training_container/training_ws/install/stsl_bt_nodes/share/stsl_bt_nodes/local_setup.bash
[11.604s] -- Up-to-date: /home/ubuntu/rj_training_container/training_ws/install/stsl_bt_nodes/share/stsl_bt_nodes/local_setup.sh
[11.605s] -- Up-to-date: /home/ubuntu/rj_training_container/training_ws/install/stsl_bt_nodes/share/stsl_bt_nodes/local_setup.zsh
[11.606s] -- Up-to-date: /home/ubuntu/rj_training_container/training_ws/install/stsl_bt_nodes/share/stsl_bt_nodes/local_setup.dsv
[11.607s] -- Installing: /home/ubuntu/rj_training_container/training_ws/install/stsl_bt_nodes/share/stsl_bt_nodes/package.dsv
[11.608s] -- Up-to-date: /home/ubuntu/rj_training_container/training_ws/install/stsl_bt_nodes/share/ament_index/resource_index/packages/stsl_bt_nodes
[11.609s] -- Up-to-date: /home/ubuntu/rj_training_container/training_ws/install/stsl_bt_nodes/share/stsl_bt_nodes/cmake/ament_cmake_export_libraries-extras.cmake
[11.611s] -- Up-to-date: /home/ubuntu/rj_training_container/training_ws/install/stsl_bt_nodes/share/stsl_bt_nodes/cmake/ament_cmake_export_dependencies-extras.cmake
[11.612s] -- Up-to-date: /home/ubuntu/rj_training_container/training_ws/install/stsl_bt_nodes/share/stsl_bt_nodes/cmake/stsl_bt_nodesConfig.cmake
[11.613s] -- Up-to-date: /home/ubuntu/rj_training_container/training_ws/install/stsl_bt_nodes/share/stsl_bt_nodes/cmake/stsl_bt_nodesConfig-version.cmake
[11.614s] -- Up-to-date: /home/ubuntu/rj_training_container/training_ws/install/stsl_bt_nodes/share/stsl_bt_nodes/package.xml
[13.443s] Invoked command in '/home/ubuntu/rj_training_container/training_ws/build/stsl_bt_nodes' returned '0': AMENT_PREFIX_PATH=/home/ubuntu/rj_training_container/training_ws/install/stsl_interfaces:${AMENT_PREFIX_PATH} CMAKE_PREFIX_PATH=/home/ubuntu/rj_training_container/training_ws/install/stsl_interfaces:/opt/ros/humble LD_LIBRARY_PATH=/home/ubuntu/rj_training_container/training_ws/install/stsl_interfaces/lib:${LD_LIBRARY_PATH} PYTHONPATH=/home/ubuntu/rj_training_container/training_ws/install/stsl_interfaces/local/lib/python3.10/dist-packages:${PYTHONPATH} /usr/bin/cmake --install /home/ubuntu/rj_training_container/training_ws/build/stsl_bt_nodes
