[17.464s] Invoking command in '/home/ubuntu/rj_training_container/training_ws/src/trainingv2/turtlesim_project/src/keyboard': PYTHONPATH=/home/ubuntu/rj_training_container/training_ws/build/keyboard/prefix_override:/usr/lib/python3/dist-packages/colcon_core/task/python/colcon_distutils_commands:/home/ubuntu/rj_training_container/training_ws/install/keyboard/lib/python3.10/site-packages:${PYTHONPATH} /usr/bin/python3 -W ignore:setup.py install is deprecated setup.py egg_info --egg-base ../../../../../build/keyboard build --build-base /home/ubuntu/rj_training_container/training_ws/build/keyboard/build install --record /home/ubuntu/rj_training_container/training_ws/build/keyboard/install.log --single-version-externally-managed install_data
[34.181s] running egg_info
[34.189s] writing ../../../../../build/keyboard/keyboard.egg-info/PKG-INFO
[34.193s] writing dependency_links to ../../../../../build/keyboard/keyboard.egg-info/dependency_links.txt
[34.199s] writing entry points to ../../../../../build/keyboard/keyboard.egg-info/entry_points.txt
[34.203s] writing requirements to ../../../../../build/keyboard/keyboard.egg-info/requires.txt
[34.212s] writing top-level names to ../../../../../build/keyboard/keyboard.egg-info/top_level.txt
[34.219s] reading manifest file '../../../../../build/keyboard/keyboard.egg-info/SOURCES.txt'
[34.225s] writing manifest file '../../../../../build/keyboard/keyboard.egg-info/SOURCES.txt'
[34.231s] running build
[34.236s] running build_py
[34.242s] running install
[34.247s] running install_lib
[34.253s] running install_data
[34.257s] running install_egg_info
[34.261s] removing '/home/ubuntu/rj_training_container/training_ws/install/keyboard/lib/python3.10/site-packages/keyboard-0.0.0-py3.10.egg-info' (and everything under it)
[34.265s] Copying ../../../../../build/keyboard/keyboard.egg-info to /home/ubuntu/rj_training_container/training_ws/install/keyboard/lib/python3.10/site-packages/keyboard-0.0.0-py3.10.egg-info
[34.270s] running install_scripts
[34.275s] Installing keystroke_listen script to /home/ubuntu/rj_training_container/training_ws/install/keyboard/lib/keyboard
[34.280s] writing list of installed files to '/home/ubuntu/rj_training_container/training_ws/build/keyboard/install.log'
[34.289s] Invoked command in '/home/ubuntu/rj_training_container/training_ws/src/trainingv2/turtlesim_project/src/keyboard' returned '0': PYTHONPATH=/home/ubuntu/rj_training_container/training_ws/build/keyboard/prefix_override:/usr/lib/python3/dist-packages/colcon_core/task/python/colcon_distutils_commands:/home/ubuntu/rj_training_container/training_ws/install/keyboard/lib/python3.10/site-packages:${PYTHONPATH} /usr/bin/python3 -W ignore:setup.py install is deprecated setup.py egg_info --egg-base ../../../../../build/keyboard build --build-base /home/ubuntu/rj_training_container/training_ws/build/keyboard/build install --record /home/ubuntu/rj_training_container/training_ws/build/keyboard/install.log --single-version-externally-managed install_data
