[ 16%] [34m[1mAutomatic MOC for target stsl_rviz_plugins[0m
[ 16%] Built target stsl_rviz_plugins_autogen
[100%] Built target stsl_rviz_plugins
-- Install configuration: ""
-- Up-to-date: /home/ubuntu/rj_training_container/training_ws/install/stsl_rviz_plugins/lib/libstsl_rviz_plugins.so
-- Up-to-date: /home/ubuntu/rj_training_container/training_ws/install/stsl_rviz_plugins/share/stsl_rviz_plugins/plugin_description.xml
-- Up-to-date: /home/ubuntu/rj_training_container/training_ws/install/stsl_rviz_plugins/share/ament_index/resource_index/package_run_dependencies/stsl_rviz_plugins
-- Up-to-date: /home/ubuntu/rj_training_container/training_ws/install/stsl_rviz_plugins/share/ament_index/resource_index/parent_prefix_path/stsl_rviz_plugins
-- Up-to-date: /home/ubuntu/rj_training_container/training_ws/install/stsl_rviz_plugins/share/stsl_rviz_plugins/environment/ament_prefix_path.sh
-- Up-to-date: /home/ubuntu/rj_training_container/training_ws/install/stsl_rviz_plugins/share/stsl_rviz_plugins/environment/ament_prefix_path.dsv
-- Up-to-date: /home/ubuntu/rj_training_container/training_ws/install/stsl_rviz_plugins/share/stsl_rviz_plugins/environment/path.sh
-- Up-to-date: /home/ubuntu/rj_training_container/training_ws/install/stsl_rviz_plugins/share/stsl_rviz_plugins/environment/path.dsv
-- Up-to-date: /home/ubuntu/rj_training_container/training_ws/install/stsl_rviz_plugins/share/stsl_rviz_plugins/local_setup.bash
-- Up-to-date: /home/ubuntu/rj_training_container/training_ws/install/stsl_rviz_plugins/share/stsl_rviz_plugins/local_setup.sh
-- Up-to-date: /home/ubuntu/rj_training_container/training_ws/install/stsl_rviz_plugins/share/stsl_rviz_plugins/local_setup.zsh
-- Up-to-date: /home/ubuntu/rj_training_container/training_ws/install/stsl_rviz_plugins/share/stsl_rviz_plugins/local_setup.dsv
-- Installing: /home/ubuntu/rj_training_container/training_ws/install/stsl_rviz_plugins/share/stsl_rviz_plugins/package.dsv
-- Up-to-date: /home/ubuntu/rj_training_container/training_ws/install/stsl_rviz_plugins/share/ament_index/resource_index/packages/stsl_rviz_plugins
-- Up-to-date: /home/ubuntu/rj_training_container/training_ws/install/stsl_rviz_plugins/share/ament_index/resource_index/rviz_common__pluginlib__plugin/stsl_rviz_plugins
-- Up-to-date: /home/ubuntu/rj_training_container/training_ws/install/stsl_rviz_plugins/share/stsl_rviz_plugins/cmake/stsl_rviz_pluginsConfig.cmake
-- Up-to-date: /home/ubuntu/rj_training_container/training_ws/install/stsl_rviz_plugins/share/stsl_rviz_plugins/cmake/stsl_rviz_pluginsConfig-version.cmake
-- Up-to-date: /home/ubuntu/rj_training_container/training_ws/install/stsl_rviz_plugins/share/stsl_rviz_plugins/package.xml
