[6.901s] Invoking command in '/home/ubuntu/rj_training_container/training_ws/build/obstacle_detector': CMAKE_PREFIX_PATH=${CMAKE_PREFIX_PATH}:/home/ubuntu/rj_training_container/training_ws/install/keyboard:/opt/ros/humble /usr/bin/cmake --build /home/ubuntu/rj_training_container/training_ws/build/obstacle_detector -- -j16 -l16
[38.317s] [ 50%] Built target obstacle_detector
[38.931s] [100%] Built target obstacle_detector_node
[44.975s] Invoked command in '/home/ubuntu/rj_training_container/training_ws/build/obstacle_detector' returned '0': CMAKE_PREFIX_PATH=${CMAKE_PREFIX_PATH}:/home/ubuntu/rj_training_container/training_ws/install/keyboard:/opt/ros/humble /usr/bin/cmake --build /home/ubuntu/rj_training_container/training_ws/build/obstacle_detector -- -j16 -l16
[73.284s] Invoking command in '/home/ubuntu/rj_training_container/training_ws/build/obstacle_detector': CMAKE_PREFIX_PATH=${CMAKE_PREFIX_PATH}:/home/ubuntu/rj_training_container/training_ws/install/keyboard:/opt/ros/humble /usr/bin/cmake --install /home/ubuntu/rj_training_container/training_ws/build/obstacle_detector
[76.587s] -- Install configuration: ""
[76.701s] -- Up-to-date: /home/ubuntu/rj_training_container/training_ws/install/obstacle_detector/lib/obstacle_detector/obstacle_detector_node
[76.933s] -- Up-to-date: /home/ubuntu/rj_training_container/training_ws/install/obstacle_detector/lib/libobstacle_detector.so
[77.068s] -- Up-to-date: /home/ubuntu/rj_training_container/training_ws/install/obstacle_detector/share/obstacle_detector/launch
[77.168s] -- Up-to-date: /home/ubuntu/rj_training_container/training_ws/install/obstacle_detector/share/obstacle_detector/launch/obstacle_detector.launch.py
[77.218s] -- Up-to-date: /home/ubuntu/rj_training_container/training_ws/install/obstacle_detector/share/obstacle_detector/config
[77.312s] -- Up-to-date: /home/ubuntu/rj_training_container/training_ws/install/obstacle_detector/share/obstacle_detector/config/obstacle_detector_parameters.yaml
[77.416s] -- Up-to-date: /home/ubuntu/rj_training_container/training_ws/install/obstacle_detector/share/ament_index/resource_index/package_run_dependencies/obstacle_detector
[77.524s] -- Up-to-date: /home/ubuntu/rj_training_container/training_ws/install/obstacle_detector/share/ament_index/resource_index/parent_prefix_path/obstacle_detector
[77.568s] -- Up-to-date: /home/ubuntu/rj_training_container/training_ws/install/obstacle_detector/share/obstacle_detector/environment/ament_prefix_path.sh
[77.639s] -- Up-to-date: /home/ubuntu/rj_training_container/training_ws/install/obstacle_detector/share/obstacle_detector/environment/ament_prefix_path.dsv
[77.687s] -- Up-to-date: /home/ubuntu/rj_training_container/training_ws/install/obstacle_detector/share/obstacle_detector/environment/path.sh
[77.749s] -- Up-to-date: /home/ubuntu/rj_training_container/training_ws/install/obstacle_detector/share/obstacle_detector/environment/path.dsv
[77.808s] -- Up-to-date: /home/ubuntu/rj_training_container/training_ws/install/obstacle_detector/share/obstacle_detector/local_setup.bash
[77.870s] -- Up-to-date: /home/ubuntu/rj_training_container/training_ws/install/obstacle_detector/share/obstacle_detector/local_setup.sh
[77.933s] -- Up-to-date: /home/ubuntu/rj_training_container/training_ws/install/obstacle_detector/share/obstacle_detector/local_setup.zsh
[77.982s] -- Up-to-date: /home/ubuntu/rj_training_container/training_ws/install/obstacle_detector/share/obstacle_detector/local_setup.dsv
[78.034s] -- Installing: /home/ubuntu/rj_training_container/training_ws/install/obstacle_detector/share/obstacle_detector/package.dsv
[78.251s] -- Up-to-date: /home/ubuntu/rj_training_container/training_ws/install/obstacle_detector/share/ament_index/resource_index/packages/obstacle_detector
[78.353s] -- Up-to-date: /home/ubuntu/rj_training_container/training_ws/install/obstacle_detector/share/ament_index/resource_index/rclcpp_components/obstacle_detector
[78.417s] -- Up-to-date: /home/ubuntu/rj_training_container/training_ws/install/obstacle_detector/share/obstacle_detector/cmake/obstacle_detectorConfig.cmake
[78.473s] -- Up-to-date: /home/ubuntu/rj_training_container/training_ws/install/obstacle_detector/share/obstacle_detector/cmake/obstacle_detectorConfig-version.cmake
[78.550s] -- Up-to-date: /home/ubuntu/rj_training_container/training_ws/install/obstacle_detector/share/obstacle_detector/package.xml
[78.816s] Invoked command in '/home/ubuntu/rj_training_container/training_ws/build/obstacle_detector' returned '0': CMAKE_PREFIX_PATH=${CMAKE_PREFIX_PATH}:/home/ubuntu/rj_training_container/training_ws/install/keyboard:/opt/ros/humble /usr/bin/cmake --install /home/ubuntu/rj_training_container/training_ws/build/obstacle_detector
