[0.398s] Invoking command in '/home/ubuntu/rj_training_container/training_ws/build/traini_bringup': AMENT_PREFIX_PATH=/home/ubuntu/rj_training_container/training_ws/install/traini_gazebo:/home/ubuntu/rj_training_container/training_ws/install/stsl_aruco_tags:/home/ubuntu/rj_training_container/training_ws/install/traini_description:/home/ubuntu/rj_training_container/training_ws/install/stsl_interfaces:/home/ubuntu/rj_training_container/training_ws/install/stsl_gazebo_plugins:${AMENT_PREFIX_PATH} CMAKE_PREFIX_PATH=/home/ubuntu/rj_training_container/training_ws/install/traini_gazebo:/home/ubuntu/rj_training_container/training_ws/install/stsl_aruco_tags:/home/ubuntu/rj_training_container/training_ws/install/traini_description:/home/ubuntu/rj_training_container/training_ws/install/stsl_interfaces:/home/ubuntu/rj_training_container/training_ws/install/stsl_gazebo_plugins:/opt/ros/humble LD_LIBRARY_PATH=/home/ubuntu/rj_training_container/training_ws/install/stsl_aruco_tags/lib:/home/ubuntu/rj_training_container/training_ws/install/stsl_interfaces/lib:/home/ubuntu/rj_training_container/training_ws/install/stsl_gazebo_plugins/lib:${LD_LIBRARY_PATH} PYTHONPATH=/home/ubuntu/rj_training_container/training_ws/install/stsl_interfaces/local/lib/python3.10/dist-packages:${PYTHONPATH} /usr/bin/cmake /home/ubuntu/rj_training_container/training_ws/src/stsl/traini_bringup -DCMAKE_INSTALL_PREFIX=/home/ubuntu/rj_training_container/training_ws/install/traini_bringup
[2.491s] -- The C compiler identification is GNU 11.4.0
[3.615s] -- The CXX compiler identification is GNU 11.4.0
[3.810s] -- Detecting C compiler ABI info
[6.974s] -- Detecting C compiler ABI info - done
[7.013s] -- Check for working C compiler: /usr/bin/cc - skipped
[7.014s] -- Detecting C compile features
[7.015s] -- Detecting C compile features - done
[7.084s] -- Detecting CXX compiler ABI info
[10.011s] -- Detecting CXX compiler ABI info - done
[10.049s] -- Check for working CXX compiler: /usr/bin/c++ - skipped
[10.050s] -- Detecting CXX compile features
[10.059s] -- Detecting CXX compile features - done
[10.441s] -- Found ament_cmake: 1.3.10 (/opt/ros/humble/share/ament_cmake/cmake)
[13.248s] -- Found Python3: /usr/bin/python3 (found version "3.10.12") found components: Interpreter 
[18.912s] -- Found ament_lint_auto: 0.12.11 (/opt/ros/humble/share/ament_lint_auto/cmake)
[22.782s] -- Added test 'copyright' to check source files copyright and LICENSE
[24.051s] -- Added test 'flake8' to check Python code syntax and style conventions
[24.281s] -- Added test 'lint_cmake' to check CMake code style
[24.420s] -- Added test 'pep257' to check Python code against some of the docstring style conventions in PEP 257
[24.975s] -- Added test 'xmllint' to check XML markup files
[25.174s] -- Configuring done
[25.517s] -- Generating done
[25.597s] -- Build files have been written to: /home/ubuntu/rj_training_container/training_ws/build/traini_bringup
[25.605s] Invoked command in '/home/ubuntu/rj_training_container/training_ws/build/traini_bringup' returned '0': AMENT_PREFIX_PATH=/home/ubuntu/rj_training_container/training_ws/install/traini_gazebo:/home/ubuntu/rj_training_container/training_ws/install/stsl_aruco_tags:/home/ubuntu/rj_training_container/training_ws/install/traini_description:/home/ubuntu/rj_training_container/training_ws/install/stsl_interfaces:/home/ubuntu/rj_training_container/training_ws/install/stsl_gazebo_plugins:${AMENT_PREFIX_PATH} CMAKE_PREFIX_PATH=/home/ubuntu/rj_training_container/training_ws/install/traini_gazebo:/home/ubuntu/rj_training_container/training_ws/install/stsl_aruco_tags:/home/ubuntu/rj_training_container/training_ws/install/traini_description:/home/ubuntu/rj_training_container/training_ws/install/stsl_interfaces:/home/ubuntu/rj_training_container/training_ws/install/stsl_gazebo_plugins:/opt/ros/humble LD_LIBRARY_PATH=/home/ubuntu/rj_training_container/training_ws/install/stsl_aruco_tags/lib:/home/ubuntu/rj_training_container/training_ws/install/stsl_interfaces/lib:/home/ubuntu/rj_training_container/training_ws/install/stsl_gazebo_plugins/lib:${LD_LIBRARY_PATH} PYTHONPATH=/home/ubuntu/rj_training_container/training_ws/install/stsl_interfaces/local/lib/python3.10/dist-packages:${PYTHONPATH} /usr/bin/cmake /home/ubuntu/rj_training_container/training_ws/src/stsl/traini_bringup -DCMAKE_INSTALL_PREFIX=/home/ubuntu/rj_training_container/training_ws/install/traini_bringup
[25.622s] Invoking command in '/home/ubuntu/rj_training_container/training_ws/build/traini_bringup': AMENT_PREFIX_PATH=/home/ubuntu/rj_training_container/training_ws/install/traini_gazebo:/home/ubuntu/rj_training_container/training_ws/install/stsl_aruco_tags:/home/ubuntu/rj_training_container/training_ws/install/traini_description:/home/ubuntu/rj_training_container/training_ws/install/stsl_interfaces:/home/ubuntu/rj_training_container/training_ws/install/stsl_gazebo_plugins:${AMENT_PREFIX_PATH} CMAKE_PREFIX_PATH=/home/ubuntu/rj_training_container/training_ws/install/traini_gazebo:/home/ubuntu/rj_training_container/training_ws/install/stsl_aruco_tags:/home/ubuntu/rj_training_container/training_ws/install/traini_description:/home/ubuntu/rj_training_container/training_ws/install/stsl_interfaces:/home/ubuntu/rj_training_container/training_ws/install/stsl_gazebo_plugins:/opt/ros/humble LD_LIBRARY_PATH=/home/ubuntu/rj_training_container/training_ws/install/stsl_aruco_tags/lib:/home/ubuntu/rj_training_container/training_ws/install/stsl_interfaces/lib:/home/ubuntu/rj_training_container/training_ws/install/stsl_gazebo_plugins/lib:${LD_LIBRARY_PATH} PYTHONPATH=/home/ubuntu/rj_training_container/training_ws/install/stsl_interfaces/local/lib/python3.10/dist-packages:${PYTHONPATH} /usr/bin/cmake --build /home/ubuntu/rj_training_container/training_ws/build/traini_bringup -- -j16 -l16
[27.678s] Invoked command in '/home/ubuntu/rj_training_container/training_ws/build/traini_bringup' returned '0': AMENT_PREFIX_PATH=/home/ubuntu/rj_training_container/training_ws/install/traini_gazebo:/home/ubuntu/rj_training_container/training_ws/install/stsl_aruco_tags:/home/ubuntu/rj_training_container/training_ws/install/traini_description:/home/ubuntu/rj_training_container/training_ws/install/stsl_interfaces:/home/ubuntu/rj_training_container/training_ws/install/stsl_gazebo_plugins:${AMENT_PREFIX_PATH} CMAKE_PREFIX_PATH=/home/ubuntu/rj_training_container/training_ws/install/traini_gazebo:/home/ubuntu/rj_training_container/training_ws/install/stsl_aruco_tags:/home/ubuntu/rj_training_container/training_ws/install/traini_description:/home/ubuntu/rj_training_container/training_ws/install/stsl_interfaces:/home/ubuntu/rj_training_container/training_ws/install/stsl_gazebo_plugins:/opt/ros/humble LD_LIBRARY_PATH=/home/ubuntu/rj_training_container/training_ws/install/stsl_aruco_tags/lib:/home/ubuntu/rj_training_container/training_ws/install/stsl_interfaces/lib:/home/ubuntu/rj_training_container/training_ws/install/stsl_gazebo_plugins/lib:${LD_LIBRARY_PATH} PYTHONPATH=/home/ubuntu/rj_training_container/training_ws/install/stsl_interfaces/local/lib/python3.10/dist-packages:${PYTHONPATH} /usr/bin/cmake --build /home/ubuntu/rj_training_container/training_ws/build/traini_bringup -- -j16 -l16
[27.752s] Invoking command in '/home/ubuntu/rj_training_container/training_ws/build/traini_bringup': AMENT_PREFIX_PATH=/home/ubuntu/rj_training_container/training_ws/install/traini_gazebo:/home/ubuntu/rj_training_container/training_ws/install/stsl_aruco_tags:/home/ubuntu/rj_training_container/training_ws/install/traini_description:/home/ubuntu/rj_training_container/training_ws/install/stsl_interfaces:/home/ubuntu/rj_training_container/training_ws/install/stsl_gazebo_plugins:${AMENT_PREFIX_PATH} CMAKE_PREFIX_PATH=/home/ubuntu/rj_training_container/training_ws/install/traini_gazebo:/home/ubuntu/rj_training_container/training_ws/install/stsl_aruco_tags:/home/ubuntu/rj_training_container/training_ws/install/traini_description:/home/ubuntu/rj_training_container/training_ws/install/stsl_interfaces:/home/ubuntu/rj_training_container/training_ws/install/stsl_gazebo_plugins:/opt/ros/humble LD_LIBRARY_PATH=/home/ubuntu/rj_training_container/training_ws/install/stsl_aruco_tags/lib:/home/ubuntu/rj_training_container/training_ws/install/stsl_interfaces/lib:/home/ubuntu/rj_training_container/training_ws/install/stsl_gazebo_plugins/lib:${LD_LIBRARY_PATH} PYTHONPATH=/home/ubuntu/rj_training_container/training_ws/install/stsl_interfaces/local/lib/python3.10/dist-packages:${PYTHONPATH} /usr/bin/cmake --install /home/ubuntu/rj_training_container/training_ws/build/traini_bringup
[28.172s] -- Install configuration: ""
[28.182s] -- Installing: /home/ubuntu/rj_training_container/training_ws/install/traini_bringup/share/traini_bringup/launch
[28.244s] -- Installing: /home/ubuntu/rj_training_container/training_ws/install/traini_bringup/share/traini_bringup/launch/joystick_control.launch.py
[28.340s] -- Installing: /home/ubuntu/rj_training_container/training_ws/install/traini_bringup/share/traini_bringup/launch/mineral_deposit_detector.launch.py
[28.454s] -- Installing: /home/ubuntu/rj_training_container/training_ws/install/traini_bringup/share/traini_bringup/launch/tag_detector.launch.py
[28.559s] -- Installing: /home/ubuntu/rj_training_container/training_ws/install/traini_bringup/share/traini_bringup/launch/traini_simulation.launch.py
[28.656s] -- Installing: /home/ubuntu/rj_training_container/training_ws/install/traini_bringup/share/traini_bringup/config
[28.701s] -- Installing: /home/ubuntu/rj_training_container/training_ws/install/traini_bringup/share/traini_bringup/config/joystick_params_playstation.yaml
[28.791s] -- Installing: /home/ubuntu/rj_training_container/training_ws/install/traini_bringup/share/traini_bringup/config/joystick_params_xbox.yaml
[28.922s] -- Installing: /home/ubuntu/rj_training_container/training_ws/install/traini_bringup/share/ament_index/resource_index/package_run_dependencies/traini_bringup
[29.067s] -- Installing: /home/ubuntu/rj_training_container/training_ws/install/traini_bringup/share/ament_index/resource_index/parent_prefix_path/traini_bringup
[29.196s] -- Installing: /home/ubuntu/rj_training_container/training_ws/install/traini_bringup/share/traini_bringup/environment/ament_prefix_path.sh
[29.276s] -- Installing: /home/ubuntu/rj_training_container/training_ws/install/traini_bringup/share/traini_bringup/environment/ament_prefix_path.dsv
[29.360s] -- Installing: /home/ubuntu/rj_training_container/training_ws/install/traini_bringup/share/traini_bringup/environment/path.sh
[29.437s] -- Installing: /home/ubuntu/rj_training_container/training_ws/install/traini_bringup/share/traini_bringup/environment/path.dsv
[29.517s] -- Installing: /home/ubuntu/rj_training_container/training_ws/install/traini_bringup/share/traini_bringup/local_setup.bash
[29.602s] -- Installing: /home/ubuntu/rj_training_container/training_ws/install/traini_bringup/share/traini_bringup/local_setup.sh
[29.692s] -- Installing: /home/ubuntu/rj_training_container/training_ws/install/traini_bringup/share/traini_bringup/local_setup.zsh
[29.778s] -- Installing: /home/ubuntu/rj_training_container/training_ws/install/traini_bringup/share/traini_bringup/local_setup.dsv
[29.854s] -- Installing: /home/ubuntu/rj_training_container/training_ws/install/traini_bringup/share/traini_bringup/package.dsv
[29.967s] -- Installing: /home/ubuntu/rj_training_container/training_ws/install/traini_bringup/share/ament_index/resource_index/packages/traini_bringup
[30.093s] -- Installing: /home/ubuntu/rj_training_container/training_ws/install/traini_bringup/share/traini_bringup/cmake/traini_bringupConfig.cmake
[30.182s] -- Installing: /home/ubuntu/rj_training_container/training_ws/install/traini_bringup/share/traini_bringup/cmake/traini_bringupConfig-version.cmake
[30.281s] -- Installing: /home/ubuntu/rj_training_container/training_ws/install/traini_bringup/share/traini_bringup/package.xml
[30.354s] Invoked command in '/home/ubuntu/rj_training_container/training_ws/build/traini_bringup' returned '0': AMENT_PREFIX_PATH=/home/ubuntu/rj_training_container/training_ws/install/traini_gazebo:/home/ubuntu/rj_training_container/training_ws/install/stsl_aruco_tags:/home/ubuntu/rj_training_container/training_ws/install/traini_description:/home/ubuntu/rj_training_container/training_ws/install/stsl_interfaces:/home/ubuntu/rj_training_container/training_ws/install/stsl_gazebo_plugins:${AMENT_PREFIX_PATH} CMAKE_PREFIX_PATH=/home/ubuntu/rj_training_container/training_ws/install/traini_gazebo:/home/ubuntu/rj_training_container/training_ws/install/stsl_aruco_tags:/home/ubuntu/rj_training_container/training_ws/install/traini_description:/home/ubuntu/rj_training_container/training_ws/install/stsl_interfaces:/home/ubuntu/rj_training_container/training_ws/install/stsl_gazebo_plugins:/opt/ros/humble LD_LIBRARY_PATH=/home/ubuntu/rj_training_container/training_ws/install/stsl_aruco_tags/lib:/home/ubuntu/rj_training_container/training_ws/install/stsl_interfaces/lib:/home/ubuntu/rj_training_container/training_ws/install/stsl_gazebo_plugins/lib:${LD_LIBRARY_PATH} PYTHONPATH=/home/ubuntu/rj_training_container/training_ws/install/stsl_interfaces/local/lib/python3.10/dist-packages:${PYTHONPATH} /usr/bin/cmake --install /home/ubuntu/rj_training_container/training_ws/build/traini_bringup
