[3.624s] Invoking command in '/home/ubuntu/rj_training_container/training_ws/build/astar_path_planner': CMAKE_PREFIX_PATH=${CMAKE_PREFIX_PATH}:/home/ubuntu/rj_training_container/training_ws/install/keyboard:/opt/ros/humble /usr/bin/cmake --build /home/ubuntu/rj_training_container/training_ws/build/astar_path_planner -- -j16 -l16
[31.759s] [100%] Built target astar_path_planner
[37.097s] Invoked command in '/home/ubuntu/rj_training_container/training_ws/build/astar_path_planner' returned '0': CMAKE_PREFIX_PATH=${CMAKE_PREFIX_PATH}:/home/ubuntu/rj_training_container/training_ws/install/keyboard:/opt/ros/humble /usr/bin/cmake --build /home/ubuntu/rj_training_container/training_ws/build/astar_path_planner -- -j16 -l16
[71.233s] Invoking command in '/home/ubuntu/rj_training_container/training_ws/build/astar_path_planner': CMAKE_PREFIX_PATH=${CMAKE_PREFIX_PATH}:/home/ubuntu/rj_training_container/training_ws/install/keyboard:/opt/ros/humble /usr/bin/cmake --install /home/ubuntu/rj_training_container/training_ws/build/astar_path_planner
[74.431s] -- Install configuration: ""
[74.532s] -- Up-to-date: /home/ubuntu/rj_training_container/training_ws/install/astar_path_planner/lib/libastar_path_planner.so
[74.678s] -- Up-to-date: /home/ubuntu/rj_training_container/training_ws/install/astar_path_planner/share/astar_path_planner/astar_path_planner_libraries.xml
[74.775s] -- Up-to-date: /home/ubuntu/rj_training_container/training_ws/install/astar_path_planner/share/ament_index/resource_index/package_run_dependencies/astar_path_planner
[74.876s] -- Up-to-date: /home/ubuntu/rj_training_container/training_ws/install/astar_path_planner/share/ament_index/resource_index/parent_prefix_path/astar_path_planner
[74.928s] -- Up-to-date: /home/ubuntu/rj_training_container/training_ws/install/astar_path_planner/share/astar_path_planner/environment/ament_prefix_path.sh
[74.995s] -- Up-to-date: /home/ubuntu/rj_training_container/training_ws/install/astar_path_planner/share/astar_path_planner/environment/ament_prefix_path.dsv
[75.041s] -- Up-to-date: /home/ubuntu/rj_training_container/training_ws/install/astar_path_planner/share/astar_path_planner/environment/path.sh
[75.097s] -- Up-to-date: /home/ubuntu/rj_training_container/training_ws/install/astar_path_planner/share/astar_path_planner/environment/path.dsv
[75.159s] -- Up-to-date: /home/ubuntu/rj_training_container/training_ws/install/astar_path_planner/share/astar_path_planner/local_setup.bash
[75.217s] -- Up-to-date: /home/ubuntu/rj_training_container/training_ws/install/astar_path_planner/share/astar_path_planner/local_setup.sh
[75.272s] -- Up-to-date: /home/ubuntu/rj_training_container/training_ws/install/astar_path_planner/share/astar_path_planner/local_setup.zsh
[75.325s] -- Up-to-date: /home/ubuntu/rj_training_container/training_ws/install/astar_path_planner/share/astar_path_planner/local_setup.dsv
[75.378s] -- Installing: /home/ubuntu/rj_training_container/training_ws/install/astar_path_planner/share/astar_path_planner/package.dsv
[75.594s] -- Up-to-date: /home/ubuntu/rj_training_container/training_ws/install/astar_path_planner/share/ament_index/resource_index/packages/astar_path_planner
[75.688s] -- Up-to-date: /home/ubuntu/rj_training_container/training_ws/install/astar_path_planner/share/ament_index/resource_index/nav2_core__pluginlib__plugin/astar_path_planner
[75.747s] -- Up-to-date: /home/ubuntu/rj_training_container/training_ws/install/astar_path_planner/share/astar_path_planner/cmake/ament_cmake_export_include_directories-extras.cmake
[75.801s] -- Up-to-date: /home/ubuntu/rj_training_container/training_ws/install/astar_path_planner/share/astar_path_planner/cmake/ament_cmake_export_dependencies-extras.cmake
[75.858s] -- Up-to-date: /home/ubuntu/rj_training_container/training_ws/install/astar_path_planner/share/astar_path_planner/cmake/astar_path_plannerConfig.cmake
[75.907s] -- Up-to-date: /home/ubuntu/rj_training_container/training_ws/install/astar_path_planner/share/astar_path_planner/cmake/astar_path_plannerConfig-version.cmake
[75.974s] -- Up-to-date: /home/ubuntu/rj_training_container/training_ws/install/astar_path_planner/share/astar_path_planner/package.xml
[75.997s] Invoked command in '/home/ubuntu/rj_training_container/training_ws/build/astar_path_planner' returned '0': CMAKE_PREFIX_PATH=${CMAKE_PREFIX_PATH}:/home/ubuntu/rj_training_container/training_ws/install/keyboard:/opt/ros/humble /usr/bin/cmake --install /home/ubuntu/rj_training_container/training_ws/build/astar_path_planner
