[35m[1mConsolidate compiler generated dependencies of target stsl_interfaces__rosidl_generator_c[0m
[  1%] Built target stsl_interfaces__cpp
[ 12%] Built target stsl_interfaces__rosidl_generator_c
[35m[1mConsolidate compiler generated dependencies of target stsl_interfaces__rosidl_typesupport_introspection_cpp[0m
[35m[1mConsolidate compiler generated dependencies of target stsl_interfaces__rosidl_typesupport_cpp[0m
[35m[1mConsolidate compiler generated dependencies of target stsl_interfaces__rosidl_typesupport_fastrtps_cpp[0m
[ 12%] Built target ament_cmake_python_copy_stsl_interfaces
[35m[1mConsolidate compiler generated dependencies of target stsl_interfaces__rosidl_typesupport_c[0m
[35m[1mConsolidate compiler generated dependencies of target stsl_interfaces__rosidl_typesupport_fastrtps_c[0m
[35m[1mConsolidate compiler generated dependencies of target stsl_interfaces__rosidl_typesupport_introspection_c[0m
[ 29%] Built target stsl_interfaces__rosidl_typesupport_cpp
[ 35%] Built target stsl_interfaces__rosidl_typesupport_introspection_cpp
[ 47%] Built target stsl_interfaces__rosidl_typesupport_fastrtps_cpp
[ 48%] [32mBuilding CXX object CMakeFiles/stsl_interfaces__rosidl_typesupport_c.dir/rosidl_typesupport_c/stsl_interfaces/msg/mineral_deposit__type_support.cpp.o[0m
[ 49%] [32mBuilding C object CMakeFiles/stsl_interfaces__rosidl_typesupport_introspection_c.dir/rosidl_typesupport_introspection_c/stsl_interfaces/msg/detail/mineral_deposit_array__type_support.c.o[0m
[ 50%] [32mBuilding CXX object CMakeFiles/stsl_interfaces__rosidl_typesupport_fastrtps_c.dir/rosidl_typesupport_fastrtps_c/stsl_interfaces/srv/detail/reset_mineral_deposit_tracking__type_support_c.cpp.o[0m
[ 51%] [32mBuilding CXX object CMakeFiles/stsl_interfaces__rosidl_typesupport_c.dir/rosidl_typesupport_c/stsl_interfaces/action/park_at_peak__type_support.cpp.o[0m
[ 52%] [32mBuilding C object CMakeFiles/stsl_interfaces__rosidl_typesupport_introspection_c.dir/rosidl_typesupport_introspection_c/stsl_interfaces/action/detail/park_at_peak__type_support.c.o[0m
[ 53%] [32mBuilding CXX object CMakeFiles/stsl_interfaces__rosidl_typesupport_fastrtps_c.dir/rosidl_typesupport_fastrtps_c/stsl_interfaces/action/detail/park_at_peak__type_support_c.cpp.o[0m
[ 54%] [32mBuilding CXX object CMakeFiles/stsl_interfaces__rosidl_typesupport_c.dir/rosidl_typesupport_c/stsl_interfaces/action/execute_mission__type_support.cpp.o[0m
[ 55%] [32mBuilding C object CMakeFiles/stsl_interfaces__rosidl_typesupport_introspection_c.dir/rosidl_typesupport_introspection_c/stsl_interfaces/action/detail/execute_mission__type_support.c.o[0m
[ 56%] [32mBuilding CXX object CMakeFiles/stsl_interfaces__rosidl_typesupport_fastrtps_c.dir/rosidl_typesupport_fastrtps_c/stsl_interfaces/action/detail/execute_mission__type_support_c.cpp.o[0m
[ 57%] [32mBuilding CXX object CMakeFiles/stsl_interfaces__rosidl_typesupport_c.dir/rosidl_typesupport_c/stsl_interfaces/srv/sample_elevation__type_support.cpp.o[0m
[ 58%] [32mBuilding C object CMakeFiles/stsl_interfaces__rosidl_typesupport_introspection_c.dir/rosidl_typesupport_introspection_c/stsl_interfaces/msg/detail/tag_array__type_support.c.o[0m
[ 60%] [32mBuilding CXX object CMakeFiles/stsl_interfaces__rosidl_typesupport_fastrtps_c.dir/rosidl_typesupport_fastrtps_c/stsl_interfaces/srv/detail/sample_elevation__type_support_c.cpp.o[0m
[ 61%] [32mBuilding CXX object CMakeFiles/stsl_interfaces__rosidl_typesupport_c.dir/rosidl_typesupport_c/stsl_interfaces/srv/reset_mineral_deposit_tracking__type_support.cpp.o[0m
[ 62%] [32m[1mLinking C shared library libstsl_interfaces__rosidl_typesupport_introspection_c.so[0m
[ 63%] [32m[1mLinking CXX shared library libstsl_interfaces__rosidl_typesupport_fastrtps_c.so[0m
[ 64%] [32mBuilding CXX object CMakeFiles/stsl_interfaces__rosidl_typesupport_c.dir/rosidl_typesupport_c/stsl_interfaces/msg/tag__type_support.cpp.o[0m
[ 65%] [32mBuilding CXX object CMakeFiles/stsl_interfaces__rosidl_typesupport_c.dir/rosidl_typesupport_c/stsl_interfaces/msg/mineral_deposit_sample__type_support.cpp.o[0m
[ 71%] Built target stsl_interfaces__rosidl_typesupport_introspection_c
[ 72%] [32mBuilding CXX object CMakeFiles/stsl_interfaces__rosidl_typesupport_c.dir/rosidl_typesupport_c/stsl_interfaces/msg/mineral_deposit_array__type_support.cpp.o[0m
[ 78%] Built target stsl_interfaces__rosidl_typesupport_fastrtps_c
[ 80%] [32m[1mLinking CXX shared library libstsl_interfaces__rosidl_typesupport_c.so[0m
running egg_info
writing stsl_interfaces.egg-info/PKG-INFO
writing dependency_links to stsl_interfaces.egg-info/dependency_links.txt
writing top-level names to stsl_interfaces.egg-info/top_level.txt
reading manifest file 'stsl_interfaces.egg-info/SOURCES.txt'
writing manifest file 'stsl_interfaces.egg-info/SOURCES.txt'
[ 80%] Built target ament_cmake_python_build_stsl_interfaces_egg
[ 82%] Built target stsl_interfaces__rosidl_typesupport_c
