[8.074s] Invoking command in '/home/ubuntu/rj_training_container/training_ws/build/stsl_interfaces': CMAKE_PREFIX_PATH=${CMAKE_PREFIX_PATH}:/home/ubuntu/rj_training_container/training_ws/install/keyboard:/opt/ros/humble /usr/bin/cmake --build /home/ubuntu/rj_training_container/training_ws/build/stsl_interfaces -- -j16 -l16
[49.426s] [35m[1mConsolidate compiler generated dependencies of target stsl_interfaces__rosidl_generator_c[0m
[52.705s] [  1%] Built target stsl_interfaces__cpp
[65.807s] [ 12%] Built target stsl_interfaces__rosidl_generator_c
[68.389s] [35m[1mConsolidate compiler generated dependencies of target stsl_interfaces__rosidl_typesupport_introspection_cpp[0m
[68.678s] [35m[1mConsolidate compiler generated dependencies of target stsl_interfaces__rosidl_typesupport_cpp[0m
[68.970s] [35m[1mConsolidate compiler generated dependencies of target stsl_interfaces__rosidl_typesupport_fastrtps_cpp[0m
[70.490s] [ 12%] Built target ament_cmake_python_copy_stsl_interfaces
[75.104s] gmake[2]: Warning: File 'CMakeFiles/stsl_interfaces__rosidl_typesupport_cpp.dir/compiler_depend.make' has modification time 1.2 s in the future
[75.491s] gmake[2]: Warning: File 'CMakeFiles/stsl_interfaces__rosidl_typesupport_introspection_cpp.dir/compiler_depend.make' has modification time 0.66 s in the future
[75.802s] gmake[2]: warning:  Clock skew detected.  Your build may be incomplete.
[76.315s] gmake[2]: warning:  Clock skew detected.  Your build may be incomplete.
[76.832s] gmake[2]: Warning: File 'CMakeFiles/stsl_interfaces__rosidl_typesupport_fastrtps_cpp.dir/compiler_depend.make' has modification time 0.46 s in the future
[77.866s] gmake[2]: warning:  Clock skew detected.  Your build may be incomplete.
[79.804s] [35m[1mConsolidate compiler generated dependencies of target stsl_interfaces__rosidl_typesupport_c[0m
[80.156s] [35m[1mConsolidate compiler generated dependencies of target stsl_interfaces__rosidl_typesupport_fastrtps_c[0m
[81.481s] [35m[1mConsolidate compiler generated dependencies of target stsl_interfaces__rosidl_typesupport_introspection_c[0m
[84.695s] [ 29%] Built target stsl_interfaces__rosidl_typesupport_cpp
[84.801s] [ 35%] Built target stsl_interfaces__rosidl_typesupport_introspection_cpp
[86.651s] [ 47%] Built target stsl_interfaces__rosidl_typesupport_fastrtps_cpp
[91.495s] [ 48%] [32mBuilding CXX object CMakeFiles/stsl_interfaces__rosidl_typesupport_c.dir/rosidl_typesupport_c/stsl_interfaces/msg/mineral_deposit__type_support.cpp.o[0m
[92.814s] [ 49%] [32mBuilding C object CMakeFiles/stsl_interfaces__rosidl_typesupport_introspection_c.dir/rosidl_typesupport_introspection_c/stsl_interfaces/msg/detail/mineral_deposit_array__type_support.c.o[0m
[94.298s] [ 50%] [32mBuilding CXX object CMakeFiles/stsl_interfaces__rosidl_typesupport_fastrtps_c.dir/rosidl_typesupport_fastrtps_c/stsl_interfaces/srv/detail/reset_mineral_deposit_tracking__type_support_c.cpp.o[0m
[106.128s] [ 51%] [32mBuilding CXX object CMakeFiles/stsl_interfaces__rosidl_typesupport_c.dir/rosidl_typesupport_c/stsl_interfaces/action/park_at_peak__type_support.cpp.o[0m
[108.942s] [ 52%] [32mBuilding C object CMakeFiles/stsl_interfaces__rosidl_typesupport_introspection_c.dir/rosidl_typesupport_introspection_c/stsl_interfaces/action/detail/park_at_peak__type_support.c.o[0m
[113.096s] [ 53%] [32mBuilding CXX object CMakeFiles/stsl_interfaces__rosidl_typesupport_fastrtps_c.dir/rosidl_typesupport_fastrtps_c/stsl_interfaces/action/detail/park_at_peak__type_support_c.cpp.o[0m
[120.500s] [ 54%] [32mBuilding CXX object CMakeFiles/stsl_interfaces__rosidl_typesupport_c.dir/rosidl_typesupport_c/stsl_interfaces/action/execute_mission__type_support.cpp.o[0m
[123.804s] [ 55%] [32mBuilding C object CMakeFiles/stsl_interfaces__rosidl_typesupport_introspection_c.dir/rosidl_typesupport_introspection_c/stsl_interfaces/action/detail/execute_mission__type_support.c.o[0m
[129.114s] [ 56%] [32mBuilding CXX object CMakeFiles/stsl_interfaces__rosidl_typesupport_fastrtps_c.dir/rosidl_typesupport_fastrtps_c/stsl_interfaces/action/detail/execute_mission__type_support_c.cpp.o[0m
[135.466s] [ 57%] [32mBuilding CXX object CMakeFiles/stsl_interfaces__rosidl_typesupport_c.dir/rosidl_typesupport_c/stsl_interfaces/srv/sample_elevation__type_support.cpp.o[0m
[140.461s] [ 58%] [32mBuilding C object CMakeFiles/stsl_interfaces__rosidl_typesupport_introspection_c.dir/rosidl_typesupport_introspection_c/stsl_interfaces/msg/detail/tag_array__type_support.c.o[0m
[146.200s] [ 60%] [32mBuilding CXX object CMakeFiles/stsl_interfaces__rosidl_typesupport_fastrtps_c.dir/rosidl_typesupport_fastrtps_c/stsl_interfaces/srv/detail/sample_elevation__type_support_c.cpp.o[0m
[148.564s] [ 61%] [32mBuilding CXX object CMakeFiles/stsl_interfaces__rosidl_typesupport_c.dir/rosidl_typesupport_c/stsl_interfaces/srv/reset_mineral_deposit_tracking__type_support.cpp.o[0m
[154.192s] [ 62%] [32m[1mLinking C shared library libstsl_interfaces__rosidl_typesupport_introspection_c.so[0m
[161.308s] [ 63%] [32m[1mLinking CXX shared library libstsl_interfaces__rosidl_typesupport_fastrtps_c.so[0m
[161.505s] [ 64%] [32mBuilding CXX object CMakeFiles/stsl_interfaces__rosidl_typesupport_c.dir/rosidl_typesupport_c/stsl_interfaces/msg/tag__type_support.cpp.o[0m
[161.654s] [ 65%] [32mBuilding CXX object CMakeFiles/stsl_interfaces__rosidl_typesupport_c.dir/rosidl_typesupport_c/stsl_interfaces/msg/mineral_deposit_sample__type_support.cpp.o[0m
[171.409s] [ 71%] Built target stsl_interfaces__rosidl_typesupport_introspection_c
[172.220s] [ 72%] [32mBuilding CXX object CMakeFiles/stsl_interfaces__rosidl_typesupport_c.dir/rosidl_typesupport_c/stsl_interfaces/msg/mineral_deposit_array__type_support.cpp.o[0m
[177.745s] [ 78%] Built target stsl_interfaces__rosidl_typesupport_fastrtps_c
[182.451s] [ 80%] [32m[1mLinking CXX shared library libstsl_interfaces__rosidl_typesupport_c.so[0m
[184.789s] running egg_info
[184.795s] writing stsl_interfaces.egg-info/PKG-INFO
[184.806s] writing dependency_links to stsl_interfaces.egg-info/dependency_links.txt
[184.818s] writing top-level names to stsl_interfaces.egg-info/top_level.txt
[184.933s] reading manifest file 'stsl_interfaces.egg-info/SOURCES.txt'
[185.067s] writing manifest file 'stsl_interfaces.egg-info/SOURCES.txt'
[188.839s] [ 80%] Built target ament_cmake_python_build_stsl_interfaces_egg
[192.337s] [ 82%] Built target stsl_interfaces__rosidl_typesupport_c
