[ 50%] Built target joystick_package_JoystickDriver
[100%] Built target joystick_package
-- Install configuration: ""
-- Up-to-date: /home/ubuntu/rj_training_container/training_ws/install/joystick_package/lib/joystick_package/joystick_package_JoystickDriver
-- Up-to-date: /home/ubuntu/rj_training_container/training_ws/install/joystick_package/share/joystick_package//launch
-- Up-to-date: /home/ubuntu/rj_training_container/training_ws/install/joystick_package/share/joystick_package//launch/joystick.launch.py
-- Up-to-date: /home/ubuntu/rj_training_container/training_ws/install/joystick_package/share/joystick_package//config
-- Up-to-date: /home/ubuntu/rj_training_container/training_ws/install/joystick_package/share/joystick_package//config/joystick_driver_params.yaml
-- Up-to-date: /home/ubuntu/rj_training_container/training_ws/install/joystick_package/lib/libjoystick_package.so
-- Up-to-date: /home/ubuntu/rj_training_container/training_ws/install/joystick_package/share/joystick_package/environment/library_path.sh
-- Up-to-date: /home/ubuntu/rj_training_container/training_ws/install/joystick_package/share/joystick_package/environment/library_path.dsv
-- Up-to-date: /home/ubuntu/rj_training_container/training_ws/install/joystick_package/share/ament_index/resource_index/package_run_dependencies/joystick_package
-- Up-to-date: /home/ubuntu/rj_training_container/training_ws/install/joystick_package/share/ament_index/resource_index/parent_prefix_path/joystick_package
-- Up-to-date: /home/ubuntu/rj_training_container/training_ws/install/joystick_package/share/joystick_package/environment/ament_prefix_path.sh
-- Up-to-date: /home/ubuntu/rj_training_container/training_ws/install/joystick_package/share/joystick_package/environment/ament_prefix_path.dsv
-- Up-to-date: /home/ubuntu/rj_training_container/training_ws/install/joystick_package/share/joystick_package/environment/path.sh
-- Up-to-date: /home/ubuntu/rj_training_container/training_ws/install/joystick_package/share/joystick_package/environment/path.dsv
-- Up-to-date: /home/ubuntu/rj_training_container/training_ws/install/joystick_package/share/joystick_package/local_setup.bash
-- Up-to-date: /home/ubuntu/rj_training_container/training_ws/install/joystick_package/share/joystick_package/local_setup.sh
-- Up-to-date: /home/ubuntu/rj_training_container/training_ws/install/joystick_package/share/joystick_package/local_setup.zsh
-- Up-to-date: /home/ubuntu/rj_training_container/training_ws/install/joystick_package/share/joystick_package/local_setup.dsv
-- Installing: /home/ubuntu/rj_training_container/training_ws/install/joystick_package/share/joystick_package/package.dsv
-- Up-to-date: /home/ubuntu/rj_training_container/training_ws/install/joystick_package/share/ament_index/resource_index/packages/joystick_package
-- Up-to-date: /home/ubuntu/rj_training_container/training_ws/install/joystick_package/share/ament_index/resource_index/rclcpp_components/joystick_package
-- Up-to-date: /home/ubuntu/rj_training_container/training_ws/install/joystick_package/share/joystick_package/cmake/ament_cmake_export_include_directories-extras.cmake
-- Up-to-date: /home/ubuntu/rj_training_container/training_ws/install/joystick_package/share/joystick_package/cmake/ament_cmake_export_libraries-extras.cmake
-- Up-to-date: /home/ubuntu/rj_training_container/training_ws/install/joystick_package/share/joystick_package/cmake/ament_cmake_export_dependencies-extras.cmake
-- Up-to-date: /home/ubuntu/rj_training_container/training_ws/install/joystick_package/share/joystick_package/cmake/joystick_packageConfig.cmake
-- Up-to-date: /home/ubuntu/rj_training_container/training_ws/install/joystick_package/share/joystick_package/cmake/joystick_packageConfig-version.cmake
-- Up-to-date: /home/ubuntu/rj_training_container/training_ws/install/joystick_package/share/joystick_package/package.xml
