[0.163s] Invoking command in '/home/ubuntu/rj_training_container/training_ws/build/joystick_package': AMENT_PREFIX_PATH=/home/ubuntu/rj_training_container/training_ws/install/joystick_msgs:${AMENT_PREFIX_PATH} CMAKE_PREFIX_PATH=/home/ubuntu/rj_training_container/training_ws/install/joystick_msgs:/opt/ros/humble LD_LIBRARY_PATH=/home/ubuntu/rj_training_container/training_ws/install/joystick_msgs/lib:${LD_LIBRARY_PATH} PYTHONPATH=/home/ubuntu/rj_training_container/training_ws/install/joystick_msgs/local/lib/python3.10/dist-packages:${PYTHONPATH} /usr/bin/cmake --build /home/ubuntu/rj_training_container/training_ws/build/joystick_package -- -j16 -l16
[1.211s] [ 50%] Built target joystick_package_JoystickDriver
[1.284s] [100%] Built target joystick_package
[1.438s] Invoked command in '/home/ubuntu/rj_training_container/training_ws/build/joystick_package' returned '0': AMENT_PREFIX_PATH=/home/ubuntu/rj_training_container/training_ws/install/joystick_msgs:${AMENT_PREFIX_PATH} CMAKE_PREFIX_PATH=/home/ubuntu/rj_training_container/training_ws/install/joystick_msgs:/opt/ros/humble LD_LIBRARY_PATH=/home/ubuntu/rj_training_container/training_ws/install/joystick_msgs/lib:${LD_LIBRARY_PATH} PYTHONPATH=/home/ubuntu/rj_training_container/training_ws/install/joystick_msgs/local/lib/python3.10/dist-packages:${PYTHONPATH} /usr/bin/cmake --build /home/ubuntu/rj_training_container/training_ws/build/joystick_package -- -j16 -l16
[1.508s] Invoking command in '/home/ubuntu/rj_training_container/training_ws/build/joystick_package': AMENT_PREFIX_PATH=/home/ubuntu/rj_training_container/training_ws/install/joystick_msgs:${AMENT_PREFIX_PATH} CMAKE_PREFIX_PATH=/home/ubuntu/rj_training_container/training_ws/install/joystick_msgs:/opt/ros/humble LD_LIBRARY_PATH=/home/ubuntu/rj_training_container/training_ws/install/joystick_msgs/lib:${LD_LIBRARY_PATH} PYTHONPATH=/home/ubuntu/rj_training_container/training_ws/install/joystick_msgs/local/lib/python3.10/dist-packages:${PYTHONPATH} /usr/bin/cmake --install /home/ubuntu/rj_training_container/training_ws/build/joystick_package
[1.636s] -- Install configuration: ""
[1.687s] -- Up-to-date: /home/ubuntu/rj_training_container/training_ws/install/joystick_package/lib/joystick_package/joystick_package_JoystickDriver
[1.753s] -- Up-to-date: /home/ubuntu/rj_training_container/training_ws/install/joystick_package/share/joystick_package//launch
[1.805s] -- Up-to-date: /home/ubuntu/rj_training_container/training_ws/install/joystick_package/share/joystick_package//launch/joystick.launch.py
[1.821s] -- Up-to-date: /home/ubuntu/rj_training_container/training_ws/install/joystick_package/share/joystick_package//config
[1.866s] -- Up-to-date: /home/ubuntu/rj_training_container/training_ws/install/joystick_package/share/joystick_package//config/joystick_driver_params.yaml
[1.942s] -- Up-to-date: /home/ubuntu/rj_training_container/training_ws/install/joystick_package/lib/libjoystick_package.so
[2.005s] -- Up-to-date: /home/ubuntu/rj_training_container/training_ws/install/joystick_package/share/joystick_package/environment/library_path.sh
[2.040s] -- Up-to-date: /home/ubuntu/rj_training_container/training_ws/install/joystick_package/share/joystick_package/environment/library_path.dsv
[2.085s] -- Up-to-date: /home/ubuntu/rj_training_container/training_ws/install/joystick_package/share/ament_index/resource_index/package_run_dependencies/joystick_package
[2.131s] -- Up-to-date: /home/ubuntu/rj_training_container/training_ws/install/joystick_package/share/ament_index/resource_index/parent_prefix_path/joystick_package
[2.153s] -- Up-to-date: /home/ubuntu/rj_training_container/training_ws/install/joystick_package/share/joystick_package/environment/ament_prefix_path.sh
[2.182s] -- Up-to-date: /home/ubuntu/rj_training_container/training_ws/install/joystick_package/share/joystick_package/environment/ament_prefix_path.dsv
[2.201s] -- Up-to-date: /home/ubuntu/rj_training_container/training_ws/install/joystick_package/share/joystick_package/environment/path.sh
[2.236s] -- Up-to-date: /home/ubuntu/rj_training_container/training_ws/install/joystick_package/share/joystick_package/environment/path.dsv
[2.264s] -- Up-to-date: /home/ubuntu/rj_training_container/training_ws/install/joystick_package/share/joystick_package/local_setup.bash
[2.291s] -- Up-to-date: /home/ubuntu/rj_training_container/training_ws/install/joystick_package/share/joystick_package/local_setup.sh
[2.317s] -- Up-to-date: /home/ubuntu/rj_training_container/training_ws/install/joystick_package/share/joystick_package/local_setup.zsh
[2.343s] -- Up-to-date: /home/ubuntu/rj_training_container/training_ws/install/joystick_package/share/joystick_package/local_setup.dsv
[2.371s] -- Installing: /home/ubuntu/rj_training_container/training_ws/install/joystick_package/share/joystick_package/package.dsv
[2.507s] -- Up-to-date: /home/ubuntu/rj_training_container/training_ws/install/joystick_package/share/ament_index/resource_index/packages/joystick_package
[2.551s] -- Up-to-date: /home/ubuntu/rj_training_container/training_ws/install/joystick_package/share/ament_index/resource_index/rclcpp_components/joystick_package
[2.584s] -- Up-to-date: /home/ubuntu/rj_training_container/training_ws/install/joystick_package/share/joystick_package/cmake/ament_cmake_export_include_directories-extras.cmake
[2.615s] -- Up-to-date: /home/ubuntu/rj_training_container/training_ws/install/joystick_package/share/joystick_package/cmake/ament_cmake_export_libraries-extras.cmake
[2.649s] -- Up-to-date: /home/ubuntu/rj_training_container/training_ws/install/joystick_package/share/joystick_package/cmake/ament_cmake_export_dependencies-extras.cmake
[2.681s] -- Up-to-date: /home/ubuntu/rj_training_container/training_ws/install/joystick_package/share/joystick_package/cmake/joystick_packageConfig.cmake
[2.706s] -- Up-to-date: /home/ubuntu/rj_training_container/training_ws/install/joystick_package/share/joystick_package/cmake/joystick_packageConfig-version.cmake
[2.742s] -- Up-to-date: /home/ubuntu/rj_training_container/training_ws/install/joystick_package/share/joystick_package/package.xml
[2.778s] Invoked command in '/home/ubuntu/rj_training_container/training_ws/build/joystick_package' returned '0': AMENT_PREFIX_PATH=/home/ubuntu/rj_training_container/training_ws/install/joystick_msgs:${AMENT_PREFIX_PATH} CMAKE_PREFIX_PATH=/home/ubuntu/rj_training_container/training_ws/install/joystick_msgs:/opt/ros/humble LD_LIBRARY_PATH=/home/ubuntu/rj_training_container/training_ws/install/joystick_msgs/lib:${LD_LIBRARY_PATH} PYTHONPATH=/home/ubuntu/rj_training_container/training_ws/install/joystick_msgs/local/lib/python3.10/dist-packages:${PYTHONPATH} /usr/bin/cmake --install /home/ubuntu/rj_training_container/training_ws/build/joystick_package
