[6.468s] Invoking command in '/home/ubuntu/rj_training_container/training_ws/build/rj_training_bringup': CMAKE_PREFIX_PATH=${CMAKE_PREFIX_PATH}:/home/ubuntu/rj_training_container/training_ws/install/keyboard:/opt/ros/humble /usr/bin/cmake --build /home/ubuntu/rj_training_container/training_ws/build/rj_training_bringup -- -j16 -l16
[32.684s] Invoked command in '/home/ubuntu/rj_training_container/training_ws/build/rj_training_bringup' returned '0': CMAKE_PREFIX_PATH=${CMAKE_PREFIX_PATH}:/home/ubuntu/rj_training_container/training_ws/install/keyboard:/opt/ros/humble /usr/bin/cmake --build /home/ubuntu/rj_training_container/training_ws/build/rj_training_bringup -- -j16 -l16
[62.239s] Invoking command in '/home/ubuntu/rj_training_container/training_ws/build/rj_training_bringup': CMAKE_PREFIX_PATH=${CMAKE_PREFIX_PATH}:/home/ubuntu/rj_training_container/training_ws/install/keyboard:/opt/ros/humble /usr/bin/cmake --install /home/ubuntu/rj_training_container/training_ws/build/rj_training_bringup
[65.948s] -- Install configuration: ""
[65.982s] -- Up-to-date: /home/ubuntu/rj_training_container/training_ws/install/rj_training_bringup/share/rj_training_bringup/behavior_trees
[66.087s] -- Up-to-date: /home/ubuntu/rj_training_container/training_ws/install/rj_training_bringup/share/rj_training_bringup/behavior_trees/navigate.xml
[66.162s] -- Up-to-date: /home/ubuntu/rj_training_container/training_ws/install/rj_training_bringup/share/rj_training_bringup/behavior_trees/navigate_w_replanning.xml
[66.214s] -- Up-to-date: /home/ubuntu/rj_training_container/training_ws/install/rj_training_bringup/share/rj_training_bringup/config
[66.321s] -- Up-to-date: /home/ubuntu/rj_training_container/training_ws/install/rj_training_bringup/share/rj_training_bringup/config/aruco_tag_visualization_params.yaml
[66.392s] -- Up-to-date: /home/ubuntu/rj_training_container/training_ws/install/rj_training_bringup/share/rj_training_bringup/config/nav_params.yaml
[66.469s] -- Up-to-date: /home/ubuntu/rj_training_container/training_ws/install/rj_training_bringup/share/rj_training_bringup/config/nav_params_final_challenge.yaml
[66.551s] -- Up-to-date: /home/ubuntu/rj_training_container/training_ws/install/rj_training_bringup/share/rj_training_bringup/config/nav_params_week_7.yaml
[66.626s] -- Up-to-date: /home/ubuntu/rj_training_container/training_ws/install/rj_training_bringup/share/rj_training_bringup/config/nav_params_week_8.yaml
[66.676s] -- Up-to-date: /home/ubuntu/rj_training_container/training_ws/install/rj_training_bringup/share/rj_training_bringup/launch
[66.780s] -- Up-to-date: /home/ubuntu/rj_training_container/training_ws/install/rj_training_bringup/share/rj_training_bringup/launch/empty_map_server.launch.py
[66.859s] -- Up-to-date: /home/ubuntu/rj_training_container/training_ws/install/rj_training_bringup/share/rj_training_bringup/launch/fake_localizer.launch.py
[66.942s] -- Up-to-date: /home/ubuntu/rj_training_container/training_ws/install/rj_training_bringup/share/rj_training_bringup/launch/full_game_stack.launch.xml
[67.017s] -- Up-to-date: /home/ubuntu/rj_training_container/training_ws/install/rj_training_bringup/share/rj_training_bringup/launch/mineral_deposit_tracker.launch.py
[67.095s] -- Up-to-date: /home/ubuntu/rj_training_container/training_ws/install/rj_training_bringup/share/rj_training_bringup/launch/navigation.launch.py
[67.157s] -- Up-to-date: /home/ubuntu/rj_training_container/training_ws/install/rj_training_bringup/share/rj_training_bringup/launch/projects
[67.270s] -- Up-to-date: /home/ubuntu/rj_training_container/training_ws/install/rj_training_bringup/share/rj_training_bringup/launch/projects/week_1.launch.xml
[67.369s] -- Up-to-date: /home/ubuntu/rj_training_container/training_ws/install/rj_training_bringup/share/rj_training_bringup/launch/projects/week_2.launch.xml
[67.462s] -- Up-to-date: /home/ubuntu/rj_training_container/training_ws/install/rj_training_bringup/share/rj_training_bringup/launch/projects/week_3.launch.xml
[67.554s] -- Up-to-date: /home/ubuntu/rj_training_container/training_ws/install/rj_training_bringup/share/rj_training_bringup/launch/projects/week_4.launch.xml
[67.644s] -- Up-to-date: /home/ubuntu/rj_training_container/training_ws/install/rj_training_bringup/share/rj_training_bringup/launch/projects/week_5.launch.xml
[67.744s] -- Up-to-date: /home/ubuntu/rj_training_container/training_ws/install/rj_training_bringup/share/rj_training_bringup/launch/projects/week_6.launch.xml
[67.839s] -- Up-to-date: /home/ubuntu/rj_training_container/training_ws/install/rj_training_bringup/share/rj_training_bringup/launch/projects/week_7.launch.xml
[67.929s] -- Up-to-date: /home/ubuntu/rj_training_container/training_ws/install/rj_training_bringup/share/rj_training_bringup/launch/projects/week_8.launch.xml
[67.988s] -- Up-to-date: /home/ubuntu/rj_training_container/training_ws/install/rj_training_bringup/share/rj_training_bringup/maps
[68.085s] -- Up-to-date: /home/ubuntu/rj_training_container/training_ws/install/rj_training_bringup/share/rj_training_bringup/maps/empty_map.png
[68.163s] -- Up-to-date: /home/ubuntu/rj_training_container/training_ws/install/rj_training_bringup/share/rj_training_bringup/maps/empty_map.yaml
[68.214s] -- Up-to-date: /home/ubuntu/rj_training_container/training_ws/install/rj_training_bringup/share/rj_training_bringup/mineral_sample_sets
[68.316s] -- Up-to-date: /home/ubuntu/rj_training_container/training_ws/install/rj_training_bringup/share/rj_training_bringup/mineral_sample_sets/default.yaml
[68.372s] -- Up-to-date: /home/ubuntu/rj_training_container/training_ws/install/rj_training_bringup/share/rj_training_bringup/rviz_config
[68.473s] -- Up-to-date: /home/ubuntu/rj_training_container/training_ws/install/rj_training_bringup/share/rj_training_bringup/rviz_config/color_detection.rviz
[68.551s] -- Up-to-date: /home/ubuntu/rj_training_container/training_ws/install/rj_training_bringup/share/rj_training_bringup/rviz_config/final_challenge.rviz
[68.629s] -- Up-to-date: /home/ubuntu/rj_training_container/training_ws/install/rj_training_bringup/share/rj_training_bringup/rviz_config/week_1.rviz
[68.714s] -- Up-to-date: /home/ubuntu/rj_training_container/training_ws/install/rj_training_bringup/share/rj_training_bringup/rviz_config/week_3.rviz
[68.797s] -- Up-to-date: /home/ubuntu/rj_training_container/training_ws/install/rj_training_bringup/share/rj_training_bringup/rviz_config/week_4.rviz
[68.878s] -- Up-to-date: /home/ubuntu/rj_training_container/training_ws/install/rj_training_bringup/share/rj_training_bringup/rviz_config/week_5.rviz
[68.954s] -- Up-to-date: /home/ubuntu/rj_training_container/training_ws/install/rj_training_bringup/share/rj_training_bringup/rviz_config/week_6.rviz
[69.030s] -- Up-to-date: /home/ubuntu/rj_training_container/training_ws/install/rj_training_bringup/share/rj_training_bringup/rviz_config/week_7.rviz
[69.106s] -- Up-to-date: /home/ubuntu/rj_training_container/training_ws/install/rj_training_bringup/share/rj_training_bringup/rviz_config/week_8.rviz
[69.209s] -- Up-to-date: /home/ubuntu/rj_training_container/training_ws/install/rj_training_bringup/share/ament_index/resource_index/package_run_dependencies/rj_training_bringup
[69.320s] -- Up-to-date: /home/ubuntu/rj_training_container/training_ws/install/rj_training_bringup/share/ament_index/resource_index/parent_prefix_path/rj_training_bringup
[69.372s] -- Up-to-date: /home/ubuntu/rj_training_container/training_ws/install/rj_training_bringup/share/rj_training_bringup/environment/ament_prefix_path.sh
[69.436s] -- Up-to-date: /home/ubuntu/rj_training_container/training_ws/install/rj_training_bringup/share/rj_training_bringup/environment/ament_prefix_path.dsv
[69.483s] -- Up-to-date: /home/ubuntu/rj_training_container/training_ws/install/rj_training_bringup/share/rj_training_bringup/environment/path.sh
[69.553s] -- Up-to-date: /home/ubuntu/rj_training_container/training_ws/install/rj_training_bringup/share/rj_training_bringup/environment/path.dsv
[69.613s] -- Up-to-date: /home/ubuntu/rj_training_container/training_ws/install/rj_training_bringup/share/rj_training_bringup/local_setup.bash
[69.668s] -- Up-to-date: /home/ubuntu/rj_training_container/training_ws/install/rj_training_bringup/share/rj_training_bringup/local_setup.sh
[69.724s] -- Up-to-date: /home/ubuntu/rj_training_container/training_ws/install/rj_training_bringup/share/rj_training_bringup/local_setup.zsh
[69.781s] -- Up-to-date: /home/ubuntu/rj_training_container/training_ws/install/rj_training_bringup/share/rj_training_bringup/local_setup.dsv
[69.842s] -- Installing: /home/ubuntu/rj_training_container/training_ws/install/rj_training_bringup/share/rj_training_bringup/package.dsv
[70.078s] -- Up-to-date: /home/ubuntu/rj_training_container/training_ws/install/rj_training_bringup/share/ament_index/resource_index/packages/rj_training_bringup
[70.148s] -- Up-to-date: /home/ubuntu/rj_training_container/training_ws/install/rj_training_bringup/share/rj_training_bringup/cmake/rj_training_bringupConfig.cmake
[70.198s] -- Up-to-date: /home/ubuntu/rj_training_container/training_ws/install/rj_training_bringup/share/rj_training_bringup/cmake/rj_training_bringupConfig-version.cmake
[70.276s] -- Up-to-date: /home/ubuntu/rj_training_container/training_ws/install/rj_training_bringup/share/rj_training_bringup/package.xml
[70.304s] Invoked command in '/home/ubuntu/rj_training_container/training_ws/build/rj_training_bringup' returned '0': CMAKE_PREFIX_PATH=${CMAKE_PREFIX_PATH}:/home/ubuntu/rj_training_container/training_ws/install/keyboard:/opt/ros/humble /usr/bin/cmake --install /home/ubuntu/rj_training_container/training_ws/build/rj_training_bringup
