[0.259s] Invoking command in '/home/ubuntu/rj_training_container/build/joystick_msgs': CMAKE_PREFIX_PATH=/opt/ros/humble /usr/bin/cmake /home/ubuntu/rj_training_container/training_ws/src/trainingv2/controller_project/joystick_msgs -DCMAKE_INSTALL_PREFIX=/home/ubuntu/rj_training_container/install/joystick_msgs
[0.908s] -- The C compiler identification is GNU 11.4.0
[1.324s] -- The CXX compiler identification is GNU 11.4.0
[1.528s] -- Detecting C compiler ABI info
[3.182s] -- Detecting C compiler ABI info - done
[3.258s] -- Check for working C compiler: /usr/bin/cc - skipped
[3.261s] -- Detecting C compile features
[3.264s] -- Detecting C compile features - done
[3.456s] -- Detecting CXX compiler ABI info
[5.131s] -- Detecting CXX compiler ABI info - done
[5.203s] -- Check for working CXX compiler: /usr/bin/c++ - skipped
[5.206s] -- Detecting CXX compile features
[5.210s] -- Detecting CXX compile features - done
[5.387s] -- Found ament_cmake: 1.3.10 (/opt/ros/humble/share/ament_cmake/cmake)
[5.645s] -- Found Python3: /usr/bin/python3 (found version "3.10.12") found components: Interpreter 
[6.023s] -- Found rclcpp: 16.0.10 (/opt/ros/humble/share/rclcpp/cmake)
[6.098s] -- Found rosidl_generator_c: 3.1.5 (/opt/ros/humble/share/rosidl_generator_c/cmake)
[6.108s] -- Found rosidl_adapter: 3.1.5 (/opt/ros/humble/share/rosidl_adapter/cmake)
[6.125s] -- Found rosidl_generator_cpp: 3.1.5 (/opt/ros/humble/share/rosidl_generator_cpp/cmake)
[6.152s] -- Using all available rosidl_typesupport_c: rosidl_typesupport_fastrtps_c;rosidl_typesupport_introspection_c
[6.186s] -- Using all available rosidl_typesupport_cpp: rosidl_typesupport_fastrtps_cpp;rosidl_typesupport_introspection_cpp
[6.272s] -- Found rmw_implementation_cmake: 6.1.2 (/opt/ros/humble/share/rmw_implementation_cmake/cmake)
[6.278s] -- Found rmw_fastrtps_cpp: 6.2.7 (/opt/ros/humble/share/rmw_fastrtps_cpp/cmake)
[6.427s] -- Found OpenSSL: /usr/lib/x86_64-linux-gnu/libcrypto.so (found version "3.0.2")  
[6.484s] -- Found FastRTPS: /opt/ros/humble/include  
[6.579s] -- Using RMW implementation 'rmw_fastrtps_cpp' as default
[6.720s] -- Looking for pthread.h
[8.313s] -- Looking for pthread.h - found
[8.348s] -- Performing Test CMAKE_HAVE_LIBC_PTHREAD
[9.894s] -- Performing Test CMAKE_HAVE_LIBC_PTHREAD - Success
[9.909s] -- Found Threads: TRUE  
[9.992s] -- Found rosidl_default_generators: 1.2.0 (/opt/ros/humble/share/rosidl_default_generators/cmake)
[10.018s] -- Found geometry_msgs: 4.2.4 (/opt/ros/humble/share/geometry_msgs/cmake)
[12.395s] -- Found ament_cmake_ros: 0.10.0 (/opt/ros/humble/share/ament_cmake_ros/cmake)
[17.599s] -- Using all available rosidl_typesupport_c: rosidl_typesupport_fastrtps_c;rosidl_typesupport_introspection_c
[18.743s] -- Using all available rosidl_typesupport_cpp: rosidl_typesupport_fastrtps_cpp;rosidl_typesupport_introspection_cpp
[18.775s] -- Found PythonInterp: /usr/bin/python3 (found suitable version "3.10.12", minimum required is "3.6") 
[18.777s] -- Found python_cmake_module: 0.10.0 (/opt/ros/humble/share/python_cmake_module/cmake)
[18.803s] -- Found PythonLibs: /usr/lib/x86_64-linux-gnu/libpython3.10.so (found suitable version "3.10.12", minimum required is "3.5") 
[18.805s] -- Using PYTHON_EXECUTABLE: /usr/bin/python3
[18.806s] -- Using PYTHON_INCLUDE_DIRS: /usr/include/python3.10
[18.807s] -- Using PYTHON_LIBRARIES: /usr/lib/x86_64-linux-gnu/libpython3.10.so
[18.831s] -- Found PythonExtra: .so  
[19.586s] -- Found ament_lint_auto: 0.12.11 (/opt/ros/humble/share/ament_lint_auto/cmake)
[20.364s] -- Added test 'lint_cmake' to check CMake code style
[20.657s] -- Added test 'xmllint' to check XML markup files
[21.130s] -- Configuring done
[23.174s] -- Generating done
[23.431s] -- Build files have been written to: /home/ubuntu/rj_training_container/build/joystick_msgs
