[100%] Built target traini_description_urdf_generation
-- Install configuration: ""
-- Up-to-date: /home/ubuntu/rj_training_container/training_ws/install/traini_description/share/traini_description/urdf/traini.urdf
-- Up-to-date: /home/ubuntu/rj_training_container/training_ws/install/traini_description/share/traini_description/launch
-- Up-to-date: /home/ubuntu/rj_training_container/training_ws/install/traini_description/share/traini_description/launch/display.launch.py
-- Up-to-date: /home/ubuntu/rj_training_container/training_ws/install/traini_description/share/traini_description/launch/robot_state_publisher.launch.py
-- Up-to-date: /home/ubuntu/rj_training_container/training_ws/install/traini_description/share/traini_description/urdf
-- Up-to-date: /home/ubuntu/rj_training_container/training_ws/install/traini_description/share/traini_description/urdf/traini.urdf.xacro
-- Up-to-date: /home/ubuntu/rj_training_container/training_ws/install/traini_description/share/traini_description/rviz
-- Up-to-date: /home/ubuntu/rj_training_container/training_ws/install/traini_description/share/traini_description/rviz/urdf.rviz
-- Up-to-date: /home/ubuntu/rj_training_container/training_ws/install/traini_description/share/traini_description/meshes
-- Up-to-date: /home/ubuntu/rj_training_container/training_ws/install/traini_description/share/traini_description/meshes/Trainiii.dae
-- Up-to-date: /home/ubuntu/rj_training_container/training_ws/install/traini_description/share/ament_index/resource_index/package_run_dependencies/traini_description
-- Up-to-date: /home/ubuntu/rj_training_container/training_ws/install/traini_description/share/ament_index/resource_index/parent_prefix_path/traini_description
-- Up-to-date: /home/ubuntu/rj_training_container/training_ws/install/traini_description/share/traini_description/environment/ament_prefix_path.sh
-- Up-to-date: /home/ubuntu/rj_training_container/training_ws/install/traini_description/share/traini_description/environment/ament_prefix_path.dsv
-- Up-to-date: /home/ubuntu/rj_training_container/training_ws/install/traini_description/share/traini_description/environment/path.sh
-- Up-to-date: /home/ubuntu/rj_training_container/training_ws/install/traini_description/share/traini_description/environment/path.dsv
-- Up-to-date: /home/ubuntu/rj_training_container/training_ws/install/traini_description/share/traini_description/local_setup.bash
-- Up-to-date: /home/ubuntu/rj_training_container/training_ws/install/traini_description/share/traini_description/local_setup.sh
-- Up-to-date: /home/ubuntu/rj_training_container/training_ws/install/traini_description/share/traini_description/local_setup.zsh
-- Up-to-date: /home/ubuntu/rj_training_container/training_ws/install/traini_description/share/traini_description/local_setup.dsv
-- Installing: /home/ubuntu/rj_training_container/training_ws/install/traini_description/share/traini_description/package.dsv
-- Up-to-date: /home/ubuntu/rj_training_container/training_ws/install/traini_description/share/ament_index/resource_index/packages/traini_description
-- Up-to-date: /home/ubuntu/rj_training_container/training_ws/install/traini_description/share/traini_description/cmake/traini_descriptionConfig.cmake
-- Up-to-date: /home/ubuntu/rj_training_container/training_ws/install/traini_description/share/traini_description/cmake/traini_descriptionConfig-version.cmake
-- Up-to-date: /home/ubuntu/rj_training_container/training_ws/install/traini_description/share/traini_description/package.xml
