[0.204s] Invoking command in '/home/ubuntu/rj_training_container/training_ws/build/stsl_bt_nodes': AMENT_PREFIX_PATH=/home/ubuntu/rj_training_container/training_ws/install/stsl_interfaces:${AMENT_PREFIX_PATH} CMAKE_PREFIX_PATH=/home/ubuntu/rj_training_container/training_ws/install/stsl_interfaces:/opt/ros/humble LD_LIBRARY_PATH=/home/ubuntu/rj_training_container/training_ws/install/stsl_interfaces/lib:${LD_LIBRARY_PATH} PYTHONPATH=/home/ubuntu/rj_training_container/training_ws/install/stsl_interfaces/local/lib/python3.10/dist-packages:${PYTHONPATH} /usr/bin/cmake --build /home/ubuntu/rj_training_container/training_ws/build/stsl_bt_nodes -- -j16 -l16
[1.531s] [100%] Built target stsl_bt_nodes
[1.663s] Invoked command in '/home/ubuntu/rj_training_container/training_ws/build/stsl_bt_nodes' returned '0': AMENT_PREFIX_PATH=/home/ubuntu/rj_training_container/training_ws/install/stsl_interfaces:${AMENT_PREFIX_PATH} CMAKE_PREFIX_PATH=/home/ubuntu/rj_training_container/training_ws/install/stsl_interfaces:/opt/ros/humble LD_LIBRARY_PATH=/home/ubuntu/rj_training_container/training_ws/install/stsl_interfaces/lib:${LD_LIBRARY_PATH} PYTHONPATH=/home/ubuntu/rj_training_container/training_ws/install/stsl_interfaces/local/lib/python3.10/dist-packages:${PYTHONPATH} /usr/bin/cmake --build /home/ubuntu/rj_training_container/training_ws/build/stsl_bt_nodes -- -j16 -l16
[1.773s] Invoking command in '/home/ubuntu/rj_training_container/training_ws/build/stsl_bt_nodes': AMENT_PREFIX_PATH=/home/ubuntu/rj_training_container/training_ws/install/stsl_interfaces:${AMENT_PREFIX_PATH} CMAKE_PREFIX_PATH=/home/ubuntu/rj_training_container/training_ws/install/stsl_interfaces:/opt/ros/humble LD_LIBRARY_PATH=/home/ubuntu/rj_training_container/training_ws/install/stsl_interfaces/lib:${LD_LIBRARY_PATH} PYTHONPATH=/home/ubuntu/rj_training_container/training_ws/install/stsl_interfaces/local/lib/python3.10/dist-packages:${PYTHONPATH} /usr/bin/cmake --install /home/ubuntu/rj_training_container/training_ws/build/stsl_bt_nodes
[1.846s] -- Install configuration: ""
[1.952s] -- Up-to-date: /home/ubuntu/rj_training_container/training_ws/install/stsl_bt_nodes/lib/libstsl_bt_nodes.so
[2.050s] -- Up-to-date: /home/ubuntu/rj_training_container/training_ws/install/stsl_bt_nodes/share/stsl_bt_nodes/environment/library_path.sh
[2.100s] -- Up-to-date: /home/ubuntu/rj_training_container/training_ws/install/stsl_bt_nodes/share/stsl_bt_nodes/environment/library_path.dsv
[2.178s] -- Up-to-date: /home/ubuntu/rj_training_container/training_ws/install/stsl_bt_nodes/share/ament_index/resource_index/package_run_dependencies/stsl_bt_nodes
[2.265s] -- Up-to-date: /home/ubuntu/rj_training_container/training_ws/install/stsl_bt_nodes/share/ament_index/resource_index/parent_prefix_path/stsl_bt_nodes
[2.300s] -- Up-to-date: /home/ubuntu/rj_training_container/training_ws/install/stsl_bt_nodes/share/stsl_bt_nodes/environment/ament_prefix_path.sh
[2.350s] -- Up-to-date: /home/ubuntu/rj_training_container/training_ws/install/stsl_bt_nodes/share/stsl_bt_nodes/environment/ament_prefix_path.dsv
[2.390s] -- Up-to-date: /home/ubuntu/rj_training_container/training_ws/install/stsl_bt_nodes/share/stsl_bt_nodes/environment/path.sh
[2.442s] -- Up-to-date: /home/ubuntu/rj_training_container/training_ws/install/stsl_bt_nodes/share/stsl_bt_nodes/environment/path.dsv
[2.490s] -- Up-to-date: /home/ubuntu/rj_training_container/training_ws/install/stsl_bt_nodes/share/stsl_bt_nodes/local_setup.bash
[2.536s] -- Up-to-date: /home/ubuntu/rj_training_container/training_ws/install/stsl_bt_nodes/share/stsl_bt_nodes/local_setup.sh
[2.580s] -- Up-to-date: /home/ubuntu/rj_training_container/training_ws/install/stsl_bt_nodes/share/stsl_bt_nodes/local_setup.zsh
[2.620s] -- Up-to-date: /home/ubuntu/rj_training_container/training_ws/install/stsl_bt_nodes/share/stsl_bt_nodes/local_setup.dsv
[2.667s] -- Installing: /home/ubuntu/rj_training_container/training_ws/install/stsl_bt_nodes/share/stsl_bt_nodes/package.dsv
[2.843s] -- Up-to-date: /home/ubuntu/rj_training_container/training_ws/install/stsl_bt_nodes/share/ament_index/resource_index/packages/stsl_bt_nodes
[2.899s] -- Up-to-date: /home/ubuntu/rj_training_container/training_ws/install/stsl_bt_nodes/share/stsl_bt_nodes/cmake/ament_cmake_export_libraries-extras.cmake
[2.955s] -- Up-to-date: /home/ubuntu/rj_training_container/training_ws/install/stsl_bt_nodes/share/stsl_bt_nodes/cmake/ament_cmake_export_dependencies-extras.cmake
[3.011s] -- Up-to-date: /home/ubuntu/rj_training_container/training_ws/install/stsl_bt_nodes/share/stsl_bt_nodes/cmake/stsl_bt_nodesConfig.cmake
[3.051s] -- Up-to-date: /home/ubuntu/rj_training_container/training_ws/install/stsl_bt_nodes/share/stsl_bt_nodes/cmake/stsl_bt_nodesConfig-version.cmake
[3.111s] -- Up-to-date: /home/ubuntu/rj_training_container/training_ws/install/stsl_bt_nodes/share/stsl_bt_nodes/package.xml
[3.521s] Invoked command in '/home/ubuntu/rj_training_container/training_ws/build/stsl_bt_nodes' returned '0': AMENT_PREFIX_PATH=/home/ubuntu/rj_training_container/training_ws/install/stsl_interfaces:${AMENT_PREFIX_PATH} CMAKE_PREFIX_PATH=/home/ubuntu/rj_training_container/training_ws/install/stsl_interfaces:/opt/ros/humble LD_LIBRARY_PATH=/home/ubuntu/rj_training_container/training_ws/install/stsl_interfaces/lib:${LD_LIBRARY_PATH} PYTHONPATH=/home/ubuntu/rj_training_container/training_ws/install/stsl_interfaces/local/lib/python3.10/dist-packages:${PYTHONPATH} /usr/bin/cmake --install /home/ubuntu/rj_training_container/training_ws/build/stsl_bt_nodes
