[0.862s] Invoking command in '/home/ubuntu/rj_training_container/training_ws/build/rj_training_bringup': CMAKE_PREFIX_PATH=/opt/ros/humble /usr/bin/cmake /home/ubuntu/rj_training_container/training_ws/src/software-training-old/rj_training_bringup -DCMAKE_INSTALL_PREFIX=/home/ubuntu/rj_training_container/training_ws/install/rj_training_bringup
[1.605s] -- The C compiler identification is GNU 11.4.0
[2.334s] -- The CXX compiler identification is GNU 11.4.0
[2.531s] -- Detecting C compiler ABI info
[4.523s] -- Detecting C compiler ABI info - done
[4.613s] -- Check for working C compiler: /usr/bin/cc - skipped
[4.617s] -- Detecting C compile features
[4.620s] -- Detecting C compile features - done
[4.832s] -- Detecting CXX compiler ABI info
[6.691s] -- Detecting CXX compiler ABI info - done
[6.773s] -- Check for working CXX compiler: /usr/bin/c++ - skipped
[6.776s] -- Detecting CXX compile features
[6.780s] -- Detecting CXX compile features - done
[6.923s] -- Found ament_cmake: 1.3.10 (/opt/ros/humble/share/ament_cmake/cmake)
[7.203s] -- Found Python3: /usr/bin/python3 (found version "3.10.12") found components: Interpreter 
[7.579s] -- Found ament_lint_auto: 0.12.11 (/opt/ros/humble/share/ament_lint_auto/cmake)
[8.640s] -- Added test 'copyright' to check source files copyright and LICENSE
[17.799s] -- Added test 'flake8' to check Python code syntax and style conventions
[18.447s] -- Added test 'lint_cmake' to check CMake code style
[18.768s] -- Added test 'pep257' to check Python code against some of the docstring style conventions in PEP 257
[21.514s] -- Added test 'xmllint' to check XML markup files
[21.697s] -- Configuring done
[22.080s] -- Generating done
[22.165s] -- Build files have been written to: /home/ubuntu/rj_training_container/training_ws/build/rj_training_bringup
