[5.675s] Invoking command in '/home/ubuntu/rj_training_container/training_ws/build/astar_path_planner': CMAKE_PREFIX_PATH=${CMAKE_PREFIX_PATH}:/home/ubuntu/rj_training_container/training_ws/install/keyboard:/opt/ros/humble /usr/bin/cmake --build /home/ubuntu/rj_training_container/training_ws/build/astar_path_planner -- -j16 -l16
[15.806s] -- Found ament_cmake: 1.3.11 (/opt/ros/humble/share/ament_cmake/cmake)
[28.957s] -- Found rclcpp: 16.0.11 (/opt/ros/humble/share/rclcpp/cmake)
[29.944s] -- Found rosidl_generator_c: 3.1.6 (/opt/ros/humble/share/rosidl_generator_c/cmake)
[29.949s] -- Found rosidl_adapter: 3.1.6 (/opt/ros/humble/share/rosidl_adapter/cmake)
[29.958s] -- Found rosidl_generator_cpp: 3.1.6 (/opt/ros/humble/share/rosidl_generator_cpp/cmake)
[30.262s] -- Using all available rosidl_typesupport_c: rosidl_typesupport_fastrtps_c;rosidl_typesupport_introspection_c
[30.602s] -- Using all available rosidl_typesupport_cpp: rosidl_typesupport_fastrtps_cpp;rosidl_typesupport_introspection_cpp
[31.388s] -- Found rmw_implementation_cmake: 6.1.2 (/opt/ros/humble/share/rmw_implementation_cmake/cmake)
[31.677s] -- Found rmw_fastrtps_cpp: 6.2.7 (/opt/ros/humble/share/rmw_fastrtps_cpp/cmake)
[62.257s] -- Using RMW implementation 'rmw_fastrtps_cpp' as default
[69.056s] -- Found nav2_core: 1.1.17 (/opt/ros/humble/share/nav2_core/cmake)
[69.434s] -- Ensuring Eigen3 include directory is part of orocos-kdl CMake target
[74.633s] -- Found tf2_eigen: 0.25.9 (/opt/ros/humble/share/tf2_eigen/cmake)
[74.689s] -- Found ament_lint_auto: 0.12.11 (/opt/ros/humble/share/ament_lint_auto/cmake)
[79.650s] -- Added test 'copyright' to check source files copyright and LICENSE
[80.948s] -- Added test 'cppcheck' to perform static code analysis on C / C++ code
[80.952s] -- Configured cppcheck include dirs: 
[80.956s] -- Configured cppcheck exclude dirs and/or files: 
[82.259s] -- Added test 'cpplint' to check C / C++ code against the Google style
[82.263s] -- Configured cpplint exclude dirs and/or files: 
[82.730s] -- Added test 'lint_cmake' to check CMake code style
[84.194s] -- Added test 'uncrustify' to check C / C++ code style
[84.199s] -- Configured uncrustify additional arguments: 
[84.411s] -- Added test 'xmllint' to check XML markup files
[85.291s] -- Configuring done
[87.491s] -- Generating done
[87.855s] -- Build files have been written to: /home/ubuntu/rj_training_container/training_ws/build/astar_path_planner
[104.602s] [35m[1mConsolidate compiler generated dependencies of target astar_path_planner[0m
[110.447s] gmake[2]: Warning: File 'CMakeFiles/astar_path_planner.dir/compiler_depend.make' has modification time 3.1 s in the future
[117.823s] [ 25%] [32mBuilding CXX object CMakeFiles/astar_path_planner.dir/src/astar_path_planner_plugin.cpp.o[0m
[147.725s] [ 50%] [32mBuilding CXX object CMakeFiles/astar_path_planner.dir/src/utils.cpp.o[0m
[165.030s] [ 75%] [32mBuilding CXX object CMakeFiles/astar_path_planner.dir/src/astar_path_planner.cpp.o[0m
[185.331s] [100%] [32m[1mLinking CXX shared library libastar_path_planner.so[0m
[197.686s] gmake[2]: warning:  Clock skew detected.  Your build may be incomplete.
[201.692s] [100%] Built target astar_path_planner
