[1.016s] Invoking command in '/home/ubuntu/rj_training_container/training_ws/build/peak_finder': CMAKE_PREFIX_PATH=/opt/ros/humble /usr/bin/cmake /home/ubuntu/rj_training_container/training_ws/src/software-training-old/peak_finder -DCMAKE_INSTALL_PREFIX=/home/ubuntu/rj_training_container/training_ws/install/peak_finder
[1.244s] -- Found ament_cmake: 1.3.10 (/opt/ros/humble/share/ament_cmake/cmake)
[1.762s] -- Found rclcpp: 16.0.10 (/opt/ros/humble/share/rclcpp/cmake)
[1.866s] -- Found rosidl_generator_c: 3.1.5 (/opt/ros/humble/share/rosidl_generator_c/cmake)
[1.878s] -- Found rosidl_adapter: 3.1.5 (/opt/ros/humble/share/rosidl_adapter/cmake)
[1.885s] -- Found rosidl_generator_cpp: 3.1.5 (/opt/ros/humble/share/rosidl_generator_cpp/cmake)
[1.924s] -- Using all available rosidl_typesupport_c: rosidl_typesupport_fastrtps_c;rosidl_typesupport_introspection_c
[1.951s] -- Using all available rosidl_typesupport_cpp: rosidl_typesupport_fastrtps_cpp;rosidl_typesupport_introspection_cpp
[2.072s] -- Found rmw_implementation_cmake: 6.1.2 (/opt/ros/humble/share/rmw_implementation_cmake/cmake)
[2.076s] -- Found rmw_fastrtps_cpp: 6.2.7 (/opt/ros/humble/share/rmw_fastrtps_cpp/cmake)
[2.436s] -- Using RMW implementation 'rmw_fastrtps_cpp' as default
[2.564s] -- Found rclcpp_components: 16.0.10 (/opt/ros/humble/share/rclcpp_components/cmake)
[2.656s] -- Found rclcpp_action: 16.0.10 (/opt/ros/humble/share/rclcpp_action/cmake)
[2.847s] [31mCMake Error at CMakeLists.txt:8 (find_package):
[2.851s]   By not providing "Findstsl_interfaces.cmake" in CMAKE_MODULE_PATH this
[2.857s]   project has asked CMake to find a package configuration file provided by
[2.860s]   "stsl_interfaces", but CMake did not find one.
[2.864s] 
[2.869s]   Could not find a package configuration file provided by "stsl_interfaces"
[2.874s]   with any of the following names:
[2.878s] 
[2.881s]     stsl_interfacesConfig.cmake
[2.883s]     stsl_interfaces-config.cmake
[2.885s] 
[2.887s]   Add the installation prefix of "stsl_interfaces" to CMAKE_PREFIX_PATH or
[2.890s]   set "stsl_interfaces_DIR" to a directory containing one of the above files.
[2.894s]   If "stsl_interfaces" provides a separate development package or SDK, be
[2.897s]   sure it has been installed.
[2.901s] 
[2.905s] [0m
[2.909s] -- Configuring incomplete, errors occurred!
[2.914s] See also "/home/ubuntu/rj_training_container/training_ws/build/peak_finder/CMakeFiles/CMakeOutput.log".
