[16.488s] Invoking command in '/home/ubuntu/rj_training_container/training_ws/src/trainingv2/turtlesim_project/src/keyboard': PYTHONPATH=/home/ubuntu/rj_training_container/training_ws/build/keyboard/prefix_override:/usr/lib/python3/dist-packages/colcon_core/task/python/colcon_distutils_commands:/home/ubuntu/rj_training_container/training_ws/install/keyboard/lib/python3.10/site-packages:${PYTHONPATH} /usr/bin/python3 -W ignore:setup.py install is deprecated setup.py egg_info --egg-base ../../../../../build/keyboard build --build-base /home/ubuntu/rj_training_container/training_ws/build/keyboard/build install --record /home/ubuntu/rj_training_container/training_ws/build/keyboard/install.log --single-version-externally-managed install_data
[36.400s] running egg_info
[36.406s] writing ../../../../../build/keyboard/keyboard.egg-info/PKG-INFO
[36.410s] writing dependency_links to ../../../../../build/keyboard/keyboard.egg-info/dependency_links.txt
[36.414s] writing entry points to ../../../../../build/keyboard/keyboard.egg-info/entry_points.txt
[36.419s] writing requirements to ../../../../../build/keyboard/keyboard.egg-info/requires.txt
[36.425s] writing top-level names to ../../../../../build/keyboard/keyboard.egg-info/top_level.txt
[36.430s] reading manifest file '../../../../../build/keyboard/keyboard.egg-info/SOURCES.txt'
[36.437s] writing manifest file '../../../../../build/keyboard/keyboard.egg-info/SOURCES.txt'
[36.443s] running build
[36.451s] running build_py
[36.456s] running install
[36.461s] running install_lib
[36.466s] running install_data
[36.472s] running install_egg_info
[36.477s] removing '/home/ubuntu/rj_training_container/training_ws/install/keyboard/lib/python3.10/site-packages/keyboard-0.0.0-py3.10.egg-info' (and everything under it)
[36.483s] Copying ../../../../../build/keyboard/keyboard.egg-info to /home/ubuntu/rj_training_container/training_ws/install/keyboard/lib/python3.10/site-packages/keyboard-0.0.0-py3.10.egg-info
[36.488s] running install_scripts
[36.493s] Installing keystroke_listen script to /home/ubuntu/rj_training_container/training_ws/install/keyboard/lib/keyboard
[36.500s] writing list of installed files to '/home/ubuntu/rj_training_container/training_ws/build/keyboard/install.log'
[36.509s] Invoked command in '/home/ubuntu/rj_training_container/training_ws/src/trainingv2/turtlesim_project/src/keyboard' returned '0': PYTHONPATH=/home/ubuntu/rj_training_container/training_ws/build/keyboard/prefix_override:/usr/lib/python3/dist-packages/colcon_core/task/python/colcon_distutils_commands:/home/ubuntu/rj_training_container/training_ws/install/keyboard/lib/python3.10/site-packages:${PYTHONPATH} /usr/bin/python3 -W ignore:setup.py install is deprecated setup.py egg_info --egg-base ../../../../../build/keyboard build --build-base /home/ubuntu/rj_training_container/training_ws/build/keyboard/build install --record /home/ubuntu/rj_training_container/training_ws/build/keyboard/install.log --single-version-externally-managed install_data
