-- The C compiler identification is GNU 11.4.0
-- The CXX compiler identification is GNU 11.4.0
-- Detecting C compiler ABI info
-- Detecting C compiler ABI info - done
-- Check for working C compiler: /usr/bin/cc - skipped
-- Detecting C compile features
-- Detecting C compile features - done
-- Detecting CXX compiler ABI info
-- Detecting CXX compiler ABI info - done
-- Check for working CXX compiler: /usr/bin/c++ - skipped
-- Detecting CXX compile features
-- Detecting CXX compile features - done
-- Found ament_cmake: 1.3.10 (/opt/ros/humble/share/ament_cmake/cmake)
-- Found Python3: /usr/bin/python3 (found version "3.10.12") found components: Interpreter 
-- Found xacro: 2.0.8 (/opt/ros/humble/share/xacro/cmake)
-- xacro: determining deps for: urdf/traini.urdf.xacro ...
-- Found ament_lint_auto: 0.12.11 (/opt/ros/humble/share/ament_lint_auto/cmake)
-- Added test 'copyright' to check source files copyright and LICENSE
-- Added test 'flake8' to check Python code syntax and style conventions
-- Added test 'lint_cmake' to check CMake code style
-- Added test 'pep257' to check Python code against some of the docstring style conventions in PEP 257
-- Added test 'xmllint' to check XML markup files
-- Configuring done
-- Generating done
-- Build files have been written to: /home/ubuntu/rj_training_container/training_ws/build/traini_description
[100%] [34m[1mxacro: generating urdf/traini.urdf from urdf/traini.urdf.xacro[0m
[100%] Built target traini_description_urdf_generation
-- Install configuration: ""
-- Installing: /home/ubuntu/rj_training_container/training_ws/install/traini_description/share/traini_description/urdf/traini.urdf
-- Installing: /home/ubuntu/rj_training_container/training_ws/install/traini_description/share/traini_description/launch
-- Installing: /home/ubuntu/rj_training_container/training_ws/install/traini_description/share/traini_description/launch/display.launch.py
-- Installing: /home/ubuntu/rj_training_container/training_ws/install/traini_description/share/traini_description/launch/robot_state_publisher.launch.py
-- Up-to-date: /home/ubuntu/rj_training_container/training_ws/install/traini_description/share/traini_description/urdf
-- Installing: /home/ubuntu/rj_training_container/training_ws/install/traini_description/share/traini_description/urdf/traini.urdf.xacro
-- Installing: /home/ubuntu/rj_training_container/training_ws/install/traini_description/share/traini_description/rviz
-- Installing: /home/ubuntu/rj_training_container/training_ws/install/traini_description/share/traini_description/rviz/urdf.rviz
-- Installing: /home/ubuntu/rj_training_container/training_ws/install/traini_description/share/traini_description/meshes
-- Installing: /home/ubuntu/rj_training_container/training_ws/install/traini_description/share/traini_description/meshes/Trainiii.dae
-- Installing: /home/ubuntu/rj_training_container/training_ws/install/traini_description/share/ament_index/resource_index/package_run_dependencies/traini_description
-- Installing: /home/ubuntu/rj_training_container/training_ws/install/traini_description/share/ament_index/resource_index/parent_prefix_path/traini_description
-- Installing: /home/ubuntu/rj_training_container/training_ws/install/traini_description/share/traini_description/environment/ament_prefix_path.sh
-- Installing: /home/ubuntu/rj_training_container/training_ws/install/traini_description/share/traini_description/environment/ament_prefix_path.dsv
-- Installing: /home/ubuntu/rj_training_container/training_ws/install/traini_description/share/traini_description/environment/path.sh
-- Installing: /home/ubuntu/rj_training_container/training_ws/install/traini_description/share/traini_description/environment/path.dsv
-- Installing: /home/ubuntu/rj_training_container/training_ws/install/traini_description/share/traini_description/local_setup.bash
-- Installing: /home/ubuntu/rj_training_container/training_ws/install/traini_description/share/traini_description/local_setup.sh
-- Installing: /home/ubuntu/rj_training_container/training_ws/install/traini_description/share/traini_description/local_setup.zsh
-- Installing: /home/ubuntu/rj_training_container/training_ws/install/traini_description/share/traini_description/local_setup.dsv
-- Installing: /home/ubuntu/rj_training_container/training_ws/install/traini_description/share/traini_description/package.dsv
-- Installing: /home/ubuntu/rj_training_container/training_ws/install/traini_description/share/ament_index/resource_index/packages/traini_description
-- Installing: /home/ubuntu/rj_training_container/training_ws/install/traini_description/share/traini_description/cmake/traini_descriptionConfig.cmake
-- Installing: /home/ubuntu/rj_training_container/training_ws/install/traini_description/share/traini_description/cmake/traini_descriptionConfig-version.cmake
-- Installing: /home/ubuntu/rj_training_container/training_ws/install/traini_description/share/traini_description/package.xml
