[5.216s] Invoking command in '/home/ubuntu/rj_training_container/training_ws/build/controllers': CMAKE_PREFIX_PATH=${CMAKE_PREFIX_PATH}:/home/ubuntu/rj_training_container/training_ws/install/keyboard:/opt/ros/humble /usr/bin/cmake --build /home/ubuntu/rj_training_container/training_ws/build/controllers -- -j16 -l16
[16.595s] -- Found ament_cmake: 1.3.11 (/opt/ros/humble/share/ament_cmake/cmake)
[25.365s] -- Found rclcpp: 16.0.11 (/opt/ros/humble/share/rclcpp/cmake)
[26.250s] -- Found rosidl_generator_c: 3.1.6 (/opt/ros/humble/share/rosidl_generator_c/cmake)
[26.257s] -- Found rosidl_adapter: 3.1.6 (/opt/ros/humble/share/rosidl_adapter/cmake)
[26.272s] -- Found rosidl_generator_cpp: 3.1.6 (/opt/ros/humble/share/rosidl_generator_cpp/cmake)
[26.558s] -- Using all available rosidl_typesupport_c: rosidl_typesupport_fastrtps_c;rosidl_typesupport_introspection_c
[26.864s] -- Using all available rosidl_typesupport_cpp: rosidl_typesupport_fastrtps_cpp;rosidl_typesupport_introspection_cpp
[27.478s] -- Found rmw_implementation_cmake: 6.1.2 (/opt/ros/humble/share/rmw_implementation_cmake/cmake)
[27.761s] -- Found rmw_fastrtps_cpp: 6.2.7 (/opt/ros/humble/share/rmw_fastrtps_cpp/cmake)
[53.544s] -- Using RMW implementation 'rmw_fastrtps_cpp' as default
[53.651s] -- Found rclcpp_action: 16.0.11 (/opt/ros/humble/share/rclcpp_action/cmake)
[53.714s] -- Found rclcpp_components: 16.0.11 (/opt/ros/humble/share/rclcpp_components/cmake)
[57.836s] [31mCMake Error at CMakeLists.txt:8 (find_package):
[57.839s]   By not providing "Findnav2_core.cmake" in CMAKE_MODULE_PATH this project
[57.843s]   has asked CMake to find a package configuration file provided by
[57.847s]   "nav2_core", but CMake did not find one.
[57.850s] 
[57.854s]   Could not find a package configuration file provided by "nav2_core" with
[57.857s]   any of the following names:
[57.861s] 
[57.864s]     nav2_coreConfig.cmake
[57.867s]     nav2_core-config.cmake
[57.870s] 
[57.874s]   Add the installation prefix of "nav2_core" to CMAKE_PREFIX_PATH or set
[57.877s]   "nav2_core_DIR" to a directory containing one of the above files.  If
[57.880s]   "nav2_core" provides a separate development package or SDK, be sure it has
[57.884s]   been installed.
[57.888s] 
[57.891s] [0m
[57.898s] -- Configuring incomplete, errors occurred!
[57.902s] See also "/home/ubuntu/rj_training_container/training_ws/build/controllers/CMakeFiles/CMakeOutput.log".
[57.913s] gmake: *** [Makefile:321: cmake_check_build_system] Error 1
[57.916s] Invoked command in '/home/ubuntu/rj_training_container/training_ws/build/controllers' returned '2': CMAKE_PREFIX_PATH=${CMAKE_PREFIX_PATH}:/home/ubuntu/rj_training_container/training_ws/install/keyboard:/opt/ros/humble /usr/bin/cmake --build /home/ubuntu/rj_training_container/training_ws/build/controllers -- -j16 -l16
