[35m[1mConsolidate compiler generated dependencies of target stsl_nav_plugins[0m
[100%] Built target stsl_nav_plugins
-- Install configuration: ""
-- Installing: /home/ubuntu/rj_training_container/training_ws/install/stsl_nav_plugins/lib/libstsl_nav_plugins.so
-- Set runtime path of "/home/ubuntu/rj_training_container/training_ws/install/stsl_nav_plugins/lib/libstsl_nav_plugins.so" to ""
-- Up-to-date: /home/ubuntu/rj_training_container/training_ws/install/stsl_nav_plugins/include/
-- Up-to-date: /home/ubuntu/rj_training_container/training_ws/install/stsl_nav_plugins/include//stsl_nav_plugins
-- Up-to-date: /home/ubuntu/rj_training_container/training_ws/install/stsl_nav_plugins/include//stsl_nav_plugins/pd_controller.hpp
-- Up-to-date: /home/ubuntu/rj_training_container/training_ws/install/stsl_nav_plugins/share/stsl_nav_plugins/stsl_nav_plugins_libraries.xml
-- Up-to-date: /home/ubuntu/rj_training_container/training_ws/install/stsl_nav_plugins/share/ament_index/resource_index/package_run_dependencies/stsl_nav_plugins
-- Installing: /home/ubuntu/rj_training_container/training_ws/install/stsl_nav_plugins/share/ament_index/resource_index/parent_prefix_path/stsl_nav_plugins
-- Installing: /home/ubuntu/rj_training_container/training_ws/install/stsl_nav_plugins/share/stsl_nav_plugins/environment/ament_prefix_path.sh
-- Installing: /home/ubuntu/rj_training_container/training_ws/install/stsl_nav_plugins/share/stsl_nav_plugins/environment/ament_prefix_path.dsv
-- Installing: /home/ubuntu/rj_training_container/training_ws/install/stsl_nav_plugins/share/stsl_nav_plugins/environment/path.sh
-- Installing: /home/ubuntu/rj_training_container/training_ws/install/stsl_nav_plugins/share/stsl_nav_plugins/environment/path.dsv
-- Up-to-date: /home/ubuntu/rj_training_container/training_ws/install/stsl_nav_plugins/share/stsl_nav_plugins/local_setup.bash
-- Up-to-date: /home/ubuntu/rj_training_container/training_ws/install/stsl_nav_plugins/share/stsl_nav_plugins/local_setup.sh
-- Up-to-date: /home/ubuntu/rj_training_container/training_ws/install/stsl_nav_plugins/share/stsl_nav_plugins/local_setup.zsh
-- Installing: /home/ubuntu/rj_training_container/training_ws/install/stsl_nav_plugins/share/stsl_nav_plugins/local_setup.dsv
-- Installing: /home/ubuntu/rj_training_container/training_ws/install/stsl_nav_plugins/share/stsl_nav_plugins/package.dsv
-- Up-to-date: /home/ubuntu/rj_training_container/training_ws/install/stsl_nav_plugins/share/ament_index/resource_index/packages/stsl_nav_plugins
-- Up-to-date: /home/ubuntu/rj_training_container/training_ws/install/stsl_nav_plugins/share/ament_index/resource_index/nav2_core__pluginlib__plugin/stsl_nav_plugins
-- Up-to-date: /home/ubuntu/rj_training_container/training_ws/install/stsl_nav_plugins/share/stsl_nav_plugins/cmake/ament_cmake_export_include_directories-extras.cmake
-- Up-to-date: /home/ubuntu/rj_training_container/training_ws/install/stsl_nav_plugins/share/stsl_nav_plugins/cmake/ament_cmake_export_dependencies-extras.cmake
-- Up-to-date: /home/ubuntu/rj_training_container/training_ws/install/stsl_nav_plugins/share/stsl_nav_plugins/cmake/stsl_nav_pluginsConfig.cmake
-- Up-to-date: /home/ubuntu/rj_training_container/training_ws/install/stsl_nav_plugins/share/stsl_nav_plugins/cmake/stsl_nav_pluginsConfig-version.cmake
-- Up-to-date: /home/ubuntu/rj_training_container/training_ws/install/stsl_nav_plugins/share/stsl_nav_plugins/package.xml
