[0.422s] Invoking command in '/home/ubuntu/rj_training_container/training_ws/build/mineral_deposit_tracking': AMENT_PREFIX_PATH=/home/ubuntu/rj_training_container/training_ws/install/stsl_interfaces:${AMENT_PREFIX_PATH} CMAKE_PREFIX_PATH=/home/ubuntu/rj_training_container/training_ws/install/stsl_interfaces:/opt/ros/humble LD_LIBRARY_PATH=/home/ubuntu/rj_training_container/training_ws/install/stsl_interfaces/lib:${LD_LIBRARY_PATH} PYTHONPATH=/home/ubuntu/rj_training_container/training_ws/install/stsl_interfaces/local/lib/python3.10/dist-packages:${PYTHONPATH} /usr/bin/cmake --build /home/ubuntu/rj_training_container/training_ws/build/mineral_deposit_tracking -- -j16 -l16
[1.400s] [ 50%] Built target mineral_deposit_tracker
[1.528s] [100%] Built target mineral_deposit_tracking
[1.651s] Invoked command in '/home/ubuntu/rj_training_container/training_ws/build/mineral_deposit_tracking' returned '0': AMENT_PREFIX_PATH=/home/ubuntu/rj_training_container/training_ws/install/stsl_interfaces:${AMENT_PREFIX_PATH} CMAKE_PREFIX_PATH=/home/ubuntu/rj_training_container/training_ws/install/stsl_interfaces:/opt/ros/humble LD_LIBRARY_PATH=/home/ubuntu/rj_training_container/training_ws/install/stsl_interfaces/lib:${LD_LIBRARY_PATH} PYTHONPATH=/home/ubuntu/rj_training_container/training_ws/install/stsl_interfaces/local/lib/python3.10/dist-packages:${PYTHONPATH} /usr/bin/cmake --build /home/ubuntu/rj_training_container/training_ws/build/mineral_deposit_tracking -- -j16 -l16
[1.732s] Invoking command in '/home/ubuntu/rj_training_container/training_ws/build/mineral_deposit_tracking': AMENT_PREFIX_PATH=/home/ubuntu/rj_training_container/training_ws/install/stsl_interfaces:${AMENT_PREFIX_PATH} CMAKE_PREFIX_PATH=/home/ubuntu/rj_training_container/training_ws/install/stsl_interfaces:/opt/ros/humble LD_LIBRARY_PATH=/home/ubuntu/rj_training_container/training_ws/install/stsl_interfaces/lib:${LD_LIBRARY_PATH} PYTHONPATH=/home/ubuntu/rj_training_container/training_ws/install/stsl_interfaces/local/lib/python3.10/dist-packages:${PYTHONPATH} /usr/bin/cmake --install /home/ubuntu/rj_training_container/training_ws/build/mineral_deposit_tracking
[1.854s] -- Install configuration: ""
[1.957s] -- Up-to-date: /home/ubuntu/rj_training_container/training_ws/install/mineral_deposit_tracking/lib/mineral_deposit_tracking/mineral_deposit_tracker
[2.165s] -- Up-to-date: /home/ubuntu/rj_training_container/training_ws/install/mineral_deposit_tracking/lib/libmineral_deposit_tracking.so
[2.319s] -- Up-to-date: /home/ubuntu/rj_training_container/training_ws/install/mineral_deposit_tracking/share/ament_index/resource_index/package_run_dependencies/mineral_deposit_tracking
[2.405s] -- Up-to-date: /home/ubuntu/rj_training_container/training_ws/install/mineral_deposit_tracking/share/ament_index/resource_index/parent_prefix_path/mineral_deposit_tracking
[2.447s] -- Up-to-date: /home/ubuntu/rj_training_container/training_ws/install/mineral_deposit_tracking/share/mineral_deposit_tracking/environment/ament_prefix_path.sh
[2.498s] -- Up-to-date: /home/ubuntu/rj_training_container/training_ws/install/mineral_deposit_tracking/share/mineral_deposit_tracking/environment/ament_prefix_path.dsv
[2.533s] -- Up-to-date: /home/ubuntu/rj_training_container/training_ws/install/mineral_deposit_tracking/share/mineral_deposit_tracking/environment/path.sh
[2.584s] -- Up-to-date: /home/ubuntu/rj_training_container/training_ws/install/mineral_deposit_tracking/share/mineral_deposit_tracking/environment/path.dsv
[2.634s] -- Up-to-date: /home/ubuntu/rj_training_container/training_ws/install/mineral_deposit_tracking/share/mineral_deposit_tracking/local_setup.bash
[2.678s] -- Up-to-date: /home/ubuntu/rj_training_container/training_ws/install/mineral_deposit_tracking/share/mineral_deposit_tracking/local_setup.sh
[2.716s] -- Up-to-date: /home/ubuntu/rj_training_container/training_ws/install/mineral_deposit_tracking/share/mineral_deposit_tracking/local_setup.zsh
[2.757s] -- Up-to-date: /home/ubuntu/rj_training_container/training_ws/install/mineral_deposit_tracking/share/mineral_deposit_tracking/local_setup.dsv
[2.803s] -- Installing: /home/ubuntu/rj_training_container/training_ws/install/mineral_deposit_tracking/share/mineral_deposit_tracking/package.dsv
[2.996s] -- Up-to-date: /home/ubuntu/rj_training_container/training_ws/install/mineral_deposit_tracking/share/ament_index/resource_index/packages/mineral_deposit_tracking
[3.075s] -- Up-to-date: /home/ubuntu/rj_training_container/training_ws/install/mineral_deposit_tracking/share/ament_index/resource_index/rclcpp_components/mineral_deposit_tracking
[3.118s] -- Up-to-date: /home/ubuntu/rj_training_container/training_ws/install/mineral_deposit_tracking/share/mineral_deposit_tracking/cmake/mineral_deposit_trackingConfig.cmake
[3.152s] -- Up-to-date: /home/ubuntu/rj_training_container/training_ws/install/mineral_deposit_tracking/share/mineral_deposit_tracking/cmake/mineral_deposit_trackingConfig-version.cmake
[3.198s] -- Up-to-date: /home/ubuntu/rj_training_container/training_ws/install/mineral_deposit_tracking/share/mineral_deposit_tracking/package.xml
[4.142s] Invoked command in '/home/ubuntu/rj_training_container/training_ws/build/mineral_deposit_tracking' returned '0': AMENT_PREFIX_PATH=/home/ubuntu/rj_training_container/training_ws/install/stsl_interfaces:${AMENT_PREFIX_PATH} CMAKE_PREFIX_PATH=/home/ubuntu/rj_training_container/training_ws/install/stsl_interfaces:/opt/ros/humble LD_LIBRARY_PATH=/home/ubuntu/rj_training_container/training_ws/install/stsl_interfaces/lib:${LD_LIBRARY_PATH} PYTHONPATH=/home/ubuntu/rj_training_container/training_ws/install/stsl_interfaces/local/lib/python3.10/dist-packages:${PYTHONPATH} /usr/bin/cmake --install /home/ubuntu/rj_training_container/training_ws/build/mineral_deposit_tracking
