[3.885s] Invoking command in '/home/ubuntu/rj_training_container/training_ws/build/controllers': CMAKE_PREFIX_PATH=${CMAKE_PREFIX_PATH}:/home/ubuntu/rj_training_container/training_ws/install/keyboard:/opt/ros/humble /usr/bin/cmake --build /home/ubuntu/rj_training_container/training_ws/build/controllers -- -j16 -l16
[36.428s] [100%] Built target controllers
[42.421s] Invoked command in '/home/ubuntu/rj_training_container/training_ws/build/controllers' returned '0': CMAKE_PREFIX_PATH=${CMAKE_PREFIX_PATH}:/home/ubuntu/rj_training_container/training_ws/install/keyboard:/opt/ros/humble /usr/bin/cmake --build /home/ubuntu/rj_training_container/training_ws/build/controllers -- -j16 -l16
[76.154s] Invoking command in '/home/ubuntu/rj_training_container/training_ws/build/controllers': CMAKE_PREFIX_PATH=${CMAKE_PREFIX_PATH}:/home/ubuntu/rj_training_container/training_ws/install/keyboard:/opt/ros/humble /usr/bin/cmake --install /home/ubuntu/rj_training_container/training_ws/build/controllers
[79.713s] -- Install configuration: ""
[79.837s] -- Up-to-date: /home/ubuntu/rj_training_container/training_ws/install/controllers/lib/libcontrollers.so
[79.998s] -- Up-to-date: /home/ubuntu/rj_training_container/training_ws/install/controllers/share/controllers/plugin_descriptions.xml
[80.089s] -- Up-to-date: /home/ubuntu/rj_training_container/training_ws/install/controllers/share/ament_index/resource_index/package_run_dependencies/controllers
[80.187s] -- Up-to-date: /home/ubuntu/rj_training_container/training_ws/install/controllers/share/ament_index/resource_index/parent_prefix_path/controllers
[80.229s] -- Up-to-date: /home/ubuntu/rj_training_container/training_ws/install/controllers/share/controllers/environment/ament_prefix_path.sh
[80.295s] -- Up-to-date: /home/ubuntu/rj_training_container/training_ws/install/controllers/share/controllers/environment/ament_prefix_path.dsv
[80.351s] -- Up-to-date: /home/ubuntu/rj_training_container/training_ws/install/controllers/share/controllers/environment/path.sh
[80.419s] -- Up-to-date: /home/ubuntu/rj_training_container/training_ws/install/controllers/share/controllers/environment/path.dsv
[80.476s] -- Up-to-date: /home/ubuntu/rj_training_container/training_ws/install/controllers/share/controllers/local_setup.bash
[80.531s] -- Up-to-date: /home/ubuntu/rj_training_container/training_ws/install/controllers/share/controllers/local_setup.sh
[80.591s] -- Up-to-date: /home/ubuntu/rj_training_container/training_ws/install/controllers/share/controllers/local_setup.zsh
[80.652s] -- Up-to-date: /home/ubuntu/rj_training_container/training_ws/install/controllers/share/controllers/local_setup.dsv
[80.708s] -- Installing: /home/ubuntu/rj_training_container/training_ws/install/controllers/share/controllers/package.dsv
[80.939s] -- Up-to-date: /home/ubuntu/rj_training_container/training_ws/install/controllers/share/ament_index/resource_index/packages/controllers
[81.048s] -- Up-to-date: /home/ubuntu/rj_training_container/training_ws/install/controllers/share/ament_index/resource_index/nav2_core__pluginlib__plugin/controllers
[81.116s] -- Up-to-date: /home/ubuntu/rj_training_container/training_ws/install/controllers/share/controllers/cmake/controllersConfig.cmake
[81.171s] -- Up-to-date: /home/ubuntu/rj_training_container/training_ws/install/controllers/share/controllers/cmake/controllersConfig-version.cmake
[81.247s] -- Up-to-date: /home/ubuntu/rj_training_container/training_ws/install/controllers/share/controllers/package.xml
[81.928s] Invoked command in '/home/ubuntu/rj_training_container/training_ws/build/controllers' returned '0': CMAKE_PREFIX_PATH=${CMAKE_PREFIX_PATH}:/home/ubuntu/rj_training_container/training_ws/install/keyboard:/opt/ros/humble /usr/bin/cmake --install /home/ubuntu/rj_training_container/training_ws/build/controllers
