[0.252s] Invoking command in '/home/ubuntu/rj_training_container/build/traini_description': CMAKE_PREFIX_PATH=/opt/ros/humble /usr/bin/cmake /home/ubuntu/rj_training_container/stsl/traini_description -DCMAKE_INSTALL_PREFIX=/home/ubuntu/rj_training_container/install/traini_description
[0.919s] -- The C compiler identification is GNU 11.4.0
[1.219s] -- The CXX compiler identification is GNU 11.4.0
[1.409s] -- Detecting C compiler ABI info
[3.081s] -- Detecting C compiler ABI info - done
[3.161s] -- Check for working C compiler: /usr/bin/cc - skipped
[3.164s] -- Detecting C compile features
[3.167s] -- Detecting C compile features - done
[3.364s] -- Detecting CXX compiler ABI info
[5.040s] -- Detecting CXX compiler ABI info - done
[5.110s] -- Check for working CXX compiler: /usr/bin/c++ - skipped
[5.113s] -- Detecting CXX compile features
[5.117s] -- Detecting CXX compile features - done
[5.297s] -- Found ament_cmake: 1.3.10 (/opt/ros/humble/share/ament_cmake/cmake)
[5.534s] -- Found Python3: /usr/bin/python3 (found version "3.10.12") found components: Interpreter 
[5.902s] -- Found xacro: 2.0.8 (/opt/ros/humble/share/xacro/cmake)
[5.905s] -- xacro: determining deps for: urdf/traini.urdf.xacro ...
[6.053s] -- Found ament_lint_auto: 0.12.11 (/opt/ros/humble/share/ament_lint_auto/cmake)
[6.930s] -- Added test 'copyright' to check source files copyright and LICENSE
[10.077s] -- Added test 'flake8' to check Python code syntax and style conventions
[10.337s] -- Added test 'lint_cmake' to check CMake code style
[10.445s] -- Added test 'pep257' to check Python code against some of the docstring style conventions in PEP 257
[11.809s] -- Added test 'xmllint' to check XML markup files
[12.150s] -- Configuring done
[13.129s] -- Generating done
[13.337s] -- Build files have been written to: /home/ubuntu/rj_training_container/build/traini_description
