[0.808s] Invoking command in '/home/ubuntu/rj_training_container/training_ws/build/mineral_deposit_tracking': CMAKE_PREFIX_PATH=/opt/ros/humble /usr/bin/cmake /home/ubuntu/rj_training_container/training_ws/src/software-training-old/mineral_deposit_tracking -DCMAKE_INSTALL_PREFIX=/home/ubuntu/rj_training_container/training_ws/install/mineral_deposit_tracking
[1.540s] -- The C compiler identification is GNU 11.4.0
[2.279s] -- The CXX compiler identification is GNU 11.4.0
[2.484s] -- Detecting C compiler ABI info
[4.461s] -- Detecting C compiler ABI info - done
[4.562s] -- Check for working C compiler: /usr/bin/cc - skipped
[4.566s] -- Detecting C compile features
[4.570s] -- Detecting C compile features - done
[4.785s] -- Detecting CXX compiler ABI info
[6.642s] -- Detecting CXX compiler ABI info - done
[6.728s] -- Check for working CXX compiler: /usr/bin/c++ - skipped
[6.731s] -- Detecting CXX compile features
[6.735s] -- Detecting CXX compile features - done
[6.917s] -- Found ament_cmake: 1.3.10 (/opt/ros/humble/share/ament_cmake/cmake)
[7.195s] -- Found Python3: /usr/bin/python3 (found version "3.10.12") found components: Interpreter 
[7.520s] -- Found rclcpp: 16.0.10 (/opt/ros/humble/share/rclcpp/cmake)
[7.623s] -- Found rosidl_generator_c: 3.1.5 (/opt/ros/humble/share/rosidl_generator_c/cmake)
[7.633s] -- Found rosidl_adapter: 3.1.5 (/opt/ros/humble/share/rosidl_adapter/cmake)
[7.649s] -- Found rosidl_generator_cpp: 3.1.5 (/opt/ros/humble/share/rosidl_generator_cpp/cmake)
[7.673s] -- Using all available rosidl_typesupport_c: rosidl_typesupport_fastrtps_c;rosidl_typesupport_introspection_c
[7.707s] -- Using all available rosidl_typesupport_cpp: rosidl_typesupport_fastrtps_cpp;rosidl_typesupport_introspection_cpp
[7.788s] -- Found rmw_implementation_cmake: 6.1.2 (/opt/ros/humble/share/rmw_implementation_cmake/cmake)
[7.794s] -- Found rmw_fastrtps_cpp: 6.2.7 (/opt/ros/humble/share/rmw_fastrtps_cpp/cmake)
[7.965s] -- Found OpenSSL: /usr/lib/x86_64-linux-gnu/libcrypto.so (found version "3.0.2")  
[8.043s] -- Found FastRTPS: /opt/ros/humble/include  
[8.177s] -- Using RMW implementation 'rmw_fastrtps_cpp' as default
[8.336s] -- Looking for pthread.h
[10.112s] -- Looking for pthread.h - found
[10.152s] -- Performing Test CMAKE_HAVE_LIBC_PTHREAD
[11.770s] -- Performing Test CMAKE_HAVE_LIBC_PTHREAD - Success
[11.789s] -- Found Threads: TRUE  
[11.901s] -- Found rclcpp_components: 16.0.10 (/opt/ros/humble/share/rclcpp_components/cmake)
[11.997s] [31mCMake Error at CMakeLists.txt:7 (find_package):
[11.999s]   By not providing "Findstsl_interfaces.cmake" in CMAKE_MODULE_PATH this
[12.001s]   project has asked CMake to find a package configuration file provided by
[12.003s]   "stsl_interfaces", but CMake did not find one.
[12.005s] 
[12.007s]   Could not find a package configuration file provided by "stsl_interfaces"
[12.008s]   with any of the following names:
[12.010s] 
[12.012s]     stsl_interfacesConfig.cmake
[12.014s]     stsl_interfaces-config.cmake
[12.015s] 
[12.017s]   Add the installation prefix of "stsl_interfaces" to CMAKE_PREFIX_PATH or
[12.022s]   set "stsl_interfaces_DIR" to a directory containing one of the above files.
[12.024s]   If "stsl_interfaces" provides a separate development package or SDK, be
[12.025s]   sure it has been installed.
[12.027s] 
[12.028s] [0m
[12.029s] -- Configuring incomplete, errors occurred!
[12.031s] See also "/home/ubuntu/rj_training_container/training_ws/build/mineral_deposit_tracking/CMakeFiles/CMakeOutput.log".
[12.146s] Invoked command in '/home/ubuntu/rj_training_container/training_ws/build/mineral_deposit_tracking' returned '1': CMAKE_PREFIX_PATH=/opt/ros/humble /usr/bin/cmake /home/ubuntu/rj_training_container/training_ws/src/software-training-old/mineral_deposit_tracking -DCMAKE_INSTALL_PREFIX=/home/ubuntu/rj_training_container/training_ws/install/mineral_deposit_tracking
