[0.285s] Invoking command in '/home/ubuntu/rj_training_container/training_ws/build/mineral_deposit_detection': AMENT_PREFIX_PATH=/home/ubuntu/rj_training_container/training_ws/install/stsl_interfaces:${AMENT_PREFIX_PATH} CMAKE_PREFIX_PATH=/home/ubuntu/rj_training_container/training_ws/install/stsl_interfaces:/opt/ros/humble LD_LIBRARY_PATH=/home/ubuntu/rj_training_container/training_ws/install/stsl_interfaces/lib:${LD_LIBRARY_PATH} PYTHONPATH=/home/ubuntu/rj_training_container/training_ws/install/stsl_interfaces/local/lib/python3.10/dist-packages:${PYTHONPATH} /usr/bin/cmake --build /home/ubuntu/rj_training_container/training_ws/build/mineral_deposit_detection -- -j16 -l16
[1.448s] [ 50%] Built target mineral_deposit_detector
[1.622s] [100%] Built target mineral_deposit_detection
[1.778s] Invoked command in '/home/ubuntu/rj_training_container/training_ws/build/mineral_deposit_detection' returned '0': AMENT_PREFIX_PATH=/home/ubuntu/rj_training_container/training_ws/install/stsl_interfaces:${AMENT_PREFIX_PATH} CMAKE_PREFIX_PATH=/home/ubuntu/rj_training_container/training_ws/install/stsl_interfaces:/opt/ros/humble LD_LIBRARY_PATH=/home/ubuntu/rj_training_container/training_ws/install/stsl_interfaces/lib:${LD_LIBRARY_PATH} PYTHONPATH=/home/ubuntu/rj_training_container/training_ws/install/stsl_interfaces/local/lib/python3.10/dist-packages:${PYTHONPATH} /usr/bin/cmake --build /home/ubuntu/rj_training_container/training_ws/build/mineral_deposit_detection -- -j16 -l16
[1.910s] Invoking command in '/home/ubuntu/rj_training_container/training_ws/build/mineral_deposit_detection': AMENT_PREFIX_PATH=/home/ubuntu/rj_training_container/training_ws/install/stsl_interfaces:${AMENT_PREFIX_PATH} CMAKE_PREFIX_PATH=/home/ubuntu/rj_training_container/training_ws/install/stsl_interfaces:/opt/ros/humble LD_LIBRARY_PATH=/home/ubuntu/rj_training_container/training_ws/install/stsl_interfaces/lib:${LD_LIBRARY_PATH} PYTHONPATH=/home/ubuntu/rj_training_container/training_ws/install/stsl_interfaces/local/lib/python3.10/dist-packages:${PYTHONPATH} /usr/bin/cmake --install /home/ubuntu/rj_training_container/training_ws/build/mineral_deposit_detection
[1.973s] -- Install configuration: ""
[2.101s] -- Up-to-date: /home/ubuntu/rj_training_container/training_ws/install/mineral_deposit_detection/lib/mineral_deposit_detection/mineral_deposit_detector
[2.323s] -- Up-to-date: /home/ubuntu/rj_training_container/training_ws/install/mineral_deposit_detection/lib/libmineral_deposit_detection.so
[2.514s] -- Up-to-date: /home/ubuntu/rj_training_container/training_ws/install/mineral_deposit_detection/share/ament_index/resource_index/package_run_dependencies/mineral_deposit_detection
[2.621s] -- Up-to-date: /home/ubuntu/rj_training_container/training_ws/install/mineral_deposit_detection/share/ament_index/resource_index/parent_prefix_path/mineral_deposit_detection
[2.672s] -- Up-to-date: /home/ubuntu/rj_training_container/training_ws/install/mineral_deposit_detection/share/mineral_deposit_detection/environment/ament_prefix_path.sh
[2.736s] -- Up-to-date: /home/ubuntu/rj_training_container/training_ws/install/mineral_deposit_detection/share/mineral_deposit_detection/environment/ament_prefix_path.dsv
[2.793s] -- Up-to-date: /home/ubuntu/rj_training_container/training_ws/install/mineral_deposit_detection/share/mineral_deposit_detection/environment/path.sh
[2.873s] -- Up-to-date: /home/ubuntu/rj_training_container/training_ws/install/mineral_deposit_detection/share/mineral_deposit_detection/environment/path.dsv
[2.942s] -- Up-to-date: /home/ubuntu/rj_training_container/training_ws/install/mineral_deposit_detection/share/mineral_deposit_detection/local_setup.bash
[2.994s] -- Up-to-date: /home/ubuntu/rj_training_container/training_ws/install/mineral_deposit_detection/share/mineral_deposit_detection/local_setup.sh
[3.050s] -- Up-to-date: /home/ubuntu/rj_training_container/training_ws/install/mineral_deposit_detection/share/mineral_deposit_detection/local_setup.zsh
[3.109s] -- Up-to-date: /home/ubuntu/rj_training_container/training_ws/install/mineral_deposit_detection/share/mineral_deposit_detection/local_setup.dsv
[3.165s] -- Installing: /home/ubuntu/rj_training_container/training_ws/install/mineral_deposit_detection/share/mineral_deposit_detection/package.dsv
[3.413s] -- Up-to-date: /home/ubuntu/rj_training_container/training_ws/install/mineral_deposit_detection/share/ament_index/resource_index/packages/mineral_deposit_detection
[3.529s] -- Up-to-date: /home/ubuntu/rj_training_container/training_ws/install/mineral_deposit_detection/share/ament_index/resource_index/rclcpp_components/mineral_deposit_detection
[3.598s] -- Up-to-date: /home/ubuntu/rj_training_container/training_ws/install/mineral_deposit_detection/share/mineral_deposit_detection/cmake/mineral_deposit_detectionConfig.cmake
[3.653s] -- Up-to-date: /home/ubuntu/rj_training_container/training_ws/install/mineral_deposit_detection/share/mineral_deposit_detection/cmake/mineral_deposit_detectionConfig-version.cmake
[3.737s] -- Up-to-date: /home/ubuntu/rj_training_container/training_ws/install/mineral_deposit_detection/share/mineral_deposit_detection/package.xml
[3.765s] Invoked command in '/home/ubuntu/rj_training_container/training_ws/build/mineral_deposit_detection' returned '0': AMENT_PREFIX_PATH=/home/ubuntu/rj_training_container/training_ws/install/stsl_interfaces:${AMENT_PREFIX_PATH} CMAKE_PREFIX_PATH=/home/ubuntu/rj_training_container/training_ws/install/stsl_interfaces:/opt/ros/humble LD_LIBRARY_PATH=/home/ubuntu/rj_training_container/training_ws/install/stsl_interfaces/lib:${LD_LIBRARY_PATH} PYTHONPATH=/home/ubuntu/rj_training_container/training_ws/install/stsl_interfaces/local/lib/python3.10/dist-packages:${PYTHONPATH} /usr/bin/cmake --install /home/ubuntu/rj_training_container/training_ws/build/mineral_deposit_detection
