[0.987s] Invoking command in '/home/ubuntu/rj_training_container/training_ws/build/traini_gazebo': AMENT_PREFIX_PATH=/home/ubuntu/rj_training_container/training_ws/install/stsl_aruco_tags:/home/ubuntu/rj_training_container/training_ws/install/stsl_interfaces:/home/ubuntu/rj_training_container/training_ws/install/stsl_gazebo_plugins:${AMENT_PREFIX_PATH} CMAKE_PREFIX_PATH=/home/ubuntu/rj_training_container/training_ws/install/stsl_aruco_tags:/home/ubuntu/rj_training_container/training_ws/install/stsl_interfaces:/home/ubuntu/rj_training_container/training_ws/install/stsl_gazebo_plugins:/opt/ros/humble LD_LIBRARY_PATH=/home/ubuntu/rj_training_container/training_ws/install/stsl_aruco_tags/lib:/home/ubuntu/rj_training_container/training_ws/install/stsl_interfaces/lib:/home/ubuntu/rj_training_container/training_ws/install/stsl_gazebo_plugins/lib:${LD_LIBRARY_PATH} PYTHONPATH=/home/ubuntu/rj_training_container/training_ws/install/stsl_interfaces/local/lib/python3.10/dist-packages:${PYTHONPATH} /usr/bin/cmake --build /home/ubuntu/rj_training_container/training_ws/build/traini_gazebo -- -j16 -l16
[4.843s] [100%] Built target traini_gazebo_GENERATE_ARUCO_TAG_MODELS
[5.376s] Invoked command in '/home/ubuntu/rj_training_container/training_ws/build/traini_gazebo' returned '0': AMENT_PREFIX_PATH=/home/ubuntu/rj_training_container/training_ws/install/stsl_aruco_tags:/home/ubuntu/rj_training_container/training_ws/install/stsl_interfaces:/home/ubuntu/rj_training_container/training_ws/install/stsl_gazebo_plugins:${AMENT_PREFIX_PATH} CMAKE_PREFIX_PATH=/home/ubuntu/rj_training_container/training_ws/install/stsl_aruco_tags:/home/ubuntu/rj_training_container/training_ws/install/stsl_interfaces:/home/ubuntu/rj_training_container/training_ws/install/stsl_gazebo_plugins:/opt/ros/humble LD_LIBRARY_PATH=/home/ubuntu/rj_training_container/training_ws/install/stsl_aruco_tags/lib:/home/ubuntu/rj_training_container/training_ws/install/stsl_interfaces/lib:/home/ubuntu/rj_training_container/training_ws/install/stsl_gazebo_plugins/lib:${LD_LIBRARY_PATH} PYTHONPATH=/home/ubuntu/rj_training_container/training_ws/install/stsl_interfaces/local/lib/python3.10/dist-packages:${PYTHONPATH} /usr/bin/cmake --build /home/ubuntu/rj_training_container/training_ws/build/traini_gazebo -- -j16 -l16
[5.438s] Invoking command in '/home/ubuntu/rj_training_container/training_ws/build/traini_gazebo': AMENT_PREFIX_PATH=/home/ubuntu/rj_training_container/training_ws/install/stsl_aruco_tags:/home/ubuntu/rj_training_container/training_ws/install/stsl_interfaces:/home/ubuntu/rj_training_container/training_ws/install/stsl_gazebo_plugins:${AMENT_PREFIX_PATH} CMAKE_PREFIX_PATH=/home/ubuntu/rj_training_container/training_ws/install/stsl_aruco_tags:/home/ubuntu/rj_training_container/training_ws/install/stsl_interfaces:/home/ubuntu/rj_training_container/training_ws/install/stsl_gazebo_plugins:/opt/ros/humble LD_LIBRARY_PATH=/home/ubuntu/rj_training_container/training_ws/install/stsl_aruco_tags/lib:/home/ubuntu/rj_training_container/training_ws/install/stsl_interfaces/lib:/home/ubuntu/rj_training_container/training_ws/install/stsl_gazebo_plugins/lib:${LD_LIBRARY_PATH} PYTHONPATH=/home/ubuntu/rj_training_container/training_ws/install/stsl_interfaces/local/lib/python3.10/dist-packages:${PYTHONPATH} /usr/bin/cmake --install /home/ubuntu/rj_training_container/training_ws/build/traini_gazebo
[5.839s] -- Install configuration: ""
[5.867s] -- Up-to-date: /home/ubuntu/rj_training_container/training_ws/install/traini_gazebo/lib/traini_gazebo/publish_map_boundary.py
[5.898s] -- Up-to-date: /home/ubuntu/rj_training_container/training_ws/install/traini_gazebo/lib/traini_gazebo/randomize_robot_pose.py
[5.920s] -- Up-to-date: /home/ubuntu/rj_training_container/training_ws/install/traini_gazebo/share/traini_gazebo/config
[5.967s] -- Up-to-date: /home/ubuntu/rj_training_container/training_ws/install/traini_gazebo/share/traini_gazebo/config/gazebo_params.yaml
[5.987s] -- Up-to-date: /home/ubuntu/rj_training_container/training_ws/install/traini_gazebo/share/traini_gazebo/launch
[6.028s] -- Up-to-date: /home/ubuntu/rj_training_container/training_ws/install/traini_gazebo/share/traini_gazebo/launch/gazebo.launch.py
[6.066s] -- Up-to-date: /home/ubuntu/rj_training_container/training_ws/install/traini_gazebo/share/traini_gazebo/launch/gzclient.launch.py
[6.101s] -- Up-to-date: /home/ubuntu/rj_training_container/training_ws/install/traini_gazebo/share/traini_gazebo/launch/gzserver.launch.py
[6.132s] -- Up-to-date: /home/ubuntu/rj_training_container/training_ws/install/traini_gazebo/share/traini_gazebo/launch/traini_gazebo.launch.py
[6.155s] -- Up-to-date: /home/ubuntu/rj_training_container/training_ws/install/traini_gazebo/share/traini_gazebo/models
[6.189s] -- Up-to-date: /home/ubuntu/rj_training_container/training_ws/install/traini_gazebo/share/traini_gazebo/models/floor_mat
[6.232s] -- Up-to-date: /home/ubuntu/rj_training_container/training_ws/install/traini_gazebo/share/traini_gazebo/models/floor_mat/materials
[6.279s] -- Up-to-date: /home/ubuntu/rj_training_container/training_ws/install/traini_gazebo/share/traini_gazebo/models/floor_mat/materials/scripts
[6.346s] -- Up-to-date: /home/ubuntu/rj_training_container/training_ws/install/traini_gazebo/share/traini_gazebo/models/floor_mat/materials/scripts/floor_mat.material
[6.378s] -- Up-to-date: /home/ubuntu/rj_training_container/training_ws/install/traini_gazebo/share/traini_gazebo/models/floor_mat/materials/textures
[6.444s] -- Up-to-date: /home/ubuntu/rj_training_container/training_ws/install/traini_gazebo/share/traini_gazebo/models/floor_mat/materials/textures/floor_mat.png
[6.479s] -- Up-to-date: /home/ubuntu/rj_training_container/training_ws/install/traini_gazebo/share/traini_gazebo/models/floor_mat/model.config
[6.519s] -- Up-to-date: /home/ubuntu/rj_training_container/training_ws/install/traini_gazebo/share/traini_gazebo/models/floor_mat/model.sdf
[6.544s] -- Up-to-date: /home/ubuntu/rj_training_container/training_ws/install/traini_gazebo/share/traini_gazebo/models/traini
[6.584s] -- Up-to-date: /home/ubuntu/rj_training_container/training_ws/install/traini_gazebo/share/traini_gazebo/models/traini/meshes
[6.640s] -- Up-to-date: /home/ubuntu/rj_training_container/training_ws/install/traini_gazebo/share/traini_gazebo/models/traini/meshes/Trainiii.dae
[6.679s] -- Up-to-date: /home/ubuntu/rj_training_container/training_ws/install/traini_gazebo/share/traini_gazebo/models/traini/model.config
[6.717s] -- Up-to-date: /home/ubuntu/rj_training_container/training_ws/install/traini_gazebo/share/traini_gazebo/models/traini/model.sdf
[6.741s] -- Up-to-date: /home/ubuntu/rj_training_container/training_ws/install/traini_gazebo/share/traini_gazebo/worlds
[6.782s] -- Up-to-date: /home/ubuntu/rj_training_container/training_ws/install/traini_gazebo/share/traini_gazebo/worlds/training_world.sdf
[6.799s] -- Up-to-date: /home/ubuntu/rj_training_container/training_ws/install/traini_gazebo/share/traini_gazebo/models
[6.825s] -- Up-to-date: /home/ubuntu/rj_training_container/training_ws/install/traini_gazebo/share/traini_gazebo/models/aruco_tag_0
[6.856s] -- Up-to-date: /home/ubuntu/rj_training_container/training_ws/install/traini_gazebo/share/traini_gazebo/models/aruco_tag_0/materials
[6.896s] -- Up-to-date: /home/ubuntu/rj_training_container/training_ws/install/traini_gazebo/share/traini_gazebo/models/aruco_tag_0/materials/scripts
[6.952s] -- Up-to-date: /home/ubuntu/rj_training_container/training_ws/install/traini_gazebo/share/traini_gazebo/models/aruco_tag_0/materials/scripts/aruco_tag_0.material
[6.981s] -- Up-to-date: /home/ubuntu/rj_training_container/training_ws/install/traini_gazebo/share/traini_gazebo/models/aruco_tag_0/materials/textures
[7.036s] -- Up-to-date: /home/ubuntu/rj_training_container/training_ws/install/traini_gazebo/share/traini_gazebo/models/aruco_tag_0/materials/textures/ArUcoTag0.jpg
[7.069s] -- Up-to-date: /home/ubuntu/rj_training_container/training_ws/install/traini_gazebo/share/traini_gazebo/models/aruco_tag_0/model.config
[7.098s] -- Up-to-date: /home/ubuntu/rj_training_container/training_ws/install/traini_gazebo/share/traini_gazebo/models/aruco_tag_0/model.sdf
[7.123s] -- Up-to-date: /home/ubuntu/rj_training_container/training_ws/install/traini_gazebo/share/traini_gazebo/models/aruco_tag_1
[7.156s] -- Up-to-date: /home/ubuntu/rj_training_container/training_ws/install/traini_gazebo/share/traini_gazebo/models/aruco_tag_1/materials
[7.195s] -- Up-to-date: /home/ubuntu/rj_training_container/training_ws/install/traini_gazebo/share/traini_gazebo/models/aruco_tag_1/materials/scripts
[7.249s] -- Up-to-date: /home/ubuntu/rj_training_container/training_ws/install/traini_gazebo/share/traini_gazebo/models/aruco_tag_1/materials/scripts/aruco_tag_1.material
[7.280s] -- Up-to-date: /home/ubuntu/rj_training_container/training_ws/install/traini_gazebo/share/traini_gazebo/models/aruco_tag_1/materials/textures
[7.337s] -- Up-to-date: /home/ubuntu/rj_training_container/training_ws/install/traini_gazebo/share/traini_gazebo/models/aruco_tag_1/materials/textures/ArUcoTag1.jpg
[7.363s] -- Up-to-date: /home/ubuntu/rj_training_container/training_ws/install/traini_gazebo/share/traini_gazebo/models/aruco_tag_1/model.config
[7.389s] -- Up-to-date: /home/ubuntu/rj_training_container/training_ws/install/traini_gazebo/share/traini_gazebo/models/aruco_tag_1/model.sdf
[7.405s] -- Up-to-date: /home/ubuntu/rj_training_container/training_ws/install/traini_gazebo/share/traini_gazebo/models/aruco_tag_10
[7.430s] -- Up-to-date: /home/ubuntu/rj_training_container/training_ws/install/traini_gazebo/share/traini_gazebo/models/aruco_tag_10/materials
[7.460s] -- Up-to-date: /home/ubuntu/rj_training_container/training_ws/install/traini_gazebo/share/traini_gazebo/models/aruco_tag_10/materials/scripts
[7.507s] -- Up-to-date: /home/ubuntu/rj_training_container/training_ws/install/traini_gazebo/share/traini_gazebo/models/aruco_tag_10/materials/scripts/aruco_tag_10.material
[7.539s] -- Up-to-date: /home/ubuntu/rj_training_container/training_ws/install/traini_gazebo/share/traini_gazebo/models/aruco_tag_10/materials/textures
[7.580s] -- Up-to-date: /home/ubuntu/rj_training_container/training_ws/install/traini_gazebo/share/traini_gazebo/models/aruco_tag_10/materials/textures/ArUcoTag10.jpg
[7.610s] -- Up-to-date: /home/ubuntu/rj_training_container/training_ws/install/traini_gazebo/share/traini_gazebo/models/aruco_tag_10/model.config
[7.636s] -- Up-to-date: /home/ubuntu/rj_training_container/training_ws/install/traini_gazebo/share/traini_gazebo/models/aruco_tag_10/model.sdf
[7.656s] -- Up-to-date: /home/ubuntu/rj_training_container/training_ws/install/traini_gazebo/share/traini_gazebo/models/aruco_tag_11
[7.698s] -- Up-to-date: /home/ubuntu/rj_training_container/training_ws/install/traini_gazebo/share/traini_gazebo/models/aruco_tag_11/materials
[7.739s] -- Up-to-date: /home/ubuntu/rj_training_container/training_ws/install/traini_gazebo/share/traini_gazebo/models/aruco_tag_11/materials/scripts
[7.789s] -- Up-to-date: /home/ubuntu/rj_training_container/training_ws/install/traini_gazebo/share/traini_gazebo/models/aruco_tag_11/materials/scripts/aruco_tag_11.material
[7.819s] -- Up-to-date: /home/ubuntu/rj_training_container/training_ws/install/traini_gazebo/share/traini_gazebo/models/aruco_tag_11/materials/textures
[7.860s] -- Up-to-date: /home/ubuntu/rj_training_container/training_ws/install/traini_gazebo/share/traini_gazebo/models/aruco_tag_11/materials/textures/ArUcoTag11.jpg
[7.886s] -- Up-to-date: /home/ubuntu/rj_training_container/training_ws/install/traini_gazebo/share/traini_gazebo/models/aruco_tag_11/model.config
[7.915s] -- Up-to-date: /home/ubuntu/rj_training_container/training_ws/install/traini_gazebo/share/traini_gazebo/models/aruco_tag_11/model.sdf
[7.933s] -- Up-to-date: /home/ubuntu/rj_training_container/training_ws/install/traini_gazebo/share/traini_gazebo/models/aruco_tag_12
[7.964s] -- Up-to-date: /home/ubuntu/rj_training_container/training_ws/install/traini_gazebo/share/traini_gazebo/models/aruco_tag_12/materials
[8.002s] -- Up-to-date: /home/ubuntu/rj_training_container/training_ws/install/traini_gazebo/share/traini_gazebo/models/aruco_tag_12/materials/scripts
[8.051s] -- Up-to-date: /home/ubuntu/rj_training_container/training_ws/install/traini_gazebo/share/traini_gazebo/models/aruco_tag_12/materials/scripts/aruco_tag_12.material
[8.080s] -- Up-to-date: /home/ubuntu/rj_training_container/training_ws/install/traini_gazebo/share/traini_gazebo/models/aruco_tag_12/materials/textures
[8.156s] -- Up-to-date: /home/ubuntu/rj_training_container/training_ws/install/traini_gazebo/share/traini_gazebo/models/aruco_tag_12/materials/textures/ArUcoTag12.jpg
[8.185s] -- Up-to-date: /home/ubuntu/rj_training_container/training_ws/install/traini_gazebo/share/traini_gazebo/models/aruco_tag_12/model.config
[8.214s] -- Up-to-date: /home/ubuntu/rj_training_container/training_ws/install/traini_gazebo/share/traini_gazebo/models/aruco_tag_12/model.sdf
[8.233s] -- Up-to-date: /home/ubuntu/rj_training_container/training_ws/install/traini_gazebo/share/traini_gazebo/models/aruco_tag_13
[8.262s] -- Up-to-date: /home/ubuntu/rj_training_container/training_ws/install/traini_gazebo/share/traini_gazebo/models/aruco_tag_13/materials
[8.297s] -- Up-to-date: /home/ubuntu/rj_training_container/training_ws/install/traini_gazebo/share/traini_gazebo/models/aruco_tag_13/materials/scripts
[8.341s] -- Up-to-date: /home/ubuntu/rj_training_container/training_ws/install/traini_gazebo/share/traini_gazebo/models/aruco_tag_13/materials/scripts/aruco_tag_13.material
[8.364s] -- Up-to-date: /home/ubuntu/rj_training_container/training_ws/install/traini_gazebo/share/traini_gazebo/models/aruco_tag_13/materials/textures
[8.411s] -- Up-to-date: /home/ubuntu/rj_training_container/training_ws/install/traini_gazebo/share/traini_gazebo/models/aruco_tag_13/materials/textures/ArUcoTag13.jpg
[8.438s] -- Up-to-date: /home/ubuntu/rj_training_container/training_ws/install/traini_gazebo/share/traini_gazebo/models/aruco_tag_13/model.config
[8.464s] -- Up-to-date: /home/ubuntu/rj_training_container/training_ws/install/traini_gazebo/share/traini_gazebo/models/aruco_tag_13/model.sdf
[8.494s] -- Up-to-date: /home/ubuntu/rj_training_container/training_ws/install/traini_gazebo/share/traini_gazebo/models/aruco_tag_14
[8.528s] -- Up-to-date: /home/ubuntu/rj_training_container/training_ws/install/traini_gazebo/share/traini_gazebo/models/aruco_tag_14/materials
[8.568s] -- Up-to-date: /home/ubuntu/rj_training_container/training_ws/install/traini_gazebo/share/traini_gazebo/models/aruco_tag_14/materials/scripts
[8.627s] -- Up-to-date: /home/ubuntu/rj_training_container/training_ws/install/traini_gazebo/share/traini_gazebo/models/aruco_tag_14/materials/scripts/aruco_tag_14.material
[8.650s] -- Up-to-date: /home/ubuntu/rj_training_container/training_ws/install/traini_gazebo/share/traini_gazebo/models/aruco_tag_14/materials/textures
[8.696s] -- Up-to-date: /home/ubuntu/rj_training_container/training_ws/install/traini_gazebo/share/traini_gazebo/models/aruco_tag_14/materials/textures/ArUcoTag14.jpg
[8.729s] -- Up-to-date: /home/ubuntu/rj_training_container/training_ws/install/traini_gazebo/share/traini_gazebo/models/aruco_tag_14/model.config
[8.756s] -- Up-to-date: /home/ubuntu/rj_training_container/training_ws/install/traini_gazebo/share/traini_gazebo/models/aruco_tag_14/model.sdf
[8.776s] -- Up-to-date: /home/ubuntu/rj_training_container/training_ws/install/traini_gazebo/share/traini_gazebo/models/aruco_tag_15
[8.809s] -- Up-to-date: /home/ubuntu/rj_training_container/training_ws/install/traini_gazebo/share/traini_gazebo/models/aruco_tag_15/materials
[8.847s] -- Up-to-date: /home/ubuntu/rj_training_container/training_ws/install/traini_gazebo/share/traini_gazebo/models/aruco_tag_15/materials/scripts
[8.896s] -- Up-to-date: /home/ubuntu/rj_training_container/training_ws/install/traini_gazebo/share/traini_gazebo/models/aruco_tag_15/materials/scripts/aruco_tag_15.material
[8.925s] -- Up-to-date: /home/ubuntu/rj_training_container/training_ws/install/traini_gazebo/share/traini_gazebo/models/aruco_tag_15/materials/textures
[8.972s] -- Up-to-date: /home/ubuntu/rj_training_container/training_ws/install/traini_gazebo/share/traini_gazebo/models/aruco_tag_15/materials/textures/ArUcoTag15.jpg
[9.002s] -- Up-to-date: /home/ubuntu/rj_training_container/training_ws/install/traini_gazebo/share/traini_gazebo/models/aruco_tag_15/model.config
[9.029s] -- Up-to-date: /home/ubuntu/rj_training_container/training_ws/install/traini_gazebo/share/traini_gazebo/models/aruco_tag_15/model.sdf
[9.049s] -- Up-to-date: /home/ubuntu/rj_training_container/training_ws/install/traini_gazebo/share/traini_gazebo/models/aruco_tag_16
[9.078s] -- Up-to-date: /home/ubuntu/rj_training_container/training_ws/install/traini_gazebo/share/traini_gazebo/models/aruco_tag_16/materials
[9.115s] -- Up-to-date: /home/ubuntu/rj_training_container/training_ws/install/traini_gazebo/share/traini_gazebo/models/aruco_tag_16/materials/scripts
[9.164s] -- Up-to-date: /home/ubuntu/rj_training_container/training_ws/install/traini_gazebo/share/traini_gazebo/models/aruco_tag_16/materials/scripts/aruco_tag_16.material
[9.186s] -- Up-to-date: /home/ubuntu/rj_training_container/training_ws/install/traini_gazebo/share/traini_gazebo/models/aruco_tag_16/materials/textures
[9.236s] -- Up-to-date: /home/ubuntu/rj_training_container/training_ws/install/traini_gazebo/share/traini_gazebo/models/aruco_tag_16/materials/textures/ArUcoTag16.jpg
[9.264s] -- Up-to-date: /home/ubuntu/rj_training_container/training_ws/install/traini_gazebo/share/traini_gazebo/models/aruco_tag_16/model.config
[9.300s] -- Up-to-date: /home/ubuntu/rj_training_container/training_ws/install/traini_gazebo/share/traini_gazebo/models/aruco_tag_16/model.sdf
[9.325s] -- Up-to-date: /home/ubuntu/rj_training_container/training_ws/install/traini_gazebo/share/traini_gazebo/models/aruco_tag_17
[9.370s] -- Up-to-date: /home/ubuntu/rj_training_container/training_ws/install/traini_gazebo/share/traini_gazebo/models/aruco_tag_17/materials
[9.405s] -- Up-to-date: /home/ubuntu/rj_training_container/training_ws/install/traini_gazebo/share/traini_gazebo/models/aruco_tag_17/materials/scripts
[9.452s] -- Up-to-date: /home/ubuntu/rj_training_container/training_ws/install/traini_gazebo/share/traini_gazebo/models/aruco_tag_17/materials/scripts/aruco_tag_17.material
[9.480s] -- Up-to-date: /home/ubuntu/rj_training_container/training_ws/install/traini_gazebo/share/traini_gazebo/models/aruco_tag_17/materials/textures
[9.529s] -- Up-to-date: /home/ubuntu/rj_training_container/training_ws/install/traini_gazebo/share/traini_gazebo/models/aruco_tag_17/materials/textures/ArUcoTag17.jpg
[9.558s] -- Up-to-date: /home/ubuntu/rj_training_container/training_ws/install/traini_gazebo/share/traini_gazebo/models/aruco_tag_17/model.config
[9.583s] -- Up-to-date: /home/ubuntu/rj_training_container/training_ws/install/traini_gazebo/share/traini_gazebo/models/aruco_tag_17/model.sdf
[9.604s] -- Up-to-date: /home/ubuntu/rj_training_container/training_ws/install/traini_gazebo/share/traini_gazebo/models/aruco_tag_18
[9.636s] -- Up-to-date: /home/ubuntu/rj_training_container/training_ws/install/traini_gazebo/share/traini_gazebo/models/aruco_tag_18/materials
[9.673s] -- Up-to-date: /home/ubuntu/rj_training_container/training_ws/install/traini_gazebo/share/traini_gazebo/models/aruco_tag_18/materials/scripts
[9.722s] -- Up-to-date: /home/ubuntu/rj_training_container/training_ws/install/traini_gazebo/share/traini_gazebo/models/aruco_tag_18/materials/scripts/aruco_tag_18.material
[9.747s] -- Up-to-date: /home/ubuntu/rj_training_container/training_ws/install/traini_gazebo/share/traini_gazebo/models/aruco_tag_18/materials/textures
[9.786s] -- Up-to-date: /home/ubuntu/rj_training_container/training_ws/install/traini_gazebo/share/traini_gazebo/models/aruco_tag_18/materials/textures/ArUcoTag18.jpg
[9.812s] -- Up-to-date: /home/ubuntu/rj_training_container/training_ws/install/traini_gazebo/share/traini_gazebo/models/aruco_tag_18/model.config
[9.836s] -- Up-to-date: /home/ubuntu/rj_training_container/training_ws/install/traini_gazebo/share/traini_gazebo/models/aruco_tag_18/model.sdf
[9.852s] -- Up-to-date: /home/ubuntu/rj_training_container/training_ws/install/traini_gazebo/share/traini_gazebo/models/aruco_tag_19
[9.877s] -- Up-to-date: /home/ubuntu/rj_training_container/training_ws/install/traini_gazebo/share/traini_gazebo/models/aruco_tag_19/materials
[9.913s] -- Up-to-date: /home/ubuntu/rj_training_container/training_ws/install/traini_gazebo/share/traini_gazebo/models/aruco_tag_19/materials/scripts
[9.963s] -- Up-to-date: /home/ubuntu/rj_training_container/training_ws/install/traini_gazebo/share/traini_gazebo/models/aruco_tag_19/materials/scripts/aruco_tag_19.material
[9.986s] -- Up-to-date: /home/ubuntu/rj_training_container/training_ws/install/traini_gazebo/share/traini_gazebo/models/aruco_tag_19/materials/textures
[10.033s] -- Up-to-date: /home/ubuntu/rj_training_container/training_ws/install/traini_gazebo/share/traini_gazebo/models/aruco_tag_19/materials/textures/ArUcoTag19.jpg
[10.059s] -- Up-to-date: /home/ubuntu/rj_training_container/training_ws/install/traini_gazebo/share/traini_gazebo/models/aruco_tag_19/model.config
[10.088s] -- Up-to-date: /home/ubuntu/rj_training_container/training_ws/install/traini_gazebo/share/traini_gazebo/models/aruco_tag_19/model.sdf
[10.116s] -- Up-to-date: /home/ubuntu/rj_training_container/training_ws/install/traini_gazebo/share/traini_gazebo/models/aruco_tag_2
[10.149s] -- Up-to-date: /home/ubuntu/rj_training_container/training_ws/install/traini_gazebo/share/traini_gazebo/models/aruco_tag_2/materials
[10.187s] -- Up-to-date: /home/ubuntu/rj_training_container/training_ws/install/traini_gazebo/share/traini_gazebo/models/aruco_tag_2/materials/scripts
[10.237s] -- Up-to-date: /home/ubuntu/rj_training_container/training_ws/install/traini_gazebo/share/traini_gazebo/models/aruco_tag_2/materials/scripts/aruco_tag_2.material
[10.270s] -- Up-to-date: /home/ubuntu/rj_training_container/training_ws/install/traini_gazebo/share/traini_gazebo/models/aruco_tag_2/materials/textures
[10.319s] -- Up-to-date: /home/ubuntu/rj_training_container/training_ws/install/traini_gazebo/share/traini_gazebo/models/aruco_tag_2/materials/textures/ArUcoTag2.jpg
[10.362s] -- Up-to-date: /home/ubuntu/rj_training_container/training_ws/install/traini_gazebo/share/traini_gazebo/models/aruco_tag_2/model.config
[10.389s] -- Up-to-date: /home/ubuntu/rj_training_container/training_ws/install/traini_gazebo/share/traini_gazebo/models/aruco_tag_2/model.sdf
[10.419s] -- Up-to-date: /home/ubuntu/rj_training_container/training_ws/install/traini_gazebo/share/traini_gazebo/models/aruco_tag_20
[10.455s] -- Up-to-date: /home/ubuntu/rj_training_container/training_ws/install/traini_gazebo/share/traini_gazebo/models/aruco_tag_20/materials
[10.502s] -- Up-to-date: /home/ubuntu/rj_training_container/training_ws/install/traini_gazebo/share/traini_gazebo/models/aruco_tag_20/materials/scripts
[10.565s] -- Up-to-date: /home/ubuntu/rj_training_container/training_ws/install/traini_gazebo/share/traini_gazebo/models/aruco_tag_20/materials/scripts/aruco_tag_20.material
[10.594s] -- Up-to-date: /home/ubuntu/rj_training_container/training_ws/install/traini_gazebo/share/traini_gazebo/models/aruco_tag_20/materials/textures
[10.643s] -- Up-to-date: /home/ubuntu/rj_training_container/training_ws/install/traini_gazebo/share/traini_gazebo/models/aruco_tag_20/materials/textures/ArUcoTag20.jpg
[10.666s] -- Up-to-date: /home/ubuntu/rj_training_container/training_ws/install/traini_gazebo/share/traini_gazebo/models/aruco_tag_20/model.config
[10.688s] -- Up-to-date: /home/ubuntu/rj_training_container/training_ws/install/traini_gazebo/share/traini_gazebo/models/aruco_tag_20/model.sdf
[10.708s] -- Up-to-date: /home/ubuntu/rj_training_container/training_ws/install/traini_gazebo/share/traini_gazebo/models/aruco_tag_21
[10.740s] -- Up-to-date: /home/ubuntu/rj_training_container/training_ws/install/traini_gazebo/share/traini_gazebo/models/aruco_tag_21/materials
[10.778s] -- Up-to-date: /home/ubuntu/rj_training_container/training_ws/install/traini_gazebo/share/traini_gazebo/models/aruco_tag_21/materials/scripts
[10.831s] -- Up-to-date: /home/ubuntu/rj_training_container/training_ws/install/traini_gazebo/share/traini_gazebo/models/aruco_tag_21/materials/scripts/aruco_tag_21.material
[10.860s] -- Up-to-date: /home/ubuntu/rj_training_container/training_ws/install/traini_gazebo/share/traini_gazebo/models/aruco_tag_21/materials/textures
[10.912s] -- Up-to-date: /home/ubuntu/rj_training_container/training_ws/install/traini_gazebo/share/traini_gazebo/models/aruco_tag_21/materials/textures/ArUcoTag21.jpg
[10.940s] -- Up-to-date: /home/ubuntu/rj_training_container/training_ws/install/traini_gazebo/share/traini_gazebo/models/aruco_tag_21/model.config
[10.967s] -- Up-to-date: /home/ubuntu/rj_training_container/training_ws/install/traini_gazebo/share/traini_gazebo/models/aruco_tag_21/model.sdf
[10.986s] -- Up-to-date: /home/ubuntu/rj_training_container/training_ws/install/traini_gazebo/share/traini_gazebo/models/aruco_tag_22
[11.017s] -- Up-to-date: /home/ubuntu/rj_training_container/training_ws/install/traini_gazebo/share/traini_gazebo/models/aruco_tag_22/materials
[11.055s] -- Up-to-date: /home/ubuntu/rj_training_container/training_ws/install/traini_gazebo/share/traini_gazebo/models/aruco_tag_22/materials/scripts
[11.104s] -- Up-to-date: /home/ubuntu/rj_training_container/training_ws/install/traini_gazebo/share/traini_gazebo/models/aruco_tag_22/materials/scripts/aruco_tag_22.material
[11.133s] -- Up-to-date: /home/ubuntu/rj_training_container/training_ws/install/traini_gazebo/share/traini_gazebo/models/aruco_tag_22/materials/textures
[11.181s] -- Up-to-date: /home/ubuntu/rj_training_container/training_ws/install/traini_gazebo/share/traini_gazebo/models/aruco_tag_22/materials/textures/ArUcoTag22.jpg
[11.213s] -- Up-to-date: /home/ubuntu/rj_training_container/training_ws/install/traini_gazebo/share/traini_gazebo/models/aruco_tag_22/model.config
[11.241s] -- Up-to-date: /home/ubuntu/rj_training_container/training_ws/install/traini_gazebo/share/traini_gazebo/models/aruco_tag_22/model.sdf
[11.268s] -- Up-to-date: /home/ubuntu/rj_training_container/training_ws/install/traini_gazebo/share/traini_gazebo/models/aruco_tag_23
[11.301s] -- Up-to-date: /home/ubuntu/rj_training_container/training_ws/install/traini_gazebo/share/traini_gazebo/models/aruco_tag_23/materials
[11.339s] -- Up-to-date: /home/ubuntu/rj_training_container/training_ws/install/traini_gazebo/share/traini_gazebo/models/aruco_tag_23/materials/scripts
[11.389s] -- Up-to-date: /home/ubuntu/rj_training_container/training_ws/install/traini_gazebo/share/traini_gazebo/models/aruco_tag_23/materials/scripts/aruco_tag_23.material
[11.417s] -- Up-to-date: /home/ubuntu/rj_training_container/training_ws/install/traini_gazebo/share/traini_gazebo/models/aruco_tag_23/materials/textures
[11.467s] -- Up-to-date: /home/ubuntu/rj_training_container/training_ws/install/traini_gazebo/share/traini_gazebo/models/aruco_tag_23/materials/textures/ArUcoTag23.jpg
[11.506s] -- Up-to-date: /home/ubuntu/rj_training_container/training_ws/install/traini_gazebo/share/traini_gazebo/models/aruco_tag_23/model.config
[11.537s] -- Up-to-date: /home/ubuntu/rj_training_container/training_ws/install/traini_gazebo/share/traini_gazebo/models/aruco_tag_23/model.sdf
[11.557s] -- Up-to-date: /home/ubuntu/rj_training_container/training_ws/install/traini_gazebo/share/traini_gazebo/models/aruco_tag_24
[11.589s] -- Up-to-date: /home/ubuntu/rj_training_container/training_ws/install/traini_gazebo/share/traini_gazebo/models/aruco_tag_24/materials
[11.634s] -- Up-to-date: /home/ubuntu/rj_training_container/training_ws/install/traini_gazebo/share/traini_gazebo/models/aruco_tag_24/materials/scripts
[11.675s] -- Up-to-date: /home/ubuntu/rj_training_container/training_ws/install/traini_gazebo/share/traini_gazebo/models/aruco_tag_24/materials/scripts/aruco_tag_24.material
[11.698s] -- Up-to-date: /home/ubuntu/rj_training_container/training_ws/install/traini_gazebo/share/traini_gazebo/models/aruco_tag_24/materials/textures
[11.750s] -- Up-to-date: /home/ubuntu/rj_training_container/training_ws/install/traini_gazebo/share/traini_gazebo/models/aruco_tag_24/materials/textures/ArUcoTag24.jpg
[11.776s] -- Up-to-date: /home/ubuntu/rj_training_container/training_ws/install/traini_gazebo/share/traini_gazebo/models/aruco_tag_24/model.config
[11.801s] -- Up-to-date: /home/ubuntu/rj_training_container/training_ws/install/traini_gazebo/share/traini_gazebo/models/aruco_tag_24/model.sdf
[11.824s] -- Up-to-date: /home/ubuntu/rj_training_container/training_ws/install/traini_gazebo/share/traini_gazebo/models/aruco_tag_25
[11.852s] -- Up-to-date: /home/ubuntu/rj_training_container/training_ws/install/traini_gazebo/share/traini_gazebo/models/aruco_tag_25/materials
[11.892s] -- Up-to-date: /home/ubuntu/rj_training_container/training_ws/install/traini_gazebo/share/traini_gazebo/models/aruco_tag_25/materials/scripts
[11.942s] -- Up-to-date: /home/ubuntu/rj_training_container/training_ws/install/traini_gazebo/share/traini_gazebo/models/aruco_tag_25/materials/scripts/aruco_tag_25.material
[11.970s] -- Up-to-date: /home/ubuntu/rj_training_container/training_ws/install/traini_gazebo/share/traini_gazebo/models/aruco_tag_25/materials/textures
[12.031s] -- Up-to-date: /home/ubuntu/rj_training_container/training_ws/install/traini_gazebo/share/traini_gazebo/models/aruco_tag_25/materials/textures/ArUcoTag25.jpg
[12.057s] -- Up-to-date: /home/ubuntu/rj_training_container/training_ws/install/traini_gazebo/share/traini_gazebo/models/aruco_tag_25/model.config
[12.084s] -- Up-to-date: /home/ubuntu/rj_training_container/training_ws/install/traini_gazebo/share/traini_gazebo/models/aruco_tag_25/model.sdf
[12.107s] -- Up-to-date: /home/ubuntu/rj_training_container/training_ws/install/traini_gazebo/share/traini_gazebo/models/aruco_tag_26
[12.134s] -- Up-to-date: /home/ubuntu/rj_training_container/training_ws/install/traini_gazebo/share/traini_gazebo/models/aruco_tag_26/materials
[12.165s] -- Up-to-date: /home/ubuntu/rj_training_container/training_ws/install/traini_gazebo/share/traini_gazebo/models/aruco_tag_26/materials/scripts
[12.205s] -- Up-to-date: /home/ubuntu/rj_training_container/training_ws/install/traini_gazebo/share/traini_gazebo/models/aruco_tag_26/materials/scripts/aruco_tag_26.material
[12.237s] -- Up-to-date: /home/ubuntu/rj_training_container/training_ws/install/traini_gazebo/share/traini_gazebo/models/aruco_tag_26/materials/textures
[12.277s] -- Up-to-date: /home/ubuntu/rj_training_container/training_ws/install/traini_gazebo/share/traini_gazebo/models/aruco_tag_26/materials/textures/ArUcoTag26.jpg
[12.306s] -- Up-to-date: /home/ubuntu/rj_training_container/training_ws/install/traini_gazebo/share/traini_gazebo/models/aruco_tag_26/model.config
[12.331s] -- Up-to-date: /home/ubuntu/rj_training_container/training_ws/install/traini_gazebo/share/traini_gazebo/models/aruco_tag_26/model.sdf
[12.352s] -- Up-to-date: /home/ubuntu/rj_training_container/training_ws/install/traini_gazebo/share/traini_gazebo/models/aruco_tag_27
[12.380s] -- Up-to-date: /home/ubuntu/rj_training_container/training_ws/install/traini_gazebo/share/traini_gazebo/models/aruco_tag_27/materials
[12.414s] -- Up-to-date: /home/ubuntu/rj_training_container/training_ws/install/traini_gazebo/share/traini_gazebo/models/aruco_tag_27/materials/scripts
[12.458s] -- Up-to-date: /home/ubuntu/rj_training_container/training_ws/install/traini_gazebo/share/traini_gazebo/models/aruco_tag_27/materials/scripts/aruco_tag_27.material
[12.483s] -- Up-to-date: /home/ubuntu/rj_training_container/training_ws/install/traini_gazebo/share/traini_gazebo/models/aruco_tag_27/materials/textures
[12.532s] -- Up-to-date: /home/ubuntu/rj_training_container/training_ws/install/traini_gazebo/share/traini_gazebo/models/aruco_tag_27/materials/textures/ArUcoTag27.jpg
[12.560s] -- Up-to-date: /home/ubuntu/rj_training_container/training_ws/install/traini_gazebo/share/traini_gazebo/models/aruco_tag_27/model.config
[12.584s] -- Up-to-date: /home/ubuntu/rj_training_container/training_ws/install/traini_gazebo/share/traini_gazebo/models/aruco_tag_27/model.sdf
[12.605s] -- Up-to-date: /home/ubuntu/rj_training_container/training_ws/install/traini_gazebo/share/traini_gazebo/models/aruco_tag_28
[12.636s] -- Up-to-date: /home/ubuntu/rj_training_container/training_ws/install/traini_gazebo/share/traini_gazebo/models/aruco_tag_28/materials
[12.685s] -- Up-to-date: /home/ubuntu/rj_training_container/training_ws/install/traini_gazebo/share/traini_gazebo/models/aruco_tag_28/materials/scripts
[12.749s] -- Up-to-date: /home/ubuntu/rj_training_container/training_ws/install/traini_gazebo/share/traini_gazebo/models/aruco_tag_28/materials/scripts/aruco_tag_28.material
[12.777s] -- Up-to-date: /home/ubuntu/rj_training_container/training_ws/install/traini_gazebo/share/traini_gazebo/models/aruco_tag_28/materials/textures
[12.818s] -- Up-to-date: /home/ubuntu/rj_training_container/training_ws/install/traini_gazebo/share/traini_gazebo/models/aruco_tag_28/materials/textures/ArUcoTag28.jpg
[12.849s] -- Up-to-date: /home/ubuntu/rj_training_container/training_ws/install/traini_gazebo/share/traini_gazebo/models/aruco_tag_28/model.config
[12.879s] -- Up-to-date: /home/ubuntu/rj_training_container/training_ws/install/traini_gazebo/share/traini_gazebo/models/aruco_tag_28/model.sdf
[12.901s] -- Up-to-date: /home/ubuntu/rj_training_container/training_ws/install/traini_gazebo/share/traini_gazebo/models/aruco_tag_29
[12.940s] -- Up-to-date: /home/ubuntu/rj_training_container/training_ws/install/traini_gazebo/share/traini_gazebo/models/aruco_tag_29/materials
[12.977s] -- Up-to-date: /home/ubuntu/rj_training_container/training_ws/install/traini_gazebo/share/traini_gazebo/models/aruco_tag_29/materials/scripts
[13.018s] -- Up-to-date: /home/ubuntu/rj_training_container/training_ws/install/traini_gazebo/share/traini_gazebo/models/aruco_tag_29/materials/scripts/aruco_tag_29.material
[13.042s] -- Up-to-date: /home/ubuntu/rj_training_container/training_ws/install/traini_gazebo/share/traini_gazebo/models/aruco_tag_29/materials/textures
[13.098s] -- Up-to-date: /home/ubuntu/rj_training_container/training_ws/install/traini_gazebo/share/traini_gazebo/models/aruco_tag_29/materials/textures/ArUcoTag29.jpg
[13.134s] -- Up-to-date: /home/ubuntu/rj_training_container/training_ws/install/traini_gazebo/share/traini_gazebo/models/aruco_tag_29/model.config
[13.163s] -- Up-to-date: /home/ubuntu/rj_training_container/training_ws/install/traini_gazebo/share/traini_gazebo/models/aruco_tag_29/model.sdf
[13.185s] -- Up-to-date: /home/ubuntu/rj_training_container/training_ws/install/traini_gazebo/share/traini_gazebo/models/aruco_tag_3
[13.220s] -- Up-to-date: /home/ubuntu/rj_training_container/training_ws/install/traini_gazebo/share/traini_gazebo/models/aruco_tag_3/materials
[13.261s] -- Up-to-date: /home/ubuntu/rj_training_container/training_ws/install/traini_gazebo/share/traini_gazebo/models/aruco_tag_3/materials/scripts
[13.313s] -- Up-to-date: /home/ubuntu/rj_training_container/training_ws/install/traini_gazebo/share/traini_gazebo/models/aruco_tag_3/materials/scripts/aruco_tag_3.material
[13.346s] -- Up-to-date: /home/ubuntu/rj_training_container/training_ws/install/traini_gazebo/share/traini_gazebo/models/aruco_tag_3/materials/textures
[13.401s] -- Up-to-date: /home/ubuntu/rj_training_container/training_ws/install/traini_gazebo/share/traini_gazebo/models/aruco_tag_3/materials/textures/ArUcoTag3.jpg
[13.446s] -- Up-to-date: /home/ubuntu/rj_training_container/training_ws/install/traini_gazebo/share/traini_gazebo/models/aruco_tag_3/model.config
[13.486s] -- Up-to-date: /home/ubuntu/rj_training_container/training_ws/install/traini_gazebo/share/traini_gazebo/models/aruco_tag_3/model.sdf
[13.508s] -- Up-to-date: /home/ubuntu/rj_training_container/training_ws/install/traini_gazebo/share/traini_gazebo/models/aruco_tag_30
[13.539s] -- Up-to-date: /home/ubuntu/rj_training_container/training_ws/install/traini_gazebo/share/traini_gazebo/models/aruco_tag_30/materials
[13.573s] -- Up-to-date: /home/ubuntu/rj_training_container/training_ws/install/traini_gazebo/share/traini_gazebo/models/aruco_tag_30/materials/scripts
[13.615s] -- Up-to-date: /home/ubuntu/rj_training_container/training_ws/install/traini_gazebo/share/traini_gazebo/models/aruco_tag_30/materials/scripts/aruco_tag_30.material
[13.640s] -- Up-to-date: /home/ubuntu/rj_training_container/training_ws/install/traini_gazebo/share/traini_gazebo/models/aruco_tag_30/materials/textures
[13.690s] -- Up-to-date: /home/ubuntu/rj_training_container/training_ws/install/traini_gazebo/share/traini_gazebo/models/aruco_tag_30/materials/textures/ArUcoTag30.jpg
[13.721s] -- Up-to-date: /home/ubuntu/rj_training_container/training_ws/install/traini_gazebo/share/traini_gazebo/models/aruco_tag_30/model.config
[13.747s] -- Up-to-date: /home/ubuntu/rj_training_container/training_ws/install/traini_gazebo/share/traini_gazebo/models/aruco_tag_30/model.sdf
[13.770s] -- Up-to-date: /home/ubuntu/rj_training_container/training_ws/install/traini_gazebo/share/traini_gazebo/models/aruco_tag_31
[13.801s] -- Up-to-date: /home/ubuntu/rj_training_container/training_ws/install/traini_gazebo/share/traini_gazebo/models/aruco_tag_31/materials
[13.836s] -- Up-to-date: /home/ubuntu/rj_training_container/training_ws/install/traini_gazebo/share/traini_gazebo/models/aruco_tag_31/materials/scripts
[13.879s] -- Up-to-date: /home/ubuntu/rj_training_container/training_ws/install/traini_gazebo/share/traini_gazebo/models/aruco_tag_31/materials/scripts/aruco_tag_31.material
[13.902s] -- Up-to-date: /home/ubuntu/rj_training_container/training_ws/install/traini_gazebo/share/traini_gazebo/models/aruco_tag_31/materials/textures
[13.962s] -- Up-to-date: /home/ubuntu/rj_training_container/training_ws/install/traini_gazebo/share/traini_gazebo/models/aruco_tag_31/materials/textures/ArUcoTag31.jpg
[13.988s] -- Up-to-date: /home/ubuntu/rj_training_container/training_ws/install/traini_gazebo/share/traini_gazebo/models/aruco_tag_31/model.config
[14.009s] -- Up-to-date: /home/ubuntu/rj_training_container/training_ws/install/traini_gazebo/share/traini_gazebo/models/aruco_tag_31/model.sdf
[14.027s] -- Up-to-date: /home/ubuntu/rj_training_container/training_ws/install/traini_gazebo/share/traini_gazebo/models/aruco_tag_32
[14.053s] -- Up-to-date: /home/ubuntu/rj_training_container/training_ws/install/traini_gazebo/share/traini_gazebo/models/aruco_tag_32/materials
[14.084s] -- Up-to-date: /home/ubuntu/rj_training_container/training_ws/install/traini_gazebo/share/traini_gazebo/models/aruco_tag_32/materials/scripts
[14.131s] -- Up-to-date: /home/ubuntu/rj_training_container/training_ws/install/traini_gazebo/share/traini_gazebo/models/aruco_tag_32/materials/scripts/aruco_tag_32.material
[14.154s] -- Up-to-date: /home/ubuntu/rj_training_container/training_ws/install/traini_gazebo/share/traini_gazebo/models/aruco_tag_32/materials/textures
[14.193s] -- Up-to-date: /home/ubuntu/rj_training_container/training_ws/install/traini_gazebo/share/traini_gazebo/models/aruco_tag_32/materials/textures/ArUcoTag32.jpg
[14.222s] -- Up-to-date: /home/ubuntu/rj_training_container/training_ws/install/traini_gazebo/share/traini_gazebo/models/aruco_tag_32/model.config
[14.242s] -- Up-to-date: /home/ubuntu/rj_training_container/training_ws/install/traini_gazebo/share/traini_gazebo/models/aruco_tag_32/model.sdf
[14.256s] -- Up-to-date: /home/ubuntu/rj_training_container/training_ws/install/traini_gazebo/share/traini_gazebo/models/aruco_tag_33
[14.288s] -- Up-to-date: /home/ubuntu/rj_training_container/training_ws/install/traini_gazebo/share/traini_gazebo/models/aruco_tag_33/materials
[14.324s] -- Up-to-date: /home/ubuntu/rj_training_container/training_ws/install/traini_gazebo/share/traini_gazebo/models/aruco_tag_33/materials/scripts
[14.372s] -- Up-to-date: /home/ubuntu/rj_training_container/training_ws/install/traini_gazebo/share/traini_gazebo/models/aruco_tag_33/materials/scripts/aruco_tag_33.material
[14.400s] -- Up-to-date: /home/ubuntu/rj_training_container/training_ws/install/traini_gazebo/share/traini_gazebo/models/aruco_tag_33/materials/textures
[14.452s] -- Up-to-date: /home/ubuntu/rj_training_container/training_ws/install/traini_gazebo/share/traini_gazebo/models/aruco_tag_33/materials/textures/ArUcoTag33.jpg
[14.486s] -- Up-to-date: /home/ubuntu/rj_training_container/training_ws/install/traini_gazebo/share/traini_gazebo/models/aruco_tag_33/model.config
[14.513s] -- Up-to-date: /home/ubuntu/rj_training_container/training_ws/install/traini_gazebo/share/traini_gazebo/models/aruco_tag_33/model.sdf
[14.534s] -- Up-to-date: /home/ubuntu/rj_training_container/training_ws/install/traini_gazebo/share/traini_gazebo/models/aruco_tag_34
[14.569s] -- Up-to-date: /home/ubuntu/rj_training_container/training_ws/install/traini_gazebo/share/traini_gazebo/models/aruco_tag_34/materials
[14.604s] -- Up-to-date: /home/ubuntu/rj_training_container/training_ws/install/traini_gazebo/share/traini_gazebo/models/aruco_tag_34/materials/scripts
[14.653s] -- Up-to-date: /home/ubuntu/rj_training_container/training_ws/install/traini_gazebo/share/traini_gazebo/models/aruco_tag_34/materials/scripts/aruco_tag_34.material
[14.681s] -- Up-to-date: /home/ubuntu/rj_training_container/training_ws/install/traini_gazebo/share/traini_gazebo/models/aruco_tag_34/materials/textures
[14.724s] -- Up-to-date: /home/ubuntu/rj_training_container/training_ws/install/traini_gazebo/share/traini_gazebo/models/aruco_tag_34/materials/textures/ArUcoTag34.jpg
[14.751s] -- Up-to-date: /home/ubuntu/rj_training_container/training_ws/install/traini_gazebo/share/traini_gazebo/models/aruco_tag_34/model.config
[14.782s] -- Up-to-date: /home/ubuntu/rj_training_container/training_ws/install/traini_gazebo/share/traini_gazebo/models/aruco_tag_34/model.sdf
[14.801s] -- Up-to-date: /home/ubuntu/rj_training_container/training_ws/install/traini_gazebo/share/traini_gazebo/models/aruco_tag_35
[14.831s] -- Up-to-date: /home/ubuntu/rj_training_container/training_ws/install/traini_gazebo/share/traini_gazebo/models/aruco_tag_35/materials
[14.869s] -- Up-to-date: /home/ubuntu/rj_training_container/training_ws/install/traini_gazebo/share/traini_gazebo/models/aruco_tag_35/materials/scripts
[14.917s] -- Up-to-date: /home/ubuntu/rj_training_container/training_ws/install/traini_gazebo/share/traini_gazebo/models/aruco_tag_35/materials/scripts/aruco_tag_35.material
[14.945s] -- Up-to-date: /home/ubuntu/rj_training_container/training_ws/install/traini_gazebo/share/traini_gazebo/models/aruco_tag_35/materials/textures
[15.006s] -- Up-to-date: /home/ubuntu/rj_training_container/training_ws/install/traini_gazebo/share/traini_gazebo/models/aruco_tag_35/materials/textures/ArUcoTag35.jpg
[15.034s] -- Up-to-date: /home/ubuntu/rj_training_container/training_ws/install/traini_gazebo/share/traini_gazebo/models/aruco_tag_35/model.config
[15.062s] -- Up-to-date: /home/ubuntu/rj_training_container/training_ws/install/traini_gazebo/share/traini_gazebo/models/aruco_tag_35/model.sdf
[15.083s] -- Up-to-date: /home/ubuntu/rj_training_container/training_ws/install/traini_gazebo/share/traini_gazebo/models/aruco_tag_36
[15.113s] -- Up-to-date: /home/ubuntu/rj_training_container/training_ws/install/traini_gazebo/share/traini_gazebo/models/aruco_tag_36/materials
[15.150s] -- Up-to-date: /home/ubuntu/rj_training_container/training_ws/install/traini_gazebo/share/traini_gazebo/models/aruco_tag_36/materials/scripts
[15.198s] -- Up-to-date: /home/ubuntu/rj_training_container/training_ws/install/traini_gazebo/share/traini_gazebo/models/aruco_tag_36/materials/scripts/aruco_tag_36.material
[15.225s] -- Up-to-date: /home/ubuntu/rj_training_container/training_ws/install/traini_gazebo/share/traini_gazebo/models/aruco_tag_36/materials/textures
[15.272s] -- Up-to-date: /home/ubuntu/rj_training_container/training_ws/install/traini_gazebo/share/traini_gazebo/models/aruco_tag_36/materials/textures/ArUcoTag36.jpg
[15.301s] -- Up-to-date: /home/ubuntu/rj_training_container/training_ws/install/traini_gazebo/share/traini_gazebo/models/aruco_tag_36/model.config
[15.327s] -- Up-to-date: /home/ubuntu/rj_training_container/training_ws/install/traini_gazebo/share/traini_gazebo/models/aruco_tag_36/model.sdf
[15.347s] -- Up-to-date: /home/ubuntu/rj_training_container/training_ws/install/traini_gazebo/share/traini_gazebo/models/aruco_tag_37
[15.379s] -- Up-to-date: /home/ubuntu/rj_training_container/training_ws/install/traini_gazebo/share/traini_gazebo/models/aruco_tag_37/materials
[15.416s] -- Up-to-date: /home/ubuntu/rj_training_container/training_ws/install/traini_gazebo/share/traini_gazebo/models/aruco_tag_37/materials/scripts
[15.484s] -- Up-to-date: /home/ubuntu/rj_training_container/training_ws/install/traini_gazebo/share/traini_gazebo/models/aruco_tag_37/materials/scripts/aruco_tag_37.material
[15.513s] -- Up-to-date: /home/ubuntu/rj_training_container/training_ws/install/traini_gazebo/share/traini_gazebo/models/aruco_tag_37/materials/textures
[15.553s] -- Up-to-date: /home/ubuntu/rj_training_container/training_ws/install/traini_gazebo/share/traini_gazebo/models/aruco_tag_37/materials/textures/ArUcoTag37.jpg
[15.580s] -- Up-to-date: /home/ubuntu/rj_training_container/training_ws/install/traini_gazebo/share/traini_gazebo/models/aruco_tag_37/model.config
[15.601s] -- Up-to-date: /home/ubuntu/rj_training_container/training_ws/install/traini_gazebo/share/traini_gazebo/models/aruco_tag_37/model.sdf
[15.619s] -- Up-to-date: /home/ubuntu/rj_training_container/training_ws/install/traini_gazebo/share/traini_gazebo/models/aruco_tag_38
[15.649s] -- Up-to-date: /home/ubuntu/rj_training_container/training_ws/install/traini_gazebo/share/traini_gazebo/models/aruco_tag_38/materials
[15.687s] -- Up-to-date: /home/ubuntu/rj_training_container/training_ws/install/traini_gazebo/share/traini_gazebo/models/aruco_tag_38/materials/scripts
[15.734s] -- Up-to-date: /home/ubuntu/rj_training_container/training_ws/install/traini_gazebo/share/traini_gazebo/models/aruco_tag_38/materials/scripts/aruco_tag_38.material
[15.760s] -- Up-to-date: /home/ubuntu/rj_training_container/training_ws/install/traini_gazebo/share/traini_gazebo/models/aruco_tag_38/materials/textures
[15.810s] -- Up-to-date: /home/ubuntu/rj_training_container/training_ws/install/traini_gazebo/share/traini_gazebo/models/aruco_tag_38/materials/textures/ArUcoTag38.jpg
[15.839s] -- Up-to-date: /home/ubuntu/rj_training_container/training_ws/install/traini_gazebo/share/traini_gazebo/models/aruco_tag_38/model.config
[15.865s] -- Up-to-date: /home/ubuntu/rj_training_container/training_ws/install/traini_gazebo/share/traini_gazebo/models/aruco_tag_38/model.sdf
[15.885s] -- Up-to-date: /home/ubuntu/rj_training_container/training_ws/install/traini_gazebo/share/traini_gazebo/models/aruco_tag_39
[15.915s] -- Up-to-date: /home/ubuntu/rj_training_container/training_ws/install/traini_gazebo/share/traini_gazebo/models/aruco_tag_39/materials
[15.956s] -- Up-to-date: /home/ubuntu/rj_training_container/training_ws/install/traini_gazebo/share/traini_gazebo/models/aruco_tag_39/materials/scripts
[16.004s] -- Up-to-date: /home/ubuntu/rj_training_container/training_ws/install/traini_gazebo/share/traini_gazebo/models/aruco_tag_39/materials/scripts/aruco_tag_39.material
[16.032s] -- Up-to-date: /home/ubuntu/rj_training_container/training_ws/install/traini_gazebo/share/traini_gazebo/models/aruco_tag_39/materials/textures
[16.079s] -- Up-to-date: /home/ubuntu/rj_training_container/training_ws/install/traini_gazebo/share/traini_gazebo/models/aruco_tag_39/materials/textures/ArUcoTag39.jpg
[16.110s] -- Up-to-date: /home/ubuntu/rj_training_container/training_ws/install/traini_gazebo/share/traini_gazebo/models/aruco_tag_39/model.config
[16.138s] -- Up-to-date: /home/ubuntu/rj_training_container/training_ws/install/traini_gazebo/share/traini_gazebo/models/aruco_tag_39/model.sdf
[16.158s] -- Up-to-date: /home/ubuntu/rj_training_container/training_ws/install/traini_gazebo/share/traini_gazebo/models/aruco_tag_4
[16.190s] -- Up-to-date: /home/ubuntu/rj_training_container/training_ws/install/traini_gazebo/share/traini_gazebo/models/aruco_tag_4/materials
[16.227s] -- Up-to-date: /home/ubuntu/rj_training_container/training_ws/install/traini_gazebo/share/traini_gazebo/models/aruco_tag_4/materials/scripts
[16.274s] -- Up-to-date: /home/ubuntu/rj_training_container/training_ws/install/traini_gazebo/share/traini_gazebo/models/aruco_tag_4/materials/scripts/aruco_tag_4.material
[16.302s] -- Up-to-date: /home/ubuntu/rj_training_container/training_ws/install/traini_gazebo/share/traini_gazebo/models/aruco_tag_4/materials/textures
[16.350s] -- Up-to-date: /home/ubuntu/rj_training_container/training_ws/install/traini_gazebo/share/traini_gazebo/models/aruco_tag_4/materials/textures/ArUcoTag4.jpg
[16.378s] -- Up-to-date: /home/ubuntu/rj_training_container/training_ws/install/traini_gazebo/share/traini_gazebo/models/aruco_tag_4/model.config
[16.404s] -- Up-to-date: /home/ubuntu/rj_training_container/training_ws/install/traini_gazebo/share/traini_gazebo/models/aruco_tag_4/model.sdf
[16.424s] -- Up-to-date: /home/ubuntu/rj_training_container/training_ws/install/traini_gazebo/share/traini_gazebo/models/aruco_tag_40
[16.457s] -- Up-to-date: /home/ubuntu/rj_training_container/training_ws/install/traini_gazebo/share/traini_gazebo/models/aruco_tag_40/materials
[16.495s] -- Up-to-date: /home/ubuntu/rj_training_container/training_ws/install/traini_gazebo/share/traini_gazebo/models/aruco_tag_40/materials/scripts
[16.543s] -- Up-to-date: /home/ubuntu/rj_training_container/training_ws/install/traini_gazebo/share/traini_gazebo/models/aruco_tag_40/materials/scripts/aruco_tag_40.material
[16.572s] -- Up-to-date: /home/ubuntu/rj_training_container/training_ws/install/traini_gazebo/share/traini_gazebo/models/aruco_tag_40/materials/textures
[16.620s] -- Up-to-date: /home/ubuntu/rj_training_container/training_ws/install/traini_gazebo/share/traini_gazebo/models/aruco_tag_40/materials/textures/ArUcoTag40.jpg
[16.649s] -- Up-to-date: /home/ubuntu/rj_training_container/training_ws/install/traini_gazebo/share/traini_gazebo/models/aruco_tag_40/model.config
[16.677s] -- Up-to-date: /home/ubuntu/rj_training_container/training_ws/install/traini_gazebo/share/traini_gazebo/models/aruco_tag_40/model.sdf
[16.697s] -- Up-to-date: /home/ubuntu/rj_training_container/training_ws/install/traini_gazebo/share/traini_gazebo/models/aruco_tag_5
[16.728s] -- Up-to-date: /home/ubuntu/rj_training_container/training_ws/install/traini_gazebo/share/traini_gazebo/models/aruco_tag_5/materials
[16.764s] -- Up-to-date: /home/ubuntu/rj_training_container/training_ws/install/traini_gazebo/share/traini_gazebo/models/aruco_tag_5/materials/scripts
[16.812s] -- Up-to-date: /home/ubuntu/rj_training_container/training_ws/install/traini_gazebo/share/traini_gazebo/models/aruco_tag_5/materials/scripts/aruco_tag_5.material
[16.839s] -- Up-to-date: /home/ubuntu/rj_training_container/training_ws/install/traini_gazebo/share/traini_gazebo/models/aruco_tag_5/materials/textures
[16.886s] -- Up-to-date: /home/ubuntu/rj_training_container/training_ws/install/traini_gazebo/share/traini_gazebo/models/aruco_tag_5/materials/textures/ArUcoTag5.jpg
[16.920s] -- Up-to-date: /home/ubuntu/rj_training_container/training_ws/install/traini_gazebo/share/traini_gazebo/models/aruco_tag_5/model.config
[16.949s] -- Up-to-date: /home/ubuntu/rj_training_container/training_ws/install/traini_gazebo/share/traini_gazebo/models/aruco_tag_5/model.sdf
[16.969s] -- Up-to-date: /home/ubuntu/rj_training_container/training_ws/install/traini_gazebo/share/traini_gazebo/models/aruco_tag_6
[17.000s] -- Up-to-date: /home/ubuntu/rj_training_container/training_ws/install/traini_gazebo/share/traini_gazebo/models/aruco_tag_6/materials
[17.037s] -- Up-to-date: /home/ubuntu/rj_training_container/training_ws/install/traini_gazebo/share/traini_gazebo/models/aruco_tag_6/materials/scripts
[17.085s] -- Up-to-date: /home/ubuntu/rj_training_container/training_ws/install/traini_gazebo/share/traini_gazebo/models/aruco_tag_6/materials/scripts/aruco_tag_6.material
[17.113s] -- Up-to-date: /home/ubuntu/rj_training_container/training_ws/install/traini_gazebo/share/traini_gazebo/models/aruco_tag_6/materials/textures
[17.163s] -- Up-to-date: /home/ubuntu/rj_training_container/training_ws/install/traini_gazebo/share/traini_gazebo/models/aruco_tag_6/materials/textures/ArUcoTag6.jpg
[17.192s] -- Up-to-date: /home/ubuntu/rj_training_container/training_ws/install/traini_gazebo/share/traini_gazebo/models/aruco_tag_6/model.config
[17.217s] -- Up-to-date: /home/ubuntu/rj_training_container/training_ws/install/traini_gazebo/share/traini_gazebo/models/aruco_tag_6/model.sdf
[17.237s] -- Up-to-date: /home/ubuntu/rj_training_container/training_ws/install/traini_gazebo/share/traini_gazebo/models/aruco_tag_7
[17.269s] -- Up-to-date: /home/ubuntu/rj_training_container/training_ws/install/traini_gazebo/share/traini_gazebo/models/aruco_tag_7/materials
[17.306s] -- Up-to-date: /home/ubuntu/rj_training_container/training_ws/install/traini_gazebo/share/traini_gazebo/models/aruco_tag_7/materials/scripts
[17.355s] -- Up-to-date: /home/ubuntu/rj_training_container/training_ws/install/traini_gazebo/share/traini_gazebo/models/aruco_tag_7/materials/scripts/aruco_tag_7.material
[17.383s] -- Up-to-date: /home/ubuntu/rj_training_container/training_ws/install/traini_gazebo/share/traini_gazebo/models/aruco_tag_7/materials/textures
[17.435s] -- Up-to-date: /home/ubuntu/rj_training_container/training_ws/install/traini_gazebo/share/traini_gazebo/models/aruco_tag_7/materials/textures/ArUcoTag7.jpg
[17.467s] -- Up-to-date: /home/ubuntu/rj_training_container/training_ws/install/traini_gazebo/share/traini_gazebo/models/aruco_tag_7/model.config
[17.494s] -- Up-to-date: /home/ubuntu/rj_training_container/training_ws/install/traini_gazebo/share/traini_gazebo/models/aruco_tag_7/model.sdf
[17.516s] -- Up-to-date: /home/ubuntu/rj_training_container/training_ws/install/traini_gazebo/share/traini_gazebo/models/aruco_tag_8
[17.549s] -- Up-to-date: /home/ubuntu/rj_training_container/training_ws/install/traini_gazebo/share/traini_gazebo/models/aruco_tag_8/materials
[17.589s] -- Up-to-date: /home/ubuntu/rj_training_container/training_ws/install/traini_gazebo/share/traini_gazebo/models/aruco_tag_8/materials/scripts
[17.642s] -- Up-to-date: /home/ubuntu/rj_training_container/training_ws/install/traini_gazebo/share/traini_gazebo/models/aruco_tag_8/materials/scripts/aruco_tag_8.material
[17.680s] -- Up-to-date: /home/ubuntu/rj_training_container/training_ws/install/traini_gazebo/share/traini_gazebo/models/aruco_tag_8/materials/textures
[17.740s] -- Up-to-date: /home/ubuntu/rj_training_container/training_ws/install/traini_gazebo/share/traini_gazebo/models/aruco_tag_8/materials/textures/ArUcoTag8.jpg
[17.774s] -- Up-to-date: /home/ubuntu/rj_training_container/training_ws/install/traini_gazebo/share/traini_gazebo/models/aruco_tag_8/model.config
[17.803s] -- Up-to-date: /home/ubuntu/rj_training_container/training_ws/install/traini_gazebo/share/traini_gazebo/models/aruco_tag_8/model.sdf
[17.826s] -- Up-to-date: /home/ubuntu/rj_training_container/training_ws/install/traini_gazebo/share/traini_gazebo/models/aruco_tag_9
[17.855s] -- Up-to-date: /home/ubuntu/rj_training_container/training_ws/install/traini_gazebo/share/traini_gazebo/models/aruco_tag_9/materials
[17.890s] -- Up-to-date: /home/ubuntu/rj_training_container/training_ws/install/traini_gazebo/share/traini_gazebo/models/aruco_tag_9/materials/scripts
[17.944s] -- Up-to-date: /home/ubuntu/rj_training_container/training_ws/install/traini_gazebo/share/traini_gazebo/models/aruco_tag_9/materials/scripts/aruco_tag_9.material
[17.974s] -- Up-to-date: /home/ubuntu/rj_training_container/training_ws/install/traini_gazebo/share/traini_gazebo/models/aruco_tag_9/materials/textures
[18.027s] -- Up-to-date: /home/ubuntu/rj_training_container/training_ws/install/traini_gazebo/share/traini_gazebo/models/aruco_tag_9/materials/textures/ArUcoTag9.jpg
[18.056s] -- Up-to-date: /home/ubuntu/rj_training_container/training_ws/install/traini_gazebo/share/traini_gazebo/models/aruco_tag_9/model.config
[18.084s] -- Up-to-date: /home/ubuntu/rj_training_container/training_ws/install/traini_gazebo/share/traini_gazebo/models/aruco_tag_9/model.sdf
[18.128s] -- Up-to-date: /home/ubuntu/rj_training_container/training_ws/install/traini_gazebo/share/ament_index/resource_index/package_run_dependencies/traini_gazebo
[18.176s] -- Up-to-date: /home/ubuntu/rj_training_container/training_ws/install/traini_gazebo/share/ament_index/resource_index/parent_prefix_path/traini_gazebo
[18.200s] -- Up-to-date: /home/ubuntu/rj_training_container/training_ws/install/traini_gazebo/share/traini_gazebo/environment/ament_prefix_path.sh
[18.228s] -- Up-to-date: /home/ubuntu/rj_training_container/training_ws/install/traini_gazebo/share/traini_gazebo/environment/ament_prefix_path.dsv
[18.250s] -- Up-to-date: /home/ubuntu/rj_training_container/training_ws/install/traini_gazebo/share/traini_gazebo/environment/path.sh
[18.279s] -- Up-to-date: /home/ubuntu/rj_training_container/training_ws/install/traini_gazebo/share/traini_gazebo/environment/path.dsv
[18.306s] -- Up-to-date: /home/ubuntu/rj_training_container/training_ws/install/traini_gazebo/share/traini_gazebo/local_setup.bash
[18.330s] -- Up-to-date: /home/ubuntu/rj_training_container/training_ws/install/traini_gazebo/share/traini_gazebo/local_setup.sh
[18.353s] -- Up-to-date: /home/ubuntu/rj_training_container/training_ws/install/traini_gazebo/share/traini_gazebo/local_setup.zsh
[18.376s] -- Up-to-date: /home/ubuntu/rj_training_container/training_ws/install/traini_gazebo/share/traini_gazebo/local_setup.dsv
[18.398s] -- Installing: /home/ubuntu/rj_training_container/training_ws/install/traini_gazebo/share/traini_gazebo/package.dsv
[18.520s] -- Up-to-date: /home/ubuntu/rj_training_container/training_ws/install/traini_gazebo/share/ament_index/resource_index/packages/traini_gazebo
[18.554s] -- Up-to-date: /home/ubuntu/rj_training_container/training_ws/install/traini_gazebo/share/traini_gazebo/cmake/traini_gazeboConfig.cmake
[18.576s] -- Up-to-date: /home/ubuntu/rj_training_container/training_ws/install/traini_gazebo/share/traini_gazebo/cmake/traini_gazeboConfig-version.cmake
[18.603s] -- Up-to-date: /home/ubuntu/rj_training_container/training_ws/install/traini_gazebo/share/traini_gazebo/package.xml
[18.616s] Invoked command in '/home/ubuntu/rj_training_container/training_ws/build/traini_gazebo' returned '0': AMENT_PREFIX_PATH=/home/ubuntu/rj_training_container/training_ws/install/stsl_aruco_tags:/home/ubuntu/rj_training_container/training_ws/install/stsl_interfaces:/home/ubuntu/rj_training_container/training_ws/install/stsl_gazebo_plugins:${AMENT_PREFIX_PATH} CMAKE_PREFIX_PATH=/home/ubuntu/rj_training_container/training_ws/install/stsl_aruco_tags:/home/ubuntu/rj_training_container/training_ws/install/stsl_interfaces:/home/ubuntu/rj_training_container/training_ws/install/stsl_gazebo_plugins:/opt/ros/humble LD_LIBRARY_PATH=/home/ubuntu/rj_training_container/training_ws/install/stsl_aruco_tags/lib:/home/ubuntu/rj_training_container/training_ws/install/stsl_interfaces/lib:/home/ubuntu/rj_training_container/training_ws/install/stsl_gazebo_plugins/lib:${LD_LIBRARY_PATH} PYTHONPATH=/home/ubuntu/rj_training_container/training_ws/install/stsl_interfaces/local/lib/python3.10/dist-packages:${PYTHONPATH} /usr/bin/cmake --install /home/ubuntu/rj_training_container/training_ws/build/traini_gazebo
