[35m[1mConsolidate compiler generated dependencies of target stsl_utils[0m
gmake[2]: Warning: File 'CMakeFiles/stsl_utils.dir/compiler_depend.make' has modification time 1.3 s in the future
gmake[2]: warning:  Clock skew detected.  Your build may be incomplete.
[ 28%] Built target floor_mat_visualizer
[ 57%] Built target keyboard_teleop
[100%] Built target stsl_utils
-- Install configuration: ""
-- Installing: /home/ubuntu/rj_training_container/training_ws/install/stsl_utils/lib/stsl_utils/keyboard_teleop
-- Set runtime path of "/home/ubuntu/rj_training_container/training_ws/install/stsl_utils/lib/stsl_utils/keyboard_teleop" to ""
-- Installing: /home/ubuntu/rj_training_container/training_ws/install/stsl_utils/lib/stsl_utils/floor_mat_visualizer
-- Set runtime path of "/home/ubuntu/rj_training_container/training_ws/install/stsl_utils/lib/stsl_utils/floor_mat_visualizer" to ""
-- Installing: /home/ubuntu/rj_training_container/training_ws/install/stsl_utils/lib/libstsl_utils.so
-- Set runtime path of "/home/ubuntu/rj_training_container/training_ws/install/stsl_utils/lib/libstsl_utils.so" to ""
-- Up-to-date: /home/ubuntu/rj_training_container/training_ws/install/stsl_utils/share/stsl_utils/visualization_meshes
-- Up-to-date: /home/ubuntu/rj_training_container/training_ws/install/stsl_utils/share/stsl_utils/visualization_meshes/floor_mat
-- Up-to-date: /home/ubuntu/rj_training_container/training_ws/install/stsl_utils/share/stsl_utils/visualization_meshes/floor_mat/floor_mat.dae
-- Up-to-date: /home/ubuntu/rj_training_container/training_ws/install/stsl_utils/share/stsl_utils/visualization_meshes/floor_mat/floor_mat.png
-- Up-to-date: /home/ubuntu/rj_training_container/training_ws/install/stsl_utils/share/ament_index/resource_index/package_run_dependencies/stsl_utils
-- Installing: /home/ubuntu/rj_training_container/training_ws/install/stsl_utils/share/ament_index/resource_index/parent_prefix_path/stsl_utils
-- Installing: /home/ubuntu/rj_training_container/training_ws/install/stsl_utils/share/stsl_utils/environment/ament_prefix_path.sh
-- Installing: /home/ubuntu/rj_training_container/training_ws/install/stsl_utils/share/stsl_utils/environment/ament_prefix_path.dsv
-- Installing: /home/ubuntu/rj_training_container/training_ws/install/stsl_utils/share/stsl_utils/environment/path.sh
-- Installing: /home/ubuntu/rj_training_container/training_ws/install/stsl_utils/share/stsl_utils/environment/path.dsv
-- Up-to-date: /home/ubuntu/rj_training_container/training_ws/install/stsl_utils/share/stsl_utils/local_setup.bash
-- Up-to-date: /home/ubuntu/rj_training_container/training_ws/install/stsl_utils/share/stsl_utils/local_setup.sh
-- Up-to-date: /home/ubuntu/rj_training_container/training_ws/install/stsl_utils/share/stsl_utils/local_setup.zsh
-- Installing: /home/ubuntu/rj_training_container/training_ws/install/stsl_utils/share/stsl_utils/local_setup.dsv
-- Installing: /home/ubuntu/rj_training_container/training_ws/install/stsl_utils/share/stsl_utils/package.dsv
-- Up-to-date: /home/ubuntu/rj_training_container/training_ws/install/stsl_utils/share/ament_index/resource_index/packages/stsl_utils
-- Up-to-date: /home/ubuntu/rj_training_container/training_ws/install/stsl_utils/share/ament_index/resource_index/rclcpp_components/stsl_utils
-- Up-to-date: /home/ubuntu/rj_training_container/training_ws/install/stsl_utils/share/stsl_utils/cmake/stsl_utilsConfig.cmake
-- Up-to-date: /home/ubuntu/rj_training_container/training_ws/install/stsl_utils/share/stsl_utils/cmake/stsl_utilsConfig-version.cmake
-- Up-to-date: /home/ubuntu/rj_training_container/training_ws/install/stsl_utils/share/stsl_utils/package.xml
