[5.880s] Invoking command in '/home/ubuntu/rj_training_container/training_ws/build/stsl_utils': CMAKE_PREFIX_PATH=${CMAKE_PREFIX_PATH}:/home/ubuntu/rj_training_container/training_ws/install/keyboard:/opt/ros/humble /usr/bin/cmake --build /home/ubuntu/rj_training_container/training_ws/build/stsl_utils -- -j16 -l16
[37.015s] [35m[1mConsolidate compiler generated dependencies of target stsl_utils[0m
[44.701s] gmake[2]: Warning: File 'CMakeFiles/stsl_utils.dir/compiler_depend.make' has modification time 1.3 s in the future
[44.850s] gmake[2]: warning:  Clock skew detected.  Your build may be incomplete.
[49.713s] [ 28%] Built target floor_mat_visualizer
[51.019s] [ 57%] Built target keyboard_teleop
[54.997s] [100%] Built target stsl_utils
[63.984s] Invoked command in '/home/ubuntu/rj_training_container/training_ws/build/stsl_utils' returned '0': CMAKE_PREFIX_PATH=${CMAKE_PREFIX_PATH}:/home/ubuntu/rj_training_container/training_ws/install/keyboard:/opt/ros/humble /usr/bin/cmake --build /home/ubuntu/rj_training_container/training_ws/build/stsl_utils -- -j16 -l16
[125.864s] Invoking command in '/home/ubuntu/rj_training_container/training_ws/build/stsl_utils': CMAKE_PREFIX_PATH=${CMAKE_PREFIX_PATH}:/home/ubuntu/rj_training_container/training_ws/install/keyboard:/opt/ros/humble /usr/bin/cmake --install /home/ubuntu/rj_training_container/training_ws/build/stsl_utils
[131.204s] -- Install configuration: ""
[131.449s] -- Installing: /home/ubuntu/rj_training_container/training_ws/install/stsl_utils/lib/stsl_utils/keyboard_teleop
[132.045s] -- Set runtime path of "/home/ubuntu/rj_training_container/training_ws/install/stsl_utils/lib/stsl_utils/keyboard_teleop" to ""
[132.262s] -- Installing: /home/ubuntu/rj_training_container/training_ws/install/stsl_utils/lib/stsl_utils/floor_mat_visualizer
[132.793s] -- Set runtime path of "/home/ubuntu/rj_training_container/training_ws/install/stsl_utils/lib/stsl_utils/floor_mat_visualizer" to ""
[133.029s] -- Installing: /home/ubuntu/rj_training_container/training_ws/install/stsl_utils/lib/libstsl_utils.so
[134.125s] -- Set runtime path of "/home/ubuntu/rj_training_container/training_ws/install/stsl_utils/lib/libstsl_utils.so" to ""
[134.191s] -- Up-to-date: /home/ubuntu/rj_training_container/training_ws/install/stsl_utils/share/stsl_utils/visualization_meshes
[134.318s] -- Up-to-date: /home/ubuntu/rj_training_container/training_ws/install/stsl_utils/share/stsl_utils/visualization_meshes/floor_mat
[134.510s] -- Up-to-date: /home/ubuntu/rj_training_container/training_ws/install/stsl_utils/share/stsl_utils/visualization_meshes/floor_mat/floor_mat.dae
[134.658s] -- Up-to-date: /home/ubuntu/rj_training_container/training_ws/install/stsl_utils/share/stsl_utils/visualization_meshes/floor_mat/floor_mat.png
[134.833s] -- Up-to-date: /home/ubuntu/rj_training_container/training_ws/install/stsl_utils/share/ament_index/resource_index/package_run_dependencies/stsl_utils
[135.016s] -- Installing: /home/ubuntu/rj_training_container/training_ws/install/stsl_utils/share/ament_index/resource_index/parent_prefix_path/stsl_utils
[135.451s] -- Installing: /home/ubuntu/rj_training_container/training_ws/install/stsl_utils/share/stsl_utils/environment/ament_prefix_path.sh
[135.774s] -- Installing: /home/ubuntu/rj_training_container/training_ws/install/stsl_utils/share/stsl_utils/environment/ament_prefix_path.dsv
[136.082s] -- Installing: /home/ubuntu/rj_training_container/training_ws/install/stsl_utils/share/stsl_utils/environment/path.sh
[136.397s] -- Installing: /home/ubuntu/rj_training_container/training_ws/install/stsl_utils/share/stsl_utils/environment/path.dsv
[136.759s] -- Up-to-date: /home/ubuntu/rj_training_container/training_ws/install/stsl_utils/share/stsl_utils/local_setup.bash
[136.855s] -- Up-to-date: /home/ubuntu/rj_training_container/training_ws/install/stsl_utils/share/stsl_utils/local_setup.sh
[136.947s] -- Up-to-date: /home/ubuntu/rj_training_container/training_ws/install/stsl_utils/share/stsl_utils/local_setup.zsh
[137.034s] -- Installing: /home/ubuntu/rj_training_container/training_ws/install/stsl_utils/share/stsl_utils/local_setup.dsv
[137.333s] -- Installing: /home/ubuntu/rj_training_container/training_ws/install/stsl_utils/share/stsl_utils/package.dsv
[137.706s] -- Up-to-date: /home/ubuntu/rj_training_container/training_ws/install/stsl_utils/share/ament_index/resource_index/packages/stsl_utils
[137.886s] -- Up-to-date: /home/ubuntu/rj_training_container/training_ws/install/stsl_utils/share/ament_index/resource_index/rclcpp_components/stsl_utils
[137.995s] -- Up-to-date: /home/ubuntu/rj_training_container/training_ws/install/stsl_utils/share/stsl_utils/cmake/stsl_utilsConfig.cmake
[138.080s] -- Up-to-date: /home/ubuntu/rj_training_container/training_ws/install/stsl_utils/share/stsl_utils/cmake/stsl_utilsConfig-version.cmake
[138.204s] -- Up-to-date: /home/ubuntu/rj_training_container/training_ws/install/stsl_utils/share/stsl_utils/package.xml
[138.249s] Invoked command in '/home/ubuntu/rj_training_container/training_ws/build/stsl_utils' returned '0': CMAKE_PREFIX_PATH=${CMAKE_PREFIX_PATH}:/home/ubuntu/rj_training_container/training_ws/install/keyboard:/opt/ros/humble /usr/bin/cmake --install /home/ubuntu/rj_training_container/training_ws/build/stsl_utils
