[0.308s] Invoking command in '/home/ubuntu/rj_training_container/training_ws/build/stsl_rviz_plugins': AMENT_PREFIX_PATH=/home/ubuntu/rj_training_container/training_ws/install/stsl_interfaces:${AMENT_PREFIX_PATH} CMAKE_PREFIX_PATH=/home/ubuntu/rj_training_container/training_ws/install/stsl_interfaces:/opt/ros/humble LD_LIBRARY_PATH=/home/ubuntu/rj_training_container/training_ws/install/stsl_interfaces/lib:${LD_LIBRARY_PATH} PYTHONPATH=/home/ubuntu/rj_training_container/training_ws/install/stsl_interfaces/local/lib/python3.10/dist-packages:${PYTHONPATH} /usr/bin/cmake --build /home/ubuntu/rj_training_container/training_ws/build/stsl_rviz_plugins -- -j16 -l16
[1.322s] [ 16%] [34m[1mAutomatic MOC for target stsl_rviz_plugins[0m
[1.708s] [ 16%] Built target stsl_rviz_plugins_autogen
[2.483s] [100%] Built target stsl_rviz_plugins
[2.774s] Invoked command in '/home/ubuntu/rj_training_container/training_ws/build/stsl_rviz_plugins' returned '0': AMENT_PREFIX_PATH=/home/ubuntu/rj_training_container/training_ws/install/stsl_interfaces:${AMENT_PREFIX_PATH} CMAKE_PREFIX_PATH=/home/ubuntu/rj_training_container/training_ws/install/stsl_interfaces:/opt/ros/humble LD_LIBRARY_PATH=/home/ubuntu/rj_training_container/training_ws/install/stsl_interfaces/lib:${LD_LIBRARY_PATH} PYTHONPATH=/home/ubuntu/rj_training_container/training_ws/install/stsl_interfaces/local/lib/python3.10/dist-packages:${PYTHONPATH} /usr/bin/cmake --build /home/ubuntu/rj_training_container/training_ws/build/stsl_rviz_plugins -- -j16 -l16
[2.935s] Invoking command in '/home/ubuntu/rj_training_container/training_ws/build/stsl_rviz_plugins': AMENT_PREFIX_PATH=/home/ubuntu/rj_training_container/training_ws/install/stsl_interfaces:${AMENT_PREFIX_PATH} CMAKE_PREFIX_PATH=/home/ubuntu/rj_training_container/training_ws/install/stsl_interfaces:/opt/ros/humble LD_LIBRARY_PATH=/home/ubuntu/rj_training_container/training_ws/install/stsl_interfaces/lib:${LD_LIBRARY_PATH} PYTHONPATH=/home/ubuntu/rj_training_container/training_ws/install/stsl_interfaces/local/lib/python3.10/dist-packages:${PYTHONPATH} /usr/bin/cmake --install /home/ubuntu/rj_training_container/training_ws/build/stsl_rviz_plugins
[3.219s] -- Install configuration: ""
[3.350s] -- Up-to-date: /home/ubuntu/rj_training_container/training_ws/install/stsl_rviz_plugins/lib/libstsl_rviz_plugins.so
[3.530s] -- Up-to-date: /home/ubuntu/rj_training_container/training_ws/install/stsl_rviz_plugins/share/stsl_rviz_plugins/plugin_description.xml
[3.641s] -- Up-to-date: /home/ubuntu/rj_training_container/training_ws/install/stsl_rviz_plugins/share/ament_index/resource_index/package_run_dependencies/stsl_rviz_plugins
[3.759s] -- Up-to-date: /home/ubuntu/rj_training_container/training_ws/install/stsl_rviz_plugins/share/ament_index/resource_index/parent_prefix_path/stsl_rviz_plugins
[3.810s] -- Up-to-date: /home/ubuntu/rj_training_container/training_ws/install/stsl_rviz_plugins/share/stsl_rviz_plugins/environment/ament_prefix_path.sh
[3.875s] -- Up-to-date: /home/ubuntu/rj_training_container/training_ws/install/stsl_rviz_plugins/share/stsl_rviz_plugins/environment/ament_prefix_path.dsv
[3.934s] -- Up-to-date: /home/ubuntu/rj_training_container/training_ws/install/stsl_rviz_plugins/share/stsl_rviz_plugins/environment/path.sh
[3.993s] -- Up-to-date: /home/ubuntu/rj_training_container/training_ws/install/stsl_rviz_plugins/share/stsl_rviz_plugins/environment/path.dsv
[4.039s] -- Up-to-date: /home/ubuntu/rj_training_container/training_ws/install/stsl_rviz_plugins/share/stsl_rviz_plugins/local_setup.bash
[4.076s] -- Up-to-date: /home/ubuntu/rj_training_container/training_ws/install/stsl_rviz_plugins/share/stsl_rviz_plugins/local_setup.sh
[4.112s] -- Up-to-date: /home/ubuntu/rj_training_container/training_ws/install/stsl_rviz_plugins/share/stsl_rviz_plugins/local_setup.zsh
[4.148s] -- Up-to-date: /home/ubuntu/rj_training_container/training_ws/install/stsl_rviz_plugins/share/stsl_rviz_plugins/local_setup.dsv
[4.184s] -- Installing: /home/ubuntu/rj_training_container/training_ws/install/stsl_rviz_plugins/share/stsl_rviz_plugins/package.dsv
[4.300s] -- Up-to-date: /home/ubuntu/rj_training_container/training_ws/install/stsl_rviz_plugins/share/ament_index/resource_index/packages/stsl_rviz_plugins
[4.339s] -- Up-to-date: /home/ubuntu/rj_training_container/training_ws/install/stsl_rviz_plugins/share/ament_index/resource_index/rviz_common__pluginlib__plugin/stsl_rviz_plugins
[4.365s] -- Up-to-date: /home/ubuntu/rj_training_container/training_ws/install/stsl_rviz_plugins/share/stsl_rviz_plugins/cmake/stsl_rviz_pluginsConfig.cmake
[4.386s] -- Up-to-date: /home/ubuntu/rj_training_container/training_ws/install/stsl_rviz_plugins/share/stsl_rviz_plugins/cmake/stsl_rviz_pluginsConfig-version.cmake
[4.417s] -- Up-to-date: /home/ubuntu/rj_training_container/training_ws/install/stsl_rviz_plugins/share/stsl_rviz_plugins/package.xml
[7.646s] Invoked command in '/home/ubuntu/rj_training_container/training_ws/build/stsl_rviz_plugins' returned '0': AMENT_PREFIX_PATH=/home/ubuntu/rj_training_container/training_ws/install/stsl_interfaces:${AMENT_PREFIX_PATH} CMAKE_PREFIX_PATH=/home/ubuntu/rj_training_container/training_ws/install/stsl_interfaces:/opt/ros/humble LD_LIBRARY_PATH=/home/ubuntu/rj_training_container/training_ws/install/stsl_interfaces/lib:${LD_LIBRARY_PATH} PYTHONPATH=/home/ubuntu/rj_training_container/training_ws/install/stsl_interfaces/local/lib/python3.10/dist-packages:${PYTHONPATH} /usr/bin/cmake --install /home/ubuntu/rj_training_container/training_ws/build/stsl_rviz_plugins
