[0.375s] Invoking command in '/home/ubuntu/rj_training_container/training_ws/build/localization': AMENT_PREFIX_PATH=/home/ubuntu/rj_training_container/training_ws/install/stsl_interfaces:${AMENT_PREFIX_PATH} CMAKE_PREFIX_PATH=/home/ubuntu/rj_training_container/training_ws/install/stsl_interfaces:/opt/ros/humble LD_LIBRARY_PATH=/home/ubuntu/rj_training_container/training_ws/install/stsl_interfaces/lib:${LD_LIBRARY_PATH} PYTHONPATH=/home/ubuntu/rj_training_container/training_ws/install/stsl_interfaces/local/lib/python3.10/dist-packages:${PYTHONPATH} /usr/bin/cmake --build /home/ubuntu/rj_training_container/training_ws/build/localization -- -j16 -l16
[1.366s] [ 28%] Built target localization_node
[1.622s] [100%] Built target localization_component
[1.749s] Invoked command in '/home/ubuntu/rj_training_container/training_ws/build/localization' returned '0': AMENT_PREFIX_PATH=/home/ubuntu/rj_training_container/training_ws/install/stsl_interfaces:${AMENT_PREFIX_PATH} CMAKE_PREFIX_PATH=/home/ubuntu/rj_training_container/training_ws/install/stsl_interfaces:/opt/ros/humble LD_LIBRARY_PATH=/home/ubuntu/rj_training_container/training_ws/install/stsl_interfaces/lib:${LD_LIBRARY_PATH} PYTHONPATH=/home/ubuntu/rj_training_container/training_ws/install/stsl_interfaces/local/lib/python3.10/dist-packages:${PYTHONPATH} /usr/bin/cmake --build /home/ubuntu/rj_training_container/training_ws/build/localization -- -j16 -l16
[1.856s] Invoking command in '/home/ubuntu/rj_training_container/training_ws/build/localization': AMENT_PREFIX_PATH=/home/ubuntu/rj_training_container/training_ws/install/stsl_interfaces:${AMENT_PREFIX_PATH} CMAKE_PREFIX_PATH=/home/ubuntu/rj_training_container/training_ws/install/stsl_interfaces:/opt/ros/humble LD_LIBRARY_PATH=/home/ubuntu/rj_training_container/training_ws/install/stsl_interfaces/lib:${LD_LIBRARY_PATH} PYTHONPATH=/home/ubuntu/rj_training_container/training_ws/install/stsl_interfaces/local/lib/python3.10/dist-packages:${PYTHONPATH} /usr/bin/cmake --install /home/ubuntu/rj_training_container/training_ws/build/localization
[1.967s] -- Install configuration: ""
[2.077s] -- Up-to-date: /home/ubuntu/rj_training_container/training_ws/install/localization/lib/localization/localization_node
[2.285s] -- Up-to-date: /home/ubuntu/rj_training_container/training_ws/install/localization/lib/liblocalization_component.so
[2.401s] -- Up-to-date: /home/ubuntu/rj_training_container/training_ws/install/localization/share/localization/launch
[2.483s] -- Up-to-date: /home/ubuntu/rj_training_container/training_ws/install/localization/share/localization/launch/particle_filter_localizer.launch.py
[2.523s] -- Up-to-date: /home/ubuntu/rj_training_container/training_ws/install/localization/share/localization/config
[2.597s] -- Up-to-date: /home/ubuntu/rj_training_container/training_ws/install/localization/share/localization/config/localizer_params.yaml
[2.682s] -- Up-to-date: /home/ubuntu/rj_training_container/training_ws/install/localization/share/ament_index/resource_index/package_run_dependencies/localization
[2.758s] -- Up-to-date: /home/ubuntu/rj_training_container/training_ws/install/localization/share/ament_index/resource_index/parent_prefix_path/localization
[2.797s] -- Up-to-date: /home/ubuntu/rj_training_container/training_ws/install/localization/share/localization/environment/ament_prefix_path.sh
[2.850s] -- Up-to-date: /home/ubuntu/rj_training_container/training_ws/install/localization/share/localization/environment/ament_prefix_path.dsv
[2.887s] -- Up-to-date: /home/ubuntu/rj_training_container/training_ws/install/localization/share/localization/environment/path.sh
[2.949s] -- Up-to-date: /home/ubuntu/rj_training_container/training_ws/install/localization/share/localization/environment/path.dsv
[2.994s] -- Up-to-date: /home/ubuntu/rj_training_container/training_ws/install/localization/share/localization/local_setup.bash
[3.035s] -- Up-to-date: /home/ubuntu/rj_training_container/training_ws/install/localization/share/localization/local_setup.sh
[3.079s] -- Up-to-date: /home/ubuntu/rj_training_container/training_ws/install/localization/share/localization/local_setup.zsh
[3.116s] -- Up-to-date: /home/ubuntu/rj_training_container/training_ws/install/localization/share/localization/local_setup.dsv
[3.151s] -- Installing: /home/ubuntu/rj_training_container/training_ws/install/localization/share/localization/package.dsv
[3.278s] -- Up-to-date: /home/ubuntu/rj_training_container/training_ws/install/localization/share/ament_index/resource_index/packages/localization
[3.324s] -- Up-to-date: /home/ubuntu/rj_training_container/training_ws/install/localization/share/ament_index/resource_index/rclcpp_components/localization
[3.354s] -- Up-to-date: /home/ubuntu/rj_training_container/training_ws/install/localization/share/localization/cmake/localizationConfig.cmake
[3.376s] -- Up-to-date: /home/ubuntu/rj_training_container/training_ws/install/localization/share/localization/cmake/localizationConfig-version.cmake
[3.401s] -- Up-to-date: /home/ubuntu/rj_training_container/training_ws/install/localization/share/localization/package.xml
[5.281s] Invoked command in '/home/ubuntu/rj_training_container/training_ws/build/localization' returned '0': AMENT_PREFIX_PATH=/home/ubuntu/rj_training_container/training_ws/install/stsl_interfaces:${AMENT_PREFIX_PATH} CMAKE_PREFIX_PATH=/home/ubuntu/rj_training_container/training_ws/install/stsl_interfaces:/opt/ros/humble LD_LIBRARY_PATH=/home/ubuntu/rj_training_container/training_ws/install/stsl_interfaces/lib:${LD_LIBRARY_PATH} PYTHONPATH=/home/ubuntu/rj_training_container/training_ws/install/stsl_interfaces/local/lib/python3.10/dist-packages:${PYTHONPATH} /usr/bin/cmake --install /home/ubuntu/rj_training_container/training_ws/build/localization
