[6.406s] Invoking command in '/home/ubuntu/rj_training_container/training_ws/build/obstacle_detector': CMAKE_PREFIX_PATH=${CMAKE_PREFIX_PATH}:/home/ubuntu/rj_training_container/training_ws/install/keyboard:/opt/ros/humble /usr/bin/cmake --build /home/ubuntu/rj_training_container/training_ws/build/obstacle_detector -- -j16 -l16
[38.171s] [ 50%] Built target obstacle_detector
[38.535s] [100%] Built target obstacle_detector_node
[43.826s] Invoked command in '/home/ubuntu/rj_training_container/training_ws/build/obstacle_detector' returned '0': CMAKE_PREFIX_PATH=${CMAKE_PREFIX_PATH}:/home/ubuntu/rj_training_container/training_ws/install/keyboard:/opt/ros/humble /usr/bin/cmake --build /home/ubuntu/rj_training_container/training_ws/build/obstacle_detector -- -j16 -l16
[73.424s] Invoking command in '/home/ubuntu/rj_training_container/training_ws/build/obstacle_detector': CMAKE_PREFIX_PATH=${CMAKE_PREFIX_PATH}:/home/ubuntu/rj_training_container/training_ws/install/keyboard:/opt/ros/humble /usr/bin/cmake --install /home/ubuntu/rj_training_container/training_ws/build/obstacle_detector
[76.506s] -- Install configuration: ""
[76.604s] -- Up-to-date: /home/ubuntu/rj_training_container/training_ws/install/obstacle_detector/lib/obstacle_detector/obstacle_detector_node
[76.772s] -- Up-to-date: /home/ubuntu/rj_training_container/training_ws/install/obstacle_detector/lib/libobstacle_detector.so
[76.888s] -- Up-to-date: /home/ubuntu/rj_training_container/training_ws/install/obstacle_detector/share/obstacle_detector/launch
[76.943s] -- Up-to-date: /home/ubuntu/rj_training_container/training_ws/install/obstacle_detector/share/obstacle_detector/launch/obstacle_detector.launch.py
[76.976s] -- Up-to-date: /home/ubuntu/rj_training_container/training_ws/install/obstacle_detector/share/obstacle_detector/config
[77.038s] -- Up-to-date: /home/ubuntu/rj_training_container/training_ws/install/obstacle_detector/share/obstacle_detector/config/obstacle_detector_parameters.yaml
[77.105s] -- Up-to-date: /home/ubuntu/rj_training_container/training_ws/install/obstacle_detector/share/ament_index/resource_index/package_run_dependencies/obstacle_detector
[77.177s] -- Up-to-date: /home/ubuntu/rj_training_container/training_ws/install/obstacle_detector/share/ament_index/resource_index/parent_prefix_path/obstacle_detector
[77.211s] -- Up-to-date: /home/ubuntu/rj_training_container/training_ws/install/obstacle_detector/share/obstacle_detector/environment/ament_prefix_path.sh
[77.258s] -- Up-to-date: /home/ubuntu/rj_training_container/training_ws/install/obstacle_detector/share/obstacle_detector/environment/ament_prefix_path.dsv
[77.297s] -- Up-to-date: /home/ubuntu/rj_training_container/training_ws/install/obstacle_detector/share/obstacle_detector/environment/path.sh
[77.348s] -- Up-to-date: /home/ubuntu/rj_training_container/training_ws/install/obstacle_detector/share/obstacle_detector/environment/path.dsv
[77.392s] -- Up-to-date: /home/ubuntu/rj_training_container/training_ws/install/obstacle_detector/share/obstacle_detector/local_setup.bash
[77.439s] -- Up-to-date: /home/ubuntu/rj_training_container/training_ws/install/obstacle_detector/share/obstacle_detector/local_setup.sh
[77.485s] -- Up-to-date: /home/ubuntu/rj_training_container/training_ws/install/obstacle_detector/share/obstacle_detector/local_setup.zsh
[77.534s] -- Up-to-date: /home/ubuntu/rj_training_container/training_ws/install/obstacle_detector/share/obstacle_detector/local_setup.dsv
[77.580s] -- Installing: /home/ubuntu/rj_training_container/training_ws/install/obstacle_detector/share/obstacle_detector/package.dsv
[77.754s] -- Up-to-date: /home/ubuntu/rj_training_container/training_ws/install/obstacle_detector/share/ament_index/resource_index/packages/obstacle_detector
[77.843s] -- Up-to-date: /home/ubuntu/rj_training_container/training_ws/install/obstacle_detector/share/ament_index/resource_index/rclcpp_components/obstacle_detector
[77.898s] -- Up-to-date: /home/ubuntu/rj_training_container/training_ws/install/obstacle_detector/share/obstacle_detector/cmake/obstacle_detectorConfig.cmake
[77.949s] -- Up-to-date: /home/ubuntu/rj_training_container/training_ws/install/obstacle_detector/share/obstacle_detector/cmake/obstacle_detectorConfig-version.cmake
[78.030s] -- Up-to-date: /home/ubuntu/rj_training_container/training_ws/install/obstacle_detector/share/obstacle_detector/package.xml
[79.340s] Invoked command in '/home/ubuntu/rj_training_container/training_ws/build/obstacle_detector' returned '0': CMAKE_PREFIX_PATH=${CMAKE_PREFIX_PATH}:/home/ubuntu/rj_training_container/training_ws/install/keyboard:/opt/ros/humble /usr/bin/cmake --install /home/ubuntu/rj_training_container/training_ws/build/obstacle_detector
