[0.393s] Invoking command in '/home/ubuntu/rj_training_container/training_ws/build/peak_finder': AMENT_PREFIX_PATH=/home/ubuntu/rj_training_container/training_ws/install/stsl_interfaces:${AMENT_PREFIX_PATH} CMAKE_PREFIX_PATH=/home/ubuntu/rj_training_container/training_ws/install/stsl_interfaces:/opt/ros/humble LD_LIBRARY_PATH=/home/ubuntu/rj_training_container/training_ws/install/stsl_interfaces/lib:${LD_LIBRARY_PATH} PYTHONPATH=/home/ubuntu/rj_training_container/training_ws/install/stsl_interfaces/local/lib/python3.10/dist-packages:${PYTHONPATH} /usr/bin/cmake /home/ubuntu/rj_training_container/training_ws/src/software-training-old/peak_finder -DCMAKE_INSTALL_PREFIX=/home/ubuntu/rj_training_container/training_ws/install/peak_finder
[0.731s] -- Found ament_cmake: 1.3.10 (/opt/ros/humble/share/ament_cmake/cmake)
[1.663s] -- Found rclcpp: 16.0.10 (/opt/ros/humble/share/rclcpp/cmake)
[1.752s] -- Found rosidl_generator_c: 3.1.5 (/opt/ros/humble/share/rosidl_generator_c/cmake)
[1.757s] -- Found rosidl_adapter: 3.1.5 (/opt/ros/humble/share/rosidl_adapter/cmake)
[1.768s] -- Found rosidl_generator_cpp: 3.1.5 (/opt/ros/humble/share/rosidl_generator_cpp/cmake)
[1.793s] -- Using all available rosidl_typesupport_c: rosidl_typesupport_fastrtps_c;rosidl_typesupport_introspection_c
[1.824s] -- Using all available rosidl_typesupport_cpp: rosidl_typesupport_fastrtps_cpp;rosidl_typesupport_introspection_cpp
[1.883s] -- Found rmw_implementation_cmake: 6.1.2 (/opt/ros/humble/share/rmw_implementation_cmake/cmake)
[1.891s] -- Found rmw_fastrtps_cpp: 6.2.7 (/opt/ros/humble/share/rmw_fastrtps_cpp/cmake)
[2.583s] -- Using RMW implementation 'rmw_fastrtps_cpp' as default
[2.678s] -- Found rclcpp_components: 16.0.10 (/opt/ros/humble/share/rclcpp_components/cmake)
[2.712s] -- Found rclcpp_action: 16.0.10 (/opt/ros/humble/share/rclcpp_action/cmake)
[2.869s] -- Found stsl_interfaces: 0.1.0 (/home/ubuntu/rj_training_container/training_ws/install/stsl_interfaces/share/stsl_interfaces/cmake)
[3.684s] -- Found tf2_ros: 0.25.8 (/opt/ros/humble/share/tf2_ros/cmake)
[4.034s] -- Found tf2_eigen: 0.25.8 (/opt/ros/humble/share/tf2_eigen/cmake)
[4.207s] -- Found nav2_msgs: 1.1.16 (/opt/ros/humble/share/nav2_msgs/cmake)
[4.521s] -- Found ament_lint_auto: 0.12.11 (/opt/ros/humble/share/ament_lint_auto/cmake)
[6.684s] -- Added test 'copyright' to check source files copyright and LICENSE
[7.214s] -- Added test 'cppcheck' to perform static code analysis on C / C++ code
[7.217s] -- Configured cppcheck include dirs: 
[7.219s] -- Configured cppcheck exclude dirs and/or files: 
[7.735s] -- Added test 'cpplint' to check C / C++ code against the Google style
[7.738s] -- Configured cpplint exclude dirs and/or files: 
[7.957s] -- Added test 'lint_cmake' to check CMake code style
[8.582s] -- Added test 'uncrustify' to check C / C++ code style
[8.585s] -- Configured uncrustify additional arguments: 
[8.664s] -- Added test 'xmllint' to check XML markup files
[9.014s] -- Configuring done
[10.578s] -- Generating done
[10.844s] -- Build files have been written to: /home/ubuntu/rj_training_container/training_ws/build/peak_finder
[10.861s] Invoked command in '/home/ubuntu/rj_training_container/training_ws/build/peak_finder' returned '0': AMENT_PREFIX_PATH=/home/ubuntu/rj_training_container/training_ws/install/stsl_interfaces:${AMENT_PREFIX_PATH} CMAKE_PREFIX_PATH=/home/ubuntu/rj_training_container/training_ws/install/stsl_interfaces:/opt/ros/humble LD_LIBRARY_PATH=/home/ubuntu/rj_training_container/training_ws/install/stsl_interfaces/lib:${LD_LIBRARY_PATH} PYTHONPATH=/home/ubuntu/rj_training_container/training_ws/install/stsl_interfaces/local/lib/python3.10/dist-packages:${PYTHONPATH} /usr/bin/cmake /home/ubuntu/rj_training_container/training_ws/src/software-training-old/peak_finder -DCMAKE_INSTALL_PREFIX=/home/ubuntu/rj_training_container/training_ws/install/peak_finder
[10.893s] Invoking command in '/home/ubuntu/rj_training_container/training_ws/build/peak_finder': AMENT_PREFIX_PATH=/home/ubuntu/rj_training_container/training_ws/install/stsl_interfaces:${AMENT_PREFIX_PATH} CMAKE_PREFIX_PATH=/home/ubuntu/rj_training_container/training_ws/install/stsl_interfaces:/opt/ros/humble LD_LIBRARY_PATH=/home/ubuntu/rj_training_container/training_ws/install/stsl_interfaces/lib:${LD_LIBRARY_PATH} PYTHONPATH=/home/ubuntu/rj_training_container/training_ws/install/stsl_interfaces/local/lib/python3.10/dist-packages:${PYTHONPATH} /usr/bin/cmake --build /home/ubuntu/rj_training_container/training_ws/build/peak_finder -- -j16 -l16
[11.873s] [ 20%] [32mBuilding CXX object CMakeFiles/peak_finder_node.dir/rclcpp_components/node_main_peak_finder_node.cpp.o[0m
[11.891s] [ 40%] [32mBuilding CXX object CMakeFiles/peak_finder_components.dir/src/peak_finder_component.cpp.o[0m
[11.906s] [ 60%] [32mBuilding CXX object CMakeFiles/peak_finder_components.dir/src/navigator.cpp.o[0m
[18.479s] [ 80%] [32m[1mLinking CXX executable peak_finder_node[0m
[19.984s] [ 80%] Built target peak_finder_node
[27.399s] [100%] [32m[1mLinking CXX shared library libpeak_finder_components.so[0m
[32.774s] [100%] Built target peak_finder_components
[32.968s] Invoked command in '/home/ubuntu/rj_training_container/training_ws/build/peak_finder' returned '0': AMENT_PREFIX_PATH=/home/ubuntu/rj_training_container/training_ws/install/stsl_interfaces:${AMENT_PREFIX_PATH} CMAKE_PREFIX_PATH=/home/ubuntu/rj_training_container/training_ws/install/stsl_interfaces:/opt/ros/humble LD_LIBRARY_PATH=/home/ubuntu/rj_training_container/training_ws/install/stsl_interfaces/lib:${LD_LIBRARY_PATH} PYTHONPATH=/home/ubuntu/rj_training_container/training_ws/install/stsl_interfaces/local/lib/python3.10/dist-packages:${PYTHONPATH} /usr/bin/cmake --build /home/ubuntu/rj_training_container/training_ws/build/peak_finder -- -j16 -l16
[33.565s] Invoking command in '/home/ubuntu/rj_training_container/training_ws/build/peak_finder': AMENT_PREFIX_PATH=/home/ubuntu/rj_training_container/training_ws/install/stsl_interfaces:${AMENT_PREFIX_PATH} CMAKE_PREFIX_PATH=/home/ubuntu/rj_training_container/training_ws/install/stsl_interfaces:/opt/ros/humble LD_LIBRARY_PATH=/home/ubuntu/rj_training_container/training_ws/install/stsl_interfaces/lib:${LD_LIBRARY_PATH} PYTHONPATH=/home/ubuntu/rj_training_container/training_ws/install/stsl_interfaces/local/lib/python3.10/dist-packages:${PYTHONPATH} /usr/bin/cmake --install /home/ubuntu/rj_training_container/training_ws/build/peak_finder
[33.653s] -- Install configuration: ""
[33.697s] -- Installing: /home/ubuntu/rj_training_container/training_ws/install/peak_finder/lib/peak_finder/peak_finder_node
[34.061s] -- Set runtime path of "/home/ubuntu/rj_training_container/training_ws/install/peak_finder/lib/peak_finder/peak_finder_node" to ""
[34.097s] -- Installing: /home/ubuntu/rj_training_container/training_ws/install/peak_finder/lib/libpeak_finder_components.so
[34.819s] -- Set runtime path of "/home/ubuntu/rj_training_container/training_ws/install/peak_finder/lib/libpeak_finder_components.so" to ""
[34.962s] -- Installing: /home/ubuntu/rj_training_container/training_ws/install/peak_finder/share/ament_index/resource_index/package_run_dependencies/peak_finder
[35.227s] -- Installing: /home/ubuntu/rj_training_container/training_ws/install/peak_finder/share/ament_index/resource_index/parent_prefix_path/peak_finder
[35.498s] -- Installing: /home/ubuntu/rj_training_container/training_ws/install/peak_finder/share/peak_finder/environment/ament_prefix_path.sh
[35.626s] -- Installing: /home/ubuntu/rj_training_container/training_ws/install/peak_finder/share/peak_finder/environment/ament_prefix_path.dsv
[35.756s] -- Installing: /home/ubuntu/rj_training_container/training_ws/install/peak_finder/share/peak_finder/environment/path.sh
[35.885s] -- Installing: /home/ubuntu/rj_training_container/training_ws/install/peak_finder/share/peak_finder/environment/path.dsv
[36.035s] -- Installing: /home/ubuntu/rj_training_container/training_ws/install/peak_finder/share/peak_finder/local_setup.bash
[36.146s] -- Installing: /home/ubuntu/rj_training_container/training_ws/install/peak_finder/share/peak_finder/local_setup.sh
[36.254s] -- Installing: /home/ubuntu/rj_training_container/training_ws/install/peak_finder/share/peak_finder/local_setup.zsh
[36.387s] -- Installing: /home/ubuntu/rj_training_container/training_ws/install/peak_finder/share/peak_finder/local_setup.dsv
[36.501s] -- Installing: /home/ubuntu/rj_training_container/training_ws/install/peak_finder/share/peak_finder/package.dsv
[36.707s] -- Installing: /home/ubuntu/rj_training_container/training_ws/install/peak_finder/share/ament_index/resource_index/packages/peak_finder
[36.934s] -- Installing: /home/ubuntu/rj_training_container/training_ws/install/peak_finder/share/ament_index/resource_index/rclcpp_components/peak_finder
[37.164s] -- Installing: /home/ubuntu/rj_training_container/training_ws/install/peak_finder/share/peak_finder/cmake/peak_finderConfig.cmake
[37.301s] -- Installing: /home/ubuntu/rj_training_container/training_ws/install/peak_finder/share/peak_finder/cmake/peak_finderConfig-version.cmake
[37.457s] -- Installing: /home/ubuntu/rj_training_container/training_ws/install/peak_finder/share/peak_finder/package.xml
[37.566s] Invoked command in '/home/ubuntu/rj_training_container/training_ws/build/peak_finder' returned '0': AMENT_PREFIX_PATH=/home/ubuntu/rj_training_container/training_ws/install/stsl_interfaces:${AMENT_PREFIX_PATH} CMAKE_PREFIX_PATH=/home/ubuntu/rj_training_container/training_ws/install/stsl_interfaces:/opt/ros/humble LD_LIBRARY_PATH=/home/ubuntu/rj_training_container/training_ws/install/stsl_interfaces/lib:${LD_LIBRARY_PATH} PYTHONPATH=/home/ubuntu/rj_training_container/training_ws/install/stsl_interfaces/local/lib/python3.10/dist-packages:${PYTHONPATH} /usr/bin/cmake --install /home/ubuntu/rj_training_container/training_ws/build/peak_finder
