[0.844s] Invoking command in '/home/ubuntu/rj_training_container/training_ws/build/peak_finder': CMAKE_PREFIX_PATH=/opt/ros/humble /usr/bin/cmake /home/ubuntu/rj_training_container/training_ws/src/software-training-old/peak_finder -DCMAKE_INSTALL_PREFIX=/home/ubuntu/rj_training_container/training_ws/install/peak_finder
[1.582s] -- The C compiler identification is GNU 11.4.0
[2.301s] -- The CXX compiler identification is GNU 11.4.0
[2.507s] -- Detecting C compiler ABI info
[4.523s] -- Detecting C compiler ABI info - done
[4.586s] -- Check for working C compiler: /usr/bin/cc - skipped
[4.589s] -- Detecting C compile features
[4.593s] -- Detecting C compile features - done
[4.806s] -- Detecting CXX compiler ABI info
[6.666s] -- Detecting CXX compiler ABI info - done
[6.755s] -- Check for working CXX compiler: /usr/bin/c++ - skipped
[6.759s] -- Detecting CXX compile features
[6.762s] -- Detecting CXX compile features - done
[6.920s] -- Found ament_cmake: 1.3.10 (/opt/ros/humble/share/ament_cmake/cmake)
[7.208s] -- Found Python3: /usr/bin/python3 (found version "3.10.12") found components: Interpreter 
[7.548s] -- Found rclcpp: 16.0.10 (/opt/ros/humble/share/rclcpp/cmake)
[7.641s] -- Found rosidl_generator_c: 3.1.5 (/opt/ros/humble/share/rosidl_generator_c/cmake)
[7.652s] -- Found rosidl_adapter: 3.1.5 (/opt/ros/humble/share/rosidl_adapter/cmake)
[7.668s] -- Found rosidl_generator_cpp: 3.1.5 (/opt/ros/humble/share/rosidl_generator_cpp/cmake)
[7.689s] -- Using all available rosidl_typesupport_c: rosidl_typesupport_fastrtps_c;rosidl_typesupport_introspection_c
[7.721s] -- Using all available rosidl_typesupport_cpp: rosidl_typesupport_fastrtps_cpp;rosidl_typesupport_introspection_cpp
[7.806s] -- Found rmw_implementation_cmake: 6.1.2 (/opt/ros/humble/share/rmw_implementation_cmake/cmake)
[7.815s] -- Found rmw_fastrtps_cpp: 6.2.7 (/opt/ros/humble/share/rmw_fastrtps_cpp/cmake)
[7.977s] -- Found OpenSSL: /usr/lib/x86_64-linux-gnu/libcrypto.so (found version "3.0.2")  
[8.062s] -- Found FastRTPS: /opt/ros/humble/include  
[8.196s] -- Using RMW implementation 'rmw_fastrtps_cpp' as default
[8.368s] -- Looking for pthread.h
[10.137s] -- Looking for pthread.h - found
[10.183s] -- Performing Test CMAKE_HAVE_LIBC_PTHREAD
[11.776s] -- Performing Test CMAKE_HAVE_LIBC_PTHREAD - Success
[11.798s] -- Found Threads: TRUE  
[11.905s] -- Found rclcpp_components: 16.0.10 (/opt/ros/humble/share/rclcpp_components/cmake)
[12.069s] -- Found rclcpp_action: 16.0.10 (/opt/ros/humble/share/rclcpp_action/cmake)
[12.196s] [31mCMake Error at CMakeLists.txt:8 (find_package):
[12.198s]   By not providing "Findstsl_interfaces.cmake" in CMAKE_MODULE_PATH this
[12.201s]   project has asked CMake to find a package configuration file provided by
[12.203s]   "stsl_interfaces", but CMake did not find one.
[12.205s] 
[12.206s]   Could not find a package configuration file provided by "stsl_interfaces"
[12.208s]   with any of the following names:
[12.210s] 
[12.212s]     stsl_interfacesConfig.cmake
[12.214s]     stsl_interfaces-config.cmake
[12.216s] 
[12.219s]   Add the installation prefix of "stsl_interfaces" to CMAKE_PREFIX_PATH or
[12.220s]   set "stsl_interfaces_DIR" to a directory containing one of the above files.
[12.222s]   If "stsl_interfaces" provides a separate development package or SDK, be
[12.224s]   sure it has been installed.
[12.226s] 
[12.228s] [0m
[12.231s] -- Configuring incomplete, errors occurred!
[12.232s] See also "/home/ubuntu/rj_training_container/training_ws/build/peak_finder/CMakeFiles/CMakeOutput.log".
