[0.261s] Invoking command in '/home/ubuntu/rj_training_container/training_ws/build/mineral_deposit_detection': AMENT_PREFIX_PATH=/home/ubuntu/rj_training_container/training_ws/install/stsl_interfaces:${AMENT_PREFIX_PATH} CMAKE_PREFIX_PATH=/home/ubuntu/rj_training_container/training_ws/install/stsl_interfaces:/opt/ros/humble LD_LIBRARY_PATH=/home/ubuntu/rj_training_container/training_ws/install/stsl_interfaces/lib:${LD_LIBRARY_PATH} PYTHONPATH=/home/ubuntu/rj_training_container/training_ws/install/stsl_interfaces/local/lib/python3.10/dist-packages:${PYTHONPATH} /usr/bin/cmake --build /home/ubuntu/rj_training_container/training_ws/build/mineral_deposit_detection -- -j16 -l16
[1.162s] [ 50%] Built target mineral_deposit_detector
[1.339s] [100%] Built target mineral_deposit_detection
[1.475s] Invoked command in '/home/ubuntu/rj_training_container/training_ws/build/mineral_deposit_detection' returned '0': AMENT_PREFIX_PATH=/home/ubuntu/rj_training_container/training_ws/install/stsl_interfaces:${AMENT_PREFIX_PATH} CMAKE_PREFIX_PATH=/home/ubuntu/rj_training_container/training_ws/install/stsl_interfaces:/opt/ros/humble LD_LIBRARY_PATH=/home/ubuntu/rj_training_container/training_ws/install/stsl_interfaces/lib:${LD_LIBRARY_PATH} PYTHONPATH=/home/ubuntu/rj_training_container/training_ws/install/stsl_interfaces/local/lib/python3.10/dist-packages:${PYTHONPATH} /usr/bin/cmake --build /home/ubuntu/rj_training_container/training_ws/build/mineral_deposit_detection -- -j16 -l16
[1.570s] Invoking command in '/home/ubuntu/rj_training_container/training_ws/build/mineral_deposit_detection': AMENT_PREFIX_PATH=/home/ubuntu/rj_training_container/training_ws/install/stsl_interfaces:${AMENT_PREFIX_PATH} CMAKE_PREFIX_PATH=/home/ubuntu/rj_training_container/training_ws/install/stsl_interfaces:/opt/ros/humble LD_LIBRARY_PATH=/home/ubuntu/rj_training_container/training_ws/install/stsl_interfaces/lib:${LD_LIBRARY_PATH} PYTHONPATH=/home/ubuntu/rj_training_container/training_ws/install/stsl_interfaces/local/lib/python3.10/dist-packages:${PYTHONPATH} /usr/bin/cmake --install /home/ubuntu/rj_training_container/training_ws/build/mineral_deposit_detection
[1.634s] -- Install configuration: ""
[1.735s] -- Up-to-date: /home/ubuntu/rj_training_container/training_ws/install/mineral_deposit_detection/lib/mineral_deposit_detection/mineral_deposit_detector
[1.921s] -- Up-to-date: /home/ubuntu/rj_training_container/training_ws/install/mineral_deposit_detection/lib/libmineral_deposit_detection.so
[2.066s] -- Up-to-date: /home/ubuntu/rj_training_container/training_ws/install/mineral_deposit_detection/share/ament_index/resource_index/package_run_dependencies/mineral_deposit_detection
[2.143s] -- Up-to-date: /home/ubuntu/rj_training_container/training_ws/install/mineral_deposit_detection/share/ament_index/resource_index/parent_prefix_path/mineral_deposit_detection
[2.182s] -- Up-to-date: /home/ubuntu/rj_training_container/training_ws/install/mineral_deposit_detection/share/mineral_deposit_detection/environment/ament_prefix_path.sh
[2.236s] -- Up-to-date: /home/ubuntu/rj_training_container/training_ws/install/mineral_deposit_detection/share/mineral_deposit_detection/environment/ament_prefix_path.dsv
[2.271s] -- Up-to-date: /home/ubuntu/rj_training_container/training_ws/install/mineral_deposit_detection/share/mineral_deposit_detection/environment/path.sh
[2.321s] -- Up-to-date: /home/ubuntu/rj_training_container/training_ws/install/mineral_deposit_detection/share/mineral_deposit_detection/environment/path.dsv
[2.370s] -- Up-to-date: /home/ubuntu/rj_training_container/training_ws/install/mineral_deposit_detection/share/mineral_deposit_detection/local_setup.bash
[2.414s] -- Up-to-date: /home/ubuntu/rj_training_container/training_ws/install/mineral_deposit_detection/share/mineral_deposit_detection/local_setup.sh
[2.460s] -- Up-to-date: /home/ubuntu/rj_training_container/training_ws/install/mineral_deposit_detection/share/mineral_deposit_detection/local_setup.zsh
[2.505s] -- Up-to-date: /home/ubuntu/rj_training_container/training_ws/install/mineral_deposit_detection/share/mineral_deposit_detection/local_setup.dsv
[2.548s] -- Installing: /home/ubuntu/rj_training_container/training_ws/install/mineral_deposit_detection/share/mineral_deposit_detection/package.dsv
[2.733s] -- Up-to-date: /home/ubuntu/rj_training_container/training_ws/install/mineral_deposit_detection/share/ament_index/resource_index/packages/mineral_deposit_detection
[2.807s] -- Up-to-date: /home/ubuntu/rj_training_container/training_ws/install/mineral_deposit_detection/share/ament_index/resource_index/rclcpp_components/mineral_deposit_detection
[2.863s] -- Up-to-date: /home/ubuntu/rj_training_container/training_ws/install/mineral_deposit_detection/share/mineral_deposit_detection/cmake/mineral_deposit_detectionConfig.cmake
[2.903s] -- Up-to-date: /home/ubuntu/rj_training_container/training_ws/install/mineral_deposit_detection/share/mineral_deposit_detection/cmake/mineral_deposit_detectionConfig-version.cmake
[2.971s] -- Up-to-date: /home/ubuntu/rj_training_container/training_ws/install/mineral_deposit_detection/share/mineral_deposit_detection/package.xml
[2.992s] Invoked command in '/home/ubuntu/rj_training_container/training_ws/build/mineral_deposit_detection' returned '0': AMENT_PREFIX_PATH=/home/ubuntu/rj_training_container/training_ws/install/stsl_interfaces:${AMENT_PREFIX_PATH} CMAKE_PREFIX_PATH=/home/ubuntu/rj_training_container/training_ws/install/stsl_interfaces:/opt/ros/humble LD_LIBRARY_PATH=/home/ubuntu/rj_training_container/training_ws/install/stsl_interfaces/lib:${LD_LIBRARY_PATH} PYTHONPATH=/home/ubuntu/rj_training_container/training_ws/install/stsl_interfaces/local/lib/python3.10/dist-packages:${PYTHONPATH} /usr/bin/cmake --install /home/ubuntu/rj_training_container/training_ws/build/mineral_deposit_detection
