[0.894s] Invoking command in '/home/ubuntu/rj_training_container/training_ws/build/teleop': CMAKE_PREFIX_PATH=/opt/ros/humble /usr/bin/cmake /home/ubuntu/rj_training_container/training_ws/src/trainingv2/turtlesim_project/src/teleop -DCMAKE_INSTALL_PREFIX=/home/ubuntu/rj_training_container/training_ws/install/teleop
[11.967s] -- The C compiler identification is GNU 11.4.0
[11.970s] -- The CXX compiler identification is GNU 11.4.0
[11.972s] -- Detecting C compiler ABI info
[11.973s] -- Detecting C compiler ABI info - done
[11.975s] -- Check for working C compiler: /usr/bin/cc - skipped
[11.978s] -- Detecting C compile features
[11.981s] -- Detecting C compile features - done
[11.984s] -- Detecting CXX compiler ABI info
[11.986s] -- Detecting CXX compiler ABI info - done
[11.988s] -- Check for working CXX compiler: /usr/bin/c++ - skipped
[11.991s] -- Detecting CXX compile features
[11.993s] -- Detecting CXX compile features - done
[11.995s] -- Found ament_cmake: 1.3.10 (/opt/ros/humble/share/ament_cmake/cmake)
[11.998s] -- Found Python3: /usr/bin/python3 (found version "3.10.12") found components: Interpreter 
[12.000s] -- Found rclcpp: 16.0.10 (/opt/ros/humble/share/rclcpp/cmake)
[12.002s] -- Found rosidl_generator_c: 3.1.5 (/opt/ros/humble/share/rosidl_generator_c/cmake)
[12.005s] -- Found rosidl_adapter: 3.1.5 (/opt/ros/humble/share/rosidl_adapter/cmake)
[12.007s] -- Found rosidl_generator_cpp: 3.1.5 (/opt/ros/humble/share/rosidl_generator_cpp/cmake)
[12.010s] -- Using all available rosidl_typesupport_c: rosidl_typesupport_fastrtps_c;rosidl_typesupport_introspection_c
[12.012s] -- Using all available rosidl_typesupport_cpp: rosidl_typesupport_fastrtps_cpp;rosidl_typesupport_introspection_cpp
[12.014s] -- Found rmw_implementation_cmake: 6.1.2 (/opt/ros/humble/share/rmw_implementation_cmake/cmake)
[12.017s] -- Found rmw_fastrtps_cpp: 6.2.7 (/opt/ros/humble/share/rmw_fastrtps_cpp/cmake)
[12.018s] -- Found OpenSSL: /usr/lib/x86_64-linux-gnu/libcrypto.so (found version "3.0.2")  
[12.021s] -- Found FastRTPS: /opt/ros/humble/include  
[12.023s] -- Using RMW implementation 'rmw_fastrtps_cpp' as default
[12.025s] -- Looking for pthread.h
[12.026s] -- Looking for pthread.h - found
[12.028s] -- Performing Test CMAKE_HAVE_LIBC_PTHREAD
[12.029s] -- Performing Test CMAKE_HAVE_LIBC_PTHREAD - Success
[12.030s] -- Found Threads: TRUE  
[12.032s] -- Found rclcpp_components: 16.0.10 (/opt/ros/humble/share/rclcpp_components/cmake)
[12.038s] -- Found geometry_msgs: 4.2.4 (/opt/ros/humble/share/geometry_msgs/cmake)
[12.161s] -- Found ament_lint_auto: 0.12.11 (/opt/ros/humble/share/ament_lint_auto/cmake)
[13.956s] -- Added test 'cppcheck' to perform static code analysis on C / C++ code
[13.960s] -- Configured cppcheck include dirs: /home/ubuntu/rj_training_container/training_ws/src/trainingv2/turtlesim_project/src/teleop/include
[13.963s] -- Configured cppcheck exclude dirs and/or files: 
[14.336s] -- Added test 'lint_cmake' to check CMake code style
[15.436s] -- Added test 'uncrustify' to check C / C++ code style
[15.438s] -- Configured uncrustify additional arguments: 
[15.562s] -- Added test 'xmllint' to check XML markup files
[16.281s] -- Configuring done
[17.243s] -- Generating done
[17.377s] -- Build files have been written to: /home/ubuntu/rj_training_container/training_ws/build/teleop
