[2.414s] Invoking command in '/home/ubuntu/rj_training_container/training_ws/build/traini_gazebo': CMAKE_PREFIX_PATH=/home/ubuntu/rj_training_container/training_ws/install/stsl_aruco_tags:/home/ubuntu/rj_training_container/training_ws/install/stsl_interfaces:/home/ubuntu/rj_training_container/training_ws/install/stsl_gazebo_plugins:/home/ubuntu/rj_training_container/training_ws/install/stsl_desktop:/home/ubuntu/rj_training_container/training_ws/install/traini_bringup:/home/ubuntu/rj_training_container/training_ws/install/traini_gazebo:/home/ubuntu/rj_training_container/training_ws/install/traini_description:/home/ubuntu/rj_training_container/training_ws/install/teleop:/home/ubuntu/rj_training_container/training_ws/install/stsl_utils:/home/ubuntu/rj_training_container/training_ws/install/stsl_rviz_plugins:/home/ubuntu/rj_training_container/training_ws/install/stsl_nav_plugins:/home/ubuntu/rj_training_container/training_ws/install/mission_orchestration:/home/ubuntu/rj_training_container/training_ws/install/stsl_bt_nodes:/home/ubuntu/rj_training_container/training_ws/install/peak_finder:/home/ubuntu/rj_training_container/training_ws/install/mineral_deposit_tracking:/home/ubuntu/rj_training_container/training_ws/install/mineral_deposit_detection:/home/ubuntu/rj_training_container/training_ws/install/localization:/home/ubuntu/rj_training_container/training_ws/install/elevation_server:/home/ubuntu/rj_training_container/training_ws/install/coordinate_transform:/home/ubuntu/rj_training_container/training_ws/install/rj_training_bringup:/home/ubuntu/rj_training_container/training_ws/install/obstacle_detector:/home/ubuntu/rj_training_container/training_ws/install/mapping:/home/ubuntu/rj_training_container/training_ws/install/joystick_package:/home/ubuntu/rj_training_container/training_ws/install/joystick_msgs:/home/ubuntu/rj_training_container/training_ws/install/controllers:/home/ubuntu/rj_training_container/training_ws/install/astar_path_planner:/home/ubuntu/rj_training_container/training_ws/install/keyboard:/opt/ros/humble LD_LIBRARY_PATH=/home/ubuntu/rj_training_container/training_ws/install/stsl_aruco_tags/lib:/home/ubuntu/rj_training_container/training_ws/install/stsl_interfaces/lib:/home/ubuntu/rj_training_container/training_ws/install/stsl_gazebo_plugins/lib:/home/ubuntu/rj_training_container/training_ws/install/teleop/lib:/home/ubuntu/rj_training_container/training_ws/install/stsl_utils/lib:/home/ubuntu/rj_training_container/training_ws/install/stsl_rviz_plugins/lib:/home/ubuntu/rj_training_container/training_ws/install/stsl_nav_plugins/lib:/home/ubuntu/rj_training_container/training_ws/install/mission_orchestration/lib:/home/ubuntu/rj_training_container/training_ws/install/stsl_bt_nodes/lib:/home/ubuntu/rj_training_container/training_ws/install/peak_finder/lib:/home/ubuntu/rj_training_container/training_ws/install/mineral_deposit_tracking/lib:/home/ubuntu/rj_training_container/training_ws/install/mineral_deposit_detection/lib:/home/ubuntu/rj_training_container/training_ws/install/localization/lib:/home/ubuntu/rj_training_container/training_ws/install/elevation_server/lib:/home/ubuntu/rj_training_container/training_ws/install/coordinate_transform/lib:/home/ubuntu/rj_training_container/training_ws/install/obstacle_detector/lib:/home/ubuntu/rj_training_container/training_ws/install/mapping/lib:/home/ubuntu/rj_training_container/training_ws/install/joystick_package/lib:/home/ubuntu/rj_training_container/training_ws/install/joystick_msgs/lib:/home/ubuntu/rj_training_container/training_ws/install/controllers/lib:/home/ubuntu/rj_training_container/training_ws/install/astar_path_planner/lib:/usr/lib/x86_64-linux-gnu/gazebo-11/plugins:/opt/ros/humble/opt/rviz_ogre_vendor/lib:/opt/ros/humble/lib/x86_64-linux-gnu:/opt/ros/humble/lib /usr/bin/cmake --build /home/ubuntu/rj_training_container/training_ws/build/traini_gazebo -- -j16 -l16
[15.828s] [100%] Built target traini_gazebo_GENERATE_ARUCO_TAG_MODELS
[17.604s] Invoked command in '/home/ubuntu/rj_training_container/training_ws/build/traini_gazebo' returned '0': CMAKE_PREFIX_PATH=/home/ubuntu/rj_training_container/training_ws/install/stsl_aruco_tags:/home/ubuntu/rj_training_container/training_ws/install/stsl_interfaces:/home/ubuntu/rj_training_container/training_ws/install/stsl_gazebo_plugins:/home/ubuntu/rj_training_container/training_ws/install/stsl_desktop:/home/ubuntu/rj_training_container/training_ws/install/traini_bringup:/home/ubuntu/rj_training_container/training_ws/install/traini_gazebo:/home/ubuntu/rj_training_container/training_ws/install/traini_description:/home/ubuntu/rj_training_container/training_ws/install/teleop:/home/ubuntu/rj_training_container/training_ws/install/stsl_utils:/home/ubuntu/rj_training_container/training_ws/install/stsl_rviz_plugins:/home/ubuntu/rj_training_container/training_ws/install/stsl_nav_plugins:/home/ubuntu/rj_training_container/training_ws/install/mission_orchestration:/home/ubuntu/rj_training_container/training_ws/install/stsl_bt_nodes:/home/ubuntu/rj_training_container/training_ws/install/peak_finder:/home/ubuntu/rj_training_container/training_ws/install/mineral_deposit_tracking:/home/ubuntu/rj_training_container/training_ws/install/mineral_deposit_detection:/home/ubuntu/rj_training_container/training_ws/install/localization:/home/ubuntu/rj_training_container/training_ws/install/elevation_server:/home/ubuntu/rj_training_container/training_ws/install/coordinate_transform:/home/ubuntu/rj_training_container/training_ws/install/rj_training_bringup:/home/ubuntu/rj_training_container/training_ws/install/obstacle_detector:/home/ubuntu/rj_training_container/training_ws/install/mapping:/home/ubuntu/rj_training_container/training_ws/install/joystick_package:/home/ubuntu/rj_training_container/training_ws/install/joystick_msgs:/home/ubuntu/rj_training_container/training_ws/install/controllers:/home/ubuntu/rj_training_container/training_ws/install/astar_path_planner:/home/ubuntu/rj_training_container/training_ws/install/keyboard:/opt/ros/humble LD_LIBRARY_PATH=/home/ubuntu/rj_training_container/training_ws/install/stsl_aruco_tags/lib:/home/ubuntu/rj_training_container/training_ws/install/stsl_interfaces/lib:/home/ubuntu/rj_training_container/training_ws/install/stsl_gazebo_plugins/lib:/home/ubuntu/rj_training_container/training_ws/install/teleop/lib:/home/ubuntu/rj_training_container/training_ws/install/stsl_utils/lib:/home/ubuntu/rj_training_container/training_ws/install/stsl_rviz_plugins/lib:/home/ubuntu/rj_training_container/training_ws/install/stsl_nav_plugins/lib:/home/ubuntu/rj_training_container/training_ws/install/mission_orchestration/lib:/home/ubuntu/rj_training_container/training_ws/install/stsl_bt_nodes/lib:/home/ubuntu/rj_training_container/training_ws/install/peak_finder/lib:/home/ubuntu/rj_training_container/training_ws/install/mineral_deposit_tracking/lib:/home/ubuntu/rj_training_container/training_ws/install/mineral_deposit_detection/lib:/home/ubuntu/rj_training_container/training_ws/install/localization/lib:/home/ubuntu/rj_training_container/training_ws/install/elevation_server/lib:/home/ubuntu/rj_training_container/training_ws/install/coordinate_transform/lib:/home/ubuntu/rj_training_container/training_ws/install/obstacle_detector/lib:/home/ubuntu/rj_training_container/training_ws/install/mapping/lib:/home/ubuntu/rj_training_container/training_ws/install/joystick_package/lib:/home/ubuntu/rj_training_container/training_ws/install/joystick_msgs/lib:/home/ubuntu/rj_training_container/training_ws/install/controllers/lib:/home/ubuntu/rj_training_container/training_ws/install/astar_path_planner/lib:/usr/lib/x86_64-linux-gnu/gazebo-11/plugins:/opt/ros/humble/opt/rviz_ogre_vendor/lib:/opt/ros/humble/lib/x86_64-linux-gnu:/opt/ros/humble/lib /usr/bin/cmake --build /home/ubuntu/rj_training_container/training_ws/build/traini_gazebo -- -j16 -l16
[27.438s] Invoking command in '/home/ubuntu/rj_training_container/training_ws/build/traini_gazebo': CMAKE_PREFIX_PATH=/home/ubuntu/rj_training_container/training_ws/install/stsl_aruco_tags:/home/ubuntu/rj_training_container/training_ws/install/stsl_interfaces:/home/ubuntu/rj_training_container/training_ws/install/stsl_gazebo_plugins:/home/ubuntu/rj_training_container/training_ws/install/stsl_desktop:/home/ubuntu/rj_training_container/training_ws/install/traini_bringup:/home/ubuntu/rj_training_container/training_ws/install/traini_gazebo:/home/ubuntu/rj_training_container/training_ws/install/traini_description:/home/ubuntu/rj_training_container/training_ws/install/teleop:/home/ubuntu/rj_training_container/training_ws/install/stsl_utils:/home/ubuntu/rj_training_container/training_ws/install/stsl_rviz_plugins:/home/ubuntu/rj_training_container/training_ws/install/stsl_nav_plugins:/home/ubuntu/rj_training_container/training_ws/install/mission_orchestration:/home/ubuntu/rj_training_container/training_ws/install/stsl_bt_nodes:/home/ubuntu/rj_training_container/training_ws/install/peak_finder:/home/ubuntu/rj_training_container/training_ws/install/mineral_deposit_tracking:/home/ubuntu/rj_training_container/training_ws/install/mineral_deposit_detection:/home/ubuntu/rj_training_container/training_ws/install/localization:/home/ubuntu/rj_training_container/training_ws/install/elevation_server:/home/ubuntu/rj_training_container/training_ws/install/coordinate_transform:/home/ubuntu/rj_training_container/training_ws/install/rj_training_bringup:/home/ubuntu/rj_training_container/training_ws/install/obstacle_detector:/home/ubuntu/rj_training_container/training_ws/install/mapping:/home/ubuntu/rj_training_container/training_ws/install/joystick_package:/home/ubuntu/rj_training_container/training_ws/install/joystick_msgs:/home/ubuntu/rj_training_container/training_ws/install/controllers:/home/ubuntu/rj_training_container/training_ws/install/astar_path_planner:/home/ubuntu/rj_training_container/training_ws/install/keyboard:/opt/ros/humble LD_LIBRARY_PATH=/home/ubuntu/rj_training_container/training_ws/install/stsl_aruco_tags/lib:/home/ubuntu/rj_training_container/training_ws/install/stsl_interfaces/lib:/home/ubuntu/rj_training_container/training_ws/install/stsl_gazebo_plugins/lib:/home/ubuntu/rj_training_container/training_ws/install/teleop/lib:/home/ubuntu/rj_training_container/training_ws/install/stsl_utils/lib:/home/ubuntu/rj_training_container/training_ws/install/stsl_rviz_plugins/lib:/home/ubuntu/rj_training_container/training_ws/install/stsl_nav_plugins/lib:/home/ubuntu/rj_training_container/training_ws/install/mission_orchestration/lib:/home/ubuntu/rj_training_container/training_ws/install/stsl_bt_nodes/lib:/home/ubuntu/rj_training_container/training_ws/install/peak_finder/lib:/home/ubuntu/rj_training_container/training_ws/install/mineral_deposit_tracking/lib:/home/ubuntu/rj_training_container/training_ws/install/mineral_deposit_detection/lib:/home/ubuntu/rj_training_container/training_ws/install/localization/lib:/home/ubuntu/rj_training_container/training_ws/install/elevation_server/lib:/home/ubuntu/rj_training_container/training_ws/install/coordinate_transform/lib:/home/ubuntu/rj_training_container/training_ws/install/obstacle_detector/lib:/home/ubuntu/rj_training_container/training_ws/install/mapping/lib:/home/ubuntu/rj_training_container/training_ws/install/joystick_package/lib:/home/ubuntu/rj_training_container/training_ws/install/joystick_msgs/lib:/home/ubuntu/rj_training_container/training_ws/install/controllers/lib:/home/ubuntu/rj_training_container/training_ws/install/astar_path_planner/lib:/usr/lib/x86_64-linux-gnu/gazebo-11/plugins:/opt/ros/humble/opt/rviz_ogre_vendor/lib:/opt/ros/humble/lib/x86_64-linux-gnu:/opt/ros/humble/lib /usr/bin/cmake --install /home/ubuntu/rj_training_container/training_ws/build/traini_gazebo
[29.073s] -- Install configuration: ""
[29.092s] -- Up-to-date: /home/ubuntu/rj_training_container/training_ws/install/traini_gazebo/lib/traini_gazebo/publish_map_boundary.py
[29.119s] -- Up-to-date: /home/ubuntu/rj_training_container/training_ws/install/traini_gazebo/lib/traini_gazebo/randomize_robot_pose.py
[29.133s] -- Up-to-date: /home/ubuntu/rj_training_container/training_ws/install/traini_gazebo/share/traini_gazebo/config
[29.164s] -- Up-to-date: /home/ubuntu/rj_training_container/training_ws/install/traini_gazebo/share/traini_gazebo/config/gazebo_params.yaml
[29.179s] -- Up-to-date: /home/ubuntu/rj_training_container/training_ws/install/traini_gazebo/share/traini_gazebo/launch
[29.214s] -- Up-to-date: /home/ubuntu/rj_training_container/training_ws/install/traini_gazebo/share/traini_gazebo/launch/gazebo.launch.py
[29.237s] -- Up-to-date: /home/ubuntu/rj_training_container/training_ws/install/traini_gazebo/share/traini_gazebo/launch/gzclient.launch.py
[29.258s] -- Up-to-date: /home/ubuntu/rj_training_container/training_ws/install/traini_gazebo/share/traini_gazebo/launch/gzserver.launch.py
[29.284s] -- Up-to-date: /home/ubuntu/rj_training_container/training_ws/install/traini_gazebo/share/traini_gazebo/launch/traini_gazebo.launch.py
[29.301s] -- Up-to-date: /home/ubuntu/rj_training_container/training_ws/install/traini_gazebo/share/traini_gazebo/models
[29.331s] -- Up-to-date: /home/ubuntu/rj_training_container/training_ws/install/traini_gazebo/share/traini_gazebo/models/floor_mat
[29.360s] -- Up-to-date: /home/ubuntu/rj_training_container/training_ws/install/traini_gazebo/share/traini_gazebo/models/floor_mat/materials
[29.396s] -- Up-to-date: /home/ubuntu/rj_training_container/training_ws/install/traini_gazebo/share/traini_gazebo/models/floor_mat/materials/scripts
[29.444s] -- Up-to-date: /home/ubuntu/rj_training_container/training_ws/install/traini_gazebo/share/traini_gazebo/models/floor_mat/materials/scripts/floor_mat.material
[29.471s] -- Up-to-date: /home/ubuntu/rj_training_container/training_ws/install/traini_gazebo/share/traini_gazebo/models/floor_mat/materials/textures
[29.518s] -- Up-to-date: /home/ubuntu/rj_training_container/training_ws/install/traini_gazebo/share/traini_gazebo/models/floor_mat/materials/textures/floor_mat.png
[29.548s] -- Up-to-date: /home/ubuntu/rj_training_container/training_ws/install/traini_gazebo/share/traini_gazebo/models/floor_mat/model.config
[29.577s] -- Up-to-date: /home/ubuntu/rj_training_container/training_ws/install/traini_gazebo/share/traini_gazebo/models/floor_mat/model.sdf
[29.597s] -- Up-to-date: /home/ubuntu/rj_training_container/training_ws/install/traini_gazebo/share/traini_gazebo/models/traini
[29.628s] -- Up-to-date: /home/ubuntu/rj_training_container/training_ws/install/traini_gazebo/share/traini_gazebo/models/traini/meshes
[29.669s] -- Up-to-date: /home/ubuntu/rj_training_container/training_ws/install/traini_gazebo/share/traini_gazebo/models/traini/meshes/Trainiii.dae
[29.696s] -- Up-to-date: /home/ubuntu/rj_training_container/training_ws/install/traini_gazebo/share/traini_gazebo/models/traini/model.config
[29.722s] -- Up-to-date: /home/ubuntu/rj_training_container/training_ws/install/traini_gazebo/share/traini_gazebo/models/traini/model.sdf
[29.740s] -- Up-to-date: /home/ubuntu/rj_training_container/training_ws/install/traini_gazebo/share/traini_gazebo/worlds
[29.770s] -- Up-to-date: /home/ubuntu/rj_training_container/training_ws/install/traini_gazebo/share/traini_gazebo/worlds/training_world.sdf
[29.782s] -- Up-to-date: /home/ubuntu/rj_training_container/training_ws/install/traini_gazebo/share/traini_gazebo/models
[29.801s] -- Up-to-date: /home/ubuntu/rj_training_container/training_ws/install/traini_gazebo/share/traini_gazebo/models/aruco_tag_0
[29.823s] -- Up-to-date: /home/ubuntu/rj_training_container/training_ws/install/traini_gazebo/share/traini_gazebo/models/aruco_tag_0/materials
[29.851s] -- Up-to-date: /home/ubuntu/rj_training_container/training_ws/install/traini_gazebo/share/traini_gazebo/models/aruco_tag_0/materials/scripts
[29.890s] -- Up-to-date: /home/ubuntu/rj_training_container/training_ws/install/traini_gazebo/share/traini_gazebo/models/aruco_tag_0/materials/scripts/aruco_tag_0.material
[29.913s] -- Up-to-date: /home/ubuntu/rj_training_container/training_ws/install/traini_gazebo/share/traini_gazebo/models/aruco_tag_0/materials/textures
[29.953s] -- Up-to-date: /home/ubuntu/rj_training_container/training_ws/install/traini_gazebo/share/traini_gazebo/models/aruco_tag_0/materials/textures/ArUcoTag0.jpg
[29.974s] -- Up-to-date: /home/ubuntu/rj_training_container/training_ws/install/traini_gazebo/share/traini_gazebo/models/aruco_tag_0/model.config
[29.995s] -- Up-to-date: /home/ubuntu/rj_training_container/training_ws/install/traini_gazebo/share/traini_gazebo/models/aruco_tag_0/model.sdf
[30.010s] -- Up-to-date: /home/ubuntu/rj_training_container/training_ws/install/traini_gazebo/share/traini_gazebo/models/aruco_tag_1
[30.036s] -- Up-to-date: /home/ubuntu/rj_training_container/training_ws/install/traini_gazebo/share/traini_gazebo/models/aruco_tag_1/materials
[30.063s] -- Up-to-date: /home/ubuntu/rj_training_container/training_ws/install/traini_gazebo/share/traini_gazebo/models/aruco_tag_1/materials/scripts
[30.104s] -- Up-to-date: /home/ubuntu/rj_training_container/training_ws/install/traini_gazebo/share/traini_gazebo/models/aruco_tag_1/materials/scripts/aruco_tag_1.material
[30.127s] -- Up-to-date: /home/ubuntu/rj_training_container/training_ws/install/traini_gazebo/share/traini_gazebo/models/aruco_tag_1/materials/textures
[30.166s] -- Up-to-date: /home/ubuntu/rj_training_container/training_ws/install/traini_gazebo/share/traini_gazebo/models/aruco_tag_1/materials/textures/ArUcoTag1.jpg
[30.189s] -- Up-to-date: /home/ubuntu/rj_training_container/training_ws/install/traini_gazebo/share/traini_gazebo/models/aruco_tag_1/model.config
[30.214s] -- Up-to-date: /home/ubuntu/rj_training_container/training_ws/install/traini_gazebo/share/traini_gazebo/models/aruco_tag_1/model.sdf
[30.231s] -- Up-to-date: /home/ubuntu/rj_training_container/training_ws/install/traini_gazebo/share/traini_gazebo/models/aruco_tag_10
[30.256s] -- Up-to-date: /home/ubuntu/rj_training_container/training_ws/install/traini_gazebo/share/traini_gazebo/models/aruco_tag_10/materials
[30.288s] -- Up-to-date: /home/ubuntu/rj_training_container/training_ws/install/traini_gazebo/share/traini_gazebo/models/aruco_tag_10/materials/scripts
[30.331s] -- Up-to-date: /home/ubuntu/rj_training_container/training_ws/install/traini_gazebo/share/traini_gazebo/models/aruco_tag_10/materials/scripts/aruco_tag_10.material
[30.354s] -- Up-to-date: /home/ubuntu/rj_training_container/training_ws/install/traini_gazebo/share/traini_gazebo/models/aruco_tag_10/materials/textures
[30.399s] -- Up-to-date: /home/ubuntu/rj_training_container/training_ws/install/traini_gazebo/share/traini_gazebo/models/aruco_tag_10/materials/textures/ArUcoTag10.jpg
[30.422s] -- Up-to-date: /home/ubuntu/rj_training_container/training_ws/install/traini_gazebo/share/traini_gazebo/models/aruco_tag_10/model.config
[30.446s] -- Up-to-date: /home/ubuntu/rj_training_container/training_ws/install/traini_gazebo/share/traini_gazebo/models/aruco_tag_10/model.sdf
[30.462s] -- Up-to-date: /home/ubuntu/rj_training_container/training_ws/install/traini_gazebo/share/traini_gazebo/models/aruco_tag_11
[30.486s] -- Up-to-date: /home/ubuntu/rj_training_container/training_ws/install/traini_gazebo/share/traini_gazebo/models/aruco_tag_11/materials
[30.515s] -- Up-to-date: /home/ubuntu/rj_training_container/training_ws/install/traini_gazebo/share/traini_gazebo/models/aruco_tag_11/materials/scripts
[30.559s] -- Up-to-date: /home/ubuntu/rj_training_container/training_ws/install/traini_gazebo/share/traini_gazebo/models/aruco_tag_11/materials/scripts/aruco_tag_11.material
[30.584s] -- Up-to-date: /home/ubuntu/rj_training_container/training_ws/install/traini_gazebo/share/traini_gazebo/models/aruco_tag_11/materials/textures
[30.622s] -- Up-to-date: /home/ubuntu/rj_training_container/training_ws/install/traini_gazebo/share/traini_gazebo/models/aruco_tag_11/materials/textures/ArUcoTag11.jpg
[30.645s] -- Up-to-date: /home/ubuntu/rj_training_container/training_ws/install/traini_gazebo/share/traini_gazebo/models/aruco_tag_11/model.config
[30.665s] -- Up-to-date: /home/ubuntu/rj_training_container/training_ws/install/traini_gazebo/share/traini_gazebo/models/aruco_tag_11/model.sdf
[30.680s] -- Up-to-date: /home/ubuntu/rj_training_container/training_ws/install/traini_gazebo/share/traini_gazebo/models/aruco_tag_12
[30.704s] -- Up-to-date: /home/ubuntu/rj_training_container/training_ws/install/traini_gazebo/share/traini_gazebo/models/aruco_tag_12/materials
[30.733s] -- Up-to-date: /home/ubuntu/rj_training_container/training_ws/install/traini_gazebo/share/traini_gazebo/models/aruco_tag_12/materials/scripts
[30.770s] -- Up-to-date: /home/ubuntu/rj_training_container/training_ws/install/traini_gazebo/share/traini_gazebo/models/aruco_tag_12/materials/scripts/aruco_tag_12.material
[30.791s] -- Up-to-date: /home/ubuntu/rj_training_container/training_ws/install/traini_gazebo/share/traini_gazebo/models/aruco_tag_12/materials/textures
[30.832s] -- Up-to-date: /home/ubuntu/rj_training_container/training_ws/install/traini_gazebo/share/traini_gazebo/models/aruco_tag_12/materials/textures/ArUcoTag12.jpg
[30.854s] -- Up-to-date: /home/ubuntu/rj_training_container/training_ws/install/traini_gazebo/share/traini_gazebo/models/aruco_tag_12/model.config
[30.879s] -- Up-to-date: /home/ubuntu/rj_training_container/training_ws/install/traini_gazebo/share/traini_gazebo/models/aruco_tag_12/model.sdf
[30.893s] -- Up-to-date: /home/ubuntu/rj_training_container/training_ws/install/traini_gazebo/share/traini_gazebo/models/aruco_tag_13
[30.917s] -- Up-to-date: /home/ubuntu/rj_training_container/training_ws/install/traini_gazebo/share/traini_gazebo/models/aruco_tag_13/materials
[30.946s] -- Up-to-date: /home/ubuntu/rj_training_container/training_ws/install/traini_gazebo/share/traini_gazebo/models/aruco_tag_13/materials/scripts
[30.986s] -- Up-to-date: /home/ubuntu/rj_training_container/training_ws/install/traini_gazebo/share/traini_gazebo/models/aruco_tag_13/materials/scripts/aruco_tag_13.material
[31.008s] -- Up-to-date: /home/ubuntu/rj_training_container/training_ws/install/traini_gazebo/share/traini_gazebo/models/aruco_tag_13/materials/textures
[31.048s] -- Up-to-date: /home/ubuntu/rj_training_container/training_ws/install/traini_gazebo/share/traini_gazebo/models/aruco_tag_13/materials/textures/ArUcoTag13.jpg
[31.069s] -- Up-to-date: /home/ubuntu/rj_training_container/training_ws/install/traini_gazebo/share/traini_gazebo/models/aruco_tag_13/model.config
[31.088s] -- Up-to-date: /home/ubuntu/rj_training_container/training_ws/install/traini_gazebo/share/traini_gazebo/models/aruco_tag_13/model.sdf
[31.104s] -- Up-to-date: /home/ubuntu/rj_training_container/training_ws/install/traini_gazebo/share/traini_gazebo/models/aruco_tag_14
[31.126s] -- Up-to-date: /home/ubuntu/rj_training_container/training_ws/install/traini_gazebo/share/traini_gazebo/models/aruco_tag_14/materials
[31.156s] -- Up-to-date: /home/ubuntu/rj_training_container/training_ws/install/traini_gazebo/share/traini_gazebo/models/aruco_tag_14/materials/scripts
[31.191s] -- Up-to-date: /home/ubuntu/rj_training_container/training_ws/install/traini_gazebo/share/traini_gazebo/models/aruco_tag_14/materials/scripts/aruco_tag_14.material
[31.213s] -- Up-to-date: /home/ubuntu/rj_training_container/training_ws/install/traini_gazebo/share/traini_gazebo/models/aruco_tag_14/materials/textures
[31.254s] -- Up-to-date: /home/ubuntu/rj_training_container/training_ws/install/traini_gazebo/share/traini_gazebo/models/aruco_tag_14/materials/textures/ArUcoTag14.jpg
[31.279s] -- Up-to-date: /home/ubuntu/rj_training_container/training_ws/install/traini_gazebo/share/traini_gazebo/models/aruco_tag_14/model.config
[31.298s] -- Up-to-date: /home/ubuntu/rj_training_container/training_ws/install/traini_gazebo/share/traini_gazebo/models/aruco_tag_14/model.sdf
[31.313s] -- Up-to-date: /home/ubuntu/rj_training_container/training_ws/install/traini_gazebo/share/traini_gazebo/models/aruco_tag_15
[31.339s] -- Up-to-date: /home/ubuntu/rj_training_container/training_ws/install/traini_gazebo/share/traini_gazebo/models/aruco_tag_15/materials
[31.367s] -- Up-to-date: /home/ubuntu/rj_training_container/training_ws/install/traini_gazebo/share/traini_gazebo/models/aruco_tag_15/materials/scripts
[31.407s] -- Up-to-date: /home/ubuntu/rj_training_container/training_ws/install/traini_gazebo/share/traini_gazebo/models/aruco_tag_15/materials/scripts/aruco_tag_15.material
[31.427s] -- Up-to-date: /home/ubuntu/rj_training_container/training_ws/install/traini_gazebo/share/traini_gazebo/models/aruco_tag_15/materials/textures
[31.466s] -- Up-to-date: /home/ubuntu/rj_training_container/training_ws/install/traini_gazebo/share/traini_gazebo/models/aruco_tag_15/materials/textures/ArUcoTag15.jpg
[31.491s] -- Up-to-date: /home/ubuntu/rj_training_container/training_ws/install/traini_gazebo/share/traini_gazebo/models/aruco_tag_15/model.config
[31.512s] -- Up-to-date: /home/ubuntu/rj_training_container/training_ws/install/traini_gazebo/share/traini_gazebo/models/aruco_tag_15/model.sdf
[31.529s] -- Up-to-date: /home/ubuntu/rj_training_container/training_ws/install/traini_gazebo/share/traini_gazebo/models/aruco_tag_16
[31.552s] -- Up-to-date: /home/ubuntu/rj_training_container/training_ws/install/traini_gazebo/share/traini_gazebo/models/aruco_tag_16/materials
[31.582s] -- Up-to-date: /home/ubuntu/rj_training_container/training_ws/install/traini_gazebo/share/traini_gazebo/models/aruco_tag_16/materials/scripts
[31.620s] -- Up-to-date: /home/ubuntu/rj_training_container/training_ws/install/traini_gazebo/share/traini_gazebo/models/aruco_tag_16/materials/scripts/aruco_tag_16.material
[31.642s] -- Up-to-date: /home/ubuntu/rj_training_container/training_ws/install/traini_gazebo/share/traini_gazebo/models/aruco_tag_16/materials/textures
[31.680s] -- Up-to-date: /home/ubuntu/rj_training_container/training_ws/install/traini_gazebo/share/traini_gazebo/models/aruco_tag_16/materials/textures/ArUcoTag16.jpg
[31.704s] -- Up-to-date: /home/ubuntu/rj_training_container/training_ws/install/traini_gazebo/share/traini_gazebo/models/aruco_tag_16/model.config
[31.724s] -- Up-to-date: /home/ubuntu/rj_training_container/training_ws/install/traini_gazebo/share/traini_gazebo/models/aruco_tag_16/model.sdf
[31.741s] -- Up-to-date: /home/ubuntu/rj_training_container/training_ws/install/traini_gazebo/share/traini_gazebo/models/aruco_tag_17
[31.765s] -- Up-to-date: /home/ubuntu/rj_training_container/training_ws/install/traini_gazebo/share/traini_gazebo/models/aruco_tag_17/materials
[31.795s] -- Up-to-date: /home/ubuntu/rj_training_container/training_ws/install/traini_gazebo/share/traini_gazebo/models/aruco_tag_17/materials/scripts
[31.834s] -- Up-to-date: /home/ubuntu/rj_training_container/training_ws/install/traini_gazebo/share/traini_gazebo/models/aruco_tag_17/materials/scripts/aruco_tag_17.material
[31.856s] -- Up-to-date: /home/ubuntu/rj_training_container/training_ws/install/traini_gazebo/share/traini_gazebo/models/aruco_tag_17/materials/textures
[31.894s] -- Up-to-date: /home/ubuntu/rj_training_container/training_ws/install/traini_gazebo/share/traini_gazebo/models/aruco_tag_17/materials/textures/ArUcoTag17.jpg
[31.917s] -- Up-to-date: /home/ubuntu/rj_training_container/training_ws/install/traini_gazebo/share/traini_gazebo/models/aruco_tag_17/model.config
[31.939s] -- Up-to-date: /home/ubuntu/rj_training_container/training_ws/install/traini_gazebo/share/traini_gazebo/models/aruco_tag_17/model.sdf
[31.955s] -- Up-to-date: /home/ubuntu/rj_training_container/training_ws/install/traini_gazebo/share/traini_gazebo/models/aruco_tag_18
[31.978s] -- Up-to-date: /home/ubuntu/rj_training_container/training_ws/install/traini_gazebo/share/traini_gazebo/models/aruco_tag_18/materials
[32.009s] -- Up-to-date: /home/ubuntu/rj_training_container/training_ws/install/traini_gazebo/share/traini_gazebo/models/aruco_tag_18/materials/scripts
[32.047s] -- Up-to-date: /home/ubuntu/rj_training_container/training_ws/install/traini_gazebo/share/traini_gazebo/models/aruco_tag_18/materials/scripts/aruco_tag_18.material
[32.069s] -- Up-to-date: /home/ubuntu/rj_training_container/training_ws/install/traini_gazebo/share/traini_gazebo/models/aruco_tag_18/materials/textures
[32.106s] -- Up-to-date: /home/ubuntu/rj_training_container/training_ws/install/traini_gazebo/share/traini_gazebo/models/aruco_tag_18/materials/textures/ArUcoTag18.jpg
[32.128s] -- Up-to-date: /home/ubuntu/rj_training_container/training_ws/install/traini_gazebo/share/traini_gazebo/models/aruco_tag_18/model.config
[32.149s] -- Up-to-date: /home/ubuntu/rj_training_container/training_ws/install/traini_gazebo/share/traini_gazebo/models/aruco_tag_18/model.sdf
[32.164s] -- Up-to-date: /home/ubuntu/rj_training_container/training_ws/install/traini_gazebo/share/traini_gazebo/models/aruco_tag_19
[32.187s] -- Up-to-date: /home/ubuntu/rj_training_container/training_ws/install/traini_gazebo/share/traini_gazebo/models/aruco_tag_19/materials
[32.217s] -- Up-to-date: /home/ubuntu/rj_training_container/training_ws/install/traini_gazebo/share/traini_gazebo/models/aruco_tag_19/materials/scripts
[32.259s] -- Up-to-date: /home/ubuntu/rj_training_container/training_ws/install/traini_gazebo/share/traini_gazebo/models/aruco_tag_19/materials/scripts/aruco_tag_19.material
[32.283s] -- Up-to-date: /home/ubuntu/rj_training_container/training_ws/install/traini_gazebo/share/traini_gazebo/models/aruco_tag_19/materials/textures
[32.322s] -- Up-to-date: /home/ubuntu/rj_training_container/training_ws/install/traini_gazebo/share/traini_gazebo/models/aruco_tag_19/materials/textures/ArUcoTag19.jpg
[32.345s] -- Up-to-date: /home/ubuntu/rj_training_container/training_ws/install/traini_gazebo/share/traini_gazebo/models/aruco_tag_19/model.config
[32.367s] -- Up-to-date: /home/ubuntu/rj_training_container/training_ws/install/traini_gazebo/share/traini_gazebo/models/aruco_tag_19/model.sdf
[32.382s] -- Up-to-date: /home/ubuntu/rj_training_container/training_ws/install/traini_gazebo/share/traini_gazebo/models/aruco_tag_2
[32.408s] -- Up-to-date: /home/ubuntu/rj_training_container/training_ws/install/traini_gazebo/share/traini_gazebo/models/aruco_tag_2/materials
[32.441s] -- Up-to-date: /home/ubuntu/rj_training_container/training_ws/install/traini_gazebo/share/traini_gazebo/models/aruco_tag_2/materials/scripts
[32.480s] -- Up-to-date: /home/ubuntu/rj_training_container/training_ws/install/traini_gazebo/share/traini_gazebo/models/aruco_tag_2/materials/scripts/aruco_tag_2.material
[32.502s] -- Up-to-date: /home/ubuntu/rj_training_container/training_ws/install/traini_gazebo/share/traini_gazebo/models/aruco_tag_2/materials/textures
[32.541s] -- Up-to-date: /home/ubuntu/rj_training_container/training_ws/install/traini_gazebo/share/traini_gazebo/models/aruco_tag_2/materials/textures/ArUcoTag2.jpg
[32.562s] -- Up-to-date: /home/ubuntu/rj_training_container/training_ws/install/traini_gazebo/share/traini_gazebo/models/aruco_tag_2/model.config
[32.581s] -- Up-to-date: /home/ubuntu/rj_training_container/training_ws/install/traini_gazebo/share/traini_gazebo/models/aruco_tag_2/model.sdf
[32.596s] -- Up-to-date: /home/ubuntu/rj_training_container/training_ws/install/traini_gazebo/share/traini_gazebo/models/aruco_tag_20
[32.639s] -- Up-to-date: /home/ubuntu/rj_training_container/training_ws/install/traini_gazebo/share/traini_gazebo/models/aruco_tag_20/materials
[32.666s] -- Up-to-date: /home/ubuntu/rj_training_container/training_ws/install/traini_gazebo/share/traini_gazebo/models/aruco_tag_20/materials/scripts
[32.705s] -- Up-to-date: /home/ubuntu/rj_training_container/training_ws/install/traini_gazebo/share/traini_gazebo/models/aruco_tag_20/materials/scripts/aruco_tag_20.material
[32.727s] -- Up-to-date: /home/ubuntu/rj_training_container/training_ws/install/traini_gazebo/share/traini_gazebo/models/aruco_tag_20/materials/textures
[32.766s] -- Up-to-date: /home/ubuntu/rj_training_container/training_ws/install/traini_gazebo/share/traini_gazebo/models/aruco_tag_20/materials/textures/ArUcoTag20.jpg
[32.789s] -- Up-to-date: /home/ubuntu/rj_training_container/training_ws/install/traini_gazebo/share/traini_gazebo/models/aruco_tag_20/model.config
[32.808s] -- Up-to-date: /home/ubuntu/rj_training_container/training_ws/install/traini_gazebo/share/traini_gazebo/models/aruco_tag_20/model.sdf
[32.823s] -- Up-to-date: /home/ubuntu/rj_training_container/training_ws/install/traini_gazebo/share/traini_gazebo/models/aruco_tag_21
[32.846s] -- Up-to-date: /home/ubuntu/rj_training_container/training_ws/install/traini_gazebo/share/traini_gazebo/models/aruco_tag_21/materials
[32.876s] -- Up-to-date: /home/ubuntu/rj_training_container/training_ws/install/traini_gazebo/share/traini_gazebo/models/aruco_tag_21/materials/scripts
[32.913s] -- Up-to-date: /home/ubuntu/rj_training_container/training_ws/install/traini_gazebo/share/traini_gazebo/models/aruco_tag_21/materials/scripts/aruco_tag_21.material
[32.940s] -- Up-to-date: /home/ubuntu/rj_training_container/training_ws/install/traini_gazebo/share/traini_gazebo/models/aruco_tag_21/materials/textures
[32.979s] -- Up-to-date: /home/ubuntu/rj_training_container/training_ws/install/traini_gazebo/share/traini_gazebo/models/aruco_tag_21/materials/textures/ArUcoTag21.jpg
[33.003s] -- Up-to-date: /home/ubuntu/rj_training_container/training_ws/install/traini_gazebo/share/traini_gazebo/models/aruco_tag_21/model.config
[33.022s] -- Up-to-date: /home/ubuntu/rj_training_container/training_ws/install/traini_gazebo/share/traini_gazebo/models/aruco_tag_21/model.sdf
[33.037s] -- Up-to-date: /home/ubuntu/rj_training_container/training_ws/install/traini_gazebo/share/traini_gazebo/models/aruco_tag_22
[33.061s] -- Up-to-date: /home/ubuntu/rj_training_container/training_ws/install/traini_gazebo/share/traini_gazebo/models/aruco_tag_22/materials
[33.089s] -- Up-to-date: /home/ubuntu/rj_training_container/training_ws/install/traini_gazebo/share/traini_gazebo/models/aruco_tag_22/materials/scripts
[33.127s] -- Up-to-date: /home/ubuntu/rj_training_container/training_ws/install/traini_gazebo/share/traini_gazebo/models/aruco_tag_22/materials/scripts/aruco_tag_22.material
[33.151s] -- Up-to-date: /home/ubuntu/rj_training_container/training_ws/install/traini_gazebo/share/traini_gazebo/models/aruco_tag_22/materials/textures
[33.189s] -- Up-to-date: /home/ubuntu/rj_training_container/training_ws/install/traini_gazebo/share/traini_gazebo/models/aruco_tag_22/materials/textures/ArUcoTag22.jpg
[33.211s] -- Up-to-date: /home/ubuntu/rj_training_container/training_ws/install/traini_gazebo/share/traini_gazebo/models/aruco_tag_22/model.config
[33.231s] -- Up-to-date: /home/ubuntu/rj_training_container/training_ws/install/traini_gazebo/share/traini_gazebo/models/aruco_tag_22/model.sdf
[33.246s] -- Up-to-date: /home/ubuntu/rj_training_container/training_ws/install/traini_gazebo/share/traini_gazebo/models/aruco_tag_23
[33.275s] -- Up-to-date: /home/ubuntu/rj_training_container/training_ws/install/traini_gazebo/share/traini_gazebo/models/aruco_tag_23/materials
[33.308s] -- Up-to-date: /home/ubuntu/rj_training_container/training_ws/install/traini_gazebo/share/traini_gazebo/models/aruco_tag_23/materials/scripts
[33.350s] -- Up-to-date: /home/ubuntu/rj_training_container/training_ws/install/traini_gazebo/share/traini_gazebo/models/aruco_tag_23/materials/scripts/aruco_tag_23.material
[33.372s] -- Up-to-date: /home/ubuntu/rj_training_container/training_ws/install/traini_gazebo/share/traini_gazebo/models/aruco_tag_23/materials/textures
[33.409s] -- Up-to-date: /home/ubuntu/rj_training_container/training_ws/install/traini_gazebo/share/traini_gazebo/models/aruco_tag_23/materials/textures/ArUcoTag23.jpg
[33.433s] -- Up-to-date: /home/ubuntu/rj_training_container/training_ws/install/traini_gazebo/share/traini_gazebo/models/aruco_tag_23/model.config
[33.453s] -- Up-to-date: /home/ubuntu/rj_training_container/training_ws/install/traini_gazebo/share/traini_gazebo/models/aruco_tag_23/model.sdf
[33.468s] -- Up-to-date: /home/ubuntu/rj_training_container/training_ws/install/traini_gazebo/share/traini_gazebo/models/aruco_tag_24
[33.494s] -- Up-to-date: /home/ubuntu/rj_training_container/training_ws/install/traini_gazebo/share/traini_gazebo/models/aruco_tag_24/materials
[33.523s] -- Up-to-date: /home/ubuntu/rj_training_container/training_ws/install/traini_gazebo/share/traini_gazebo/models/aruco_tag_24/materials/scripts
[33.565s] -- Up-to-date: /home/ubuntu/rj_training_container/training_ws/install/traini_gazebo/share/traini_gazebo/models/aruco_tag_24/materials/scripts/aruco_tag_24.material
[33.588s] -- Up-to-date: /home/ubuntu/rj_training_container/training_ws/install/traini_gazebo/share/traini_gazebo/models/aruco_tag_24/materials/textures
[33.630s] -- Up-to-date: /home/ubuntu/rj_training_container/training_ws/install/traini_gazebo/share/traini_gazebo/models/aruco_tag_24/materials/textures/ArUcoTag24.jpg
[33.656s] -- Up-to-date: /home/ubuntu/rj_training_container/training_ws/install/traini_gazebo/share/traini_gazebo/models/aruco_tag_24/model.config
[33.679s] -- Up-to-date: /home/ubuntu/rj_training_container/training_ws/install/traini_gazebo/share/traini_gazebo/models/aruco_tag_24/model.sdf
[33.695s] -- Up-to-date: /home/ubuntu/rj_training_container/training_ws/install/traini_gazebo/share/traini_gazebo/models/aruco_tag_25
[33.720s] -- Up-to-date: /home/ubuntu/rj_training_container/training_ws/install/traini_gazebo/share/traini_gazebo/models/aruco_tag_25/materials
[33.752s] -- Up-to-date: /home/ubuntu/rj_training_container/training_ws/install/traini_gazebo/share/traini_gazebo/models/aruco_tag_25/materials/scripts
[33.793s] -- Up-to-date: /home/ubuntu/rj_training_container/training_ws/install/traini_gazebo/share/traini_gazebo/models/aruco_tag_25/materials/scripts/aruco_tag_25.material
[33.814s] -- Up-to-date: /home/ubuntu/rj_training_container/training_ws/install/traini_gazebo/share/traini_gazebo/models/aruco_tag_25/materials/textures
[33.853s] -- Up-to-date: /home/ubuntu/rj_training_container/training_ws/install/traini_gazebo/share/traini_gazebo/models/aruco_tag_25/materials/textures/ArUcoTag25.jpg
[33.875s] -- Up-to-date: /home/ubuntu/rj_training_container/training_ws/install/traini_gazebo/share/traini_gazebo/models/aruco_tag_25/model.config
[33.895s] -- Up-to-date: /home/ubuntu/rj_training_container/training_ws/install/traini_gazebo/share/traini_gazebo/models/aruco_tag_25/model.sdf
[33.910s] -- Up-to-date: /home/ubuntu/rj_training_container/training_ws/install/traini_gazebo/share/traini_gazebo/models/aruco_tag_26
[33.935s] -- Up-to-date: /home/ubuntu/rj_training_container/training_ws/install/traini_gazebo/share/traini_gazebo/models/aruco_tag_26/materials
[33.962s] -- Up-to-date: /home/ubuntu/rj_training_container/training_ws/install/traini_gazebo/share/traini_gazebo/models/aruco_tag_26/materials/scripts
[33.999s] -- Up-to-date: /home/ubuntu/rj_training_container/training_ws/install/traini_gazebo/share/traini_gazebo/models/aruco_tag_26/materials/scripts/aruco_tag_26.material
[34.020s] -- Up-to-date: /home/ubuntu/rj_training_container/training_ws/install/traini_gazebo/share/traini_gazebo/models/aruco_tag_26/materials/textures
[34.060s] -- Up-to-date: /home/ubuntu/rj_training_container/training_ws/install/traini_gazebo/share/traini_gazebo/models/aruco_tag_26/materials/textures/ArUcoTag26.jpg
[34.081s] -- Up-to-date: /home/ubuntu/rj_training_container/training_ws/install/traini_gazebo/share/traini_gazebo/models/aruco_tag_26/model.config
[34.101s] -- Up-to-date: /home/ubuntu/rj_training_container/training_ws/install/traini_gazebo/share/traini_gazebo/models/aruco_tag_26/model.sdf
[34.115s] -- Up-to-date: /home/ubuntu/rj_training_container/training_ws/install/traini_gazebo/share/traini_gazebo/models/aruco_tag_27
[34.140s] -- Up-to-date: /home/ubuntu/rj_training_container/training_ws/install/traini_gazebo/share/traini_gazebo/models/aruco_tag_27/materials
[34.165s] -- Up-to-date: /home/ubuntu/rj_training_container/training_ws/install/traini_gazebo/share/traini_gazebo/models/aruco_tag_27/materials/scripts
[34.202s] -- Up-to-date: /home/ubuntu/rj_training_container/training_ws/install/traini_gazebo/share/traini_gazebo/models/aruco_tag_27/materials/scripts/aruco_tag_27.material
[34.224s] -- Up-to-date: /home/ubuntu/rj_training_container/training_ws/install/traini_gazebo/share/traini_gazebo/models/aruco_tag_27/materials/textures
[34.267s] -- Up-to-date: /home/ubuntu/rj_training_container/training_ws/install/traini_gazebo/share/traini_gazebo/models/aruco_tag_27/materials/textures/ArUcoTag27.jpg
[34.290s] -- Up-to-date: /home/ubuntu/rj_training_container/training_ws/install/traini_gazebo/share/traini_gazebo/models/aruco_tag_27/model.config
[34.312s] -- Up-to-date: /home/ubuntu/rj_training_container/training_ws/install/traini_gazebo/share/traini_gazebo/models/aruco_tag_27/model.sdf
[34.328s] -- Up-to-date: /home/ubuntu/rj_training_container/training_ws/install/traini_gazebo/share/traini_gazebo/models/aruco_tag_28
[34.353s] -- Up-to-date: /home/ubuntu/rj_training_container/training_ws/install/traini_gazebo/share/traini_gazebo/models/aruco_tag_28/materials
[34.382s] -- Up-to-date: /home/ubuntu/rj_training_container/training_ws/install/traini_gazebo/share/traini_gazebo/models/aruco_tag_28/materials/scripts
[34.423s] -- Up-to-date: /home/ubuntu/rj_training_container/training_ws/install/traini_gazebo/share/traini_gazebo/models/aruco_tag_28/materials/scripts/aruco_tag_28.material
[34.445s] -- Up-to-date: /home/ubuntu/rj_training_container/training_ws/install/traini_gazebo/share/traini_gazebo/models/aruco_tag_28/materials/textures
[34.486s] -- Up-to-date: /home/ubuntu/rj_training_container/training_ws/install/traini_gazebo/share/traini_gazebo/models/aruco_tag_28/materials/textures/ArUcoTag28.jpg
[34.513s] -- Up-to-date: /home/ubuntu/rj_training_container/training_ws/install/traini_gazebo/share/traini_gazebo/models/aruco_tag_28/model.config
[34.534s] -- Up-to-date: /home/ubuntu/rj_training_container/training_ws/install/traini_gazebo/share/traini_gazebo/models/aruco_tag_28/model.sdf
[34.552s] -- Up-to-date: /home/ubuntu/rj_training_container/training_ws/install/traini_gazebo/share/traini_gazebo/models/aruco_tag_29
[34.577s] -- Up-to-date: /home/ubuntu/rj_training_container/training_ws/install/traini_gazebo/share/traini_gazebo/models/aruco_tag_29/materials
[34.607s] -- Up-to-date: /home/ubuntu/rj_training_container/training_ws/install/traini_gazebo/share/traini_gazebo/models/aruco_tag_29/materials/scripts
[34.651s] -- Up-to-date: /home/ubuntu/rj_training_container/training_ws/install/traini_gazebo/share/traini_gazebo/models/aruco_tag_29/materials/scripts/aruco_tag_29.material
[34.673s] -- Up-to-date: /home/ubuntu/rj_training_container/training_ws/install/traini_gazebo/share/traini_gazebo/models/aruco_tag_29/materials/textures
[34.714s] -- Up-to-date: /home/ubuntu/rj_training_container/training_ws/install/traini_gazebo/share/traini_gazebo/models/aruco_tag_29/materials/textures/ArUcoTag29.jpg
[34.740s] -- Up-to-date: /home/ubuntu/rj_training_container/training_ws/install/traini_gazebo/share/traini_gazebo/models/aruco_tag_29/model.config
[34.761s] -- Up-to-date: /home/ubuntu/rj_training_container/training_ws/install/traini_gazebo/share/traini_gazebo/models/aruco_tag_29/model.sdf
[34.778s] -- Up-to-date: /home/ubuntu/rj_training_container/training_ws/install/traini_gazebo/share/traini_gazebo/models/aruco_tag_3
[34.804s] -- Up-to-date: /home/ubuntu/rj_training_container/training_ws/install/traini_gazebo/share/traini_gazebo/models/aruco_tag_3/materials
[34.835s] -- Up-to-date: /home/ubuntu/rj_training_container/training_ws/install/traini_gazebo/share/traini_gazebo/models/aruco_tag_3/materials/scripts
[34.877s] -- Up-to-date: /home/ubuntu/rj_training_container/training_ws/install/traini_gazebo/share/traini_gazebo/models/aruco_tag_3/materials/scripts/aruco_tag_3.material
[34.899s] -- Up-to-date: /home/ubuntu/rj_training_container/training_ws/install/traini_gazebo/share/traini_gazebo/models/aruco_tag_3/materials/textures
[34.941s] -- Up-to-date: /home/ubuntu/rj_training_container/training_ws/install/traini_gazebo/share/traini_gazebo/models/aruco_tag_3/materials/textures/ArUcoTag3.jpg
[34.965s] -- Up-to-date: /home/ubuntu/rj_training_container/training_ws/install/traini_gazebo/share/traini_gazebo/models/aruco_tag_3/model.config
[34.987s] -- Up-to-date: /home/ubuntu/rj_training_container/training_ws/install/traini_gazebo/share/traini_gazebo/models/aruco_tag_3/model.sdf
[35.005s] -- Up-to-date: /home/ubuntu/rj_training_container/training_ws/install/traini_gazebo/share/traini_gazebo/models/aruco_tag_30
[35.030s] -- Up-to-date: /home/ubuntu/rj_training_container/training_ws/install/traini_gazebo/share/traini_gazebo/models/aruco_tag_30/materials
[35.062s] -- Up-to-date: /home/ubuntu/rj_training_container/training_ws/install/traini_gazebo/share/traini_gazebo/models/aruco_tag_30/materials/scripts
[35.104s] -- Up-to-date: /home/ubuntu/rj_training_container/training_ws/install/traini_gazebo/share/traini_gazebo/models/aruco_tag_30/materials/scripts/aruco_tag_30.material
[35.128s] -- Up-to-date: /home/ubuntu/rj_training_container/training_ws/install/traini_gazebo/share/traini_gazebo/models/aruco_tag_30/materials/textures
[35.172s] -- Up-to-date: /home/ubuntu/rj_training_container/training_ws/install/traini_gazebo/share/traini_gazebo/models/aruco_tag_30/materials/textures/ArUcoTag30.jpg
[35.194s] -- Up-to-date: /home/ubuntu/rj_training_container/training_ws/install/traini_gazebo/share/traini_gazebo/models/aruco_tag_30/model.config
[35.217s] -- Up-to-date: /home/ubuntu/rj_training_container/training_ws/install/traini_gazebo/share/traini_gazebo/models/aruco_tag_30/model.sdf
[35.232s] -- Up-to-date: /home/ubuntu/rj_training_container/training_ws/install/traini_gazebo/share/traini_gazebo/models/aruco_tag_31
[35.259s] -- Up-to-date: /home/ubuntu/rj_training_container/training_ws/install/traini_gazebo/share/traini_gazebo/models/aruco_tag_31/materials
[35.299s] -- Up-to-date: /home/ubuntu/rj_training_container/training_ws/install/traini_gazebo/share/traini_gazebo/models/aruco_tag_31/materials/scripts
[35.342s] -- Up-to-date: /home/ubuntu/rj_training_container/training_ws/install/traini_gazebo/share/traini_gazebo/models/aruco_tag_31/materials/scripts/aruco_tag_31.material
[35.364s] -- Up-to-date: /home/ubuntu/rj_training_container/training_ws/install/traini_gazebo/share/traini_gazebo/models/aruco_tag_31/materials/textures
[35.405s] -- Up-to-date: /home/ubuntu/rj_training_container/training_ws/install/traini_gazebo/share/traini_gazebo/models/aruco_tag_31/materials/textures/ArUcoTag31.jpg
[35.427s] -- Up-to-date: /home/ubuntu/rj_training_container/training_ws/install/traini_gazebo/share/traini_gazebo/models/aruco_tag_31/model.config
[35.450s] -- Up-to-date: /home/ubuntu/rj_training_container/training_ws/install/traini_gazebo/share/traini_gazebo/models/aruco_tag_31/model.sdf
[35.465s] -- Up-to-date: /home/ubuntu/rj_training_container/training_ws/install/traini_gazebo/share/traini_gazebo/models/aruco_tag_32
[35.490s] -- Up-to-date: /home/ubuntu/rj_training_container/training_ws/install/traini_gazebo/share/traini_gazebo/models/aruco_tag_32/materials
[35.523s] -- Up-to-date: /home/ubuntu/rj_training_container/training_ws/install/traini_gazebo/share/traini_gazebo/models/aruco_tag_32/materials/scripts
[35.564s] -- Up-to-date: /home/ubuntu/rj_training_container/training_ws/install/traini_gazebo/share/traini_gazebo/models/aruco_tag_32/materials/scripts/aruco_tag_32.material
[35.586s] -- Up-to-date: /home/ubuntu/rj_training_container/training_ws/install/traini_gazebo/share/traini_gazebo/models/aruco_tag_32/materials/textures
[35.624s] -- Up-to-date: /home/ubuntu/rj_training_container/training_ws/install/traini_gazebo/share/traini_gazebo/models/aruco_tag_32/materials/textures/ArUcoTag32.jpg
[35.647s] -- Up-to-date: /home/ubuntu/rj_training_container/training_ws/install/traini_gazebo/share/traini_gazebo/models/aruco_tag_32/model.config
[35.668s] -- Up-to-date: /home/ubuntu/rj_training_container/training_ws/install/traini_gazebo/share/traini_gazebo/models/aruco_tag_32/model.sdf
[35.685s] -- Up-to-date: /home/ubuntu/rj_training_container/training_ws/install/traini_gazebo/share/traini_gazebo/models/aruco_tag_33
[35.708s] -- Up-to-date: /home/ubuntu/rj_training_container/training_ws/install/traini_gazebo/share/traini_gazebo/models/aruco_tag_33/materials
[35.737s] -- Up-to-date: /home/ubuntu/rj_training_container/training_ws/install/traini_gazebo/share/traini_gazebo/models/aruco_tag_33/materials/scripts
[35.777s] -- Up-to-date: /home/ubuntu/rj_training_container/training_ws/install/traini_gazebo/share/traini_gazebo/models/aruco_tag_33/materials/scripts/aruco_tag_33.material
[35.799s] -- Up-to-date: /home/ubuntu/rj_training_container/training_ws/install/traini_gazebo/share/traini_gazebo/models/aruco_tag_33/materials/textures
[35.840s] -- Up-to-date: /home/ubuntu/rj_training_container/training_ws/install/traini_gazebo/share/traini_gazebo/models/aruco_tag_33/materials/textures/ArUcoTag33.jpg
[35.862s] -- Up-to-date: /home/ubuntu/rj_training_container/training_ws/install/traini_gazebo/share/traini_gazebo/models/aruco_tag_33/model.config
[35.883s] -- Up-to-date: /home/ubuntu/rj_training_container/training_ws/install/traini_gazebo/share/traini_gazebo/models/aruco_tag_33/model.sdf
[35.899s] -- Up-to-date: /home/ubuntu/rj_training_container/training_ws/install/traini_gazebo/share/traini_gazebo/models/aruco_tag_34
[35.924s] -- Up-to-date: /home/ubuntu/rj_training_container/training_ws/install/traini_gazebo/share/traini_gazebo/models/aruco_tag_34/materials
[35.955s] -- Up-to-date: /home/ubuntu/rj_training_container/training_ws/install/traini_gazebo/share/traini_gazebo/models/aruco_tag_34/materials/scripts
[35.996s] -- Up-to-date: /home/ubuntu/rj_training_container/training_ws/install/traini_gazebo/share/traini_gazebo/models/aruco_tag_34/materials/scripts/aruco_tag_34.material
[36.018s] -- Up-to-date: /home/ubuntu/rj_training_container/training_ws/install/traini_gazebo/share/traini_gazebo/models/aruco_tag_34/materials/textures
[36.059s] -- Up-to-date: /home/ubuntu/rj_training_container/training_ws/install/traini_gazebo/share/traini_gazebo/models/aruco_tag_34/materials/textures/ArUcoTag34.jpg
[36.084s] -- Up-to-date: /home/ubuntu/rj_training_container/training_ws/install/traini_gazebo/share/traini_gazebo/models/aruco_tag_34/model.config
[36.108s] -- Up-to-date: /home/ubuntu/rj_training_container/training_ws/install/traini_gazebo/share/traini_gazebo/models/aruco_tag_34/model.sdf
[36.125s] -- Up-to-date: /home/ubuntu/rj_training_container/training_ws/install/traini_gazebo/share/traini_gazebo/models/aruco_tag_35
[36.151s] -- Up-to-date: /home/ubuntu/rj_training_container/training_ws/install/traini_gazebo/share/traini_gazebo/models/aruco_tag_35/materials
[36.181s] -- Up-to-date: /home/ubuntu/rj_training_container/training_ws/install/traini_gazebo/share/traini_gazebo/models/aruco_tag_35/materials/scripts
[36.222s] -- Up-to-date: /home/ubuntu/rj_training_container/training_ws/install/traini_gazebo/share/traini_gazebo/models/aruco_tag_35/materials/scripts/aruco_tag_35.material
[36.246s] -- Up-to-date: /home/ubuntu/rj_training_container/training_ws/install/traini_gazebo/share/traini_gazebo/models/aruco_tag_35/materials/textures
[36.288s] -- Up-to-date: /home/ubuntu/rj_training_container/training_ws/install/traini_gazebo/share/traini_gazebo/models/aruco_tag_35/materials/textures/ArUcoTag35.jpg
[36.311s] -- Up-to-date: /home/ubuntu/rj_training_container/training_ws/install/traini_gazebo/share/traini_gazebo/models/aruco_tag_35/model.config
[36.330s] -- Up-to-date: /home/ubuntu/rj_training_container/training_ws/install/traini_gazebo/share/traini_gazebo/models/aruco_tag_35/model.sdf
[36.346s] -- Up-to-date: /home/ubuntu/rj_training_container/training_ws/install/traini_gazebo/share/traini_gazebo/models/aruco_tag_36
[36.370s] -- Up-to-date: /home/ubuntu/rj_training_container/training_ws/install/traini_gazebo/share/traini_gazebo/models/aruco_tag_36/materials
[36.397s] -- Up-to-date: /home/ubuntu/rj_training_container/training_ws/install/traini_gazebo/share/traini_gazebo/models/aruco_tag_36/materials/scripts
[36.436s] -- Up-to-date: /home/ubuntu/rj_training_container/training_ws/install/traini_gazebo/share/traini_gazebo/models/aruco_tag_36/materials/scripts/aruco_tag_36.material
[36.459s] -- Up-to-date: /home/ubuntu/rj_training_container/training_ws/install/traini_gazebo/share/traini_gazebo/models/aruco_tag_36/materials/textures
[36.500s] -- Up-to-date: /home/ubuntu/rj_training_container/training_ws/install/traini_gazebo/share/traini_gazebo/models/aruco_tag_36/materials/textures/ArUcoTag36.jpg
[36.521s] -- Up-to-date: /home/ubuntu/rj_training_container/training_ws/install/traini_gazebo/share/traini_gazebo/models/aruco_tag_36/model.config
[36.543s] -- Up-to-date: /home/ubuntu/rj_training_container/training_ws/install/traini_gazebo/share/traini_gazebo/models/aruco_tag_36/model.sdf
[36.558s] -- Up-to-date: /home/ubuntu/rj_training_container/training_ws/install/traini_gazebo/share/traini_gazebo/models/aruco_tag_37
[36.582s] -- Up-to-date: /home/ubuntu/rj_training_container/training_ws/install/traini_gazebo/share/traini_gazebo/models/aruco_tag_37/materials
[36.610s] -- Up-to-date: /home/ubuntu/rj_training_container/training_ws/install/traini_gazebo/share/traini_gazebo/models/aruco_tag_37/materials/scripts
[36.650s] -- Up-to-date: /home/ubuntu/rj_training_container/training_ws/install/traini_gazebo/share/traini_gazebo/models/aruco_tag_37/materials/scripts/aruco_tag_37.material
[36.672s] -- Up-to-date: /home/ubuntu/rj_training_container/training_ws/install/traini_gazebo/share/traini_gazebo/models/aruco_tag_37/materials/textures
[36.711s] -- Up-to-date: /home/ubuntu/rj_training_container/training_ws/install/traini_gazebo/share/traini_gazebo/models/aruco_tag_37/materials/textures/ArUcoTag37.jpg
[36.733s] -- Up-to-date: /home/ubuntu/rj_training_container/training_ws/install/traini_gazebo/share/traini_gazebo/models/aruco_tag_37/model.config
[36.754s] -- Up-to-date: /home/ubuntu/rj_training_container/training_ws/install/traini_gazebo/share/traini_gazebo/models/aruco_tag_37/model.sdf
[36.770s] -- Up-to-date: /home/ubuntu/rj_training_container/training_ws/install/traini_gazebo/share/traini_gazebo/models/aruco_tag_38
[36.793s] -- Up-to-date: /home/ubuntu/rj_training_container/training_ws/install/traini_gazebo/share/traini_gazebo/models/aruco_tag_38/materials
[36.822s] -- Up-to-date: /home/ubuntu/rj_training_container/training_ws/install/traini_gazebo/share/traini_gazebo/models/aruco_tag_38/materials/scripts
[36.862s] -- Up-to-date: /home/ubuntu/rj_training_container/training_ws/install/traini_gazebo/share/traini_gazebo/models/aruco_tag_38/materials/scripts/aruco_tag_38.material
[36.883s] -- Up-to-date: /home/ubuntu/rj_training_container/training_ws/install/traini_gazebo/share/traini_gazebo/models/aruco_tag_38/materials/textures
[36.922s] -- Up-to-date: /home/ubuntu/rj_training_container/training_ws/install/traini_gazebo/share/traini_gazebo/models/aruco_tag_38/materials/textures/ArUcoTag38.jpg
[36.945s] -- Up-to-date: /home/ubuntu/rj_training_container/training_ws/install/traini_gazebo/share/traini_gazebo/models/aruco_tag_38/model.config
[36.966s] -- Up-to-date: /home/ubuntu/rj_training_container/training_ws/install/traini_gazebo/share/traini_gazebo/models/aruco_tag_38/model.sdf
[36.981s] -- Up-to-date: /home/ubuntu/rj_training_container/training_ws/install/traini_gazebo/share/traini_gazebo/models/aruco_tag_39
[37.004s] -- Up-to-date: /home/ubuntu/rj_training_container/training_ws/install/traini_gazebo/share/traini_gazebo/models/aruco_tag_39/materials
[37.033s] -- Up-to-date: /home/ubuntu/rj_training_container/training_ws/install/traini_gazebo/share/traini_gazebo/models/aruco_tag_39/materials/scripts
[37.072s] -- Up-to-date: /home/ubuntu/rj_training_container/training_ws/install/traini_gazebo/share/traini_gazebo/models/aruco_tag_39/materials/scripts/aruco_tag_39.material
[37.094s] -- Up-to-date: /home/ubuntu/rj_training_container/training_ws/install/traini_gazebo/share/traini_gazebo/models/aruco_tag_39/materials/textures
[37.133s] -- Up-to-date: /home/ubuntu/rj_training_container/training_ws/install/traini_gazebo/share/traini_gazebo/models/aruco_tag_39/materials/textures/ArUcoTag39.jpg
[37.158s] -- Up-to-date: /home/ubuntu/rj_training_container/training_ws/install/traini_gazebo/share/traini_gazebo/models/aruco_tag_39/model.config
[37.178s] -- Up-to-date: /home/ubuntu/rj_training_container/training_ws/install/traini_gazebo/share/traini_gazebo/models/aruco_tag_39/model.sdf
[37.193s] -- Up-to-date: /home/ubuntu/rj_training_container/training_ws/install/traini_gazebo/share/traini_gazebo/models/aruco_tag_4
[37.217s] -- Up-to-date: /home/ubuntu/rj_training_container/training_ws/install/traini_gazebo/share/traini_gazebo/models/aruco_tag_4/materials
[37.247s] -- Up-to-date: /home/ubuntu/rj_training_container/training_ws/install/traini_gazebo/share/traini_gazebo/models/aruco_tag_4/materials/scripts
[37.290s] -- Up-to-date: /home/ubuntu/rj_training_container/training_ws/install/traini_gazebo/share/traini_gazebo/models/aruco_tag_4/materials/scripts/aruco_tag_4.material
[37.315s] -- Up-to-date: /home/ubuntu/rj_training_container/training_ws/install/traini_gazebo/share/traini_gazebo/models/aruco_tag_4/materials/textures
[37.354s] -- Up-to-date: /home/ubuntu/rj_training_container/training_ws/install/traini_gazebo/share/traini_gazebo/models/aruco_tag_4/materials/textures/ArUcoTag4.jpg
[37.377s] -- Up-to-date: /home/ubuntu/rj_training_container/training_ws/install/traini_gazebo/share/traini_gazebo/models/aruco_tag_4/model.config
[37.399s] -- Up-to-date: /home/ubuntu/rj_training_container/training_ws/install/traini_gazebo/share/traini_gazebo/models/aruco_tag_4/model.sdf
[37.417s] -- Up-to-date: /home/ubuntu/rj_training_container/training_ws/install/traini_gazebo/share/traini_gazebo/models/aruco_tag_40
[37.443s] -- Up-to-date: /home/ubuntu/rj_training_container/training_ws/install/traini_gazebo/share/traini_gazebo/models/aruco_tag_40/materials
[37.473s] -- Up-to-date: /home/ubuntu/rj_training_container/training_ws/install/traini_gazebo/share/traini_gazebo/models/aruco_tag_40/materials/scripts
[37.513s] -- Up-to-date: /home/ubuntu/rj_training_container/training_ws/install/traini_gazebo/share/traini_gazebo/models/aruco_tag_40/materials/scripts/aruco_tag_40.material
[37.535s] -- Up-to-date: /home/ubuntu/rj_training_container/training_ws/install/traini_gazebo/share/traini_gazebo/models/aruco_tag_40/materials/textures
[37.575s] -- Up-to-date: /home/ubuntu/rj_training_container/training_ws/install/traini_gazebo/share/traini_gazebo/models/aruco_tag_40/materials/textures/ArUcoTag40.jpg
[37.597s] -- Up-to-date: /home/ubuntu/rj_training_container/training_ws/install/traini_gazebo/share/traini_gazebo/models/aruco_tag_40/model.config
[37.623s] -- Up-to-date: /home/ubuntu/rj_training_container/training_ws/install/traini_gazebo/share/traini_gazebo/models/aruco_tag_40/model.sdf
[37.637s] -- Up-to-date: /home/ubuntu/rj_training_container/training_ws/install/traini_gazebo/share/traini_gazebo/models/aruco_tag_5
[37.660s] -- Up-to-date: /home/ubuntu/rj_training_container/training_ws/install/traini_gazebo/share/traini_gazebo/models/aruco_tag_5/materials
[37.688s] -- Up-to-date: /home/ubuntu/rj_training_container/training_ws/install/traini_gazebo/share/traini_gazebo/models/aruco_tag_5/materials/scripts
[37.733s] -- Up-to-date: /home/ubuntu/rj_training_container/training_ws/install/traini_gazebo/share/traini_gazebo/models/aruco_tag_5/materials/scripts/aruco_tag_5.material
[37.755s] -- Up-to-date: /home/ubuntu/rj_training_container/training_ws/install/traini_gazebo/share/traini_gazebo/models/aruco_tag_5/materials/textures
[37.791s] -- Up-to-date: /home/ubuntu/rj_training_container/training_ws/install/traini_gazebo/share/traini_gazebo/models/aruco_tag_5/materials/textures/ArUcoTag5.jpg
[37.813s] -- Up-to-date: /home/ubuntu/rj_training_container/training_ws/install/traini_gazebo/share/traini_gazebo/models/aruco_tag_5/model.config
[37.834s] -- Up-to-date: /home/ubuntu/rj_training_container/training_ws/install/traini_gazebo/share/traini_gazebo/models/aruco_tag_5/model.sdf
[37.850s] -- Up-to-date: /home/ubuntu/rj_training_container/training_ws/install/traini_gazebo/share/traini_gazebo/models/aruco_tag_6
[37.873s] -- Up-to-date: /home/ubuntu/rj_training_container/training_ws/install/traini_gazebo/share/traini_gazebo/models/aruco_tag_6/materials
[37.903s] -- Up-to-date: /home/ubuntu/rj_training_container/training_ws/install/traini_gazebo/share/traini_gazebo/models/aruco_tag_6/materials/scripts
[37.945s] -- Up-to-date: /home/ubuntu/rj_training_container/training_ws/install/traini_gazebo/share/traini_gazebo/models/aruco_tag_6/materials/scripts/aruco_tag_6.material
[37.966s] -- Up-to-date: /home/ubuntu/rj_training_container/training_ws/install/traini_gazebo/share/traini_gazebo/models/aruco_tag_6/materials/textures
[38.003s] -- Up-to-date: /home/ubuntu/rj_training_container/training_ws/install/traini_gazebo/share/traini_gazebo/models/aruco_tag_6/materials/textures/ArUcoTag6.jpg
[38.026s] -- Up-to-date: /home/ubuntu/rj_training_container/training_ws/install/traini_gazebo/share/traini_gazebo/models/aruco_tag_6/model.config
[38.046s] -- Up-to-date: /home/ubuntu/rj_training_container/training_ws/install/traini_gazebo/share/traini_gazebo/models/aruco_tag_6/model.sdf
[38.061s] -- Up-to-date: /home/ubuntu/rj_training_container/training_ws/install/traini_gazebo/share/traini_gazebo/models/aruco_tag_7
[38.085s] -- Up-to-date: /home/ubuntu/rj_training_container/training_ws/install/traini_gazebo/share/traini_gazebo/models/aruco_tag_7/materials
[38.115s] -- Up-to-date: /home/ubuntu/rj_training_container/training_ws/install/traini_gazebo/share/traini_gazebo/models/aruco_tag_7/materials/scripts
[38.154s] -- Up-to-date: /home/ubuntu/rj_training_container/training_ws/install/traini_gazebo/share/traini_gazebo/models/aruco_tag_7/materials/scripts/aruco_tag_7.material
[38.175s] -- Up-to-date: /home/ubuntu/rj_training_container/training_ws/install/traini_gazebo/share/traini_gazebo/models/aruco_tag_7/materials/textures
[38.219s] -- Up-to-date: /home/ubuntu/rj_training_container/training_ws/install/traini_gazebo/share/traini_gazebo/models/aruco_tag_7/materials/textures/ArUcoTag7.jpg
[38.241s] -- Up-to-date: /home/ubuntu/rj_training_container/training_ws/install/traini_gazebo/share/traini_gazebo/models/aruco_tag_7/model.config
[38.263s] -- Up-to-date: /home/ubuntu/rj_training_container/training_ws/install/traini_gazebo/share/traini_gazebo/models/aruco_tag_7/model.sdf
[38.279s] -- Up-to-date: /home/ubuntu/rj_training_container/training_ws/install/traini_gazebo/share/traini_gazebo/models/aruco_tag_8
[38.303s] -- Up-to-date: /home/ubuntu/rj_training_container/training_ws/install/traini_gazebo/share/traini_gazebo/models/aruco_tag_8/materials
[38.330s] -- Up-to-date: /home/ubuntu/rj_training_container/training_ws/install/traini_gazebo/share/traini_gazebo/models/aruco_tag_8/materials/scripts
[38.369s] -- Up-to-date: /home/ubuntu/rj_training_container/training_ws/install/traini_gazebo/share/traini_gazebo/models/aruco_tag_8/materials/scripts/aruco_tag_8.material
[38.390s] -- Up-to-date: /home/ubuntu/rj_training_container/training_ws/install/traini_gazebo/share/traini_gazebo/models/aruco_tag_8/materials/textures
[38.428s] -- Up-to-date: /home/ubuntu/rj_training_container/training_ws/install/traini_gazebo/share/traini_gazebo/models/aruco_tag_8/materials/textures/ArUcoTag8.jpg
[38.452s] -- Up-to-date: /home/ubuntu/rj_training_container/training_ws/install/traini_gazebo/share/traini_gazebo/models/aruco_tag_8/model.config
[38.472s] -- Up-to-date: /home/ubuntu/rj_training_container/training_ws/install/traini_gazebo/share/traini_gazebo/models/aruco_tag_8/model.sdf
[38.486s] -- Up-to-date: /home/ubuntu/rj_training_container/training_ws/install/traini_gazebo/share/traini_gazebo/models/aruco_tag_9
[38.512s] -- Up-to-date: /home/ubuntu/rj_training_container/training_ws/install/traini_gazebo/share/traini_gazebo/models/aruco_tag_9/materials
[38.540s] -- Up-to-date: /home/ubuntu/rj_training_container/training_ws/install/traini_gazebo/share/traini_gazebo/models/aruco_tag_9/materials/scripts
[38.583s] -- Up-to-date: /home/ubuntu/rj_training_container/training_ws/install/traini_gazebo/share/traini_gazebo/models/aruco_tag_9/materials/scripts/aruco_tag_9.material
[38.605s] -- Up-to-date: /home/ubuntu/rj_training_container/training_ws/install/traini_gazebo/share/traini_gazebo/models/aruco_tag_9/materials/textures
[38.648s] -- Up-to-date: /home/ubuntu/rj_training_container/training_ws/install/traini_gazebo/share/traini_gazebo/models/aruco_tag_9/materials/textures/ArUcoTag9.jpg
[38.669s] -- Up-to-date: /home/ubuntu/rj_training_container/training_ws/install/traini_gazebo/share/traini_gazebo/models/aruco_tag_9/model.config
[38.689s] -- Up-to-date: /home/ubuntu/rj_training_container/training_ws/install/traini_gazebo/share/traini_gazebo/models/aruco_tag_9/model.sdf
[38.725s] -- Up-to-date: /home/ubuntu/rj_training_container/training_ws/install/traini_gazebo/share/ament_index/resource_index/package_run_dependencies/traini_gazebo
[38.759s] -- Up-to-date: /home/ubuntu/rj_training_container/training_ws/install/traini_gazebo/share/ament_index/resource_index/parent_prefix_path/traini_gazebo
[38.774s] -- Up-to-date: /home/ubuntu/rj_training_container/training_ws/install/traini_gazebo/share/traini_gazebo/environment/ament_prefix_path.sh
[38.795s] -- Up-to-date: /home/ubuntu/rj_training_container/training_ws/install/traini_gazebo/share/traini_gazebo/environment/ament_prefix_path.dsv
[38.809s] -- Up-to-date: /home/ubuntu/rj_training_container/training_ws/install/traini_gazebo/share/traini_gazebo/environment/path.sh
[38.829s] -- Up-to-date: /home/ubuntu/rj_training_container/training_ws/install/traini_gazebo/share/traini_gazebo/environment/path.dsv
[38.849s] -- Up-to-date: /home/ubuntu/rj_training_container/training_ws/install/traini_gazebo/share/traini_gazebo/local_setup.bash
[38.867s] -- Up-to-date: /home/ubuntu/rj_training_container/training_ws/install/traini_gazebo/share/traini_gazebo/local_setup.sh
[38.884s] -- Up-to-date: /home/ubuntu/rj_training_container/training_ws/install/traini_gazebo/share/traini_gazebo/local_setup.zsh
[38.901s] -- Up-to-date: /home/ubuntu/rj_training_container/training_ws/install/traini_gazebo/share/traini_gazebo/local_setup.dsv
[38.917s] -- Installing: /home/ubuntu/rj_training_container/training_ws/install/traini_gazebo/share/traini_gazebo/package.dsv
[38.987s] -- Up-to-date: /home/ubuntu/rj_training_container/training_ws/install/traini_gazebo/share/ament_index/resource_index/packages/traini_gazebo
[39.006s] -- Up-to-date: /home/ubuntu/rj_training_container/training_ws/install/traini_gazebo/share/traini_gazebo/cmake/traini_gazeboConfig.cmake
[39.022s] -- Up-to-date: /home/ubuntu/rj_training_container/training_ws/install/traini_gazebo/share/traini_gazebo/cmake/traini_gazeboConfig-version.cmake
[39.048s] -- Up-to-date: /home/ubuntu/rj_training_container/training_ws/install/traini_gazebo/share/traini_gazebo/package.xml
[39.057s] Invoked command in '/home/ubuntu/rj_training_container/training_ws/build/traini_gazebo' returned '0': CMAKE_PREFIX_PATH=/home/ubuntu/rj_training_container/training_ws/install/stsl_aruco_tags:/home/ubuntu/rj_training_container/training_ws/install/stsl_interfaces:/home/ubuntu/rj_training_container/training_ws/install/stsl_gazebo_plugins:/home/ubuntu/rj_training_container/training_ws/install/stsl_desktop:/home/ubuntu/rj_training_container/training_ws/install/traini_bringup:/home/ubuntu/rj_training_container/training_ws/install/traini_gazebo:/home/ubuntu/rj_training_container/training_ws/install/traini_description:/home/ubuntu/rj_training_container/training_ws/install/teleop:/home/ubuntu/rj_training_container/training_ws/install/stsl_utils:/home/ubuntu/rj_training_container/training_ws/install/stsl_rviz_plugins:/home/ubuntu/rj_training_container/training_ws/install/stsl_nav_plugins:/home/ubuntu/rj_training_container/training_ws/install/mission_orchestration:/home/ubuntu/rj_training_container/training_ws/install/stsl_bt_nodes:/home/ubuntu/rj_training_container/training_ws/install/peak_finder:/home/ubuntu/rj_training_container/training_ws/install/mineral_deposit_tracking:/home/ubuntu/rj_training_container/training_ws/install/mineral_deposit_detection:/home/ubuntu/rj_training_container/training_ws/install/localization:/home/ubuntu/rj_training_container/training_ws/install/elevation_server:/home/ubuntu/rj_training_container/training_ws/install/coordinate_transform:/home/ubuntu/rj_training_container/training_ws/install/rj_training_bringup:/home/ubuntu/rj_training_container/training_ws/install/obstacle_detector:/home/ubuntu/rj_training_container/training_ws/install/mapping:/home/ubuntu/rj_training_container/training_ws/install/joystick_package:/home/ubuntu/rj_training_container/training_ws/install/joystick_msgs:/home/ubuntu/rj_training_container/training_ws/install/controllers:/home/ubuntu/rj_training_container/training_ws/install/astar_path_planner:/home/ubuntu/rj_training_container/training_ws/install/keyboard:/opt/ros/humble LD_LIBRARY_PATH=/home/ubuntu/rj_training_container/training_ws/install/stsl_aruco_tags/lib:/home/ubuntu/rj_training_container/training_ws/install/stsl_interfaces/lib:/home/ubuntu/rj_training_container/training_ws/install/stsl_gazebo_plugins/lib:/home/ubuntu/rj_training_container/training_ws/install/teleop/lib:/home/ubuntu/rj_training_container/training_ws/install/stsl_utils/lib:/home/ubuntu/rj_training_container/training_ws/install/stsl_rviz_plugins/lib:/home/ubuntu/rj_training_container/training_ws/install/stsl_nav_plugins/lib:/home/ubuntu/rj_training_container/training_ws/install/mission_orchestration/lib:/home/ubuntu/rj_training_container/training_ws/install/stsl_bt_nodes/lib:/home/ubuntu/rj_training_container/training_ws/install/peak_finder/lib:/home/ubuntu/rj_training_container/training_ws/install/mineral_deposit_tracking/lib:/home/ubuntu/rj_training_container/training_ws/install/mineral_deposit_detection/lib:/home/ubuntu/rj_training_container/training_ws/install/localization/lib:/home/ubuntu/rj_training_container/training_ws/install/elevation_server/lib:/home/ubuntu/rj_training_container/training_ws/install/coordinate_transform/lib:/home/ubuntu/rj_training_container/training_ws/install/obstacle_detector/lib:/home/ubuntu/rj_training_container/training_ws/install/mapping/lib:/home/ubuntu/rj_training_container/training_ws/install/joystick_package/lib:/home/ubuntu/rj_training_container/training_ws/install/joystick_msgs/lib:/home/ubuntu/rj_training_container/training_ws/install/controllers/lib:/home/ubuntu/rj_training_container/training_ws/install/astar_path_planner/lib:/usr/lib/x86_64-linux-gnu/gazebo-11/plugins:/opt/ros/humble/opt/rviz_ogre_vendor/lib:/opt/ros/humble/lib/x86_64-linux-gnu:/opt/ros/humble/lib /usr/bin/cmake --install /home/ubuntu/rj_training_container/training_ws/build/traini_gazebo
