[6.957s] Invoking command in '/home/ubuntu/rj_training_container/training_ws/build/joystick_msgs': CMAKE_PREFIX_PATH=${CMAKE_PREFIX_PATH}:/home/ubuntu/rj_training_container/training_ws/install/keyboard:/opt/ros/humble /usr/bin/cmake --build /home/ubuntu/rj_training_container/training_ws/build/joystick_msgs -- -j16 -l16
[37.729s] [35m[1mConsolidate compiler generated dependencies of target joystick_msgs__rosidl_generator_c[0m
[40.707s] gmake[2]: Warning: File 'CMakeFiles/joystick_msgs__rosidl_generator_c.dir/compiler_depend.make' has modification time 3.9 s in the future
[48.751s] [  3%] [34m[1mGenerating C++ code for ROS interfaces[0m
[50.703s] [  6%] [32mBuilding C object CMakeFiles/joystick_msgs__rosidl_generator_c.dir/rosidl_generator_c/joystick_msgs/msg/detail/velocity_pair__functions.c.o[0m
[58.554s] [  6%] Built target ament_cmake_python_copy_joystick_msgs
[72.054s] [  9%] [32m[1mLinking C shared library libjoystick_msgs__rosidl_generator_c.so[0m
[75.224s] [  9%] Built target joystick_msgs__cpp
[84.600s] gmake[2]: warning:  Clock skew detected.  Your build may be incomplete.
[85.491s] running egg_info
[85.502s] writing joystick_msgs.egg-info/PKG-INFO
[85.520s] writing dependency_links to joystick_msgs.egg-info/dependency_links.txt
[85.549s] writing top-level names to joystick_msgs.egg-info/top_level.txt
[85.685s] reading manifest file 'joystick_msgs.egg-info/SOURCES.txt'
[85.862s] writing manifest file 'joystick_msgs.egg-info/SOURCES.txt'
[92.491s] [ 12%] Built target joystick_msgs__rosidl_generator_c
[93.337s] [ 12%] Built target ament_cmake_python_build_joystick_msgs_egg
[101.727s] [ 16%] [34m[1mGenerating C type support dispatch for ROS interfaces[0m
[113.976s] [35m[1mConsolidate compiler generated dependencies of target joystick_msgs__rosidl_typesupport_c[0m
[115.960s] gmake[2]: Warning: File 'CMakeFiles/joystick_msgs__rosidl_typesupport_c.dir/compiler_depend.make' has modification time 4.8 s in the future
[123.911s] [ 19%] [32mBuilding CXX object CMakeFiles/joystick_msgs__rosidl_typesupport_c.dir/rosidl_typesupport_c/joystick_msgs/msg/velocity_pair__type_support.cpp.o[0m
[138.537s] [ 22%] [32m[1mLinking CXX shared library libjoystick_msgs__rosidl_typesupport_c.so[0m
[148.288s] gmake[2]: warning:  Clock skew detected.  Your build may be incomplete.
[156.724s] [ 22%] Built target joystick_msgs__rosidl_typesupport_c
[165.972s] [ 25%] [34m[1mGenerating C introspection for ROS interfaces[0m
[178.945s] [35m[1mConsolidate compiler generated dependencies of target joystick_msgs__rosidl_typesupport_introspection_c[0m
[180.696s] gmake[2]: Warning: File 'CMakeFiles/joystick_msgs__rosidl_typesupport_introspection_c.dir/compiler_depend.make' has modification time 4.6 s in the future
[186.744s] [ 29%] [32mBuilding C object CMakeFiles/joystick_msgs__rosidl_typesupport_introspection_c.dir/rosidl_typesupport_introspection_c/joystick_msgs/msg/detail/velocity_pair__type_support.c.o[0m
[197.105s] [ 32%] [32m[1mLinking C shared library libjoystick_msgs__rosidl_typesupport_introspection_c.so[0m
[203.806s] gmake[2]: warning:  Clock skew detected.  Your build may be incomplete.
[208.032s] [ 32%] Built target joystick_msgs__rosidl_typesupport_introspection_c
[212.338s] [ 35%] [34m[1mGenerating C++ type support for eProsima Fast-RTPS[0m
[212.484s] [ 38%] [34m[1mGenerating C++ introspection for ROS interfaces[0m
[213.262s] [ 41%] [34m[1mGenerating C type support for eProsima Fast-RTPS[0m
[213.747s] [ 45%] [34m[1mGenerating C++ type support dispatch for ROS interfaces[0m
[224.843s] [35m[1mConsolidate compiler generated dependencies of target joystick_msgs__rosidl_typesupport_cpp[0m
[226.967s] gmake[2]: Warning: File 'CMakeFiles/joystick_msgs__rosidl_typesupport_cpp.dir/compiler_depend.make' has modification time 4.8 s in the future
[227.774s] [35m[1mConsolidate compiler generated dependencies of target joystick_msgs__rosidl_typesupport_fastrtps_cpp[0m
[229.945s] [35m[1mConsolidate compiler generated dependencies of target joystick_msgs__rosidl_typesupport_introspection_cpp[0m
[231.222s] [35m[1mConsolidate compiler generated dependencies of target joystick_msgs__rosidl_typesupport_fastrtps_c[0m
[231.506s] gmake[2]: Warning: File 'CMakeFiles/joystick_msgs__rosidl_typesupport_fastrtps_cpp.dir/compiler_depend.make' has modification time 3.7 s in the future
[232.808s] gmake[2]: Warning: File 'CMakeFiles/joystick_msgs__rosidl_typesupport_introspection_cpp.dir/compiler_depend.make' has modification time 4.2 s in the future
[233.137s] gmake[2]: Warning: File 'CMakeFiles/joystick_msgs__rosidl_typesupport_fastrtps_c.dir/compiler_depend.make' has modification time 5 s in the future
[235.935s] [ 48%] [32mBuilding CXX object CMakeFiles/joystick_msgs__rosidl_typesupport_cpp.dir/rosidl_typesupport_cpp/joystick_msgs/msg/velocity_pair__type_support.cpp.o[0m
[238.888s] [ 51%] [32mBuilding CXX object CMakeFiles/joystick_msgs__rosidl_typesupport_fastrtps_cpp.dir/rosidl_typesupport_fastrtps_cpp/joystick_msgs/msg/detail/dds_fastrtps/velocity_pair__type_support.cpp.o[0m
[241.203s] [ 54%] [32mBuilding CXX object CMakeFiles/joystick_msgs__rosidl_typesupport_introspection_cpp.dir/rosidl_typesupport_introspection_cpp/joystick_msgs/msg/detail/velocity_pair__type_support.cpp.o[0m
[241.645s] [ 58%] [32mBuilding CXX object CMakeFiles/joystick_msgs__rosidl_typesupport_fastrtps_c.dir/rosidl_typesupport_fastrtps_c/joystick_msgs/msg/detail/velocity_pair__type_support_c.cpp.o[0m
[252.780s] [ 61%] [32m[1mLinking CXX shared library libjoystick_msgs__rosidl_typesupport_cpp.so[0m
[256.595s] [ 64%] [32m[1mLinking CXX shared library libjoystick_msgs__rosidl_typesupport_fastrtps_cpp.so[0m
[258.531s] [ 67%] [32m[1mLinking CXX shared library libjoystick_msgs__rosidl_typesupport_introspection_cpp.so[0m
[259.458s] [ 70%] [32m[1mLinking CXX shared library libjoystick_msgs__rosidl_typesupport_fastrtps_c.so[0m
[262.537s] gmake[2]: warning:  Clock skew detected.  Your build may be incomplete.
[268.343s] gmake[2]: warning:  Clock skew detected.  Your build may be incomplete.
[269.535s] gmake[2]: warning:  Clock skew detected.  Your build may be incomplete.
[269.658s] [ 70%] Built target joystick_msgs__rosidl_typesupport_cpp
[271.084s] gmake[2]: warning:  Clock skew detected.  Your build may be incomplete.
[274.399s] [ 70%] Built target joystick_msgs__rosidl_typesupport_fastrtps_cpp
[274.874s] [ 70%] Built target joystick_msgs__rosidl_typesupport_introspection_cpp
[277.673s] [ 70%] Built target joystick_msgs__rosidl_typesupport_fastrtps_c
[297.073s] [ 70%] Built target joystick_msgs
[316.081s] [ 74%] [34m[1mGenerating Python code for ROS interfaces[0m
[338.470s] [ 74%] Built target joystick_msgs__py
[347.111s] [35m[1mConsolidate compiler generated dependencies of target joystick_msgs__rosidl_generator_py[0m
[349.340s] gmake[2]: Warning: File 'CMakeFiles/joystick_msgs__rosidl_generator_py.dir/compiler_depend.make' has modification time 4.6 s in the future
[353.501s] [ 77%] [32mBuilding C object CMakeFiles/joystick_msgs__rosidl_generator_py.dir/rosidl_generator_py/joystick_msgs/msg/_velocity_pair_s.c.o[0m
[363.083s] [ 80%] [32m[1mLinking C shared library rosidl_generator_py/joystick_msgs/libjoystick_msgs__rosidl_generator_py.so[0m
[369.231s] gmake[2]: warning:  Clock skew detected.  Your build may be incomplete.
[372.657s] [ 80%] Built target joystick_msgs__rosidl_generator_py
[377.400s] [35m[1mConsolidate compiler generated dependencies of target joystick_msgs__rosidl_typesupport_fastrtps_c__pyext[0m
[377.730s] [35m[1mConsolidate compiler generated dependencies of target joystick_msgs__rosidl_typesupport_introspection_c__pyext[0m
[377.884s] [35m[1mConsolidate compiler generated dependencies of target joystick_msgs__rosidl_typesupport_c__pyext[0m
[378.566s] gmake[2]: Warning: File 'CMakeFiles/joystick_msgs__rosidl_typesupport_fastrtps_c__pyext.dir/compiler_depend.make' has modification time 5.3 s in the future
[379.092s] gmake[2]: Warning: File 'CMakeFiles/joystick_msgs__rosidl_typesupport_introspection_c__pyext.dir/compiler_depend.make' has modification time 5.1 s in the future
[379.405s] gmake[2]: Warning: File 'CMakeFiles/joystick_msgs__rosidl_typesupport_c__pyext.dir/compiler_depend.make' has modification time 4.9 s in the future
[383.100s] [ 83%] [32mBuilding C object CMakeFiles/joystick_msgs__rosidl_typesupport_fastrtps_c__pyext.dir/rosidl_generator_py/joystick_msgs/_joystick_msgs_s.ep.rosidl_typesupport_fastrtps_c.c.o[0m
[383.621s] [ 87%] [32mBuilding C object CMakeFiles/joystick_msgs__rosidl_typesupport_introspection_c__pyext.dir/rosidl_generator_py/joystick_msgs/_joystick_msgs_s.ep.rosidl_typesupport_introspection_c.c.o[0m
[383.907s] [ 90%] [32mBuilding C object CMakeFiles/joystick_msgs__rosidl_typesupport_c__pyext.dir/rosidl_generator_py/joystick_msgs/_joystick_msgs_s.ep.rosidl_typesupport_c.c.o[0m
[391.135s] [ 93%] [32m[1mLinking C shared library rosidl_generator_py/joystick_msgs/joystick_msgs_s__rosidl_typesupport_fastrtps_c.cpython-310-x86_64-linux-gnu.so[0m
[391.539s] [ 96%] [32m[1mLinking C shared library rosidl_generator_py/joystick_msgs/joystick_msgs_s__rosidl_typesupport_introspection_c.cpython-310-x86_64-linux-gnu.so[0m
[392.427s] [100%] [32m[1mLinking C shared library rosidl_generator_py/joystick_msgs/joystick_msgs_s__rosidl_typesupport_c.cpython-310-x86_64-linux-gnu.so[0m
[397.773s] gmake[2]: warning:  Clock skew detected.  Your build may be incomplete.
[397.878s] gmake[2]: warning:  Clock skew detected.  Your build may be incomplete.
[398.192s] gmake[2]: warning:  Clock skew detected.  Your build may be incomplete.
[403.982s] [100%] Built target joystick_msgs__rosidl_typesupport_fastrtps_c__pyext
[403.985s] [100%] Built target joystick_msgs__rosidl_typesupport_introspection_c__pyext
[404.159s] [100%] Built target joystick_msgs__rosidl_typesupport_c__pyext
