[0.235s] Invoking command in '/home/ubuntu/rj_training_container/build/stsl_interfaces': CMAKE_PREFIX_PATH=/opt/ros/humble /usr/bin/cmake /home/ubuntu/rj_training_container/stsl/stsl_interfaces -DCMAKE_INSTALL_PREFIX=/home/ubuntu/rj_training_container/install/stsl_interfaces
[0.922s] -- The C compiler identification is GNU 11.4.0
[1.205s] -- The CXX compiler identification is GNU 11.4.0
[1.386s] -- Detecting C compiler ABI info
[3.059s] -- Detecting C compiler ABI info - done
[3.131s] -- Check for working C compiler: /usr/bin/cc - skipped
[3.135s] -- Detecting C compile features
[3.139s] -- Detecting C compile features - done
[3.339s] -- Detecting CXX compiler ABI info
[4.996s] -- Detecting CXX compiler ABI info - done
[5.068s] -- Check for working CXX compiler: /usr/bin/c++ - skipped
[5.071s] -- Detecting CXX compile features
[5.075s] -- Detecting CXX compile features - done
[5.256s] -- Found ament_cmake: 1.3.10 (/opt/ros/humble/share/ament_cmake/cmake)
[5.451s] -- Found Python3: /usr/bin/python3 (found version "3.10.12") found components: Interpreter 
[5.813s] -- Found rosidl_default_generators: 1.2.0 (/opt/ros/humble/share/rosidl_default_generators/cmake)
[5.829s] -- Using all available rosidl_typesupport_c: rosidl_typesupport_fastrtps_c;rosidl_typesupport_introspection_c
[5.841s] -- Found rosidl_adapter: 3.1.5 (/opt/ros/humble/share/rosidl_adapter/cmake)
[5.919s] -- Using all available rosidl_typesupport_cpp: rosidl_typesupport_fastrtps_cpp;rosidl_typesupport_introspection_cpp
[5.975s] -- Found std_msgs: 4.2.4 (/opt/ros/humble/share/std_msgs/cmake)
[6.028s] -- Found geometry_msgs: 4.2.4 (/opt/ros/humble/share/geometry_msgs/cmake)
[10.528s] -- Found ament_cmake_cppcheck: 0.12.11 (/opt/ros/humble/share/ament_cmake_cppcheck/cmake)
[10.533s] -- Found ament_cmake_cpplint: 0.12.11 (/opt/ros/humble/share/ament_cmake_cpplint/cmake)
[10.539s] -- Found ament_cmake_uncrustify: 0.12.11 (/opt/ros/humble/share/ament_cmake_uncrustify/cmake)
[10.546s] -- Found ament_cmake_ros: 0.10.0 (/opt/ros/humble/share/ament_cmake_ros/cmake)
[15.169s] -- Using all available rosidl_typesupport_c: rosidl_typesupport_fastrtps_c;rosidl_typesupport_introspection_c
[18.691s] -- Using all available rosidl_typesupport_cpp: rosidl_typesupport_fastrtps_cpp;rosidl_typesupport_introspection_cpp
[18.729s] -- Found PythonInterp: /usr/bin/python3 (found suitable version "3.10.12", minimum required is "3.6") 
[18.731s] -- Found python_cmake_module: 0.10.0 (/opt/ros/humble/share/python_cmake_module/cmake)
[18.758s] -- Found PythonLibs: /usr/lib/x86_64-linux-gnu/libpython3.10.so (found suitable version "3.10.12", minimum required is "3.5") 
[18.759s] -- Using PYTHON_EXECUTABLE: /usr/bin/python3
[18.760s] -- Using PYTHON_INCLUDE_DIRS: /usr/include/python3.10
[18.761s] -- Using PYTHON_LIBRARIES: /usr/lib/x86_64-linux-gnu/libpython3.10.so
[18.782s] -- Found PythonExtra: .so  
[19.644s] -- Found ament_cmake_flake8: 0.12.11 (/opt/ros/humble/share/ament_cmake_flake8/cmake)
[19.648s] -- Found ament_cmake_pep257: 0.12.11 (/opt/ros/humble/share/ament_cmake_pep257/cmake)
[19.756s] -- Found ament_lint_auto: 0.12.11 (/opt/ros/humble/share/ament_lint_auto/cmake)
[22.182s] -- Added test 'copyright' to check source files copyright and LICENSE
[22.339s] -- Added test 'lint_cmake' to check CMake code style
[22.412s] -- Added test 'xmllint' to check XML markup files
[22.842s] -- Configuring done
[25.479s] -- Generating done
[25.745s] -- Build files have been written to: /home/ubuntu/rj_training_container/build/stsl_interfaces
