[5.288s] Invoking command in '/home/ubuntu/rj_training_container/training_ws/build/stsl_interfaces': CMAKE_PREFIX_PATH=${CMAKE_PREFIX_PATH}:/home/ubuntu/rj_training_container/training_ws/install/keyboard:/opt/ros/humble /usr/bin/cmake --build /home/ubuntu/rj_training_container/training_ws/build/stsl_interfaces -- -j16 -l16
[36.237s] [  1%] Built target stsl_interfaces__cpp
[37.793s] [ 12%] Built target stsl_interfaces__rosidl_generator_c
[45.251s] [ 12%] Built target ament_cmake_python_copy_stsl_interfaces
[55.237s] [ 24%] Built target stsl_interfaces__rosidl_typesupport_cpp
[55.694s] [ 47%] Built target stsl_interfaces__rosidl_typesupport_c
[55.699s] [ 47%] Built target stsl_interfaces__rosidl_typesupport_introspection_cpp
[56.306s] [ 58%] Built target stsl_interfaces__rosidl_typesupport_fastrtps_cpp
[56.796s] [ 82%] Built target stsl_interfaces__rosidl_typesupport_introspection_c
[56.800s] [ 82%] Built target stsl_interfaces__rosidl_typesupport_fastrtps_c
[60.652s] running egg_info
[60.660s] writing stsl_interfaces.egg-info/PKG-INFO
[60.673s] writing dependency_links to stsl_interfaces.egg-info/dependency_links.txt
[60.696s] writing top-level names to stsl_interfaces.egg-info/top_level.txt
[60.909s] reading manifest file 'stsl_interfaces.egg-info/SOURCES.txt'
[61.168s] writing manifest file 'stsl_interfaces.egg-info/SOURCES.txt'
[65.596s] [ 82%] Built target ament_cmake_python_build_stsl_interfaces_egg
[68.841s] [ 82%] Built target stsl_interfaces
[80.870s] [ 83%] Built target stsl_interfaces__py
[93.458s] [ 93%] Built target stsl_interfaces__rosidl_generator_py
[104.901s] [ 95%] Built target stsl_interfaces__rosidl_typesupport_c__pyext
[105.194s] [ 97%] Built target stsl_interfaces__rosidl_typesupport_fastrtps_c__pyext
[105.236s] [100%] Built target stsl_interfaces__rosidl_typesupport_introspection_c__pyext
[109.796s] Invoked command in '/home/ubuntu/rj_training_container/training_ws/build/stsl_interfaces' returned '0': CMAKE_PREFIX_PATH=${CMAKE_PREFIX_PATH}:/home/ubuntu/rj_training_container/training_ws/install/keyboard:/opt/ros/humble /usr/bin/cmake --build /home/ubuntu/rj_training_container/training_ws/build/stsl_interfaces -- -j16 -l16
[253.767s] Invoking command in '/home/ubuntu/rj_training_container/training_ws/build/stsl_interfaces': CMAKE_PREFIX_PATH=${CMAKE_PREFIX_PATH}:/home/ubuntu/rj_training_container/training_ws/install/keyboard:/opt/ros/humble /usr/bin/cmake --install /home/ubuntu/rj_training_container/training_ws/build/stsl_interfaces
[255.869s] -- Install configuration: ""
[255.898s] -- Up-to-date: /home/ubuntu/rj_training_container/training_ws/install/stsl_interfaces/share/ament_index/resource_index/rosidl_interfaces/stsl_interfaces
[255.913s] -- Up-to-date: /home/ubuntu/rj_training_container/training_ws/install/stsl_interfaces/include/stsl_interfaces/stsl_interfaces
[255.936s] -- Up-to-date: /home/ubuntu/rj_training_container/training_ws/install/stsl_interfaces/include/stsl_interfaces/stsl_interfaces/action
[255.962s] -- Up-to-date: /home/ubuntu/rj_training_container/training_ws/install/stsl_interfaces/include/stsl_interfaces/stsl_interfaces/action/detail
[255.995s] -- Up-to-date: /home/ubuntu/rj_training_container/training_ws/install/stsl_interfaces/include/stsl_interfaces/stsl_interfaces/action/detail/execute_mission__functions.c
[256.027s] -- Up-to-date: /home/ubuntu/rj_training_container/training_ws/install/stsl_interfaces/include/stsl_interfaces/stsl_interfaces/action/detail/execute_mission__functions.h
[256.061s] -- Up-to-date: /home/ubuntu/rj_training_container/training_ws/install/stsl_interfaces/include/stsl_interfaces/stsl_interfaces/action/detail/execute_mission__struct.h
[256.089s] -- Up-to-date: /home/ubuntu/rj_training_container/training_ws/install/stsl_interfaces/include/stsl_interfaces/stsl_interfaces/action/detail/execute_mission__type_support.h
[256.117s] -- Up-to-date: /home/ubuntu/rj_training_container/training_ws/install/stsl_interfaces/include/stsl_interfaces/stsl_interfaces/action/detail/park_at_peak__functions.c
[256.143s] -- Up-to-date: /home/ubuntu/rj_training_container/training_ws/install/stsl_interfaces/include/stsl_interfaces/stsl_interfaces/action/detail/park_at_peak__functions.h
[256.169s] -- Up-to-date: /home/ubuntu/rj_training_container/training_ws/install/stsl_interfaces/include/stsl_interfaces/stsl_interfaces/action/detail/park_at_peak__struct.h
[256.198s] -- Up-to-date: /home/ubuntu/rj_training_container/training_ws/install/stsl_interfaces/include/stsl_interfaces/stsl_interfaces/action/detail/park_at_peak__type_support.h
[256.221s] -- Up-to-date: /home/ubuntu/rj_training_container/training_ws/install/stsl_interfaces/include/stsl_interfaces/stsl_interfaces/action/execute_mission.h
[256.249s] -- Up-to-date: /home/ubuntu/rj_training_container/training_ws/install/stsl_interfaces/include/stsl_interfaces/stsl_interfaces/action/park_at_peak.h
[256.264s] -- Up-to-date: /home/ubuntu/rj_training_container/training_ws/install/stsl_interfaces/include/stsl_interfaces/stsl_interfaces/msg
[256.288s] -- Up-to-date: /home/ubuntu/rj_training_container/training_ws/install/stsl_interfaces/include/stsl_interfaces/stsl_interfaces/msg/detail
[256.319s] -- Up-to-date: /home/ubuntu/rj_training_container/training_ws/install/stsl_interfaces/include/stsl_interfaces/stsl_interfaces/msg/detail/mineral_deposit_array__functions.c
[256.344s] -- Up-to-date: /home/ubuntu/rj_training_container/training_ws/install/stsl_interfaces/include/stsl_interfaces/stsl_interfaces/msg/detail/mineral_deposit_array__functions.h
[256.368s] -- Up-to-date: /home/ubuntu/rj_training_container/training_ws/install/stsl_interfaces/include/stsl_interfaces/stsl_interfaces/msg/detail/mineral_deposit_array__struct.h
[256.394s] -- Up-to-date: /home/ubuntu/rj_training_container/training_ws/install/stsl_interfaces/include/stsl_interfaces/stsl_interfaces/msg/detail/mineral_deposit_array__type_support.h
[256.425s] -- Up-to-date: /home/ubuntu/rj_training_container/training_ws/install/stsl_interfaces/include/stsl_interfaces/stsl_interfaces/msg/detail/mineral_deposit_sample__functions.c
[256.453s] -- Up-to-date: /home/ubuntu/rj_training_container/training_ws/install/stsl_interfaces/include/stsl_interfaces/stsl_interfaces/msg/detail/mineral_deposit_sample__functions.h
[256.478s] -- Up-to-date: /home/ubuntu/rj_training_container/training_ws/install/stsl_interfaces/include/stsl_interfaces/stsl_interfaces/msg/detail/mineral_deposit_sample__struct.h
[256.503s] -- Up-to-date: /home/ubuntu/rj_training_container/training_ws/install/stsl_interfaces/include/stsl_interfaces/stsl_interfaces/msg/detail/mineral_deposit_sample__type_support.h
[256.534s] -- Up-to-date: /home/ubuntu/rj_training_container/training_ws/install/stsl_interfaces/include/stsl_interfaces/stsl_interfaces/msg/detail/mineral_deposit__functions.c
[256.561s] -- Up-to-date: /home/ubuntu/rj_training_container/training_ws/install/stsl_interfaces/include/stsl_interfaces/stsl_interfaces/msg/detail/mineral_deposit__functions.h
[256.586s] -- Up-to-date: /home/ubuntu/rj_training_container/training_ws/install/stsl_interfaces/include/stsl_interfaces/stsl_interfaces/msg/detail/mineral_deposit__struct.h
[256.620s] -- Up-to-date: /home/ubuntu/rj_training_container/training_ws/install/stsl_interfaces/include/stsl_interfaces/stsl_interfaces/msg/detail/mineral_deposit__type_support.h
[256.649s] -- Up-to-date: /home/ubuntu/rj_training_container/training_ws/install/stsl_interfaces/include/stsl_interfaces/stsl_interfaces/msg/detail/tag_array__functions.c
[256.674s] -- Up-to-date: /home/ubuntu/rj_training_container/training_ws/install/stsl_interfaces/include/stsl_interfaces/stsl_interfaces/msg/detail/tag_array__functions.h
[256.701s] -- Up-to-date: /home/ubuntu/rj_training_container/training_ws/install/stsl_interfaces/include/stsl_interfaces/stsl_interfaces/msg/detail/tag_array__struct.h
[256.728s] -- Up-to-date: /home/ubuntu/rj_training_container/training_ws/install/stsl_interfaces/include/stsl_interfaces/stsl_interfaces/msg/detail/tag_array__type_support.h
[256.756s] -- Up-to-date: /home/ubuntu/rj_training_container/training_ws/install/stsl_interfaces/include/stsl_interfaces/stsl_interfaces/msg/detail/tag__functions.c
[256.784s] -- Up-to-date: /home/ubuntu/rj_training_container/training_ws/install/stsl_interfaces/include/stsl_interfaces/stsl_interfaces/msg/detail/tag__functions.h
[256.812s] -- Up-to-date: /home/ubuntu/rj_training_container/training_ws/install/stsl_interfaces/include/stsl_interfaces/stsl_interfaces/msg/detail/tag__struct.h
[256.840s] -- Up-to-date: /home/ubuntu/rj_training_container/training_ws/install/stsl_interfaces/include/stsl_interfaces/stsl_interfaces/msg/detail/tag__type_support.h
[256.864s] -- Up-to-date: /home/ubuntu/rj_training_container/training_ws/install/stsl_interfaces/include/stsl_interfaces/stsl_interfaces/msg/mineral_deposit.h
[256.886s] -- Up-to-date: /home/ubuntu/rj_training_container/training_ws/install/stsl_interfaces/include/stsl_interfaces/stsl_interfaces/msg/mineral_deposit_array.h
[256.909s] -- Up-to-date: /home/ubuntu/rj_training_container/training_ws/install/stsl_interfaces/include/stsl_interfaces/stsl_interfaces/msg/mineral_deposit_sample.h
[256.931s] -- Up-to-date: /home/ubuntu/rj_training_container/training_ws/install/stsl_interfaces/include/stsl_interfaces/stsl_interfaces/msg/rosidl_generator_c__visibility_control.h
[256.956s] -- Up-to-date: /home/ubuntu/rj_training_container/training_ws/install/stsl_interfaces/include/stsl_interfaces/stsl_interfaces/msg/tag.h
[256.978s] -- Up-to-date: /home/ubuntu/rj_training_container/training_ws/install/stsl_interfaces/include/stsl_interfaces/stsl_interfaces/msg/tag_array.h
[256.999s] -- Up-to-date: /home/ubuntu/rj_training_container/training_ws/install/stsl_interfaces/include/stsl_interfaces/stsl_interfaces/srv
[257.024s] -- Up-to-date: /home/ubuntu/rj_training_container/training_ws/install/stsl_interfaces/include/stsl_interfaces/stsl_interfaces/srv/detail
[257.063s] -- Up-to-date: /home/ubuntu/rj_training_container/training_ws/install/stsl_interfaces/include/stsl_interfaces/stsl_interfaces/srv/detail/reset_mineral_deposit_tracking__functions.c
[257.090s] -- Up-to-date: /home/ubuntu/rj_training_container/training_ws/install/stsl_interfaces/include/stsl_interfaces/stsl_interfaces/srv/detail/reset_mineral_deposit_tracking__functions.h
[257.116s] -- Up-to-date: /home/ubuntu/rj_training_container/training_ws/install/stsl_interfaces/include/stsl_interfaces/stsl_interfaces/srv/detail/reset_mineral_deposit_tracking__struct.h
[257.145s] -- Up-to-date: /home/ubuntu/rj_training_container/training_ws/install/stsl_interfaces/include/stsl_interfaces/stsl_interfaces/srv/detail/reset_mineral_deposit_tracking__type_support.h
[257.169s] -- Up-to-date: /home/ubuntu/rj_training_container/training_ws/install/stsl_interfaces/include/stsl_interfaces/stsl_interfaces/srv/detail/sample_elevation__functions.c
[257.199s] -- Up-to-date: /home/ubuntu/rj_training_container/training_ws/install/stsl_interfaces/include/stsl_interfaces/stsl_interfaces/srv/detail/sample_elevation__functions.h
[257.227s] -- Up-to-date: /home/ubuntu/rj_training_container/training_ws/install/stsl_interfaces/include/stsl_interfaces/stsl_interfaces/srv/detail/sample_elevation__struct.h
[257.251s] -- Up-to-date: /home/ubuntu/rj_training_container/training_ws/install/stsl_interfaces/include/stsl_interfaces/stsl_interfaces/srv/detail/sample_elevation__type_support.h
[257.271s] -- Up-to-date: /home/ubuntu/rj_training_container/training_ws/install/stsl_interfaces/include/stsl_interfaces/stsl_interfaces/srv/reset_mineral_deposit_tracking.h
[257.294s] -- Up-to-date: /home/ubuntu/rj_training_container/training_ws/install/stsl_interfaces/include/stsl_interfaces/stsl_interfaces/srv/sample_elevation.h
[257.317s] -- Up-to-date: /home/ubuntu/rj_training_container/training_ws/install/stsl_interfaces/share/stsl_interfaces/environment/library_path.sh
[257.338s] -- Up-to-date: /home/ubuntu/rj_training_container/training_ws/install/stsl_interfaces/share/stsl_interfaces/environment/library_path.dsv
[257.398s] -- Up-to-date: /home/ubuntu/rj_training_container/training_ws/install/stsl_interfaces/lib/libstsl_interfaces__rosidl_generator_c.so
[257.445s] -- Up-to-date: /home/ubuntu/rj_training_container/training_ws/install/stsl_interfaces/include/stsl_interfaces/stsl_interfaces
[257.464s] -- Up-to-date: /home/ubuntu/rj_training_container/training_ws/install/stsl_interfaces/include/stsl_interfaces/stsl_interfaces/action
[257.488s] -- Up-to-date: /home/ubuntu/rj_training_container/training_ws/install/stsl_interfaces/include/stsl_interfaces/stsl_interfaces/action/detail
[257.531s] -- Up-to-date: /home/ubuntu/rj_training_container/training_ws/install/stsl_interfaces/include/stsl_interfaces/stsl_interfaces/action/detail/execute_mission__rosidl_typesupport_fastrtps_c.h
[257.557s] -- Up-to-date: /home/ubuntu/rj_training_container/training_ws/install/stsl_interfaces/include/stsl_interfaces/stsl_interfaces/action/detail/park_at_peak__rosidl_typesupport_fastrtps_c.h
[257.572s] -- Up-to-date: /home/ubuntu/rj_training_container/training_ws/install/stsl_interfaces/include/stsl_interfaces/stsl_interfaces/msg
[257.598s] -- Up-to-date: /home/ubuntu/rj_training_container/training_ws/install/stsl_interfaces/include/stsl_interfaces/stsl_interfaces/msg/detail
[257.639s] -- Up-to-date: /home/ubuntu/rj_training_container/training_ws/install/stsl_interfaces/include/stsl_interfaces/stsl_interfaces/msg/detail/mineral_deposit_array__rosidl_typesupport_fastrtps_c.h
[257.667s] -- Up-to-date: /home/ubuntu/rj_training_container/training_ws/install/stsl_interfaces/include/stsl_interfaces/stsl_interfaces/msg/detail/mineral_deposit_sample__rosidl_typesupport_fastrtps_c.h
[257.693s] -- Up-to-date: /home/ubuntu/rj_training_container/training_ws/install/stsl_interfaces/include/stsl_interfaces/stsl_interfaces/msg/detail/mineral_deposit__rosidl_typesupport_fastrtps_c.h
[257.725s] -- Up-to-date: /home/ubuntu/rj_training_container/training_ws/install/stsl_interfaces/include/stsl_interfaces/stsl_interfaces/msg/detail/tag_array__rosidl_typesupport_fastrtps_c.h
[257.752s] -- Up-to-date: /home/ubuntu/rj_training_container/training_ws/install/stsl_interfaces/include/stsl_interfaces/stsl_interfaces/msg/detail/tag__rosidl_typesupport_fastrtps_c.h
[257.781s] -- Up-to-date: /home/ubuntu/rj_training_container/training_ws/install/stsl_interfaces/include/stsl_interfaces/stsl_interfaces/msg/rosidl_typesupport_fastrtps_c__visibility_control.h
[257.800s] -- Up-to-date: /home/ubuntu/rj_training_container/training_ws/install/stsl_interfaces/include/stsl_interfaces/stsl_interfaces/srv
[257.824s] -- Up-to-date: /home/ubuntu/rj_training_container/training_ws/install/stsl_interfaces/include/stsl_interfaces/stsl_interfaces/srv/detail
[257.860s] -- Up-to-date: /home/ubuntu/rj_training_container/training_ws/install/stsl_interfaces/include/stsl_interfaces/stsl_interfaces/srv/detail/reset_mineral_deposit_tracking__rosidl_typesupport_fastrtps_c.h
[257.887s] -- Up-to-date: /home/ubuntu/rj_training_container/training_ws/install/stsl_interfaces/include/stsl_interfaces/stsl_interfaces/srv/detail/sample_elevation__rosidl_typesupport_fastrtps_c.h
[257.943s] -- Up-to-date: /home/ubuntu/rj_training_container/training_ws/install/stsl_interfaces/lib/libstsl_interfaces__rosidl_typesupport_fastrtps_c.so
[257.981s] -- Up-to-date: /home/ubuntu/rj_training_container/training_ws/install/stsl_interfaces/include/stsl_interfaces/stsl_interfaces
[258.003s] -- Up-to-date: /home/ubuntu/rj_training_container/training_ws/install/stsl_interfaces/include/stsl_interfaces/stsl_interfaces/action
[258.027s] -- Up-to-date: /home/ubuntu/rj_training_container/training_ws/install/stsl_interfaces/include/stsl_interfaces/stsl_interfaces/action/detail
[258.065s] -- Up-to-date: /home/ubuntu/rj_training_container/training_ws/install/stsl_interfaces/include/stsl_interfaces/stsl_interfaces/action/detail/execute_mission__rosidl_typesupport_introspection_c.h
[258.093s] -- Up-to-date: /home/ubuntu/rj_training_container/training_ws/install/stsl_interfaces/include/stsl_interfaces/stsl_interfaces/action/detail/execute_mission__type_support.c
[258.126s] -- Up-to-date: /home/ubuntu/rj_training_container/training_ws/install/stsl_interfaces/include/stsl_interfaces/stsl_interfaces/action/detail/park_at_peak__rosidl_typesupport_introspection_c.h
[258.153s] -- Up-to-date: /home/ubuntu/rj_training_container/training_ws/install/stsl_interfaces/include/stsl_interfaces/stsl_interfaces/action/detail/park_at_peak__type_support.c
[258.168s] -- Up-to-date: /home/ubuntu/rj_training_container/training_ws/install/stsl_interfaces/include/stsl_interfaces/stsl_interfaces/msg
[258.192s] -- Up-to-date: /home/ubuntu/rj_training_container/training_ws/install/stsl_interfaces/include/stsl_interfaces/stsl_interfaces/msg/detail
[258.231s] -- Up-to-date: /home/ubuntu/rj_training_container/training_ws/install/stsl_interfaces/include/stsl_interfaces/stsl_interfaces/msg/detail/mineral_deposit_array__rosidl_typesupport_introspection_c.h
[258.257s] -- Up-to-date: /home/ubuntu/rj_training_container/training_ws/install/stsl_interfaces/include/stsl_interfaces/stsl_interfaces/msg/detail/mineral_deposit_array__type_support.c
[258.282s] -- Up-to-date: /home/ubuntu/rj_training_container/training_ws/install/stsl_interfaces/include/stsl_interfaces/stsl_interfaces/msg/detail/mineral_deposit_sample__rosidl_typesupport_introspection_c.h
[258.314s] -- Up-to-date: /home/ubuntu/rj_training_container/training_ws/install/stsl_interfaces/include/stsl_interfaces/stsl_interfaces/msg/detail/mineral_deposit_sample__type_support.c
[258.341s] -- Up-to-date: /home/ubuntu/rj_training_container/training_ws/install/stsl_interfaces/include/stsl_interfaces/stsl_interfaces/msg/detail/mineral_deposit__rosidl_typesupport_introspection_c.h
[258.366s] -- Up-to-date: /home/ubuntu/rj_training_container/training_ws/install/stsl_interfaces/include/stsl_interfaces/stsl_interfaces/msg/detail/mineral_deposit__type_support.c
[258.392s] -- Up-to-date: /home/ubuntu/rj_training_container/training_ws/install/stsl_interfaces/include/stsl_interfaces/stsl_interfaces/msg/detail/tag_array__rosidl_typesupport_introspection_c.h
[258.426s] -- Up-to-date: /home/ubuntu/rj_training_container/training_ws/install/stsl_interfaces/include/stsl_interfaces/stsl_interfaces/msg/detail/tag_array__type_support.c
[258.452s] -- Up-to-date: /home/ubuntu/rj_training_container/training_ws/install/stsl_interfaces/include/stsl_interfaces/stsl_interfaces/msg/detail/tag__rosidl_typesupport_introspection_c.h
[258.478s] -- Up-to-date: /home/ubuntu/rj_training_container/training_ws/install/stsl_interfaces/include/stsl_interfaces/stsl_interfaces/msg/detail/tag__type_support.c
[258.510s] -- Up-to-date: /home/ubuntu/rj_training_container/training_ws/install/stsl_interfaces/include/stsl_interfaces/stsl_interfaces/msg/rosidl_typesupport_introspection_c__visibility_control.h
[258.528s] -- Up-to-date: /home/ubuntu/rj_training_container/training_ws/install/stsl_interfaces/include/stsl_interfaces/stsl_interfaces/srv
[258.553s] -- Up-to-date: /home/ubuntu/rj_training_container/training_ws/install/stsl_interfaces/include/stsl_interfaces/stsl_interfaces/srv/detail
[258.586s] -- Up-to-date: /home/ubuntu/rj_training_container/training_ws/install/stsl_interfaces/include/stsl_interfaces/stsl_interfaces/srv/detail/reset_mineral_deposit_tracking__rosidl_typesupport_introspection_c.h
[258.612s] -- Up-to-date: /home/ubuntu/rj_training_container/training_ws/install/stsl_interfaces/include/stsl_interfaces/stsl_interfaces/srv/detail/reset_mineral_deposit_tracking__type_support.c
[258.640s] -- Up-to-date: /home/ubuntu/rj_training_container/training_ws/install/stsl_interfaces/include/stsl_interfaces/stsl_interfaces/srv/detail/sample_elevation__rosidl_typesupport_introspection_c.h
[258.667s] -- Up-to-date: /home/ubuntu/rj_training_container/training_ws/install/stsl_interfaces/include/stsl_interfaces/stsl_interfaces/srv/detail/sample_elevation__type_support.c
[258.724s] -- Up-to-date: /home/ubuntu/rj_training_container/training_ws/install/stsl_interfaces/lib/libstsl_interfaces__rosidl_typesupport_introspection_c.so
[258.808s] -- Up-to-date: /home/ubuntu/rj_training_container/training_ws/install/stsl_interfaces/lib/libstsl_interfaces__rosidl_typesupport_c.so
[258.850s] -- Up-to-date: /home/ubuntu/rj_training_container/training_ws/install/stsl_interfaces/include/stsl_interfaces/stsl_interfaces
[258.875s] -- Up-to-date: /home/ubuntu/rj_training_container/training_ws/install/stsl_interfaces/include/stsl_interfaces/stsl_interfaces/action
[258.902s] -- Up-to-date: /home/ubuntu/rj_training_container/training_ws/install/stsl_interfaces/include/stsl_interfaces/stsl_interfaces/action/detail
[258.934s] -- Up-to-date: /home/ubuntu/rj_training_container/training_ws/install/stsl_interfaces/include/stsl_interfaces/stsl_interfaces/action/detail/execute_mission__builder.hpp
[258.963s] -- Up-to-date: /home/ubuntu/rj_training_container/training_ws/install/stsl_interfaces/include/stsl_interfaces/stsl_interfaces/action/detail/execute_mission__struct.hpp
[258.991s] -- Up-to-date: /home/ubuntu/rj_training_container/training_ws/install/stsl_interfaces/include/stsl_interfaces/stsl_interfaces/action/detail/execute_mission__traits.hpp
[259.018s] -- Up-to-date: /home/ubuntu/rj_training_container/training_ws/install/stsl_interfaces/include/stsl_interfaces/stsl_interfaces/action/detail/park_at_peak__builder.hpp
[259.046s] -- Up-to-date: /home/ubuntu/rj_training_container/training_ws/install/stsl_interfaces/include/stsl_interfaces/stsl_interfaces/action/detail/park_at_peak__struct.hpp
[259.071s] -- Up-to-date: /home/ubuntu/rj_training_container/training_ws/install/stsl_interfaces/include/stsl_interfaces/stsl_interfaces/action/detail/park_at_peak__traits.hpp
[259.096s] -- Up-to-date: /home/ubuntu/rj_training_container/training_ws/install/stsl_interfaces/include/stsl_interfaces/stsl_interfaces/action/execute_mission.hpp
[259.118s] -- Up-to-date: /home/ubuntu/rj_training_container/training_ws/install/stsl_interfaces/include/stsl_interfaces/stsl_interfaces/action/park_at_peak.hpp
[259.135s] -- Up-to-date: /home/ubuntu/rj_training_container/training_ws/install/stsl_interfaces/include/stsl_interfaces/stsl_interfaces/msg
[259.161s] -- Up-to-date: /home/ubuntu/rj_training_container/training_ws/install/stsl_interfaces/include/stsl_interfaces/stsl_interfaces/msg/detail
[259.199s] -- Up-to-date: /home/ubuntu/rj_training_container/training_ws/install/stsl_interfaces/include/stsl_interfaces/stsl_interfaces/msg/detail/mineral_deposit_array__builder.hpp
[259.225s] -- Up-to-date: /home/ubuntu/rj_training_container/training_ws/install/stsl_interfaces/include/stsl_interfaces/stsl_interfaces/msg/detail/mineral_deposit_array__struct.hpp
[259.254s] -- Up-to-date: /home/ubuntu/rj_training_container/training_ws/install/stsl_interfaces/include/stsl_interfaces/stsl_interfaces/msg/detail/mineral_deposit_array__traits.hpp
[259.281s] -- Up-to-date: /home/ubuntu/rj_training_container/training_ws/install/stsl_interfaces/include/stsl_interfaces/stsl_interfaces/msg/detail/mineral_deposit_sample__builder.hpp
[259.308s] -- Up-to-date: /home/ubuntu/rj_training_container/training_ws/install/stsl_interfaces/include/stsl_interfaces/stsl_interfaces/msg/detail/mineral_deposit_sample__struct.hpp
[259.333s] -- Up-to-date: /home/ubuntu/rj_training_container/training_ws/install/stsl_interfaces/include/stsl_interfaces/stsl_interfaces/msg/detail/mineral_deposit_sample__traits.hpp
[259.361s] -- Up-to-date: /home/ubuntu/rj_training_container/training_ws/install/stsl_interfaces/include/stsl_interfaces/stsl_interfaces/msg/detail/mineral_deposit__builder.hpp
[259.386s] -- Up-to-date: /home/ubuntu/rj_training_container/training_ws/install/stsl_interfaces/include/stsl_interfaces/stsl_interfaces/msg/detail/mineral_deposit__struct.hpp
[259.414s] -- Up-to-date: /home/ubuntu/rj_training_container/training_ws/install/stsl_interfaces/include/stsl_interfaces/stsl_interfaces/msg/detail/mineral_deposit__traits.hpp
[259.439s] -- Up-to-date: /home/ubuntu/rj_training_container/training_ws/install/stsl_interfaces/include/stsl_interfaces/stsl_interfaces/msg/detail/tag_array__builder.hpp
[259.464s] -- Up-to-date: /home/ubuntu/rj_training_container/training_ws/install/stsl_interfaces/include/stsl_interfaces/stsl_interfaces/msg/detail/tag_array__struct.hpp
[259.489s] -- Up-to-date: /home/ubuntu/rj_training_container/training_ws/install/stsl_interfaces/include/stsl_interfaces/stsl_interfaces/msg/detail/tag_array__traits.hpp
[259.515s] -- Up-to-date: /home/ubuntu/rj_training_container/training_ws/install/stsl_interfaces/include/stsl_interfaces/stsl_interfaces/msg/detail/tag__builder.hpp
[259.544s] -- Up-to-date: /home/ubuntu/rj_training_container/training_ws/install/stsl_interfaces/include/stsl_interfaces/stsl_interfaces/msg/detail/tag__struct.hpp
[259.567s] -- Up-to-date: /home/ubuntu/rj_training_container/training_ws/install/stsl_interfaces/include/stsl_interfaces/stsl_interfaces/msg/detail/tag__traits.hpp
[259.588s] -- Up-to-date: /home/ubuntu/rj_training_container/training_ws/install/stsl_interfaces/include/stsl_interfaces/stsl_interfaces/msg/mineral_deposit.hpp
[259.612s] -- Up-to-date: /home/ubuntu/rj_training_container/training_ws/install/stsl_interfaces/include/stsl_interfaces/stsl_interfaces/msg/mineral_deposit_array.hpp
[259.633s] -- Up-to-date: /home/ubuntu/rj_training_container/training_ws/install/stsl_interfaces/include/stsl_interfaces/stsl_interfaces/msg/mineral_deposit_sample.hpp
[259.655s] -- Up-to-date: /home/ubuntu/rj_training_container/training_ws/install/stsl_interfaces/include/stsl_interfaces/stsl_interfaces/msg/tag.hpp
[259.676s] -- Up-to-date: /home/ubuntu/rj_training_container/training_ws/install/stsl_interfaces/include/stsl_interfaces/stsl_interfaces/msg/tag_array.hpp
[259.690s] -- Up-to-date: /home/ubuntu/rj_training_container/training_ws/install/stsl_interfaces/include/stsl_interfaces/stsl_interfaces/srv
[259.715s] -- Up-to-date: /home/ubuntu/rj_training_container/training_ws/install/stsl_interfaces/include/stsl_interfaces/stsl_interfaces/srv/detail
[259.750s] -- Up-to-date: /home/ubuntu/rj_training_container/training_ws/install/stsl_interfaces/include/stsl_interfaces/stsl_interfaces/srv/detail/reset_mineral_deposit_tracking__builder.hpp
[259.776s] -- Up-to-date: /home/ubuntu/rj_training_container/training_ws/install/stsl_interfaces/include/stsl_interfaces/stsl_interfaces/srv/detail/reset_mineral_deposit_tracking__struct.hpp
[259.802s] -- Up-to-date: /home/ubuntu/rj_training_container/training_ws/install/stsl_interfaces/include/stsl_interfaces/stsl_interfaces/srv/detail/reset_mineral_deposit_tracking__traits.hpp
[259.829s] -- Up-to-date: /home/ubuntu/rj_training_container/training_ws/install/stsl_interfaces/include/stsl_interfaces/stsl_interfaces/srv/detail/sample_elevation__builder.hpp
[259.857s] -- Up-to-date: /home/ubuntu/rj_training_container/training_ws/install/stsl_interfaces/include/stsl_interfaces/stsl_interfaces/srv/detail/sample_elevation__struct.hpp
[259.883s] -- Up-to-date: /home/ubuntu/rj_training_container/training_ws/install/stsl_interfaces/include/stsl_interfaces/stsl_interfaces/srv/detail/sample_elevation__traits.hpp
[259.907s] -- Up-to-date: /home/ubuntu/rj_training_container/training_ws/install/stsl_interfaces/include/stsl_interfaces/stsl_interfaces/srv/reset_mineral_deposit_tracking.hpp
[259.930s] -- Up-to-date: /home/ubuntu/rj_training_container/training_ws/install/stsl_interfaces/include/stsl_interfaces/stsl_interfaces/srv/sample_elevation.hpp
[259.946s] -- Up-to-date: /home/ubuntu/rj_training_container/training_ws/install/stsl_interfaces/include/stsl_interfaces/stsl_interfaces
[259.969s] -- Up-to-date: /home/ubuntu/rj_training_container/training_ws/install/stsl_interfaces/include/stsl_interfaces/stsl_interfaces/action
[259.996s] -- Up-to-date: /home/ubuntu/rj_training_container/training_ws/install/stsl_interfaces/include/stsl_interfaces/stsl_interfaces/action/detail
[260.026s] -- Up-to-date: /home/ubuntu/rj_training_container/training_ws/install/stsl_interfaces/include/stsl_interfaces/stsl_interfaces/action/detail/dds_fastrtps
[260.060s] -- Up-to-date: /home/ubuntu/rj_training_container/training_ws/install/stsl_interfaces/include/stsl_interfaces/stsl_interfaces/action/detail/execute_mission__rosidl_typesupport_fastrtps_cpp.hpp
[260.083s] -- Up-to-date: /home/ubuntu/rj_training_container/training_ws/install/stsl_interfaces/include/stsl_interfaces/stsl_interfaces/action/detail/park_at_peak__rosidl_typesupport_fastrtps_cpp.hpp
[260.100s] -- Up-to-date: /home/ubuntu/rj_training_container/training_ws/install/stsl_interfaces/include/stsl_interfaces/stsl_interfaces/msg
[260.124s] -- Up-to-date: /home/ubuntu/rj_training_container/training_ws/install/stsl_interfaces/include/stsl_interfaces/stsl_interfaces/msg/detail
[260.155s] -- Up-to-date: /home/ubuntu/rj_training_container/training_ws/install/stsl_interfaces/include/stsl_interfaces/stsl_interfaces/msg/detail/dds_fastrtps
[260.195s] -- Up-to-date: /home/ubuntu/rj_training_container/training_ws/install/stsl_interfaces/include/stsl_interfaces/stsl_interfaces/msg/detail/mineral_deposit_array__rosidl_typesupport_fastrtps_cpp.hpp
[260.221s] -- Up-to-date: /home/ubuntu/rj_training_container/training_ws/install/stsl_interfaces/include/stsl_interfaces/stsl_interfaces/msg/detail/mineral_deposit_sample__rosidl_typesupport_fastrtps_cpp.hpp
[260.248s] -- Up-to-date: /home/ubuntu/rj_training_container/training_ws/install/stsl_interfaces/include/stsl_interfaces/stsl_interfaces/msg/detail/mineral_deposit__rosidl_typesupport_fastrtps_cpp.hpp
[260.275s] -- Up-to-date: /home/ubuntu/rj_training_container/training_ws/install/stsl_interfaces/include/stsl_interfaces/stsl_interfaces/msg/detail/tag_array__rosidl_typesupport_fastrtps_cpp.hpp
[260.303s] -- Up-to-date: /home/ubuntu/rj_training_container/training_ws/install/stsl_interfaces/include/stsl_interfaces/stsl_interfaces/msg/detail/tag__rosidl_typesupport_fastrtps_cpp.hpp
[260.333s] -- Up-to-date: /home/ubuntu/rj_training_container/training_ws/install/stsl_interfaces/include/stsl_interfaces/stsl_interfaces/msg/rosidl_typesupport_fastrtps_cpp__visibility_control.h
[260.351s] -- Up-to-date: /home/ubuntu/rj_training_container/training_ws/install/stsl_interfaces/include/stsl_interfaces/stsl_interfaces/srv
[260.378s] -- Up-to-date: /home/ubuntu/rj_training_container/training_ws/install/stsl_interfaces/include/stsl_interfaces/stsl_interfaces/srv/detail
[260.407s] -- Up-to-date: /home/ubuntu/rj_training_container/training_ws/install/stsl_interfaces/include/stsl_interfaces/stsl_interfaces/srv/detail/dds_fastrtps
[260.452s] -- Up-to-date: /home/ubuntu/rj_training_container/training_ws/install/stsl_interfaces/include/stsl_interfaces/stsl_interfaces/srv/detail/reset_mineral_deposit_tracking__rosidl_typesupport_fastrtps_cpp.hpp
[260.479s] -- Up-to-date: /home/ubuntu/rj_training_container/training_ws/install/stsl_interfaces/include/stsl_interfaces/stsl_interfaces/srv/detail/sample_elevation__rosidl_typesupport_fastrtps_cpp.hpp
[260.543s] -- Up-to-date: /home/ubuntu/rj_training_container/training_ws/install/stsl_interfaces/lib/libstsl_interfaces__rosidl_typesupport_fastrtps_cpp.so
[260.587s] -- Up-to-date: /home/ubuntu/rj_training_container/training_ws/install/stsl_interfaces/include/stsl_interfaces/stsl_interfaces
[260.608s] -- Up-to-date: /home/ubuntu/rj_training_container/training_ws/install/stsl_interfaces/include/stsl_interfaces/stsl_interfaces/action
[260.637s] -- Up-to-date: /home/ubuntu/rj_training_container/training_ws/install/stsl_interfaces/include/stsl_interfaces/stsl_interfaces/action/detail
[260.673s] -- Up-to-date: /home/ubuntu/rj_training_container/training_ws/install/stsl_interfaces/include/stsl_interfaces/stsl_interfaces/action/detail/execute_mission__rosidl_typesupport_introspection_cpp.hpp
[260.700s] -- Up-to-date: /home/ubuntu/rj_training_container/training_ws/install/stsl_interfaces/include/stsl_interfaces/stsl_interfaces/action/detail/execute_mission__type_support.cpp
[260.729s] -- Up-to-date: /home/ubuntu/rj_training_container/training_ws/install/stsl_interfaces/include/stsl_interfaces/stsl_interfaces/action/detail/park_at_peak__rosidl_typesupport_introspection_cpp.hpp
[260.758s] -- Up-to-date: /home/ubuntu/rj_training_container/training_ws/install/stsl_interfaces/include/stsl_interfaces/stsl_interfaces/action/detail/park_at_peak__type_support.cpp
[260.775s] -- Up-to-date: /home/ubuntu/rj_training_container/training_ws/install/stsl_interfaces/include/stsl_interfaces/stsl_interfaces/msg
[260.802s] -- Up-to-date: /home/ubuntu/rj_training_container/training_ws/install/stsl_interfaces/include/stsl_interfaces/stsl_interfaces/msg/detail
[260.840s] -- Up-to-date: /home/ubuntu/rj_training_container/training_ws/install/stsl_interfaces/include/stsl_interfaces/stsl_interfaces/msg/detail/mineral_deposit_array__rosidl_typesupport_introspection_cpp.hpp
[260.864s] -- Up-to-date: /home/ubuntu/rj_training_container/training_ws/install/stsl_interfaces/include/stsl_interfaces/stsl_interfaces/msg/detail/mineral_deposit_array__type_support.cpp
[260.888s] -- Up-to-date: /home/ubuntu/rj_training_container/training_ws/install/stsl_interfaces/include/stsl_interfaces/stsl_interfaces/msg/detail/mineral_deposit_sample__rosidl_typesupport_introspection_cpp.hpp
[260.920s] -- Up-to-date: /home/ubuntu/rj_training_container/training_ws/install/stsl_interfaces/include/stsl_interfaces/stsl_interfaces/msg/detail/mineral_deposit_sample__type_support.cpp
[260.947s] -- Up-to-date: /home/ubuntu/rj_training_container/training_ws/install/stsl_interfaces/include/stsl_interfaces/stsl_interfaces/msg/detail/mineral_deposit__rosidl_typesupport_introspection_cpp.hpp
[260.981s] -- Up-to-date: /home/ubuntu/rj_training_container/training_ws/install/stsl_interfaces/include/stsl_interfaces/stsl_interfaces/msg/detail/mineral_deposit__type_support.cpp
[261.014s] -- Up-to-date: /home/ubuntu/rj_training_container/training_ws/install/stsl_interfaces/include/stsl_interfaces/stsl_interfaces/msg/detail/tag_array__rosidl_typesupport_introspection_cpp.hpp
[261.040s] -- Up-to-date: /home/ubuntu/rj_training_container/training_ws/install/stsl_interfaces/include/stsl_interfaces/stsl_interfaces/msg/detail/tag_array__type_support.cpp
[261.063s] -- Up-to-date: /home/ubuntu/rj_training_container/training_ws/install/stsl_interfaces/include/stsl_interfaces/stsl_interfaces/msg/detail/tag__rosidl_typesupport_introspection_cpp.hpp
[261.089s] -- Up-to-date: /home/ubuntu/rj_training_container/training_ws/install/stsl_interfaces/include/stsl_interfaces/stsl_interfaces/msg/detail/tag__type_support.cpp
[261.107s] -- Up-to-date: /home/ubuntu/rj_training_container/training_ws/install/stsl_interfaces/include/stsl_interfaces/stsl_interfaces/srv
[261.135s] -- Up-to-date: /home/ubuntu/rj_training_container/training_ws/install/stsl_interfaces/include/stsl_interfaces/stsl_interfaces/srv/detail
[261.170s] -- Up-to-date: /home/ubuntu/rj_training_container/training_ws/install/stsl_interfaces/include/stsl_interfaces/stsl_interfaces/srv/detail/reset_mineral_deposit_tracking__rosidl_typesupport_introspection_cpp.hpp
[261.198s] -- Up-to-date: /home/ubuntu/rj_training_container/training_ws/install/stsl_interfaces/include/stsl_interfaces/stsl_interfaces/srv/detail/reset_mineral_deposit_tracking__type_support.cpp
[261.225s] -- Up-to-date: /home/ubuntu/rj_training_container/training_ws/install/stsl_interfaces/include/stsl_interfaces/stsl_interfaces/srv/detail/sample_elevation__rosidl_typesupport_introspection_cpp.hpp
[261.251s] -- Up-to-date: /home/ubuntu/rj_training_container/training_ws/install/stsl_interfaces/include/stsl_interfaces/stsl_interfaces/srv/detail/sample_elevation__type_support.cpp
[261.315s] -- Up-to-date: /home/ubuntu/rj_training_container/training_ws/install/stsl_interfaces/lib/libstsl_interfaces__rosidl_typesupport_introspection_cpp.so
[261.394s] -- Up-to-date: /home/ubuntu/rj_training_container/training_ws/install/stsl_interfaces/lib/libstsl_interfaces__rosidl_typesupport_cpp.so
[261.443s] -- Up-to-date: /home/ubuntu/rj_training_container/training_ws/install/stsl_interfaces/share/stsl_interfaces/environment/pythonpath.sh
[261.463s] -- Up-to-date: /home/ubuntu/rj_training_container/training_ws/install/stsl_interfaces/share/stsl_interfaces/environment/pythonpath.dsv
[261.481s] -- Up-to-date: /home/ubuntu/rj_training_container/training_ws/install/stsl_interfaces/local/lib/python3.10/dist-packages/stsl_interfaces-0.1.0-py3.10.egg-info
[261.515s] -- Installing: /home/ubuntu/rj_training_container/training_ws/install/stsl_interfaces/local/lib/python3.10/dist-packages/stsl_interfaces-0.1.0-py3.10.egg-info/dependency_links.txt
[261.603s] -- Installing: /home/ubuntu/rj_training_container/training_ws/install/stsl_interfaces/local/lib/python3.10/dist-packages/stsl_interfaces-0.1.0-py3.10.egg-info/PKG-INFO
[261.692s] -- Installing: /home/ubuntu/rj_training_container/training_ws/install/stsl_interfaces/local/lib/python3.10/dist-packages/stsl_interfaces-0.1.0-py3.10.egg-info/SOURCES.txt
[261.787s] -- Installing: /home/ubuntu/rj_training_container/training_ws/install/stsl_interfaces/local/lib/python3.10/dist-packages/stsl_interfaces-0.1.0-py3.10.egg-info/top_level.txt
[261.883s] -- Up-to-date: /home/ubuntu/rj_training_container/training_ws/install/stsl_interfaces/local/lib/python3.10/dist-packages/stsl_interfaces
[261.920s] -- Up-to-date: /home/ubuntu/rj_training_container/training_ws/install/stsl_interfaces/local/lib/python3.10/dist-packages/stsl_interfaces/action
[261.955s] -- Up-to-date: /home/ubuntu/rj_training_container/training_ws/install/stsl_interfaces/local/lib/python3.10/dist-packages/stsl_interfaces/action/_execute_mission.py
[261.981s] -- Up-to-date: /home/ubuntu/rj_training_container/training_ws/install/stsl_interfaces/local/lib/python3.10/dist-packages/stsl_interfaces/action/_execute_mission_s.c
[262.008s] -- Up-to-date: /home/ubuntu/rj_training_container/training_ws/install/stsl_interfaces/local/lib/python3.10/dist-packages/stsl_interfaces/action/_park_at_peak.py
[262.034s] -- Up-to-date: /home/ubuntu/rj_training_container/training_ws/install/stsl_interfaces/local/lib/python3.10/dist-packages/stsl_interfaces/action/_park_at_peak_s.c
[262.061s] -- Up-to-date: /home/ubuntu/rj_training_container/training_ws/install/stsl_interfaces/local/lib/python3.10/dist-packages/stsl_interfaces/action/__init__.py
[262.084s] -- Up-to-date: /home/ubuntu/rj_training_container/training_ws/install/stsl_interfaces/local/lib/python3.10/dist-packages/stsl_interfaces/libstsl_interfaces__rosidl_generator_py.so
[262.104s] -- Up-to-date: /home/ubuntu/rj_training_container/training_ws/install/stsl_interfaces/local/lib/python3.10/dist-packages/stsl_interfaces/msg
[262.142s] -- Up-to-date: /home/ubuntu/rj_training_container/training_ws/install/stsl_interfaces/local/lib/python3.10/dist-packages/stsl_interfaces/msg/_mineral_deposit.py
[262.167s] -- Up-to-date: /home/ubuntu/rj_training_container/training_ws/install/stsl_interfaces/local/lib/python3.10/dist-packages/stsl_interfaces/msg/_mineral_deposit_array.py
[262.199s] -- Up-to-date: /home/ubuntu/rj_training_container/training_ws/install/stsl_interfaces/local/lib/python3.10/dist-packages/stsl_interfaces/msg/_mineral_deposit_array_s.c
[262.224s] -- Up-to-date: /home/ubuntu/rj_training_container/training_ws/install/stsl_interfaces/local/lib/python3.10/dist-packages/stsl_interfaces/msg/_mineral_deposit_s.c
[262.249s] -- Up-to-date: /home/ubuntu/rj_training_container/training_ws/install/stsl_interfaces/local/lib/python3.10/dist-packages/stsl_interfaces/msg/_mineral_deposit_sample.py
[262.277s] -- Up-to-date: /home/ubuntu/rj_training_container/training_ws/install/stsl_interfaces/local/lib/python3.10/dist-packages/stsl_interfaces/msg/_mineral_deposit_sample_s.c
[262.304s] -- Up-to-date: /home/ubuntu/rj_training_container/training_ws/install/stsl_interfaces/local/lib/python3.10/dist-packages/stsl_interfaces/msg/_tag.py
[262.334s] -- Up-to-date: /home/ubuntu/rj_training_container/training_ws/install/stsl_interfaces/local/lib/python3.10/dist-packages/stsl_interfaces/msg/_tag_array.py
[262.361s] -- Up-to-date: /home/ubuntu/rj_training_container/training_ws/install/stsl_interfaces/local/lib/python3.10/dist-packages/stsl_interfaces/msg/_tag_array_s.c
[262.386s] -- Up-to-date: /home/ubuntu/rj_training_container/training_ws/install/stsl_interfaces/local/lib/python3.10/dist-packages/stsl_interfaces/msg/_tag_s.c
[262.411s] -- Up-to-date: /home/ubuntu/rj_training_container/training_ws/install/stsl_interfaces/local/lib/python3.10/dist-packages/stsl_interfaces/msg/__init__.py
[262.430s] -- Up-to-date: /home/ubuntu/rj_training_container/training_ws/install/stsl_interfaces/local/lib/python3.10/dist-packages/stsl_interfaces/srv
[262.465s] -- Up-to-date: /home/ubuntu/rj_training_container/training_ws/install/stsl_interfaces/local/lib/python3.10/dist-packages/stsl_interfaces/srv/_reset_mineral_deposit_tracking.py
[262.490s] -- Up-to-date: /home/ubuntu/rj_training_container/training_ws/install/stsl_interfaces/local/lib/python3.10/dist-packages/stsl_interfaces/srv/_reset_mineral_deposit_tracking_s.c
[262.516s] -- Up-to-date: /home/ubuntu/rj_training_container/training_ws/install/stsl_interfaces/local/lib/python3.10/dist-packages/stsl_interfaces/srv/_sample_elevation.py
[262.544s] -- Up-to-date: /home/ubuntu/rj_training_container/training_ws/install/stsl_interfaces/local/lib/python3.10/dist-packages/stsl_interfaces/srv/_sample_elevation_s.c
[262.570s] -- Up-to-date: /home/ubuntu/rj_training_container/training_ws/install/stsl_interfaces/local/lib/python3.10/dist-packages/stsl_interfaces/srv/__init__.py
[262.592s] -- Up-to-date: /home/ubuntu/rj_training_container/training_ws/install/stsl_interfaces/local/lib/python3.10/dist-packages/stsl_interfaces/stsl_interfaces_s__rosidl_typesupport_c.cpython-310-x86_64-linux-gnu.so
[262.613s] -- Up-to-date: /home/ubuntu/rj_training_container/training_ws/install/stsl_interfaces/local/lib/python3.10/dist-packages/stsl_interfaces/stsl_interfaces_s__rosidl_typesupport_fastrtps_c.cpython-310-x86_64-linux-gnu.so
[262.635s] -- Up-to-date: /home/ubuntu/rj_training_container/training_ws/install/stsl_interfaces/local/lib/python3.10/dist-packages/stsl_interfaces/stsl_interfaces_s__rosidl_typesupport_introspection_c.cpython-310-x86_64-linux-gnu.so
[262.658s] -- Up-to-date: /home/ubuntu/rj_training_container/training_ws/install/stsl_interfaces/local/lib/python3.10/dist-packages/stsl_interfaces/_stsl_interfaces_s.ep.rosidl_typesupport_c.c
[262.679s] -- Up-to-date: /home/ubuntu/rj_training_container/training_ws/install/stsl_interfaces/local/lib/python3.10/dist-packages/stsl_interfaces/_stsl_interfaces_s.ep.rosidl_typesupport_fastrtps_c.c
[262.700s] -- Up-to-date: /home/ubuntu/rj_training_container/training_ws/install/stsl_interfaces/local/lib/python3.10/dist-packages/stsl_interfaces/_stsl_interfaces_s.ep.rosidl_typesupport_introspection_c.c
[262.722s] -- Up-to-date: /home/ubuntu/rj_training_container/training_ws/install/stsl_interfaces/local/lib/python3.10/dist-packages/stsl_interfaces/__init__.py
[264.802s] Listing '/home/ubuntu/rj_training_container/training_ws/install/stsl_interfaces/local/lib/python3.10/dist-packages/stsl_interfaces'...
[264.804s] Listing '/home/ubuntu/rj_training_container/training_ws/install/stsl_interfaces/local/lib/python3.10/dist-packages/stsl_interfaces/action'...
[264.804s] Listing '/home/ubuntu/rj_training_container/training_ws/install/stsl_interfaces/local/lib/python3.10/dist-packages/stsl_interfaces/msg'...
[264.805s] Listing '/home/ubuntu/rj_training_container/training_ws/install/stsl_interfaces/local/lib/python3.10/dist-packages/stsl_interfaces/srv'...
[264.903s] -- Up-to-date: /home/ubuntu/rj_training_container/training_ws/install/stsl_interfaces/local/lib/python3.10/dist-packages/stsl_interfaces/stsl_interfaces_s__rosidl_typesupport_fastrtps_c.cpython-310-x86_64-linux-gnu.so
[265.039s] -- Up-to-date: /home/ubuntu/rj_training_container/training_ws/install/stsl_interfaces/local/lib/python3.10/dist-packages/stsl_interfaces/stsl_interfaces_s__rosidl_typesupport_introspection_c.cpython-310-x86_64-linux-gnu.so
[265.168s] -- Up-to-date: /home/ubuntu/rj_training_container/training_ws/install/stsl_interfaces/local/lib/python3.10/dist-packages/stsl_interfaces/stsl_interfaces_s__rosidl_typesupport_c.cpython-310-x86_64-linux-gnu.so
[265.288s] -- Up-to-date: /home/ubuntu/rj_training_container/training_ws/install/stsl_interfaces/lib/libstsl_interfaces__rosidl_generator_py.so
[265.350s] -- Up-to-date: /home/ubuntu/rj_training_container/training_ws/install/stsl_interfaces/share/stsl_interfaces/msg/MineralDeposit.idl
[265.380s] -- Up-to-date: /home/ubuntu/rj_training_container/training_ws/install/stsl_interfaces/share/stsl_interfaces/msg/MineralDepositArray.idl
[265.415s] -- Up-to-date: /home/ubuntu/rj_training_container/training_ws/install/stsl_interfaces/share/stsl_interfaces/msg/MineralDepositSample.idl
[265.444s] -- Up-to-date: /home/ubuntu/rj_training_container/training_ws/install/stsl_interfaces/share/stsl_interfaces/msg/Tag.idl
[265.474s] -- Up-to-date: /home/ubuntu/rj_training_container/training_ws/install/stsl_interfaces/share/stsl_interfaces/msg/TagArray.idl
[265.503s] -- Up-to-date: /home/ubuntu/rj_training_container/training_ws/install/stsl_interfaces/share/stsl_interfaces/srv/ResetMineralDepositTracking.idl
[265.533s] -- Up-to-date: /home/ubuntu/rj_training_container/training_ws/install/stsl_interfaces/share/stsl_interfaces/srv/SampleElevation.idl
[265.558s] -- Up-to-date: /home/ubuntu/rj_training_container/training_ws/install/stsl_interfaces/share/stsl_interfaces/action/ExecuteMission.idl
[265.583s] -- Up-to-date: /home/ubuntu/rj_training_container/training_ws/install/stsl_interfaces/share/stsl_interfaces/action/ParkAtPeak.idl
[265.612s] -- Up-to-date: /home/ubuntu/rj_training_container/training_ws/install/stsl_interfaces/share/stsl_interfaces/msg/MineralDeposit.msg
[265.640s] -- Up-to-date: /home/ubuntu/rj_training_container/training_ws/install/stsl_interfaces/share/stsl_interfaces/msg/MineralDepositArray.msg
[265.665s] -- Up-to-date: /home/ubuntu/rj_training_container/training_ws/install/stsl_interfaces/share/stsl_interfaces/msg/MineralDepositSample.msg
[265.692s] -- Up-to-date: /home/ubuntu/rj_training_container/training_ws/install/stsl_interfaces/share/stsl_interfaces/msg/Tag.msg
[265.728s] -- Up-to-date: /home/ubuntu/rj_training_container/training_ws/install/stsl_interfaces/share/stsl_interfaces/msg/TagArray.msg
[265.761s] -- Up-to-date: /home/ubuntu/rj_training_container/training_ws/install/stsl_interfaces/share/stsl_interfaces/srv/ResetMineralDepositTracking.srv
[265.789s] -- Up-to-date: /home/ubuntu/rj_training_container/training_ws/install/stsl_interfaces/share/stsl_interfaces/srv/ResetMineralDepositTracking_Request.msg
[265.869s] -- Up-to-date: /home/ubuntu/rj_training_container/training_ws/install/stsl_interfaces/share/stsl_interfaces/srv/ResetMineralDepositTracking_Response.msg
[265.900s] -- Up-to-date: /home/ubuntu/rj_training_container/training_ws/install/stsl_interfaces/share/stsl_interfaces/srv/SampleElevation.srv
[265.926s] -- Up-to-date: /home/ubuntu/rj_training_container/training_ws/install/stsl_interfaces/share/stsl_interfaces/srv/SampleElevation_Request.msg
[265.950s] -- Up-to-date: /home/ubuntu/rj_training_container/training_ws/install/stsl_interfaces/share/stsl_interfaces/srv/SampleElevation_Response.msg
[265.978s] -- Up-to-date: /home/ubuntu/rj_training_container/training_ws/install/stsl_interfaces/share/stsl_interfaces/action/ExecuteMission.action
[266.006s] -- Up-to-date: /home/ubuntu/rj_training_container/training_ws/install/stsl_interfaces/share/stsl_interfaces/action/ParkAtPeak.action
[266.040s] -- Up-to-date: /home/ubuntu/rj_training_container/training_ws/install/stsl_interfaces/share/ament_index/resource_index/package_run_dependencies/stsl_interfaces
[266.073s] -- Up-to-date: /home/ubuntu/rj_training_container/training_ws/install/stsl_interfaces/share/ament_index/resource_index/parent_prefix_path/stsl_interfaces
[266.092s] -- Up-to-date: /home/ubuntu/rj_training_container/training_ws/install/stsl_interfaces/share/stsl_interfaces/environment/ament_prefix_path.sh
[266.113s] -- Up-to-date: /home/ubuntu/rj_training_container/training_ws/install/stsl_interfaces/share/stsl_interfaces/environment/ament_prefix_path.dsv
[266.129s] -- Up-to-date: /home/ubuntu/rj_training_container/training_ws/install/stsl_interfaces/share/stsl_interfaces/environment/path.sh
[266.149s] -- Up-to-date: /home/ubuntu/rj_training_container/training_ws/install/stsl_interfaces/share/stsl_interfaces/environment/path.dsv
[266.169s] -- Up-to-date: /home/ubuntu/rj_training_container/training_ws/install/stsl_interfaces/share/stsl_interfaces/local_setup.bash
[266.187s] -- Up-to-date: /home/ubuntu/rj_training_container/training_ws/install/stsl_interfaces/share/stsl_interfaces/local_setup.sh
[266.204s] -- Up-to-date: /home/ubuntu/rj_training_container/training_ws/install/stsl_interfaces/share/stsl_interfaces/local_setup.zsh
[266.223s] -- Up-to-date: /home/ubuntu/rj_training_container/training_ws/install/stsl_interfaces/share/stsl_interfaces/local_setup.dsv
[266.240s] -- Installing: /home/ubuntu/rj_training_container/training_ws/install/stsl_interfaces/share/stsl_interfaces/package.dsv
[266.324s] -- Up-to-date: /home/ubuntu/rj_training_container/training_ws/install/stsl_interfaces/share/ament_index/resource_index/packages/stsl_interfaces
[266.396s] -- Up-to-date: /home/ubuntu/rj_training_container/training_ws/install/stsl_interfaces/share/stsl_interfaces/cmake/export_stsl_interfaces__rosidl_generator_cExport.cmake
[266.428s] -- Up-to-date: /home/ubuntu/rj_training_container/training_ws/install/stsl_interfaces/share/stsl_interfaces/cmake/export_stsl_interfaces__rosidl_generator_cExport-noconfig.cmake
[266.517s] -- Up-to-date: /home/ubuntu/rj_training_container/training_ws/install/stsl_interfaces/share/stsl_interfaces/cmake/export_stsl_interfaces__rosidl_typesupport_fastrtps_cExport.cmake
[266.548s] -- Up-to-date: /home/ubuntu/rj_training_container/training_ws/install/stsl_interfaces/share/stsl_interfaces/cmake/export_stsl_interfaces__rosidl_typesupport_fastrtps_cExport-noconfig.cmake
[266.606s] -- Up-to-date: /home/ubuntu/rj_training_container/training_ws/install/stsl_interfaces/share/stsl_interfaces/cmake/stsl_interfaces__rosidl_typesupport_introspection_cExport.cmake
[266.637s] -- Up-to-date: /home/ubuntu/rj_training_container/training_ws/install/stsl_interfaces/share/stsl_interfaces/cmake/stsl_interfaces__rosidl_typesupport_introspection_cExport-noconfig.cmake
[266.700s] -- Up-to-date: /home/ubuntu/rj_training_container/training_ws/install/stsl_interfaces/share/stsl_interfaces/cmake/stsl_interfaces__rosidl_typesupport_cExport.cmake
[266.736s] -- Up-to-date: /home/ubuntu/rj_training_container/training_ws/install/stsl_interfaces/share/stsl_interfaces/cmake/stsl_interfaces__rosidl_typesupport_cExport-noconfig.cmake
[266.797s] -- Up-to-date: /home/ubuntu/rj_training_container/training_ws/install/stsl_interfaces/share/stsl_interfaces/cmake/export_stsl_interfaces__rosidl_generator_cppExport.cmake
[266.856s] -- Up-to-date: /home/ubuntu/rj_training_container/training_ws/install/stsl_interfaces/share/stsl_interfaces/cmake/export_stsl_interfaces__rosidl_typesupport_fastrtps_cppExport.cmake
[266.884s] -- Up-to-date: /home/ubuntu/rj_training_container/training_ws/install/stsl_interfaces/share/stsl_interfaces/cmake/export_stsl_interfaces__rosidl_typesupport_fastrtps_cppExport-noconfig.cmake
[266.950s] -- Up-to-date: /home/ubuntu/rj_training_container/training_ws/install/stsl_interfaces/share/stsl_interfaces/cmake/stsl_interfaces__rosidl_typesupport_introspection_cppExport.cmake
[266.986s] -- Up-to-date: /home/ubuntu/rj_training_container/training_ws/install/stsl_interfaces/share/stsl_interfaces/cmake/stsl_interfaces__rosidl_typesupport_introspection_cppExport-noconfig.cmake
[267.063s] -- Up-to-date: /home/ubuntu/rj_training_container/training_ws/install/stsl_interfaces/share/stsl_interfaces/cmake/stsl_interfaces__rosidl_typesupport_cppExport.cmake
[267.098s] -- Up-to-date: /home/ubuntu/rj_training_container/training_ws/install/stsl_interfaces/share/stsl_interfaces/cmake/stsl_interfaces__rosidl_typesupport_cppExport-noconfig.cmake
[267.170s] -- Up-to-date: /home/ubuntu/rj_training_container/training_ws/install/stsl_interfaces/share/stsl_interfaces/cmake/export_stsl_interfaces__rosidl_generator_pyExport.cmake
[267.205s] -- Up-to-date: /home/ubuntu/rj_training_container/training_ws/install/stsl_interfaces/share/stsl_interfaces/cmake/export_stsl_interfaces__rosidl_generator_pyExport-noconfig.cmake
[267.230s] -- Up-to-date: /home/ubuntu/rj_training_container/training_ws/install/stsl_interfaces/share/stsl_interfaces/cmake/rosidl_cmake-extras.cmake
[267.255s] -- Up-to-date: /home/ubuntu/rj_training_container/training_ws/install/stsl_interfaces/share/stsl_interfaces/cmake/ament_cmake_export_dependencies-extras.cmake
[267.279s] -- Up-to-date: /home/ubuntu/rj_training_container/training_ws/install/stsl_interfaces/share/stsl_interfaces/cmake/ament_cmake_export_include_directories-extras.cmake
[267.303s] -- Up-to-date: /home/ubuntu/rj_training_container/training_ws/install/stsl_interfaces/share/stsl_interfaces/cmake/ament_cmake_export_libraries-extras.cmake
[267.325s] -- Up-to-date: /home/ubuntu/rj_training_container/training_ws/install/stsl_interfaces/share/stsl_interfaces/cmake/ament_cmake_export_targets-extras.cmake
[267.346s] -- Up-to-date: /home/ubuntu/rj_training_container/training_ws/install/stsl_interfaces/share/stsl_interfaces/cmake/rosidl_cmake_export_typesupport_targets-extras.cmake
[267.369s] -- Up-to-date: /home/ubuntu/rj_training_container/training_ws/install/stsl_interfaces/share/stsl_interfaces/cmake/rosidl_cmake_export_typesupport_libraries-extras.cmake
[267.390s] -- Up-to-date: /home/ubuntu/rj_training_container/training_ws/install/stsl_interfaces/share/stsl_interfaces/cmake/stsl_interfacesConfig.cmake
[267.407s] -- Up-to-date: /home/ubuntu/rj_training_container/training_ws/install/stsl_interfaces/share/stsl_interfaces/cmake/stsl_interfacesConfig-version.cmake
[267.434s] -- Up-to-date: /home/ubuntu/rj_training_container/training_ws/install/stsl_interfaces/share/stsl_interfaces/package.xml
[267.474s] Invoked command in '/home/ubuntu/rj_training_container/training_ws/build/stsl_interfaces' returned '0': CMAKE_PREFIX_PATH=${CMAKE_PREFIX_PATH}:/home/ubuntu/rj_training_container/training_ws/install/keyboard:/opt/ros/humble /usr/bin/cmake --install /home/ubuntu/rj_training_container/training_ws/build/stsl_interfaces
