[0.791s] Invoking command in '/home/ubuntu/rj_training_container/training_ws/build/mapping': CMAKE_PREFIX_PATH=/opt/ros/humble /usr/bin/cmake /home/ubuntu/rj_training_container/training_ws/src/software-training-old/mapping -DCMAKE_INSTALL_PREFIX=/home/ubuntu/rj_training_container/training_ws/install/mapping
[1.503s] -- The C compiler identification is GNU 11.4.0
[2.241s] -- The CXX compiler identification is GNU 11.4.0
[2.456s] -- Detecting C compiler ABI info
[4.417s] -- Detecting C compiler ABI info - done
[4.561s] -- Check for working C compiler: /usr/bin/cc - skipped
[4.565s] -- Detecting C compile features
[4.571s] -- Detecting C compile features - done
[4.751s] -- Detecting CXX compiler ABI info
[6.624s] -- Detecting CXX compiler ABI info - done
[6.706s] -- Check for working CXX compiler: /usr/bin/c++ - skipped
[6.709s] -- Detecting CXX compile features
[6.713s] -- Detecting CXX compile features - done
[6.899s] -- Found ament_cmake: 1.3.10 (/opt/ros/humble/share/ament_cmake/cmake)
[7.169s] -- Found Python3: /usr/bin/python3 (found version "3.10.12") found components: Interpreter 
[7.496s] -- Found rclcpp: 16.0.10 (/opt/ros/humble/share/rclcpp/cmake)
[7.585s] -- Found rosidl_generator_c: 3.1.5 (/opt/ros/humble/share/rosidl_generator_c/cmake)
[7.597s] -- Found rosidl_adapter: 3.1.5 (/opt/ros/humble/share/rosidl_adapter/cmake)
[7.614s] -- Found rosidl_generator_cpp: 3.1.5 (/opt/ros/humble/share/rosidl_generator_cpp/cmake)
[7.641s] -- Using all available rosidl_typesupport_c: rosidl_typesupport_fastrtps_c;rosidl_typesupport_introspection_c
[7.676s] -- Using all available rosidl_typesupport_cpp: rosidl_typesupport_fastrtps_cpp;rosidl_typesupport_introspection_cpp
[7.771s] -- Found rmw_implementation_cmake: 6.1.2 (/opt/ros/humble/share/rmw_implementation_cmake/cmake)
[7.776s] -- Found rmw_fastrtps_cpp: 6.2.7 (/opt/ros/humble/share/rmw_fastrtps_cpp/cmake)
[7.943s] -- Found OpenSSL: /usr/lib/x86_64-linux-gnu/libcrypto.so (found version "3.0.2")  
[8.035s] -- Found FastRTPS: /opt/ros/humble/include  
[8.156s] -- Using RMW implementation 'rmw_fastrtps_cpp' as default
[8.312s] -- Looking for pthread.h
[10.074s] -- Looking for pthread.h - found
[10.123s] -- Performing Test CMAKE_HAVE_LIBC_PTHREAD
[11.753s] -- Performing Test CMAKE_HAVE_LIBC_PTHREAD - Success
[11.768s] -- Found Threads: TRUE  
[11.888s] -- Found rclcpp_components: 16.0.10 (/opt/ros/humble/share/rclcpp_components/cmake)
[11.952s] -- Found geometry_msgs: 4.2.4 (/opt/ros/humble/share/geometry_msgs/cmake)
[12.004s] -- Found nav_msgs: 4.2.4 (/opt/ros/humble/share/nav_msgs/cmake)
[12.049s] -- Found tf2_ros: 0.25.8 (/opt/ros/humble/share/tf2_ros/cmake)
[12.287s] -- Found tf2_geometry_msgs: 0.25.8 (/opt/ros/humble/share/tf2_geometry_msgs/cmake)
[12.292s] -- Found eigen3_cmake_module: 0.1.1 (/opt/ros/humble/share/eigen3_cmake_module/cmake)
[12.294s] -- Found Eigen3: TRUE (found version "3.4.0") 
[12.295s] -- Ensuring Eigen3 include directory is part of orocos-kdl CMake target
[12.297s] -- Found ament_lint_auto: 0.12.11 (/opt/ros/humble/share/ament_lint_auto/cmake)
[13.095s] -- Added test 'copyright' to check source files copyright and LICENSE
[13.587s] -- Added test 'cppcheck' to perform static code analysis on C / C++ code
[13.589s] -- Configured cppcheck include dirs: 
[13.592s] -- Configured cppcheck exclude dirs and/or files: 
[13.776s] -- Added test 'lint_cmake' to check CMake code style
[14.324s] -- Added test 'uncrustify' to check C / C++ code style
[14.327s] -- Configured uncrustify additional arguments: 
[14.391s] -- Added test 'xmllint' to check XML markup files
[14.697s] -- Configuring done
[15.806s] -- Generating done
[16.007s] -- Build files have been written to: /home/ubuntu/rj_training_container/training_ws/build/mapping
