[6.368s] Invoking command in '/home/ubuntu/rj_training_container/training_ws/build/stsl_nav_plugins': CMAKE_PREFIX_PATH=${CMAKE_PREFIX_PATH}:/home/ubuntu/rj_training_container/training_ws/install/keyboard:/opt/ros/humble /usr/bin/cmake --build /home/ubuntu/rj_training_container/training_ws/build/stsl_nav_plugins -- -j16 -l16
[17.425s] -- Found ament_cmake: 1.3.11 (/opt/ros/humble/share/ament_cmake/cmake)
[26.275s] -- Found rclcpp: 16.0.11 (/opt/ros/humble/share/rclcpp/cmake)
[26.814s] -- Found rosidl_generator_c: 3.1.6 (/opt/ros/humble/share/rosidl_generator_c/cmake)
[26.826s] -- Found rosidl_adapter: 3.1.6 (/opt/ros/humble/share/rosidl_adapter/cmake)
[26.838s] -- Found rosidl_generator_cpp: 3.1.6 (/opt/ros/humble/share/rosidl_generator_cpp/cmake)
[27.047s] -- Using all available rosidl_typesupport_c: rosidl_typesupport_fastrtps_c;rosidl_typesupport_introspection_c
[27.344s] -- Using all available rosidl_typesupport_cpp: rosidl_typesupport_fastrtps_cpp;rosidl_typesupport_introspection_cpp
[27.976s] -- Found rmw_implementation_cmake: 6.1.2 (/opt/ros/humble/share/rmw_implementation_cmake/cmake)
[28.257s] -- Found rmw_fastrtps_cpp: 6.2.7 (/opt/ros/humble/share/rmw_fastrtps_cpp/cmake)
[54.692s] -- Using RMW implementation 'rmw_fastrtps_cpp' as default
[57.964s] [31mCMake Error at CMakeLists.txt:6 (find_package):
[57.967s]   By not providing "Findnav2_core.cmake" in CMAKE_MODULE_PATH this project
[57.971s]   has asked CMake to find a package configuration file provided by
[57.975s]   "nav2_core", but CMake did not find one.
[57.978s] 
[57.983s]   Could not find a package configuration file provided by "nav2_core" with
[57.988s]   any of the following names:
[57.992s] 
[57.996s]     nav2_coreConfig.cmake
[58.000s]     nav2_core-config.cmake
[58.006s] 
[58.009s]   Add the installation prefix of "nav2_core" to CMAKE_PREFIX_PATH or set
[58.013s]   "nav2_core_DIR" to a directory containing one of the above files.  If
[58.017s]   "nav2_core" provides a separate development package or SDK, be sure it has
[58.020s]   been installed.
[58.025s] 
[58.029s] [0m
[58.104s] -- Configuring incomplete, errors occurred!
[58.107s] See also "/home/ubuntu/rj_training_container/training_ws/build/stsl_nav_plugins/CMakeFiles/CMakeOutput.log".
[58.119s] gmake: *** [Makefile:348: cmake_check_build_system] Error 1
[58.184s] Invoked command in '/home/ubuntu/rj_training_container/training_ws/build/stsl_nav_plugins' returned '2': CMAKE_PREFIX_PATH=${CMAKE_PREFIX_PATH}:/home/ubuntu/rj_training_container/training_ws/install/keyboard:/opt/ros/humble /usr/bin/cmake --build /home/ubuntu/rj_training_container/training_ws/build/stsl_nav_plugins -- -j16 -l16
