[5.320s] Invoking command in '/home/ubuntu/rj_training_container/training_ws/build/stsl_interfaces': CMAKE_PREFIX_PATH=${CMAKE_PREFIX_PATH}:/home/ubuntu/rj_training_container/training_ws/install/keyboard:/opt/ros/humble /usr/bin/cmake --build /home/ubuntu/rj_training_container/training_ws/build/stsl_interfaces -- -j16 -l16
[33.604s] [  1%] Built target stsl_interfaces__cpp
[35.900s] [ 12%] Built target stsl_interfaces__rosidl_generator_c
[44.626s] [ 12%] Built target ament_cmake_python_copy_stsl_interfaces
[51.794s] [ 24%] Built target stsl_interfaces__rosidl_typesupport_cpp
[52.201s] [ 35%] Built target stsl_interfaces__rosidl_typesupport_introspection_cpp
[53.209s] [ 47%] Built target stsl_interfaces__rosidl_typesupport_fastrtps_cpp
[54.170s] [ 58%] Built target stsl_interfaces__rosidl_typesupport_c
[55.047s] [ 70%] Built target stsl_interfaces__rosidl_typesupport_fastrtps_c
[55.305s] [ 82%] Built target stsl_interfaces__rosidl_typesupport_introspection_c
[60.779s] running egg_info
[60.793s] writing stsl_interfaces.egg-info/PKG-INFO
[60.800s] writing dependency_links to stsl_interfaces.egg-info/dependency_links.txt
[60.823s] writing top-level names to stsl_interfaces.egg-info/top_level.txt
[61.030s] reading manifest file 'stsl_interfaces.egg-info/SOURCES.txt'
[61.266s] writing manifest file 'stsl_interfaces.egg-info/SOURCES.txt'
[66.029s] [ 82%] Built target ament_cmake_python_build_stsl_interfaces_egg
[67.993s] [ 82%] Built target stsl_interfaces
[79.230s] [ 83%] Built target stsl_interfaces__py
[90.917s] [ 93%] Built target stsl_interfaces__rosidl_generator_py
[103.370s] [ 97%] Built target stsl_interfaces__rosidl_typesupport_c__pyext
[103.374s] [ 97%] Built target stsl_interfaces__rosidl_typesupport_fastrtps_c__pyext
[103.602s] [100%] Built target stsl_interfaces__rosidl_typesupport_introspection_c__pyext
[107.752s] Invoked command in '/home/ubuntu/rj_training_container/training_ws/build/stsl_interfaces' returned '0': CMAKE_PREFIX_PATH=${CMAKE_PREFIX_PATH}:/home/ubuntu/rj_training_container/training_ws/install/keyboard:/opt/ros/humble /usr/bin/cmake --build /home/ubuntu/rj_training_container/training_ws/build/stsl_interfaces -- -j16 -l16
