[0.507s] Invoking command in '/home/ubuntu/rj_training_container/training_ws/build/coordinate_transform': CMAKE_PREFIX_PATH=/opt/ros/humble /usr/bin/cmake /home/ubuntu/rj_training_container/training_ws/src/software-training-old/coordinate_transform -DCMAKE_INSTALL_PREFIX=/home/ubuntu/rj_training_container/training_ws/install/coordinate_transform
[1.403s] -- Found ament_cmake: 1.3.10 (/opt/ros/humble/share/ament_cmake/cmake)
[1.406s] -- Found rclcpp: 16.0.10 (/opt/ros/humble/share/rclcpp/cmake)
[1.409s] -- Found rosidl_generator_c: 3.1.5 (/opt/ros/humble/share/rosidl_generator_c/cmake)
[1.412s] -- Found rosidl_adapter: 3.1.5 (/opt/ros/humble/share/rosidl_adapter/cmake)
[1.415s] -- Found rosidl_generator_cpp: 3.1.5 (/opt/ros/humble/share/rosidl_generator_cpp/cmake)
[1.422s] -- Using all available rosidl_typesupport_c: rosidl_typesupport_fastrtps_c;rosidl_typesupport_introspection_c
[1.426s] -- Using all available rosidl_typesupport_cpp: rosidl_typesupport_fastrtps_cpp;rosidl_typesupport_introspection_cpp
[1.441s] -- Found rmw_implementation_cmake: 6.1.2 (/opt/ros/humble/share/rmw_implementation_cmake/cmake)
[1.444s] -- Found rmw_fastrtps_cpp: 6.2.7 (/opt/ros/humble/share/rmw_fastrtps_cpp/cmake)
[1.805s] -- Using RMW implementation 'rmw_fastrtps_cpp' as default
[2.151s] -- Found rclcpp_components: 16.0.10 (/opt/ros/humble/share/rclcpp_components/cmake)
[2.350s] -- Found image_transport: 3.1.9 (/opt/ros/humble/share/image_transport/cmake)
[2.708s] -- Found cv_bridge: 3.2.1 (/opt/ros/humble/share/cv_bridge/cmake)
[2.770s] -- Found nav_msgs: 4.2.4 (/opt/ros/humble/share/nav_msgs/cmake)
[2.906s] -- Found tf2_ros: 0.25.8 (/opt/ros/humble/share/tf2_ros/cmake)
[3.182s] -- Found tf2_eigen: 0.25.8 (/opt/ros/humble/share/tf2_eigen/cmake)
[3.243s] [31mCMake Error at CMakeLists.txt:12 (find_package):
[3.246s]   By not providing "Findstsl_interfaces.cmake" in CMAKE_MODULE_PATH this
[3.248s]   project has asked CMake to find a package configuration file provided by
[3.252s]   "stsl_interfaces", but CMake did not find one.
[3.256s] 
[3.260s]   Could not find a package configuration file provided by "stsl_interfaces"
[3.262s]   with any of the following names:
[3.265s] 
[3.268s]     stsl_interfacesConfig.cmake
[3.273s]     stsl_interfaces-config.cmake
[3.276s] 
[3.278s]   Add the installation prefix of "stsl_interfaces" to CMAKE_PREFIX_PATH or
[3.280s]   set "stsl_interfaces_DIR" to a directory containing one of the above files.
[3.283s]   If "stsl_interfaces" provides a separate development package or SDK, be
[3.289s]   sure it has been installed.
[3.294s] 
[3.298s] [0m
[3.311s] -- Configuring incomplete, errors occurred!
[3.316s] See also "/home/ubuntu/rj_training_container/training_ws/build/coordinate_transform/CMakeFiles/CMakeOutput.log".
