[35m[1mConsolidate compiler generated dependencies of target joystick_msgs__rosidl_generator_c[0m
[  3%] Built target joystick_msgs__cpp
[ 12%] Built target joystick_msgs__rosidl_generator_c
[ 12%] Built target ament_cmake_python_copy_joystick_msgs
[35m[1mConsolidate compiler generated dependencies of target joystick_msgs__rosidl_typesupport_cpp[0m
[35m[1mConsolidate compiler generated dependencies of target joystick_msgs__rosidl_typesupport_introspection_cpp[0m
[35m[1mConsolidate compiler generated dependencies of target joystick_msgs__rosidl_typesupport_fastrtps_cpp[0m
[35m[1mConsolidate compiler generated dependencies of target joystick_msgs__rosidl_typesupport_introspection_c[0m
[35m[1mConsolidate compiler generated dependencies of target joystick_msgs__rosidl_typesupport_c[0m
[35m[1mConsolidate compiler generated dependencies of target joystick_msgs__rosidl_typesupport_fastrtps_c[0m
[ 22%] Built target joystick_msgs__rosidl_typesupport_cpp
[ 32%] Built target joystick_msgs__rosidl_typesupport_introspection_cpp
[ 41%] Built target joystick_msgs__rosidl_typesupport_fastrtps_cpp
[ 51%] Built target joystick_msgs__rosidl_typesupport_c
[ 61%] Built target joystick_msgs__rosidl_typesupport_introspection_c
[ 70%] Built target joystick_msgs__rosidl_typesupport_fastrtps_c
running egg_info
writing joystick_msgs.egg-info/PKG-INFO
writing dependency_links to joystick_msgs.egg-info/dependency_links.txt
writing top-level names to joystick_msgs.egg-info/top_level.txt
reading manifest file 'joystick_msgs.egg-info/SOURCES.txt'
writing manifest file 'joystick_msgs.egg-info/SOURCES.txt'
[ 70%] Built target ament_cmake_python_build_joystick_msgs_egg
[ 70%] Built target joystick_msgs
[ 74%] Built target joystick_msgs__py
[35m[1mConsolidate compiler generated dependencies of target joystick_msgs__rosidl_generator_py[0m
[ 80%] Built target joystick_msgs__rosidl_generator_py
[35m[1mConsolidate compiler generated dependencies of target joystick_msgs__rosidl_typesupport_introspection_c__pyext[0m
[35m[1mConsolidate compiler generated dependencies of target joystick_msgs__rosidl_typesupport_fastrtps_c__pyext[0m
[ 87%] Built target joystick_msgs__rosidl_typesupport_fastrtps_c__pyext
[ 93%] Built target joystick_msgs__rosidl_typesupport_introspection_c__pyext
[35m[1mConsolidate compiler generated dependencies of target joystick_msgs__rosidl_typesupport_c__pyext[0m
[100%] Built target joystick_msgs__rosidl_typesupport_c__pyext
