[24.877s] Invoking command in '/home/ubuntu/rj_training_container/training_ws/src/trainingv2/turtlesim_project/src/keyboard': PYTHONPATH=/home/ubuntu/rj_training_container/training_ws/build/keyboard/prefix_override:/usr/lib/python3/dist-packages/colcon_core/task/python/colcon_distutils_commands:/home/ubuntu/rj_training_container/training_ws/install/keyboard/lib/python3.10/site-packages:${PYTHONPATH} /usr/bin/python3 -W ignore:setup.py install is deprecated -W ignore:easy_install command is deprecated setup.py egg_info --egg-base ../../../../../build/keyboard build --build-base /home/ubuntu/rj_training_container/training_ws/build/keyboard/build install --record /home/ubuntu/rj_training_container/training_ws/build/keyboard/install.log --single-version-externally-managed install_data
[71.872s] running egg_info
[71.878s] writing ../../../../../build/keyboard/keyboard.egg-info/PKG-INFO
[71.883s] writing dependency_links to ../../../../../build/keyboard/keyboard.egg-info/dependency_links.txt
[71.888s] writing entry points to ../../../../../build/keyboard/keyboard.egg-info/entry_points.txt
[71.892s] writing requirements to ../../../../../build/keyboard/keyboard.egg-info/requires.txt
[71.897s] writing top-level names to ../../../../../build/keyboard/keyboard.egg-info/top_level.txt
[71.906s] reading manifest file '../../../../../build/keyboard/keyboard.egg-info/SOURCES.txt'
[71.911s] writing manifest file '../../../../../build/keyboard/keyboard.egg-info/SOURCES.txt'
[71.917s] running build
[71.921s] running build_py
[71.928s] running install
[71.933s] running install_lib
[71.938s] running install_data
[71.943s] running install_egg_info
[71.948s] removing '/home/ubuntu/rj_training_container/training_ws/install/keyboard/lib/python3.10/site-packages/keyboard-0.0.0-py3.10.egg-info' (and everything under it)
[71.956s] Copying ../../../../../build/keyboard/keyboard.egg-info to /home/ubuntu/rj_training_container/training_ws/install/keyboard/lib/python3.10/site-packages/keyboard-0.0.0-py3.10.egg-info
[71.960s] running install_scripts
[71.965s] Installing keystroke_listen script to /home/ubuntu/rj_training_container/training_ws/install/keyboard/lib/keyboard
[71.971s] writing list of installed files to '/home/ubuntu/rj_training_container/training_ws/build/keyboard/install.log'
[71.981s] Invoked command in '/home/ubuntu/rj_training_container/training_ws/src/trainingv2/turtlesim_project/src/keyboard' returned '0': PYTHONPATH=/home/ubuntu/rj_training_container/training_ws/build/keyboard/prefix_override:/usr/lib/python3/dist-packages/colcon_core/task/python/colcon_distutils_commands:/home/ubuntu/rj_training_container/training_ws/install/keyboard/lib/python3.10/site-packages:${PYTHONPATH} /usr/bin/python3 -W ignore:setup.py install is deprecated -W ignore:easy_install command is deprecated setup.py egg_info --egg-base ../../../../../build/keyboard build --build-base /home/ubuntu/rj_training_container/training_ws/build/keyboard/build install --record /home/ubuntu/rj_training_container/training_ws/build/keyboard/install.log --single-version-externally-managed install_data
